NOTE: MPP_DOMAINS_SET_STACK_SIZE: stack size set to    32768.
NOTE: MPP_DOMAINS_SET_STACK_SIZE: stack size set to 30000000.
NOTE: ======== Model being driven by MOM_driver ========
NOTE: callTree: o Program MOM_main, MOM_driver.F90
NOTE: open_param_file: MOM_input has been opened successfully.
NOTE: open_param_file: MOM_override has been opened successfully.

WARNING: MOM_file_parser : DT over-ridden.  Line: 'DT = 1200' in file MOM_override.


WARNING: MOM_file_parser : DT_THERM over-ridden.  Line: 'DT_THERM = 2400' in file MOM_override.


WARNING: MOM_file_parser : NIGLOBAL over-ridden.  Line: 'NIGLOBAL = 32' in file MOM_override.


WARNING: MOM_file_parser : NJGLOBAL over-ridden.  Line: 'NJGLOBAL = 32' in file MOM_override.

 MOM_in domain decomposition
whalo =    4, ehalo =    4, shalo =    4, nhalo =    4
  X-AXIS =   32
  Y-AXIS =   32
 MOM_inc domain decomposition
whalo =    2, ehalo =    2, shalo =    2, nhalo =    2
  X-AXIS =   16
  Y-AXIS =   16
NOTE: diag_manager_mod::diag_manager_init: prepend_date only supported when diag_manager_init is called with time_init present.
NOTE: diag_manager_mod::diag_manager_init: You are using the legacy version of the diag table
 MOM_in domain decomposition
whalo =    4, ehalo =    4, shalo =    4, nhalo =    4
  X-AXIS =   32
  Y-AXIS =   32
 MOM_in domain decomposition
whalo =    2, ehalo =    2, shalo =    2, nhalo =    2
  X-AXIS =   16
  Y-AXIS =   16

WARNING: MOM_file_parser : NK over-ridden.  Line: 'NK = 100' in file MOM_override.

 MOM_in domain decomposition
whalo =    4, ehalo =    4, shalo =    4, nhalo =    4
  X-AXIS =   32
  Y-AXIS =   32
 MOM_in domain decomposition
whalo =    2, ehalo =    2, shalo =    2, nhalo =    2
  X-AXIS =   16
  Y-AXIS =   16

WARNING: Open_file is appending .nc to the filename ./ocean_geometry


WARNING: MOM_file_parser : COORD_CONFIG over-ridden.  Line: 'COORD_CONFIG = "linear"' in file MOM_override.

 MOM_in domain decomposition
whalo =    4, ehalo =    4, shalo =    4, nhalo =    4
  X-AXIS =   32
  Y-AXIS =   32
 MOM_in domain decomposition
whalo =    2, ehalo =    2, shalo =    2, nhalo =    2
  X-AXIS =   16
  Y-AXIS =   16
 MOM_in domain decomposition
whalo =    4, ehalo =    4, shalo =    4, nhalo =    4
  X-AXIS =   32
  Y-AXIS =   32
 MOM_in domain decomposition
whalo =    2, ehalo =    2, shalo =    2, nhalo =    2
  X-AXIS =   16
  Y-AXIS =   16

WARNING: MOM_file_parser : DT_FORCING over-ridden.  Line: 'DT_FORCING = 2400' in file MOM_override.


WARNING: MOM_file_parser : DAYMAX over-ridden.  Line: 'DAYMAX = 150' in file MOM_override.


WARNING: MOM_file_parser : RESTART_CONTROL over-ridden.  Line: 'RESTART_CONTROL = -1' in file MOM_override.


WARNING: MOM_file_parser : RESTINT over-ridden.  Line: 'RESTINT = 0.0' in file MOM_override.


WARNING: Unused line in MOM_input : GINT = 0.0098


WARNING: open_ASCII_file: File ./CPU_stats opened WRITEONLY already exists!


WARNING: open_ASCII_file: File ./ocean.stats opened WRITEONLY already exists!

MOM Time       0.000      0: En 9.113220E-12, MaxCFL  0.00000, Mass 5.289326887310E+18
    Total Energy: 4186FC21742E02FD  4.8202798522466637E+07
    Total Mass:   5.2893268873103186E+18, Change:   0.0000000000000000E+00 Error:  0.00000E+00 ( 0.0E+00)
MOM Time      50.000     50: En 2.411415E-05, MaxCFL  0.00148, Mass 5.289326887310E+18
    Total Energy: 42DD003FDB6B2F97  1.2754763419974236E+14
    Total Mass:   5.2893268873103186E+18, Change:  -8.2694103241927337E+00 Error: -8.26941E+00 (-1.6E-18)
MOM Time     100.000    100: En 4.391675E-05, MaxCFL  0.00199, Mass 5.289326887310E+18
    Total Energy: 42EA6887DCEABA86  2.3229006658504419E+14
    Total Mass:   5.2893268873103186E+18, Change:   5.7180162288315728E+00 Error:  5.71802E+00 ( 1.1E-18)
MOM Time     150.000    150: En 5.356812E-05, MaxCFL  0.00233, Mass 5.289326887310E+18
    Total Energy: 42F01B210FEA41A1  2.8333927764073006E+14
    Total Mass:   5.2893268873103186E+18, Change:  -3.9402663136373803E+00 Error: -3.94027E+00 (-7.4E-19)

WARNING: open_ASCII_file: File exitcode opened WRITEONLY already exists!

 MPP_DOMAINS_STACK high water mark=           0

Tabulating mpp_clock statistics across      1 PEs...

                                      hits          tmin          tmax          tavg          tstd  tfrac grain pemin pemax
Total runtime                            1      8.312533      8.312533      8.312533      0.000000  1.000     0     0     0
Initialization                           1      0.085383      0.085383      0.085383      0.000000  0.010     0     0     0
Main loop                                1      8.223001      8.223001      8.223001      0.000000  0.989     0     0     0
Termination                              1      0.000941      0.000941      0.000941      0.000000  0.000     0     0     0
Ocean                                   77      8.299059      8.299059      8.299059      0.000000  0.998     1     0     0
Ocean Initialization                     2      0.087016      0.087016      0.087016      0.000000  0.010    11     0     0
Ocean dynamics                         300      8.187630      8.187630      8.187630      0.000000  0.985    11     0     0
Ocean thermodynamics and tracers       225      0.006642      0.006642      0.006642      0.000000  0.001    11     0     0
Ocean grid generation and remapp         0      0.000000      0.000000      0.000000      0.000000  0.000    11     0     0
Ocean Other                            450      0.020612      0.020612      0.020612      0.000000  0.002    11     0     0
Ocean MOM_end                            1      0.001935      0.001935      0.001935      0.000000  0.000    11     0     0
(Ocean tracer advection)               150      0.004535      0.004535      0.004535      0.000000  0.001    21     0     0
(Ocean adiabatic driver)                75      0.002062      0.002062      0.002062      0.000000  0.000    21     0     0
(Ocean continuity equation *)            0      0.000000      0.000000      0.000000      0.000000  0.000    31     0     0
(Ocean set BBL viscosity)               75      0.133286      0.133286      0.133286      0.000000  0.016    31     0     0
(Ocean message passing *)              150      0.000263      0.000263      0.000263      0.000000  0.000    31     0     0
(Ocean MOM_initialize_state)             2      0.003284      0.003284      0.003284      0.000000  0.000    31     0     0
(Ocean init message passing *)           2      0.000039      0.000039      0.000039      0.000000  0.000    41     0     0
(Ocean mixed layer restrat)              0      0.000000      0.000000      0.000000      0.000000  0.000    31     0     0
(Ocean collective diagnostics)         375      0.000684      0.000684      0.000684      0.000000  0.000    31     0     0
(Ocean Z-space diagnostics)              0      0.000000      0.000000      0.000000      0.000000  0.000    31     0     0
(Ocean ALE)                              0      0.000000      0.000000      0.000000      0.000000  0.000    31     0     0
(Stochastic EOS)                       150      0.000016      0.000016      0.000016      0.000000  0.000    31     0     0
(SGS Temperature Variance)             150      0.000009      0.000009      0.000009      0.000000  0.000    31     0     0
(Ocean MOM save_restart)                 0      0.000000      0.000000      0.000000      0.000000  0.000    31     0     0
(Ocean diagnostics framework)            0      0.000000      0.000000      0.000000      0.000000  0.000    31     0     0
(Ocean diagnostics remapping)            0      0.000000      0.000000      0.000000      0.000000  0.000    41     0     0
(Ocean diagnostics grid updates)       526      0.000120      0.000120      0.000120      0.000000  0.000    41     0     0
(Ocean init message passing)             4      0.000014      0.000014      0.000014      0.000000  0.000    41     0     0
(Ocean continuity reconstruction       902      0.430528      0.430528      0.430528      0.000000  0.052    41     0     0
(Ocean continuity update)              902      0.048954      0.048954      0.048954      0.000000  0.006    41     0     0
(Ocean continuity correction)          902      3.224367      3.224367      3.224367      0.000000  0.388    41     0     0
(Ocean BT pre-calcs only)             1200      0.391555      0.391555      0.391555      0.000000  0.047    41     0     0
(Ocean BT pre-step halo updates)      1200      0.002713      0.002713      0.002713      0.000000  0.000    41     0     0
(Ocean BT stepping calcs only)         600      0.020249      0.020249      0.020249      0.000000  0.002    41     0     0
(Ocean BT stepping halo updates)       300      0.000053      0.000053      0.000053      0.000000  0.000    41     0     0
(Ocean BT post-calcs only)             900      0.063918      0.063918      0.063918      0.000000  0.008    41     0     0
(Ocean BT post-step halo updates       600      0.000154      0.000154      0.000154      0.000000  0.000    41     0     0
(Ocean BT global synch)                  0      0.000000      0.000000      0.000000      0.000000  0.000    41     0     0
(Ocean Coriolis & mom advection)       300      0.266655      0.266655      0.266655      0.000000  0.032    31     0     0
(Ocean continuity equation)            450      3.709556      3.709556      3.709556      0.000000  0.446    31     0     0
(Ocean pressure force)                 150      0.161751      0.161751      0.161751      0.000000  0.019    31     0     0
(Ocean vertical viscosity)             450      2.884724      2.884724      2.884724      0.000000  0.347    31     0     0
(Ocean horizontal viscosity)           150      0.213649      0.213649      0.213649      0.000000  0.026    31     0     0
(Ocean momentum increments)            300      0.049234      0.049234      0.049234      0.000000  0.006    31     0     0
(Ocean message passing)               1350      0.000796      0.000796      0.000796      0.000000  0.000    31     0     0
(Ocean barotropic mode calc)           300      0.007253      0.007253      0.007253      0.000000  0.001    31     0     0
(Ocean barotropic mode stepping)       300      0.479389      0.479389      0.479389      0.000000  0.058    31     0     0
(Ocean barotropic forcing calc)        300      0.091523      0.091523      0.091523      0.000000  0.011    31     0     0
(Ocean advect tracer)                    0      0.000000      0.000000      0.000000      0.000000  0.000    31     0     0
(Ocean tracer halo updates)              0      0.000000      0.000000      0.000000      0.000000  0.000    41     0     0
(Ocean tracer global synch)              0      0.000000      0.000000      0.000000      0.000000  0.000    41     0     0
(Ocean diffuse tracer)                   0      0.000000      0.000000      0.000000      0.000000  0.000    31     0     0
(Ocean epipycnal diffuse tracer)         0      0.000000      0.000000      0.000000      0.000000  0.000    31     0     0
(Ocean surface forcing)                 76      0.001374      0.001374      0.001374      0.000000  0.000    31     0     0
(Ocean forcing diagnostics)            150      0.000388      0.000388      0.000388      0.000000  0.000    41     0     0
 MPP_STACK high water mark=           0
