NOTE from PE     0: MPP_DOMAINS_SET_STACK_SIZE: stack size set to    32768.
NOTE from PE     0: MPP_DOMAINS_SET_STACK_SIZE: stack size set to 30000000.
NOTE from PE     0: ======== Model being driven by MOM_driver ========
NOTE from PE     0: callTree: o Program MOM_main, MOM_driver.F90
NOTE from PE     0: open_param_file: MOM_input has been opened successfully.
NOTE from PE     0: open_param_file: MOM_override has been opened successfully.

WARNING from PE     0: MOM_file_parser : DT over-ridden.  Line: 'DT = 75' in file MOM_override.


WARNING from PE     0: MOM_file_parser : DT_THERM over-ridden.  Line: 'DT_THERM = 150' in file MOM_override.


WARNING from PE     0: MOM_file_parser : NIGLOBAL over-ridden.  Line: 'NIGLOBAL = 512' in file MOM_override.


WARNING from PE     0: MOM_file_parser : NJGLOBAL over-ridden.  Line: 'NJGLOBAL = 256' in file MOM_override.

 MOM_in domain decomposition
whalo =    4, ehalo =    4, shalo =    4, nhalo =    4
  X-AXIS =   43  43  43  43  42  42  42  42  43  43  43  43
  Y-AXIS =   32  32  32  32  32  32  32  32
 MOM_inc domain decomposition
whalo =    2, ehalo =    2, shalo =    2, nhalo =    2
  X-AXIS =   22  22  21  21  21  21  21  21  21  21  22  22
  Y-AXIS =   16  16  16  16  16  16  16  16
NOTE from PE     0: diag_manager_mod::diag_manager_init: prepend_date only supported when diag_manager_init is called with time_init present.
NOTE from PE     0: diag_manager_mod::diag_manager_init: You are using the legacy version of the diag table
 MOM_in domain decomposition
whalo =    4, ehalo =    4, shalo =    4, nhalo =    4
  X-AXIS =   43  43  43  43  42  42  42  42  43  43  43  43
  Y-AXIS =   32  32  32  32  32  32  32  32
 MOM_in domain decomposition
whalo =    2, ehalo =    2, shalo =    2, nhalo =    2
  X-AXIS =   22  22  21  21  21  21  21  21  21  21  22  22
  Y-AXIS =   16  16  16  16  16  16  16  16

WARNING from PE     0: MOM_file_parser : NK over-ridden.  Line: 'NK = 100' in file MOM_override.

 MOM_in domain decomposition
whalo =    4, ehalo =    4, shalo =    4, nhalo =    4
  X-AXIS =   43  43  43  43  42  42  42  42  43  43  43  43
  Y-AXIS =   32  32  32  32  32  32  32  32
 MOM_in domain decomposition
whalo =    2, ehalo =    2, shalo =    2, nhalo =    2
  X-AXIS =   22  22  21  21  21  21  21  21  21  21  22  22
  Y-AXIS =   16  16  16  16  16  16  16  16

WARNING from PE     0: Open_file is appending .nc to the filename ./ocean_geometry


WARNING from PE     0: MOM_file_parser : COORD_CONFIG over-ridden.  Line: 'COORD_CONFIG = "linear"' in file MOM_override.

 MOM_in domain decomposition
whalo =    4, ehalo =    4, shalo =    4, nhalo =    4
  X-AXIS =   43  43  43  43  42  42  42  42  43  43  43  43
  Y-AXIS =   32  32  32  32  32  32  32  32
 MOM_in domain decomposition
whalo =    2, ehalo =    2, shalo =    2, nhalo =    2
  X-AXIS =   22  22  21  21  21  21  21  21  21  21  22  22
  Y-AXIS =   16  16  16  16  16  16  16  16
 MOM_in domain decomposition
whalo =    4, ehalo =    4, shalo =    4, nhalo =    4
  X-AXIS =   43  43  43  43  42  42  42  42  43  43  43  43
  Y-AXIS =   32  32  32  32  32  32  32  32
 MOM_in domain decomposition
whalo =    2, ehalo =    2, shalo =    2, nhalo =    2
  X-AXIS =   22  22  21  21  21  21  21  21  21  21  22  22
  Y-AXIS =   16  16  16  16  16  16  16  16

WARNING from PE     0: ./Depth_list.nc checksums do not match; updating file.


WARNING from PE     0: MOM_file_parser : DT_FORCING over-ridden.  Line: 'DT_FORCING = 150' in file MOM_override.


WARNING from PE     0: MOM_file_parser : DAYMAX over-ridden.  Line: 'DAYMAX = 150' in file MOM_override.


WARNING from PE     0: MOM_file_parser : RESTART_CONTROL over-ridden.  Line: 'RESTART_CONTROL = -1' in file MOM_override.


WARNING from PE     0: MOM_file_parser : RESTINT over-ridden.  Line: 'RESTINT = 0.0' in file MOM_override.


WARNING from PE     0: Unused line in MOM_input : GINT = 0.0098


WARNING from PE     0: open_ASCII_file: File ./CPU_stats opened WRITEONLY already exists!


WARNING from PE     0: open_ASCII_file: File ./ocean.stats opened WRITEONLY already exists!

MOM Time       0.000      0: En 9.167549E-12, MaxCFL  0.00000, Mass 5.286433166925E+18
    Total Energy: 41871BF8A881B2F2  4.8463637063329592E+07
    Total Mass:   5.2864331669247314E+18, Change:   0.0000000000000000E+00 Error:  0.00000E+00 ( 0.0E+00)
MOM Time      50.000     50: En 3.628256E-06, MaxCFL  0.00070, Mass 5.286433166925E+18
    Total Energy: 42B171D0E6FA0D1A  1.9180533774861102E+13
    Total Mass:   5.2864331669247314E+18, Change:   3.7420280329753389E+01 Error:  3.74203E+01 ( 7.1E-18)
MOM Time     100.000    100: En 1.302024E-05, MaxCFL  0.00126, Mass 5.286433166925E+18
    Total Energy: 42CF4CEFFF3C6045  6.8830608914624539E+13
    Total Mass:   5.2864331669247314E+18, Change:   4.4183971567827696E-01 Error:  4.41840E-01 ( 8.4E-20)
MOM Time     150.000    150: En 2.597818E-05, MaxCFL  0.00165, Mass 5.286433166925E+18
    Total Energy: 42DF39C52AB9C6E6  1.3733192603420359E+14
    Total Mass:   5.2864331669247314E+18, Change:   2.7136951637636431E-01 Error:  2.71370E-01 ( 5.1E-20)

WARNING from PE     0: open_ASCII_file: File exitcode opened WRITEONLY already exists!

 MPP_DOMAINS_STACK high water mark=      319200

Tabulating mpp_clock statistics across     96 PEs...

                                      hits          tmin          tmax          tavg          tstd  tfrac grain pemin pemax
Total runtime                            1     33.940273     33.940277     33.940266      0.000009  1.000     0     0    95
Initialization                           1      0.241691      0.242126      0.241847      0.000115  0.007     0     0    95
Main loop                                1     33.674797     33.675137     33.675117      0.000035  0.992     0     0    95
Termination                              1      0.004128      0.004245      0.004242      0.000012  0.000     0     0    95
Ocean                                   77     33.904369     33.914413     33.909405      0.002262  0.999     1     0    95
Ocean Initialization                     2      0.237706      0.244171      0.240386      0.001507  0.007    11     0    95
Ocean dynamics                         300     33.021637     33.207451     33.144669      0.036121  0.977    11     0    95
Ocean thermodynamics and tracers       225      0.109107      0.145226      0.124741      0.008270  0.004    11     0    95
Ocean grid generation and remapp         0      0.000000      0.000000      0.000000      0.000000  0.000    11     0    95
Ocean Other                            450      0.092063      0.206743      0.142775      0.025958  0.004    11     0    95
Ocean MOM_end                            1      0.009274      0.017220      0.015119      0.001301  0.000    11     0    95
(Ocean tracer advection)               150      0.072875      0.096540      0.083011      0.005019  0.002    21     0    95
(Ocean adiabatic driver)                75      0.034722      0.049408      0.041629      0.003517  0.001    21     0    95
(Ocean continuity equation *)            0      0.000000      0.000000      0.000000      0.000000  0.000    31     0    95
(Ocean set BBL viscosity)               75      0.744258      0.946730      0.824667      0.051917  0.024    31     0    95
(Ocean message passing *)              150      0.241941      0.443743      0.317859      0.039934  0.009    31     0    95
(Ocean MOM_initialize_state)             2      0.007927      0.009586      0.008952      0.000400  0.000    31     0    95
(Ocean init message passing *)           2      0.000850      0.002745      0.002140      0.000380  0.000    41     0    95
(Ocean mixed layer restrat)              0      0.000000      0.000000      0.000000      0.000000  0.000    31     0    95
(Ocean collective diagnostics)         375      0.000858      0.001983      0.001174      0.000288  0.000    31     0    95
(Ocean Z-space diagnostics)              0      0.000000      0.000000      0.000000      0.000000  0.000    31     0    95
(Ocean ALE)                              0      0.000000      0.000000      0.000000      0.000000  0.000    31     0    95
(Stochastic EOS)                       150      0.000033      0.000069      0.000043      0.000008  0.000    31     0    95
(SGS Temperature Variance)             150      0.000005      0.000036      0.000011      0.000005  0.000    31     0    95
(Ocean MOM save_restart)                 0      0.000000      0.000000      0.000000      0.000000  0.000    31     0    95
(Ocean diagnostics framework)            0      0.000000      0.000000      0.000000      0.000000  0.000    31     0    95
(Ocean diagnostics remapping)            0      0.000000      0.000000      0.000000      0.000000  0.000    41     0    95
(Ocean diagnostics grid updates)       526      0.000197      0.000334      0.000272      0.000028  0.000    41     0    95
(Ocean init message passing)             4      0.004435      0.009011      0.006712      0.001004  0.000    41     0    95
(Ocean continuity reconstruction       902      1.206691      1.510460      1.355299      0.063200  0.040    41     0    95
(Ocean continuity update)              902      0.255712      0.564745      0.455206      0.063930  0.013    41     0    95
(Ocean continuity correction)          902      6.833370      8.625176      7.871158      0.393311  0.232    41     0    95
(Ocean BT pre-calcs only)             1200      2.524393      3.361877      2.974188      0.190780  0.088    41     0    95
(Ocean BT pre-step halo updates)      1200      0.433794      2.762925      1.153440      0.434277  0.034    41     0    95
(Ocean BT stepping calcs only)         600      0.038133      0.068508      0.053231      0.007015  0.002    41     0    95
(Ocean BT stepping halo updates)       300      0.014853      0.088221      0.033848      0.015037  0.001    41     0    95
(Ocean BT post-calcs only)             900      0.364620      0.508022      0.454548      0.029240  0.013    41     0    95
(Ocean BT post-step halo updates       600      0.024535      0.116865      0.052840      0.019925  0.002    41     0    95
(Ocean BT global synch)                  0      0.000000      0.000000      0.000000      0.000000  0.000    41     0    95
(Ocean Coriolis & mom advection)       300      1.152898      1.313990      1.247538      0.030839  0.037    31     0    95
(Ocean continuity equation)            450      8.626045     10.692865      9.815739      0.451677  0.289    31     0    95
(Ocean pressure force)                 150      2.256059      2.557033      2.407146      0.056287  0.071    31     0    95
(Ocean vertical viscosity)             450      6.264755      7.441357      6.967915      0.364547  0.205    31     0    95
(Ocean horizontal viscosity)           150      0.527199      0.612768      0.559142      0.019695  0.016    31     0    95
(Ocean momentum increments)            300      1.000820      1.108723      1.069143      0.020278  0.032    31     0    95
(Ocean message passing)               1350      1.906773      3.787028      2.681786      0.488611  0.079    31     0    95
(Ocean barotropic mode calc)           300      0.046591      0.080477      0.069760      0.008186  0.002    31     0    95
(Ocean barotropic mode stepping)       300      3.852048      6.459446      4.726345      0.499699  0.139    31     0    95
(Ocean barotropic forcing calc)        300      0.938875      1.122463      1.059721      0.031676  0.031    31     0    95
(Ocean advect tracer)                    0      0.000000      0.000000      0.000000      0.000000  0.000    31     0    95
(Ocean tracer halo updates)              0      0.000000      0.000000      0.000000      0.000000  0.000    41     0    95
(Ocean tracer global synch)              0      0.000000      0.000000      0.000000      0.000000  0.000    41     0    95
(Ocean diffuse tracer)                   0      0.000000      0.000000      0.000000      0.000000  0.000    31     0    95
(Ocean epipycnal diffuse tracer)         0      0.000000      0.000000      0.000000      0.000000  0.000    31     0    95
(Ocean surface forcing)                 76      0.000890      0.001523      0.001079      0.000105  0.000    31     0    95
(Ocean forcing diagnostics)            150      0.000273      0.000840      0.000443      0.000134  0.000    41     0    95
 MPP_STACK high water mark=           0
