NOTE from PE     0: MPP_DOMAINS_SET_STACK_SIZE: stack size set to    32768.
NOTE from PE     0: MPP_DOMAINS_SET_STACK_SIZE: stack size set to 30000000.
NOTE from PE     0: ======== Model being driven by MOM_driver ========
NOTE from PE     0: callTree: o Program MOM_main, MOM_driver.F90
NOTE from PE     0: open_param_file: MOM_input has been opened successfully.
NOTE from PE     0: open_param_file: MOM_override has been opened successfully.

WARNING from PE     0: MOM_file_parser : DT over-ridden.  Line: 'DT = 300' in file MOM_override.


WARNING from PE     0: MOM_file_parser : DT_THERM over-ridden.  Line: 'DT_THERM = 600' in file MOM_override.


WARNING from PE     0: MOM_file_parser : NIGLOBAL over-ridden.  Line: 'NIGLOBAL = 128' in file MOM_override.


WARNING from PE     0: MOM_file_parser : NJGLOBAL over-ridden.  Line: 'NJGLOBAL = 128' in file MOM_override.

 MOM_in domain decomposition
whalo =    4, ehalo =    4, shalo =    4, nhalo =    4
  X-AXIS =   32  32  32  32
  Y-AXIS =   32  32  32  32
 MOM_inc domain decomposition
whalo =    2, ehalo =    2, shalo =    2, nhalo =    2
  X-AXIS =   16  16  16  16
  Y-AXIS =   16  16  16  16
NOTE from PE     0: diag_manager_mod::diag_manager_init: prepend_date only supported when diag_manager_init is called with time_init present.
NOTE from PE     0: diag_manager_mod::diag_manager_init: You are using the legacy version of the diag table
 MOM_in domain decomposition
whalo =    4, ehalo =    4, shalo =    4, nhalo =    4
  X-AXIS =   32  32  32  32
  Y-AXIS =   32  32  32  32
 MOM_in domain decomposition
whalo =    2, ehalo =    2, shalo =    2, nhalo =    2
  X-AXIS =   16  16  16  16
  Y-AXIS =   16  16  16  16

WARNING from PE     0: MOM_file_parser : NK over-ridden.  Line: 'NK = 100' in file MOM_override.

 MOM_in domain decomposition
whalo =    4, ehalo =    4, shalo =    4, nhalo =    4
  X-AXIS =   32  32  32  32
  Y-AXIS =   32  32  32  32
 MOM_in domain decomposition
whalo =    2, ehalo =    2, shalo =    2, nhalo =    2
  X-AXIS =   16  16  16  16
  Y-AXIS =   16  16  16  16

WARNING from PE     0: Open_file is appending .nc to the filename ./ocean_geometry


WARNING from PE     0: MOM_file_parser : COORD_CONFIG over-ridden.  Line: 'COORD_CONFIG = "linear"' in file MOM_override.

 MOM_in domain decomposition
whalo =    4, ehalo =    4, shalo =    4, nhalo =    4
  X-AXIS =   32  32  32  32
  Y-AXIS =   32  32  32  32
 MOM_in domain decomposition
whalo =    2, ehalo =    2, shalo =    2, nhalo =    2
  X-AXIS =   16  16  16  16
  Y-AXIS =   16  16  16  16
 MOM_in domain decomposition
whalo =    4, ehalo =    4, shalo =    4, nhalo =    4
  X-AXIS =   32  32  32  32
  Y-AXIS =   32  32  32  32
 MOM_in domain decomposition
whalo =    2, ehalo =    2, shalo =    2, nhalo =    2
  X-AXIS =   16  16  16  16
  Y-AXIS =   16  16  16  16

WARNING from PE     0: ./Depth_list.nc checksums do not match; updating file.


WARNING from PE     0: MOM_file_parser : DT_FORCING over-ridden.  Line: 'DT_FORCING = 600' in file MOM_override.


WARNING from PE     0: MOM_file_parser : DAYMAX over-ridden.  Line: 'DAYMAX = 150' in file MOM_override.


WARNING from PE     0: MOM_file_parser : RESTART_CONTROL over-ridden.  Line: 'RESTART_CONTROL = -1' in file MOM_override.


WARNING from PE     0: MOM_file_parser : RESTINT over-ridden.  Line: 'RESTINT = 0.0' in file MOM_override.


WARNING from PE     0: Unused line in MOM_input : GINT = 0.0098


WARNING from PE     0: open_ASCII_file: File ./CPU_stats opened WRITEONLY already exists!


WARNING from PE     0: open_ASCII_file: File ./ocean.stats opened WRITEONLY already exists!

MOM Time       0.000      0: En 9.164543E-12, MaxCFL  0.00000, Mass 5.286601636954E+18
    Total Energy: 41871A38330EA000  4.8449286382141113E+07
    Total Mass:   5.2866016369539963E+18, Change:   0.0000000000000000E+00 Error:  0.00000E+00 ( 0.0E+00)
MOM Time      50.000     50: En 4.018195E-05, MaxCFL  0.00184, Mass 5.286601636954E+18
    Total Energy: 42E82668CA0D57F2  2.1242596716819156E+14
    Total Mass:   5.2866016369539963E+18, Change:   8.4805247037050407E+01 Error:  8.48052E+01 ( 1.6E-17)
MOM Time     100.000    100: En 8.022032E-05, MaxCFL  0.00256, Mass 5.286601636954E+18
    Total Energy: 42F81B5D021CBF72  4.2409285765016712E+14
    Total Mass:   5.2866016369539973E+18, Change:  -3.9945119739020605E+00 Error: -3.99451E+00 (-7.6E-19)
MOM Time     150.000    150: En 6.198263E-05, MaxCFL  0.00212, Mass 5.286601636954E+18
    Total Energy: 42F2A055AEEB6F14  3.2767746550756925E+14
    Total Mass:   5.2866016369539963E+18, Change:   2.3279813841664314E+00 Error:  2.32798E+00 ( 4.4E-19)

WARNING from PE     0: open_ASCII_file: File exitcode opened WRITEONLY already exists!

 MPP_DOMAINS_STACK high water mark=      275200

Tabulating mpp_clock statistics across     16 PEs...

                                      hits          tmin          tmax          tavg          tstd  tfrac grain pemin pemax
Total runtime                            1     19.430948     19.430948     19.430948      0.000000  1.000     0     0    15
Initialization                           1      0.117721      0.118082      0.118020      0.000080  0.006     0     0    15
Main loop                                1     19.302011     19.302065     19.302061      0.000013  0.993     0     0    15
Termination                              1      0.001992      0.002107      0.002099      0.000028  0.000     0     0    15
Ocean                                   77     19.412479     19.415369     19.414995      0.000667  0.999     1     0    15
Ocean Initialization                     2      0.117695      0.119224      0.118080      0.000362  0.006    11     0    15
Ocean dynamics                         300     19.017609     19.082937     19.046291      0.020728  0.980    11     0    15
Ocean thermodynamics and tracers       225      0.047121      0.057130      0.052122      0.003432  0.003    11     0    15
Ocean grid generation and remapp         0      0.000000      0.000000      0.000000      0.000000  0.000    11     0    15
Ocean Other                            450      0.046462      0.067005      0.057369      0.006032  0.003    11     0    15
Ocean MOM_end                            1      0.004574      0.007748      0.007471      0.000752  0.000    11     0    15
(Ocean tracer advection)               150      0.028474      0.037780      0.035066      0.002984  0.002    21     0    15
(Ocean adiabatic driver)                75      0.010729      0.020388      0.016888      0.003416  0.001    21     0    15
(Ocean continuity equation *)            0      0.000000      0.000000      0.000000      0.000000  0.000    31     0    15
(Ocean set BBL viscosity)               75      0.443923      0.629143      0.529202      0.071190  0.027    31     0    15
(Ocean message passing *)              150      0.121249      0.170569      0.146438      0.014962  0.008    31     0    15
(Ocean MOM_initialize_state)             2      0.004548      0.006077      0.004853      0.000358  0.000    31     0    15
(Ocean init message passing *)           2      0.000667      0.001228      0.001021      0.000170  0.000    41     0    15
(Ocean mixed layer restrat)              0      0.000000      0.000000      0.000000      0.000000  0.000    31     0    15
(Ocean collective diagnostics)         375      0.000985      0.001946      0.001226      0.000314  0.000    31     0    15
(Ocean Z-space diagnostics)              0      0.000000      0.000000      0.000000      0.000000  0.000    31     0    15
(Ocean ALE)                              0      0.000000      0.000000      0.000000      0.000000  0.000    31     0    15
(Stochastic EOS)                       150      0.000038      0.000075      0.000053      0.000010  0.000    31     0    15
(SGS Temperature Variance)             150      0.000006      0.000020      0.000012      0.000004  0.000    31     0    15
(Ocean MOM save_restart)                 0      0.000000      0.000000      0.000000      0.000000  0.000    31     0    15
(Ocean diagnostics framework)            0      0.000000      0.000000      0.000000      0.000000  0.000    31     0    15
(Ocean diagnostics remapping)            0      0.000000      0.000000      0.000000      0.000000  0.000    41     0    15
(Ocean diagnostics grid updates)       526      0.000246      0.000397      0.000302      0.000038  0.000    41     0    15
(Ocean init message passing)             4      0.002726      0.003852      0.003366      0.000322  0.000    41     0    15
(Ocean continuity reconstruction       902      0.736707      0.884972      0.819880      0.039641  0.042    41     0    15
(Ocean continuity update)              902      0.282001      0.349813      0.313293      0.017733  0.016    41     0    15
(Ocean continuity correction)          902      4.552147      5.168147      4.945594      0.144834  0.255    41     0    15
(Ocean BT pre-calcs only)             1200      1.807867      2.083764      1.990337      0.081322  0.102    41     0    15
(Ocean BT pre-step halo updates)      1200      0.126257      0.288864      0.202978      0.050606  0.010    41     0    15
(Ocean BT stepping calcs only)         600      0.043234      0.048538      0.046124      0.001991  0.002    41     0    15
(Ocean BT stepping halo updates)       300      0.006806      0.011034      0.008471      0.001255  0.000    41     0    15
(Ocean BT post-calcs only)             900      0.231989      0.252063      0.241221      0.005591  0.012    41     0    15
(Ocean BT post-step halo updates       600      0.010081      0.015129      0.012081      0.001666  0.001    41     0    15
(Ocean BT global synch)                  0      0.000000      0.000000      0.000000      0.000000  0.000    41     0    15
(Ocean Coriolis & mom advection)       300      0.705014      0.771998      0.735301      0.020784  0.038    31     0    15
(Ocean continuity equation)            450      5.813738      6.357014      6.135319      0.138613  0.316    31     0    15
(Ocean pressure force)                 150      1.318617      1.388025      1.351699      0.021691  0.070    31     0    15
(Ocean vertical viscosity)             450      3.889908      4.167200      4.016085      0.076446  0.207    31     0    15
(Ocean horizontal viscosity)           150      0.321983      0.348511      0.328908      0.006829  0.017    31     0    15
(Ocean momentum increments)            300      0.567091      0.621189      0.595690      0.014183  0.031    31     0    15
(Ocean message passing)               1350      0.971667      1.537663      1.234796      0.181503  0.064    31     0    15
(Ocean barotropic mode calc)           300      0.034703      0.044011      0.040360      0.002381  0.002    31     0    15
(Ocean barotropic mode stepping)       300      2.274380      2.633666      2.504064      0.100019  0.129    31     0    15
(Ocean barotropic forcing calc)        300      0.550291      0.614970      0.587545      0.018161  0.030    31     0    15
(Ocean advect tracer)                    0      0.000000      0.000000      0.000000      0.000000  0.000    31     0    15
(Ocean tracer halo updates)              0      0.000000      0.000000      0.000000      0.000000  0.000    41     0    15
(Ocean tracer global synch)              0      0.000000      0.000000      0.000000      0.000000  0.000    41     0    15
(Ocean diffuse tracer)                   0      0.000000      0.000000      0.000000      0.000000  0.000    31     0    15
(Ocean epipycnal diffuse tracer)         0      0.000000      0.000000      0.000000      0.000000  0.000    31     0    15
(Ocean surface forcing)                 76      0.000870      0.001488      0.000945      0.000142  0.000    31     0    15
(Ocean forcing diagnostics)            150      0.000246      0.000653      0.000365      0.000111  0.000    41     0    15
 MPP_STACK high water mark=           0
