NOTE from PE     0: MPP_DOMAINS_SET_STACK_SIZE: stack size set to    32768.
NOTE from PE     0: MPP_DOMAINS_SET_STACK_SIZE: stack size set to 30000000.
NOTE from PE     0: ======== Model being driven by MOM_driver ========
NOTE from PE     0: callTree: o Program MOM_main, MOM_driver.F90
NOTE from PE     0: open_param_file: MOM_input has been opened successfully.
NOTE from PE     0: open_param_file: MOM_override has been opened successfully.

WARNING from PE     0: MOM_file_parser : DT over-ridden.  Line: 'DT = 37' in file MOM_override.


WARNING from PE     0: MOM_file_parser : DT_THERM over-ridden.  Line: 'DT_THERM = 75' in file MOM_override.


WARNING from PE     0: MOM_file_parser : NIGLOBAL over-ridden.  Line: 'NIGLOBAL = 1024' in file MOM_override.


WARNING from PE     0: MOM_file_parser : NJGLOBAL over-ridden.  Line: 'NJGLOBAL = 1024' in file MOM_override.

 MOM_in domain decomposition
whalo =    4, ehalo =    4, shalo =    4, nhalo =    4
  X-AXIS =   86  86  85  85  85  85  85  85  85  85  86  86
  Y-AXIS =  128 128 128 128 128 128 128 128
 MOM_inc domain decomposition
whalo =    2, ehalo =    2, shalo =    2, nhalo =    2
  X-AXIS =   43  43  43  43  42  42  42  42  43  43  43  43
  Y-AXIS =   64  64  64  64  64  64  64  64
NOTE from PE     0: diag_manager_mod::diag_manager_init: prepend_date only supported when diag_manager_init is called with time_init present.
NOTE from PE     0: diag_manager_mod::diag_manager_init: You are using the legacy version of the diag table
 MOM_in domain decomposition
whalo =    4, ehalo =    4, shalo =    4, nhalo =    4
  X-AXIS =   86  86  85  85  85  85  85  85  85  85  86  86
  Y-AXIS =  128 128 128 128 128 128 128 128
 MOM_in domain decomposition
whalo =    2, ehalo =    2, shalo =    2, nhalo =    2
  X-AXIS =   43  43  43  43  42  42  42  42  43  43  43  43
  Y-AXIS =   64  64  64  64  64  64  64  64

WARNING from PE     0: MOM_file_parser : NK over-ridden.  Line: 'NK = 100' in file MOM_override.

 MOM_in domain decomposition
whalo =    4, ehalo =    4, shalo =    4, nhalo =    4
  X-AXIS =   86  86  85  85  85  85  85  85  85  85  86  86
  Y-AXIS =  128 128 128 128 128 128 128 128
 MOM_in domain decomposition
whalo =    2, ehalo =    2, shalo =    2, nhalo =    2
  X-AXIS =   43  43  43  43  42  42  42  42  43  43  43  43
  Y-AXIS =   64  64  64  64  64  64  64  64

WARNING from PE     0: Open_file is appending .nc to the filename ./ocean_geometry


WARNING from PE     0: MOM_file_parser : COORD_CONFIG over-ridden.  Line: 'COORD_CONFIG = "linear"' in file MOM_override.

 MOM_in domain decomposition
whalo =    4, ehalo =    4, shalo =    4, nhalo =    4
  X-AXIS =   86  86  85  85  85  85  85  85  85  85  86  86
  Y-AXIS =  128 128 128 128 128 128 128 128
 MOM_in domain decomposition
whalo =    2, ehalo =    2, shalo =    2, nhalo =    2
  X-AXIS =   43  43  43  43  42  42  42  42  43  43  43  43
  Y-AXIS =   64  64  64  64  64  64  64  64
 MOM_in domain decomposition
whalo =    4, ehalo =    4, shalo =    4, nhalo =    4
  X-AXIS =   86  86  85  85  85  85  85  85  85  85  86  86
  Y-AXIS =  128 128 128 128 128 128 128 128
 MOM_in domain decomposition
whalo =    2, ehalo =    2, shalo =    2, nhalo =    2
  X-AXIS =   43  43  43  43  42  42  42  42  43  43  43  43
  Y-AXIS =   64  64  64  64  64  64  64  64

WARNING from PE     0: ./Depth_list.nc checksums do not match; updating file.


WARNING from PE     0: MOM_file_parser : DT_FORCING over-ridden.  Line: 'DT_FORCING = 75' in file MOM_override.


WARNING from PE     0: MOM_file_parser : DAYMAX over-ridden.  Line: 'DAYMAX = 150' in file MOM_override.


WARNING from PE     0: MOM_file_parser : RESTART_CONTROL over-ridden.  Line: 'RESTART_CONTROL = -1' in file MOM_override.


WARNING from PE     0: MOM_file_parser : RESTINT over-ridden.  Line: 'RESTINT = 0.0' in file MOM_override.


WARNING from PE     0: Unused line in MOM_input : GINT = 0.0098


WARNING from PE     0: open_ASCII_file: File ./CPU_stats opened WRITEONLY already exists!


WARNING from PE     0: open_ASCII_file: File ./ocean.stats opened WRITEONLY already exists!

MOM Time       0.000      0: En 9.167942E-12, MaxCFL  0.00000, Mass 5.286411564124E+18
    Total Energy: 41871C336630D599  4.8465516773844905E+07
    Total Mass:   5.2864115641239163E+18, Change:   0.0000000000000000E+00 Error:  0.00000E+00 ( 0.0E+00)
MOM Time      50.676     75: En 9.561068E-07, MaxCFL  0.00036, Mass 5.286411564124E+18
    Total Energy: 42926340A0386CDD  5.0543738260752158E+12
    Total Mass:   5.2864115641239163E+18, Change:   2.7469496140543090E+01 Error:  2.74695E+01 ( 5.2E-18)
MOM Time      99.324    147: En 3.499944E-06, MaxCFL  0.00068, Mass 5.286411564124E+18
    Total Energy: 42B0D3DDD3E4317F  1.8502145795121496E+13
    Total Mass:   5.2864115641239163E+18, Change:  -2.1090870932770445E+00 Error: -2.10909E+00 (-4.0E-19)
MOM Time     150.000    222: En 7.572530E-06, MaxCFL  0.00098, Mass 5.286411564124E+18
    Total Energy: 42C23447FABD413B  4.0031510428290461E+13
    Total Mass:   5.2864115641239163E+18, Change:   2.1165322302052048E-01 Error:  2.11653E-01 ( 4.0E-20)

WARNING from PE     0: open_ASCII_file: File exitcode opened WRITEONLY already exists!

 MPP_DOMAINS_STACK high water mark=      875200

Tabulating mpp_clock statistics across     96 PEs...

                                      hits          tmin          tmax          tavg          tstd  tfrac grain pemin pemax
Total runtime                            1    362.883514    362.883514    362.883423      0.000092  1.000     0     0    95
Initialization                           1      1.498430      1.498984      1.498680      0.000129  0.004     0     0    95
Main loop                                1    361.352631    361.352692    361.352631      0.000061  0.996     0     0    95
Termination                              1      0.007237      0.007358      0.007353      0.000012  0.000     0     0    95
Ocean                                   76    362.729828    362.785309    362.734467      0.005621  1.000     1     0    95
Ocean Initialization                     2      1.499983      1.556725      1.503815      0.005712  0.004    11     0    95
Ocean dynamics                         444    357.429443    358.796692    358.394379      0.275169  0.988    11     0    95
Ocean thermodynamics and tracers       222      0.560369      1.092336      0.913088      0.121992  0.003    11     0    95
Ocean grid generation and remapp         0      0.000000      0.000000      0.000000      0.000000  0.000    11     0    95
Ocean Other                            518      0.848653      1.562105      1.031474      0.104227  0.003    11     0    95
Ocean MOM_end                            1      0.020029      0.023089      0.021424      0.000765  0.000    11     0    95
(Ocean tracer advection)               148      0.340783      0.771195      0.619737      0.101069  0.002    21     0    95
(Ocean adiabatic driver)                74      0.182108      0.383192      0.293085      0.046160  0.001    21     0    95
(Ocean continuity equation *)            0      0.000000      0.000000      0.000000      0.000000  0.000    31     0    95
(Ocean set BBL viscosity)               74      5.810177      9.074708      7.033023      0.995856  0.019    31     0    95
(Ocean message passing *)              148      0.728615      2.362608      1.139059      0.335677  0.003    31     0    95
(Ocean MOM_initialize_state)             2      0.037144      0.050482      0.048346      0.001949  0.000    31     0    95
(Ocean init message passing *)           2      0.004348      0.014265      0.010680      0.002465  0.000    41     0    95
(Ocean mixed layer restrat)              0      0.000000      0.000000      0.000000      0.000000  0.000    31     0    95
(Ocean collective diagnostics)         444      0.001100      0.003629      0.001577      0.000531  0.000    31     0    95
(Ocean Z-space diagnostics)              0      0.000000      0.000000      0.000000      0.000000  0.000    31     0    95
(Ocean ALE)                              0      0.000000      0.000000      0.000000      0.000000  0.000    31     0    95
(Stochastic EOS)                       222      0.000039      0.000105      0.000087      0.000008  0.000    31     0    95
(SGS Temperature Variance)             222      0.000008      0.000046      0.000015      0.000007  0.000    31     0    95
(Ocean MOM save_restart)                 0      0.000000      0.000000      0.000000      0.000000  0.000    31     0    95
(Ocean diagnostics framework)            0      0.000000      0.000000      0.000000      0.000000  0.000    31     0    95
(Ocean diagnostics remapping)            0      0.000000      0.000000      0.000000      0.000000  0.000    41     0    95
(Ocean diagnostics grid updates)       741      0.000371      0.000736      0.000486      0.000058  0.000    41     0    95
(Ocean init message passing)             4      0.018673      0.055184      0.035191      0.008028  0.000    41     0    95
(Ocean continuity reconstruction      1334     12.627091     16.691803     14.719613      0.906833  0.041    41     0    95
(Ocean continuity update)             1334      2.755290      8.713330      6.422739      1.494985  0.018    41     0    95
(Ocean continuity correction)         1334     65.997398     91.287575     80.067131      6.165061  0.221    41     0    95
(Ocean BT pre-calcs only)             1776     27.298420     42.513294     34.217556      3.173823  0.094    41     0    95
(Ocean BT pre-step halo updates)      1776      2.053965     30.675327     12.427455      6.770778  0.034    41     0    95
(Ocean BT stepping calcs only)         888      0.346083      2.250141      1.504069      0.482210  0.004    41     0    95
(Ocean BT stepping halo updates)       444      0.056498      1.831414      0.329734      0.374877  0.001    41     0    95
(Ocean BT post-calcs only)            1332      4.339682      7.320943      6.823038      0.705163  0.019    41     0    95
(Ocean BT post-step halo updates       888      0.223010      3.324575      1.035352      0.672089  0.003    41     0    95
(Ocean BT global synch)                  0      0.000000      0.000000      0.000000      0.000000  0.000    41     0    95
(Ocean Coriolis & mom advection)       444     11.618918     15.309365     13.056664      0.800813  0.036    31     0    95
(Ocean continuity equation)            666     85.837158    112.567398    102.745026      6.887066  0.283    31     0    95
(Ocean pressure force)                 222     24.638231     27.144249     26.058359      0.592852  0.072    31     0    95
(Ocean vertical viscosity)             666     75.184196     85.730476     81.252068      3.203659  0.224    31     0    95
(Ocean horizontal viscosity)           222      4.911657     10.492213      7.153589      0.941952  0.020    31     0    95
(Ocean momentum increments)            444     10.203413     10.898009     10.527120      0.188880  0.029    31     0    95
(Ocean message passing)               1998     13.103442     29.736816     20.043678      3.612886  0.055    31     0    95
(Ocean barotropic mode calc)           444      0.775629      1.586397      1.351958      0.187961  0.004    31     0    95
(Ocean barotropic mode stepping)       444     43.831444     78.161171     56.360722      8.007291  0.155    31     0    95
(Ocean barotropic forcing calc)        444      8.177024     11.467900     10.061208      0.810956  0.028    31     0    95
(Ocean advect tracer)                    0      0.000000      0.000000      0.000000      0.000000  0.000    31     0    95
(Ocean tracer halo updates)              0      0.000000      0.000000      0.000000      0.000000  0.000    41     0    95
(Ocean tracer global synch)              0      0.000000      0.000000      0.000000      0.000000  0.000    41     0    95
(Ocean diffuse tracer)                   0      0.000000      0.000000      0.000000      0.000000  0.000    31     0    95
(Ocean epipycnal diffuse tracer)         0      0.000000      0.000000      0.000000      0.000000  0.000    31     0    95
(Ocean surface forcing)                 75      0.001237      0.001684      0.001424      0.000099  0.000    31     0    95
(Ocean forcing diagnostics)            148      0.000258      0.001270      0.000470      0.000223  0.000    41     0    95
 MPP_STACK high water mark=           0
