NOTE from PE     0: MPP_DOMAINS_SET_STACK_SIZE: stack size set to    32768.
NOTE from PE     0: MPP_DOMAINS_SET_STACK_SIZE: stack size set to 30000000.
NOTE from PE     0: ======== Model being driven by MOM_driver ========
NOTE from PE     0: callTree: o Program MOM_main, MOM_driver.F90
NOTE from PE     0: open_param_file: MOM_input has been opened successfully.
NOTE from PE     0: open_param_file: MOM_override has been opened successfully.

WARNING from PE     0: MOM_file_parser : DT over-ridden.  Line: 'DT = 37' in file MOM_override.


WARNING from PE     0: MOM_file_parser : DT_THERM over-ridden.  Line: 'DT_THERM = 75' in file MOM_override.


WARNING from PE     0: MOM_file_parser : NIGLOBAL over-ridden.  Line: 'NIGLOBAL = 1024' in file MOM_override.


WARNING from PE     0: MOM_file_parser : NJGLOBAL over-ridden.  Line: 'NJGLOBAL = 512' in file MOM_override.

 MOM_in domain decomposition
whalo =    4, ehalo =    4, shalo =    4, nhalo =    4
  X-AXIS =   86  86  85  85  85  85  85  85  85  85  86  86
  Y-AXIS =   64  64  64  64  64  64  64  64
 MOM_inc domain decomposition
whalo =    2, ehalo =    2, shalo =    2, nhalo =    2
  X-AXIS =   43  43  43  43  42  42  42  42  43  43  43  43
  Y-AXIS =   32  32  32  32  32  32  32  32
NOTE from PE     0: diag_manager_mod::diag_manager_init: prepend_date only supported when diag_manager_init is called with time_init present.
NOTE from PE     0: diag_manager_mod::diag_manager_init: You are using the legacy version of the diag table
 MOM_in domain decomposition
whalo =    4, ehalo =    4, shalo =    4, nhalo =    4
  X-AXIS =   86  86  85  85  85  85  85  85  85  85  86  86
  Y-AXIS =   64  64  64  64  64  64  64  64
 MOM_in domain decomposition
whalo =    2, ehalo =    2, shalo =    2, nhalo =    2
  X-AXIS =   43  43  43  43  42  42  42  42  43  43  43  43
  Y-AXIS =   32  32  32  32  32  32  32  32

WARNING from PE     0: MOM_file_parser : NK over-ridden.  Line: 'NK = 100' in file MOM_override.

 MOM_in domain decomposition
whalo =    4, ehalo =    4, shalo =    4, nhalo =    4
  X-AXIS =   86  86  85  85  85  85  85  85  85  85  86  86
  Y-AXIS =   64  64  64  64  64  64  64  64
 MOM_in domain decomposition
whalo =    2, ehalo =    2, shalo =    2, nhalo =    2
  X-AXIS =   43  43  43  43  42  42  42  42  43  43  43  43
  Y-AXIS =   32  32  32  32  32  32  32  32

WARNING from PE     0: Open_file is appending .nc to the filename ./ocean_geometry


WARNING from PE     0: MOM_file_parser : COORD_CONFIG over-ridden.  Line: 'COORD_CONFIG = "linear"' in file MOM_override.

 MOM_in domain decomposition
whalo =    4, ehalo =    4, shalo =    4, nhalo =    4
  X-AXIS =   86  86  85  85  85  85  85  85  85  85  86  86
  Y-AXIS =   64  64  64  64  64  64  64  64
 MOM_in domain decomposition
whalo =    2, ehalo =    2, shalo =    2, nhalo =    2
  X-AXIS =   43  43  43  43  42  42  42  42  43  43  43  43
  Y-AXIS =   32  32  32  32  32  32  32  32
 MOM_in domain decomposition
whalo =    4, ehalo =    4, shalo =    4, nhalo =    4
  X-AXIS =   86  86  85  85  85  85  85  85  85  85  86  86
  Y-AXIS =   64  64  64  64  64  64  64  64
 MOM_in domain decomposition
whalo =    2, ehalo =    2, shalo =    2, nhalo =    2
  X-AXIS =   43  43  43  43  42  42  42  42  43  43  43  43
  Y-AXIS =   32  32  32  32  32  32  32  32

WARNING from PE     0: ./Depth_list.nc checksums do not match; updating file.


WARNING from PE     0: MOM_file_parser : DT_FORCING over-ridden.  Line: 'DT_FORCING = 75' in file MOM_override.


WARNING from PE     0: MOM_file_parser : DAYMAX over-ridden.  Line: 'DAYMAX = 150' in file MOM_override.


WARNING from PE     0: MOM_file_parser : RESTART_CONTROL over-ridden.  Line: 'RESTART_CONTROL = -1' in file MOM_override.


WARNING from PE     0: MOM_file_parser : RESTINT over-ridden.  Line: 'RESTINT = 0.0' in file MOM_override.


WARNING from PE     0: Unused line in MOM_input : GINT = 0.0098


WARNING from PE     0: open_ASCII_file: File ./CPU_stats opened WRITEONLY already exists!


WARNING from PE     0: open_ASCII_file: File ./ocean.stats opened WRITEONLY already exists!

MOM Time       0.000      0: En 9.167888E-12, MaxCFL  0.00000, Mass 5.286414704261E+18
    Total Energy: 41871C2B4287A172  4.8465256316225901E+07
    Total Mass:   5.2864147042613893E+18, Change:   0.0000000000000000E+00 Error:  0.00000E+00 ( 0.0E+00)
MOM Time      50.676     75: En 9.561082E-07, MaxCFL  0.00036, Mass 5.286414704261E+18
    Total Energy: 429263431CDBFD45  5.0543842567673174E+12
    Total Mass:   5.2864147042613893E+18, Change:   2.4812445309513802E+01 Error:  2.48124E+01 ( 4.7E-18)
MOM Time      99.324    147: En 3.499934E-06, MaxCFL  0.00068, Mass 5.286414704261E+18
    Total Energy: 42B0D3DB48481627  1.8502103091222152E+13
    Total Mass:   5.2864147042613893E+18, Change:   1.2584787399027206E+00 Error:  1.25848E+00 ( 2.4E-19)
MOM Time     150.000    222: En 7.572478E-06, MaxCFL  0.00098, Mass 5.286414704261E+18
    Total Energy: 42C234407625E4D9  4.0031258168265695E+13
    Total Mass:   5.2864147042613893E+18, Change:  -7.3779749640755043E-01 Error: -7.37797E-01 (-1.4E-19)

WARNING from PE     0: open_ASCII_file: File exitcode opened WRITEONLY already exists!

 MPP_DOMAINS_STACK high water mark=      619200

Tabulating mpp_clock statistics across     96 PEs...

                                      hits          tmin          tmax          tavg          tstd  tfrac grain pemin pemax
Total runtime                            1    183.650223    183.650223    183.650208      0.000015  1.000     0     0    95
Initialization                           1      0.710990      0.711531      0.711183      0.000118  0.004     0     0    95
Main loop                                1    182.908524    182.908585    182.908630      0.000048  0.996     0     0    95
Termination                              1      0.006085      0.006208      0.006203      0.000012  0.000     0     0    95
Ocean                                   76    183.566971    183.582230    183.570969      0.002762  1.000     1     0    95
Ocean Initialization                     2      0.716076      0.738082      0.719010      0.002564  0.004    11     0    95
Ocean dynamics                         444    180.799515    181.468307    181.283997      0.115552  0.987    11     0    95
Ocean thermodynamics and tracers       222      0.346530      0.593570      0.487014      0.064682  0.003    11     0    95
Ocean grid generation and remapp         0      0.000000      0.000000      0.000000      0.000000  0.000    11     0    95
Ocean Other                            518      0.412976      0.829751      0.531328      0.082153  0.003    11     0    95
Ocean MOM_end                            1      0.013330      0.022531      0.019859      0.001517  0.000    11     0    95
(Ocean tracer advection)               148      0.214681      0.407819      0.321557      0.045860  0.002    21     0    95
(Ocean adiabatic driver)                74      0.098501      0.201306      0.165235      0.026145  0.001    21     0    95
(Ocean continuity equation *)            0      0.000000      0.000000      0.000000      0.000000  0.000    31     0    95
(Ocean set BBL viscosity)               74      2.916400      4.603175      3.540640      0.515936  0.019    31     0    95
(Ocean message passing *)              148      0.452736      1.345444      0.716175      0.172297  0.004    31     0    95
(Ocean MOM_initialize_state)             2      0.022072      0.026735      0.025814      0.000948  0.000    31     0    95
(Ocean init message passing *)           2      0.002658      0.008241      0.006103      0.001424  0.000    41     0    95
(Ocean mixed layer restrat)              0      0.000000      0.000000      0.000000      0.000000  0.000    31     0    95
(Ocean collective diagnostics)         444      0.000922      0.002814      0.001367      0.000401  0.000    31     0    95
(Ocean Z-space diagnostics)              0      0.000000      0.000000      0.000000      0.000000  0.000    31     0    95
(Ocean ALE)                              0      0.000000      0.000000      0.000000      0.000000  0.000    31     0    95
(Stochastic EOS)                       222      0.000070      0.000102      0.000084      0.000006  0.000    31     0    95
(SGS Temperature Variance)             222      0.000008      0.000031      0.000013      0.000005  0.000    31     0    95
(Ocean MOM save_restart)                 0      0.000000      0.000000      0.000000      0.000000  0.000    31     0    95
(Ocean diagnostics framework)            0      0.000000      0.000000      0.000000      0.000000  0.000    31     0    95
(Ocean diagnostics remapping)            0      0.000000      0.000000      0.000000      0.000000  0.000    41     0    95
(Ocean diagnostics grid updates)       741      0.000357      0.000590      0.000442      0.000051  0.000    41     0    95
(Ocean init message passing)             4      0.008276      0.024234      0.017681      0.003562  0.000    41     0    95
(Ocean continuity reconstruction      1334      5.642754      8.519038      7.344517      0.590978  0.040    41     0    95
(Ocean continuity update)             1334      1.233152      4.003238      2.930974      0.591069  0.016    41     0    95
(Ocean continuity correction)         1334     34.363689     46.890686     41.611271      3.249318  0.227    41     0    95
(Ocean BT pre-calcs only)             1776     13.130639     20.485968     17.348618      1.509435  0.094    41     0    95
(Ocean BT pre-step halo updates)      1776      0.760618     16.254158      6.116322      2.967974  0.033    41     0    95
(Ocean BT stepping calcs only)         888      0.158594      0.642555      0.469452      0.121327  0.003    41     0    95
(Ocean BT stepping halo updates)       444      0.053188      0.714788      0.163644      0.145668  0.001    41     0    95
(Ocean BT post-calcs only)            1332      2.785058      3.708296      3.469698      0.215408  0.019    41     0    95
(Ocean BT post-step halo updates       888      0.149682      1.180084      0.346791      0.218072  0.002    41     0    95
(Ocean BT global synch)                  0      0.000000      0.000000      0.000000      0.000000  0.000    41     0    95
(Ocean Coriolis & mom advection)       444      5.714805      7.526419      6.510166      0.346732  0.035    31     0    95
(Ocean continuity equation)            666     44.579937     57.825562     52.602116      3.307878  0.286    31     0    95
(Ocean pressure force)                 222     12.435392     13.856269     13.149327      0.274496  0.072    31     0    95
(Ocean vertical viscosity)             666     37.335152     43.866993     40.960125      1.929302  0.223    31     0    95
(Ocean horizontal viscosity)           222      2.556268      3.401302      2.917519      0.162222  0.016    31     0    95
(Ocean momentum increments)            444      5.257518      5.586780      5.410109      0.079911  0.029    31     0    95
(Ocean message passing)               1998      7.513120     15.501650     11.552543      1.707737  0.063    31     0    95
(Ocean barotropic mode calc)           444      0.312683      0.741636      0.599895      0.089768  0.003    31     0    95
(Ocean barotropic mode stepping)       444     22.087173     39.155872     27.928940      3.645969  0.152    31     0    95
(Ocean barotropic forcing calc)        444      4.649931      5.862500      5.366989      0.316465  0.029    31     0    95
(Ocean advect tracer)                    0      0.000000      0.000000      0.000000      0.000000  0.000    31     0    95
(Ocean tracer halo updates)              0      0.000000      0.000000      0.000000      0.000000  0.000    41     0    95
(Ocean tracer global synch)              0      0.000000      0.000000      0.000000      0.000000  0.000    41     0    95
(Ocean diffuse tracer)                   0      0.000000      0.000000      0.000000      0.000000  0.000    31     0    95
(Ocean epipycnal diffuse tracer)         0      0.000000      0.000000      0.000000      0.000000  0.000    31     0    95
(Ocean surface forcing)                 75      0.000896      0.001648      0.001063      0.000100  0.000    31     0    95
(Ocean forcing diagnostics)            148      0.000276      0.000969      0.000432      0.000160  0.000    41     0    95
 MPP_STACK high water mark=           0
