NOTE from PE     0: MPP_DOMAINS_SET_STACK_SIZE: stack size set to    32768.
NOTE from PE     0: MPP_DOMAINS_SET_STACK_SIZE: stack size set to 30000000.
NOTE from PE     0: ======== Model being driven by MOM_driver ========
NOTE from PE     0: callTree: o Program MOM_main, MOM_driver.F90
NOTE from PE     0: open_param_file: MOM_input has been opened successfully.
NOTE from PE     0: open_param_file: MOM_override has been opened successfully.

WARNING from PE     0: MOM_file_parser : DT over-ridden.  Line: 'DT = 75' in file MOM_override.


WARNING from PE     0: MOM_file_parser : DT_THERM over-ridden.  Line: 'DT_THERM = 150' in file MOM_override.


WARNING from PE     0: MOM_file_parser : NIGLOBAL over-ridden.  Line: 'NIGLOBAL = 512' in file MOM_override.


WARNING from PE     0: MOM_file_parser : NJGLOBAL over-ridden.  Line: 'NJGLOBAL = 512' in file MOM_override.

 MOM_in domain decomposition
whalo =    4, ehalo =    4, shalo =    4, nhalo =    4
  X-AXIS =   43  43  43  43  42  42  42  42  43  43  43  43
  Y-AXIS =   64  64  64  64  64  64  64  64
 MOM_inc domain decomposition
whalo =    2, ehalo =    2, shalo =    2, nhalo =    2
  X-AXIS =   22  22  21  21  21  21  21  21  21  21  22  22
  Y-AXIS =   32  32  32  32  32  32  32  32
NOTE from PE     0: diag_manager_mod::diag_manager_init: prepend_date only supported when diag_manager_init is called with time_init present.
NOTE from PE     0: diag_manager_mod::diag_manager_init: You are using the legacy version of the diag table
 MOM_in domain decomposition
whalo =    4, ehalo =    4, shalo =    4, nhalo =    4
  X-AXIS =   43  43  43  43  42  42  42  42  43  43  43  43
  Y-AXIS =   64  64  64  64  64  64  64  64
 MOM_in domain decomposition
whalo =    2, ehalo =    2, shalo =    2, nhalo =    2
  X-AXIS =   22  22  21  21  21  21  21  21  21  21  22  22
  Y-AXIS =   32  32  32  32  32  32  32  32

WARNING from PE     0: MOM_file_parser : NK over-ridden.  Line: 'NK = 100' in file MOM_override.

 MOM_in domain decomposition
whalo =    4, ehalo =    4, shalo =    4, nhalo =    4
  X-AXIS =   43  43  43  43  42  42  42  42  43  43  43  43
  Y-AXIS =   64  64  64  64  64  64  64  64
 MOM_in domain decomposition
whalo =    2, ehalo =    2, shalo =    2, nhalo =    2
  X-AXIS =   22  22  21  21  21  21  21  21  21  21  22  22
  Y-AXIS =   32  32  32  32  32  32  32  32

WARNING from PE     0: Open_file is appending .nc to the filename ./ocean_geometry


WARNING from PE     0: MOM_file_parser : COORD_CONFIG over-ridden.  Line: 'COORD_CONFIG = "linear"' in file MOM_override.

 MOM_in domain decomposition
whalo =    4, ehalo =    4, shalo =    4, nhalo =    4
  X-AXIS =   43  43  43  43  42  42  42  42  43  43  43  43
  Y-AXIS =   64  64  64  64  64  64  64  64
 MOM_in domain decomposition
whalo =    2, ehalo =    2, shalo =    2, nhalo =    2
  X-AXIS =   22  22  21  21  21  21  21  21  21  21  22  22
  Y-AXIS =   32  32  32  32  32  32  32  32
 MOM_in domain decomposition
whalo =    4, ehalo =    4, shalo =    4, nhalo =    4
  X-AXIS =   43  43  43  43  42  42  42  42  43  43  43  43
  Y-AXIS =   64  64  64  64  64  64  64  64
 MOM_in domain decomposition
whalo =    2, ehalo =    2, shalo =    2, nhalo =    2
  X-AXIS =   22  22  21  21  21  21  21  21  21  21  22  22
  Y-AXIS =   32  32  32  32  32  32  32  32

WARNING from PE     0: ./Depth_list.nc checksums do not match; updating file.


WARNING from PE     0: MOM_file_parser : DT_FORCING over-ridden.  Line: 'DT_FORCING = 150' in file MOM_override.


WARNING from PE     0: MOM_file_parser : DAYMAX over-ridden.  Line: 'DAYMAX = 150' in file MOM_override.


WARNING from PE     0: MOM_file_parser : RESTART_CONTROL over-ridden.  Line: 'RESTART_CONTROL = -1' in file MOM_override.


WARNING from PE     0: MOM_file_parser : RESTINT over-ridden.  Line: 'RESTINT = 0.0' in file MOM_override.


WARNING from PE     0: Unused line in MOM_input : GINT = 0.0098


WARNING from PE     0: open_ASCII_file: File ./CPU_stats opened WRITEONLY already exists!


WARNING from PE     0: open_ASCII_file: File ./ocean.stats opened WRITEONLY already exists!

MOM Time       0.000      0: En 9.167783E-12, MaxCFL  0.00000, Mass 5.286420478077E+18
    Total Energy: 41871C1BAC854DBF  4.8464757565089695E+07
    Total Mass:   5.2864204780768635E+18, Change:   0.0000000000000000E+00 Error:  0.00000E+00 ( 0.0E+00)
MOM Time      50.000     50: En 3.628263E-06, MaxCFL  0.00070, Mass 5.286420478077E+18
    Total Energy: 42B171D073870213  1.9180526208770074E+13
    Total Mass:   5.2864204780768635E+18, Change:   1.4773794035613044E+01 Error:  1.47738E+01 ( 2.8E-18)
MOM Time     100.000    100: En 1.302025E-05, MaxCFL  0.00126, Mass 5.286420478077E+18
    Total Energy: 42CF4CECC7868B6D  6.8830500949270852E+13
    Total Mass:   5.2864204780768635E+18, Change:  -2.6456666355089919E-01 Error: -2.64567E-01 (-5.0E-20)
MOM Time     150.000    150: En 2.597815E-05, MaxCFL  0.00165, Mass 5.286420478077E+18
    Total Energy: 42DF39BDF15524DF  1.3733144122689948E+14
    Total Mass:   5.2864204780768635E+18, Change:   1.8174544669535653E-01 Error:  1.81745E-01 ( 3.4E-20)

WARNING from PE     0: open_ASCII_file: File exitcode opened WRITEONLY already exists!

 MPP_DOMAINS_STACK high water mark=      447200

Tabulating mpp_clock statistics across     96 PEs...

                                      hits          tmin          tmax          tavg          tstd  tfrac grain pemin pemax
Total runtime                            1     67.320198     67.320198     67.320198      0.000000  1.000     0     0    95
Initialization                           1      0.401331      0.401850      0.401534      0.000119  0.006     0     0    95
Main loop                                1     66.889198     66.889244     66.889244      0.000007  0.994     0     0    95
Termination                              1      0.005482      0.005597      0.005589      0.000011  0.000     0     0    95
Ocean                                   77     67.270950     67.281204     67.275284      0.002456  0.999     1     0    95
Ocean Initialization                     2      0.405262      0.414173      0.408251      0.001989  0.006    11     0    95
Ocean dynamics                         300     65.749619     66.081192     65.948105      0.064117  0.980    11     0    95
Ocean thermodynamics and tracers       225      0.195161      0.295139      0.247850      0.022988  0.004    11     0    95
Ocean grid generation and remapp         0      0.000000      0.000000      0.000000      0.000000  0.000    11     0    95
Ocean Other                            450      0.185652      0.426954      0.266500      0.047888  0.004    11     0    95
Ocean MOM_end                            1      0.012753      0.022058      0.019305      0.001505  0.000    11     0    95
(Ocean tracer advection)               150      0.120739      0.197642      0.162305      0.017145  0.002    21     0    95
(Ocean adiabatic driver)                75      0.065211      0.099446      0.085381      0.007646  0.001    21     0    95
(Ocean continuity equation *)            0      0.000000      0.000000      0.000000      0.000000  0.000    31     0    95
(Ocean set BBL viscosity)               75      1.537205      1.995235      1.716111      0.116674  0.025    31     0    95
(Ocean message passing *)              150      0.336574      0.708520      0.507257      0.077529  0.008    31     0    95
(Ocean MOM_initialize_state)             2      0.013655      0.016023      0.015412      0.000650  0.000    31     0    95
(Ocean init message passing *)           2      0.002290      0.005405      0.004069      0.000756  0.000    41     0    95
(Ocean mixed layer restrat)              0      0.000000      0.000000      0.000000      0.000000  0.000    31     0    95
(Ocean collective diagnostics)         375      0.000904      0.002421      0.001271      0.000324  0.000    31     0    95
(Ocean Z-space diagnostics)              0      0.000000      0.000000      0.000000      0.000000  0.000    31     0    95
(Ocean ALE)                              0      0.000000      0.000000      0.000000      0.000000  0.000    31     0    95
(Stochastic EOS)                       150      0.000035      0.000062      0.000050      0.000007  0.000    31     0    95
(SGS Temperature Variance)             150      0.000006      0.000026      0.000010      0.000005  0.000    31     0    95
(Ocean MOM save_restart)                 0      0.000000      0.000000      0.000000      0.000000  0.000    31     0    95
(Ocean diagnostics framework)            0      0.000000      0.000000      0.000000      0.000000  0.000    31     0    95
(Ocean diagnostics remapping)            0      0.000000      0.000000      0.000000      0.000000  0.000    41     0    95
(Ocean diagnostics grid updates)       526      0.000241      0.000373      0.000298      0.000027  0.000    41     0    95
(Ocean init message passing)             4      0.007753      0.016341      0.012238      0.002021  0.000    41     0    95
(Ocean continuity reconstruction       902      2.190226      2.945385      2.644644      0.160023  0.039    41     0    95
(Ocean continuity update)              902      0.431917      1.254467      0.915001      0.172293  0.014    41     0    95
(Ocean continuity correction)          902     12.984543     17.754261     15.195103      0.998020  0.226    41     0    95
(Ocean BT pre-calcs only)             1200      5.218993      7.220310      6.378270      0.472379  0.095    41     0    95
(Ocean BT pre-step halo updates)      1200      0.428729      6.779018      1.937775      1.045023  0.029    41     0    95
(Ocean BT stepping calcs only)         600      0.078745      0.186191      0.131658      0.026258  0.002    41     0    95
(Ocean BT stepping halo updates)       300      0.025448      0.178499      0.060871      0.035057  0.001    41     0    95
(Ocean BT post-calcs only)             900      0.824426      1.310500      1.165368      0.110991  0.017    41     0    95
(Ocean BT post-step halo updates       600      0.051385      0.322486      0.127225      0.056581  0.002    41     0    95
(Ocean BT global synch)                  0      0.000000      0.000000      0.000000      0.000000  0.000    41     0    95
(Ocean Coriolis & mom advection)       300      2.169305      2.619014      2.367981      0.084599  0.035    31     0    95
(Ocean continuity equation)            450     16.082510     21.476065     19.041924      1.100235  0.283    31     0    95
(Ocean pressure force)                 150      4.479924      5.023146      4.794963      0.105998  0.071    31     0    95
(Ocean vertical viscosity)             450     13.120329     15.389541     14.437196      0.676201  0.214    31     0    95
(Ocean horizontal viscosity)           150      1.003841      1.167162      1.088018      0.041041  0.016    31     0    95
(Ocean momentum increments)            300      1.978610      2.125036      2.041978      0.034347  0.030    31     0    95
(Ocean message passing)               1350      2.931772      7.461443      4.884704      0.991829  0.073    31     0    95
(Ocean barotropic mode calc)           300      0.102104      0.211799      0.175545      0.024118  0.003    31     0    95
(Ocean barotropic mode stepping)       300      7.907220     14.435341      9.808014      1.297993  0.146    31     0    95
(Ocean barotropic forcing calc)        300      1.875306      2.214155      2.065583      0.078013  0.031    31     0    95
(Ocean advect tracer)                    0      0.000000      0.000000      0.000000      0.000000  0.000    31     0    95
(Ocean tracer halo updates)              0      0.000000      0.000000      0.000000      0.000000  0.000    41     0    95
(Ocean tracer global synch)              0      0.000000      0.000000      0.000000      0.000000  0.000    41     0    95
(Ocean diffuse tracer)                   0      0.000000      0.000000      0.000000      0.000000  0.000    31     0    95
(Ocean epipycnal diffuse tracer)         0      0.000000      0.000000      0.000000      0.000000  0.000    31     0    95
(Ocean surface forcing)                 76      0.000801      0.001874      0.001023      0.000137  0.000    31     0    95
(Ocean forcing diagnostics)            150      0.000300      0.001025      0.000462      0.000155  0.000    41     0    95
 MPP_STACK high water mark=           0
