NOTE from PE     0: MPP_DOMAINS_SET_STACK_SIZE: stack size set to    32768.
NOTE from PE     0: MPP_DOMAINS_SET_STACK_SIZE: stack size set to 30000000.
NOTE from PE     0: ======== Model being driven by MOM_driver ========
NOTE from PE     0: callTree: o Program MOM_main, MOM_driver.F90
NOTE from PE     0: open_param_file: MOM_input has been opened successfully.
NOTE from PE     0: open_param_file: MOM_override has been opened successfully.

WARNING from PE     0: MOM_file_parser : DT over-ridden.  Line: 'DT = 100' in file MOM_override.


WARNING from PE     0: MOM_file_parser : DT_THERM over-ridden.  Line: 'DT_THERM = 200' in file MOM_override.


WARNING from PE     0: MOM_file_parser : NIGLOBAL over-ridden.  Line: 'NIGLOBAL = 384' in file MOM_override.


WARNING from PE     0: MOM_file_parser : NJGLOBAL over-ridden.  Line: 'NJGLOBAL = 256' in file MOM_override.

 MOM_in domain decomposition
whalo =    4, ehalo =    4, shalo =    4, nhalo =    4
  X-AXIS =   32  32  32  32  32  32  32  32  32  32  32  32
  Y-AXIS =   32  32  32  32  32  32  32  32
 MOM_inc domain decomposition
whalo =    2, ehalo =    2, shalo =    2, nhalo =    2
  X-AXIS =   16  16  16  16  16  16  16  16  16  16  16  16
  Y-AXIS =   16  16  16  16  16  16  16  16
NOTE from PE     0: diag_manager_mod::diag_manager_init: prepend_date only supported when diag_manager_init is called with time_init present.
NOTE from PE     0: diag_manager_mod::diag_manager_init: You are using the legacy version of the diag table
 MOM_in domain decomposition
whalo =    4, ehalo =    4, shalo =    4, nhalo =    4
  X-AXIS =   32  32  32  32  32  32  32  32  32  32  32  32
  Y-AXIS =   32  32  32  32  32  32  32  32
 MOM_in domain decomposition
whalo =    2, ehalo =    2, shalo =    2, nhalo =    2
  X-AXIS =   16  16  16  16  16  16  16  16  16  16  16  16
  Y-AXIS =   16  16  16  16  16  16  16  16

WARNING from PE     0: MOM_file_parser : NK over-ridden.  Line: 'NK = 100' in file MOM_override.

 MOM_in domain decomposition
whalo =    4, ehalo =    4, shalo =    4, nhalo =    4
  X-AXIS =   32  32  32  32  32  32  32  32  32  32  32  32
  Y-AXIS =   32  32  32  32  32  32  32  32
 MOM_in domain decomposition
whalo =    2, ehalo =    2, shalo =    2, nhalo =    2
  X-AXIS =   16  16  16  16  16  16  16  16  16  16  16  16
  Y-AXIS =   16  16  16  16  16  16  16  16

WARNING from PE     0: Open_file is appending .nc to the filename ./ocean_geometry


WARNING from PE     0: MOM_file_parser : COORD_CONFIG over-ridden.  Line: 'COORD_CONFIG = "linear"' in file MOM_override.

 MOM_in domain decomposition
whalo =    4, ehalo =    4, shalo =    4, nhalo =    4
  X-AXIS =   32  32  32  32  32  32  32  32  32  32  32  32
  Y-AXIS =   32  32  32  32  32  32  32  32
 MOM_in domain decomposition
whalo =    2, ehalo =    2, shalo =    2, nhalo =    2
  X-AXIS =   16  16  16  16  16  16  16  16  16  16  16  16
  Y-AXIS =   16  16  16  16  16  16  16  16
 MOM_in domain decomposition
whalo =    4, ehalo =    4, shalo =    4, nhalo =    4
  X-AXIS =   32  32  32  32  32  32  32  32  32  32  32  32
  Y-AXIS =   32  32  32  32  32  32  32  32
 MOM_in domain decomposition
whalo =    2, ehalo =    2, shalo =    2, nhalo =    2
  X-AXIS =   16  16  16  16  16  16  16  16  16  16  16  16
  Y-AXIS =   16  16  16  16  16  16  16  16

WARNING from PE     0: ./Depth_list.nc checksums do not match; updating file.


WARNING from PE     0: MOM_file_parser : DT_FORCING over-ridden.  Line: 'DT_FORCING = 200' in file MOM_override.


WARNING from PE     0: MOM_file_parser : DAYMAX over-ridden.  Line: 'DAYMAX = 150' in file MOM_override.


WARNING from PE     0: MOM_file_parser : RESTART_CONTROL over-ridden.  Line: 'RESTART_CONTROL = -1' in file MOM_override.


WARNING from PE     0: MOM_file_parser : RESTINT over-ridden.  Line: 'RESTINT = 0.0' in file MOM_override.


WARNING from PE     0: Unused line in MOM_input : GINT = 0.0098


WARNING from PE     0: open_ASCII_file: File ./CPU_stats opened WRITEONLY already exists!


WARNING from PE     0: open_ASCII_file: File ./ocean.stats opened WRITEONLY already exists!

MOM Time       0.000      0: En 9.167441E-12, MaxCFL  0.00000, Mass 5.286439414611E+18
    Total Energy: 41871BE88F0D4D5A  4.8463121881495193E+07
    Total Mass:   5.2864394146114447E+18, Change:   0.0000000000000000E+00 Error:  0.00000E+00 ( 0.0E+00)
MOM Time      50.000     50: En 6.222872E-06, MaxCFL  0.00090, Mass 5.286439414611E+18
    Total Energy: 42BDEB645547C464  3.2896837830596391E+13
    Total Mass:   5.2864394146114447E+18, Change:   1.7192327613925819E+01 Error:  1.71923E+01 ( 3.3E-18)
MOM Time     100.000    100: En 2.137528E-05, MaxCFL  0.00154, Mass 5.286439414611E+18
    Total Energy: 42D9B169F7930FD6  1.1299911095404734E+14
    Total Mass:   5.2864394146114447E+18, Change:   2.2106038005387108E-01 Error:  2.21060E-01 ( 4.2E-20)
MOM Time     150.000    150: En 4.038870E-05, MaxCFL  0.00184, Mass 5.286439414611E+18
    Total Energy: 42E846076F612916  2.1351241213780069E+14
    Total Mass:   5.2864394146114447E+18, Change:  -8.5693254891747150E-01 Error: -8.56933E-01 (-1.6E-19)

WARNING from PE     0: open_ASCII_file: File exitcode opened WRITEONLY already exists!

 MPP_DOMAINS_STACK high water mark=      275200

Tabulating mpp_clock statistics across     96 PEs...

                                      hits          tmin          tmax          tavg          tstd  tfrac grain pemin pemax
Total runtime                            1     25.258068     25.258070     25.258064      0.000005  1.000     0     0    95
Initialization                           1      0.210883      0.211492      0.211178      0.000122  0.008     0     0    95
Main loop                                1     25.027994     25.028065     25.028059      0.000008  0.991     0     0    95
Termination                              1      0.003503      0.003609      0.003604      0.000011  0.000     0     0    95
Ocean                                   77     25.225508     25.233866     25.229765      0.002110  0.999     1     0    95
Ocean Initialization                     2      0.202705      0.210749      0.206048      0.001921  0.008    11     0    95
Ocean dynamics                         300     24.517584     24.656630     24.596243      0.032184  0.974    11     0    95
Ocean thermodynamics and tracers       225      0.082604      0.111809      0.098463      0.006761  0.004    11     0    95
Ocean grid generation and remapp         0      0.000000      0.000000      0.000000      0.000000  0.000    11     0    95
Ocean Other                            450      0.080310      0.187646      0.118310      0.023965  0.005    11     0    95
Ocean MOM_end                            1      0.007756      0.013567      0.012191      0.000791  0.000    11     0    95
(Ocean tracer advection)               150      0.057126      0.074205      0.066321      0.004045  0.003    21     0    95
(Ocean adiabatic driver)                75      0.025405      0.038148      0.032057      0.002888  0.001    21     0    95
(Ocean continuity equation *)            0      0.000000      0.000000      0.000000      0.000000  0.000    31     0    95
(Ocean set BBL viscosity)               75      0.539033      0.842070      0.636501      0.070787  0.025    31     0    95
(Ocean message passing *)              150      0.191193      0.333930      0.256562      0.033543  0.010    31     0    95
(Ocean MOM_initialize_state)             2      0.006591      0.007730      0.007335      0.000274  0.000    31     0    95
(Ocean init message passing *)           2      0.000990      0.002142      0.001725      0.000258  0.000    41     0    95
(Ocean mixed layer restrat)              0      0.000000      0.000000      0.000000      0.000000  0.000    31     0    95
(Ocean collective diagnostics)         375      0.000755      0.002450      0.001116      0.000358  0.000    31     0    95
(Ocean Z-space diagnostics)              0      0.000000      0.000000      0.000000      0.000000  0.000    31     0    95
(Ocean ALE)                              0      0.000000      0.000000      0.000000      0.000000  0.000    31     0    95
(Stochastic EOS)                       150      0.000029      0.000059      0.000043      0.000006  0.000    31     0    95
(SGS Temperature Variance)             150      0.000005      0.000022      0.000008      0.000003  0.000    31     0    95
(Ocean MOM save_restart)                 0      0.000000      0.000000      0.000000      0.000000  0.000    31     0    95
(Ocean diagnostics framework)            0      0.000000      0.000000      0.000000      0.000000  0.000    31     0    95
(Ocean diagnostics remapping)            0      0.000000      0.000000      0.000000      0.000000  0.000    41     0    95
(Ocean diagnostics grid updates)       526      0.000192      0.000390      0.000262      0.000036  0.000    41     0    95
(Ocean init message passing)             4      0.003845      0.006627      0.005402      0.000654  0.000    41     0    95
(Ocean continuity reconstruction       902      0.887256      1.171772      1.030088      0.053503  0.041    41     0    95
(Ocean continuity update)              902      0.243674      0.463959      0.381388      0.048769  0.015    41     0    95
(Ocean continuity correction)          902      5.071699      6.360710      5.818932      0.289988  0.230    41     0    95
(Ocean BT pre-calcs only)             1200      2.022860      2.552278      2.310067      0.122356  0.091    41     0    95
(Ocean BT pre-step halo updates)      1200      0.196961      1.514279      0.735635      0.273817  0.029    41     0    95
(Ocean BT stepping calcs only)         600      0.029706      0.052289      0.039504      0.005634  0.002    41     0    95
(Ocean BT stepping halo updates)       300      0.010989      0.066545      0.025048      0.012708  0.001    41     0    95
(Ocean BT post-calcs only)             900      0.262263      0.352556      0.320745      0.018881  0.013    41     0    95
(Ocean BT post-step halo updates       600      0.016781      0.103967      0.038644      0.017917  0.002    41     0    95
(Ocean BT global synch)                  0      0.000000      0.000000      0.000000      0.000000  0.000    41     0    95
(Ocean Coriolis & mom advection)       300      0.941014      1.036872      0.995667      0.022287  0.039    31     0    95
(Ocean continuity equation)            450      6.512414      7.898621      7.334918      0.306611  0.290    31     0    95
(Ocean pressure force)                 150      1.673313      1.965932      1.855763      0.062322  0.073    31     0    95
(Ocean vertical viscosity)             450      4.517571      4.910098      4.706388      0.089094  0.186    31     0    95
(Ocean horizontal viscosity)           150      0.412446      0.481488      0.436732      0.016993  0.017    31     0    95
(Ocean momentum increments)            300      0.730116      0.848005      0.807167      0.021471  0.032    31     0    95
(Ocean message passing)               1350      1.567046      2.616830      2.036501      0.265403  0.081    31     0    95
(Ocean barotropic mode calc)           300      0.031326      0.058188      0.047292      0.006052  0.002    31     0    95
(Ocean barotropic mode stepping)       300      2.922684      4.313943      3.473880      0.294879  0.138    31     0    95
(Ocean barotropic forcing calc)        300      0.753412      0.884558      0.840820      0.028501  0.033    31     0    95
(Ocean advect tracer)                    0      0.000000      0.000000      0.000000      0.000000  0.000    31     0    95
(Ocean tracer halo updates)              0      0.000000      0.000000      0.000000      0.000000  0.000    41     0    95
(Ocean tracer global synch)              0      0.000000      0.000000      0.000000      0.000000  0.000    41     0    95
(Ocean diffuse tracer)                   0      0.000000      0.000000      0.000000      0.000000  0.000    31     0    95
(Ocean epipycnal diffuse tracer)         0      0.000000      0.000000      0.000000      0.000000  0.000    31     0    95
(Ocean surface forcing)                 76      0.000860      0.001554      0.001019      0.000094  0.000    31     0    95
(Ocean forcing diagnostics)            150      0.000303      0.000978      0.000442      0.000165  0.000    41     0    95
 MPP_STACK high water mark=           0
