NOTE from PE     0: MPP_DOMAINS_SET_STACK_SIZE: stack size set to    32768.
NOTE from PE     0: MPP_DOMAINS_SET_STACK_SIZE: stack size set to 30000000.
NOTE from PE     0: ======== Model being driven by MOM_driver ========
NOTE from PE     0: callTree: o Program MOM_main, MOM_driver.F90
NOTE from PE     0: open_param_file: MOM_input has been opened successfully.
NOTE from PE     0: open_param_file: MOM_override has been opened successfully.

WARNING from PE     0: MOM_file_parser : DT over-ridden.  Line: 'DT = 300' in file MOM_override.


WARNING from PE     0: MOM_file_parser : DT_THERM over-ridden.  Line: 'DT_THERM = 600' in file MOM_override.


WARNING from PE     0: MOM_file_parser : NIGLOBAL over-ridden.  Line: 'NIGLOBAL = 128' in file MOM_override.


WARNING from PE     0: MOM_file_parser : NJGLOBAL over-ridden.  Line: 'NJGLOBAL = 64' in file MOM_override.

 MOM_in domain decomposition
whalo =    4, ehalo =    4, shalo =    4, nhalo =    4
  X-AXIS =   32  32  32  32
  Y-AXIS =   32  32
 MOM_inc domain decomposition
whalo =    2, ehalo =    2, shalo =    2, nhalo =    2
  X-AXIS =   16  16  16  16
  Y-AXIS =   16  16
NOTE from PE     0: diag_manager_mod::diag_manager_init: prepend_date only supported when diag_manager_init is called with time_init present.
NOTE from PE     0: diag_manager_mod::diag_manager_init: You are using the legacy version of the diag table
 MOM_in domain decomposition
whalo =    4, ehalo =    4, shalo =    4, nhalo =    4
  X-AXIS =   32  32  32  32
  Y-AXIS =   32  32
 MOM_in domain decomposition
whalo =    2, ehalo =    2, shalo =    2, nhalo =    2
  X-AXIS =   16  16  16  16
  Y-AXIS =   16  16

WARNING from PE     0: MOM_file_parser : NK over-ridden.  Line: 'NK = 100' in file MOM_override.

 MOM_in domain decomposition
whalo =    4, ehalo =    4, shalo =    4, nhalo =    4
  X-AXIS =   32  32  32  32
  Y-AXIS =   32  32
 MOM_in domain decomposition
whalo =    2, ehalo =    2, shalo =    2, nhalo =    2
  X-AXIS =   16  16  16  16
  Y-AXIS =   16  16

WARNING from PE     0: Open_file is appending .nc to the filename ./ocean_geometry


WARNING from PE     0: MOM_file_parser : COORD_CONFIG over-ridden.  Line: 'COORD_CONFIG = "linear"' in file MOM_override.

 MOM_in domain decomposition
whalo =    4, ehalo =    4, shalo =    4, nhalo =    4
  X-AXIS =   32  32  32  32
  Y-AXIS =   32  32
 MOM_in domain decomposition
whalo =    2, ehalo =    2, shalo =    2, nhalo =    2
  X-AXIS =   16  16  16  16
  Y-AXIS =   16  16
 MOM_in domain decomposition
whalo =    4, ehalo =    4, shalo =    4, nhalo =    4
  X-AXIS =   32  32  32  32
  Y-AXIS =   32  32
 MOM_in domain decomposition
whalo =    2, ehalo =    2, shalo =    2, nhalo =    2
  X-AXIS =   16  16  16  16
  Y-AXIS =   16  16

WARNING from PE     0: ./Depth_list.nc checksums do not match; updating file.


WARNING from PE     0: MOM_file_parser : DT_FORCING over-ridden.  Line: 'DT_FORCING = 600' in file MOM_override.


WARNING from PE     0: MOM_file_parser : DAYMAX over-ridden.  Line: 'DAYMAX = 150' in file MOM_override.


WARNING from PE     0: MOM_file_parser : RESTART_CONTROL over-ridden.  Line: 'RESTART_CONTROL = -1' in file MOM_override.


WARNING from PE     0: MOM_file_parser : RESTINT over-ridden.  Line: 'RESTINT = 0.0' in file MOM_override.


WARNING from PE     0: Unused line in MOM_input : GINT = 0.0098


WARNING from PE     0: open_ASCII_file: File ./CPU_stats opened WRITEONLY already exists!


WARNING from PE     0: open_ASCII_file: File ./ocean.stats opened WRITEONLY already exists!

MOM Time       0.000      0: En 9.160881E-12, MaxCFL  0.00000, Mass 5.286809263738E+18
    Total Energy: 41871816ABDD6DD4  4.8431829483119637E+07
    Total Mass:   5.2868092637381335E+18, Change:   0.0000000000000000E+00 Error:  0.00000E+00 ( 0.0E+00)
MOM Time      50.000     50: En 4.018446E-05, MaxCFL  0.00184, Mass 5.286809263738E+18
    Total Energy: 42E82709D40BD907  2.1244758146221622E+14
    Total Mass:   5.2868092637381345E+18, Change:   2.5998117076487681E+01 Error:  2.59981E+01 ( 4.9E-18)
MOM Time     100.000    100: En 8.025215E-05, MaxCFL  0.00128, Mass 5.286809263738E+18
    Total Energy: 42F81E0E08034442  4.2427781586643612E+14
    Total Mass:   5.2868092637381345E+18, Change:   9.8676960218285430E+00 Error:  9.86770E+00 ( 1.9E-18)
MOM Time     150.000    150: En 6.205042E-05, MaxCFL  0.00121, Mass 5.286809263738E+18
    Total Energy: 42F2A5BCDC9A18C0  3.2804875964455600E+14
    Total Mass:   5.2868092637381345E+18, Change:   2.4759953211597008E-01 Error:  2.47600E-01 ( 4.7E-20)

WARNING from PE     0: open_ASCII_file: File exitcode opened WRITEONLY already exists!

 MPP_DOMAINS_STACK high water mark=      202400

Tabulating mpp_clock statistics across      8 PEs...

                                      hits          tmin          tmax          tavg          tstd  tfrac grain pemin pemax
Total runtime                            1     16.402414     16.402414     16.402414      0.000000  1.000     0     0     7
Initialization                           1      0.101697      0.101934      0.101881      0.000071  0.006     0     0     7
Main loop                                1     16.295057     16.295109     16.295101      0.000017  0.993     0     0     7
Termination                              1      0.000950      0.001081      0.001064      0.000043  0.000     0     0     7
Ocean                                   77     16.388214     16.389618     16.389397      0.000450  0.999     1     0     7
Ocean Initialization                     2      0.101980      0.102725      0.102084      0.000242  0.006    11     0     7
Ocean dynamics                         300     16.078091     16.145321     16.122322      0.026061  0.983    11     0     7
Ocean thermodynamics and tracers       225      0.032542      0.041205      0.038105      0.003344  0.002    11     0     7
Ocean grid generation and remapp         0      0.000000      0.000000      0.000000      0.000000  0.000    11     0     7
Ocean Other                            450      0.033267      0.041094      0.037066      0.002795  0.002    11     0     7
Ocean MOM_end                            1      0.001982      0.003405      0.003206      0.000463  0.000    11     0     7
(Ocean tracer advection)               150      0.020875      0.030038      0.025994      0.003698  0.002    21     0     7
(Ocean adiabatic driver)                75      0.009740      0.015034      0.011996      0.001741  0.001    21     0     7
(Ocean continuity equation *)            0      0.000000      0.000000      0.000000      0.000000  0.000    31     0     7
(Ocean set BBL viscosity)               75      0.306064      0.499326      0.398404      0.080244  0.024    31     0     7
(Ocean message passing *)              150      0.071138      0.139836      0.092160      0.027538  0.006    31     0     7
(Ocean MOM_initialize_state)             2      0.003708      0.004841      0.003918      0.000352  0.000    31     0     7
(Ocean init message passing *)           2      0.000446      0.000684      0.000592      0.000079  0.000    41     0     7
(Ocean mixed layer restrat)              0      0.000000      0.000000      0.000000      0.000000  0.000    31     0     7
(Ocean collective diagnostics)         375      0.000834      0.001317      0.000969      0.000177  0.000    31     0     7
(Ocean Z-space diagnostics)              0      0.000000      0.000000      0.000000      0.000000  0.000    31     0     7
(Ocean ALE)                              0      0.000000      0.000000      0.000000      0.000000  0.000    31     0     7
(Stochastic EOS)                       150      0.000026      0.000047      0.000036      0.000007  0.000    31     0     7
(SGS Temperature Variance)             150      0.000007      0.000015      0.000009      0.000003  0.000    31     0     7
(Ocean MOM save_restart)                 0      0.000000      0.000000      0.000000      0.000000  0.000    31     0     7
(Ocean diagnostics framework)            0      0.000000      0.000000      0.000000      0.000000  0.000    31     0     7
(Ocean diagnostics remapping)            0      0.000000      0.000000      0.000000      0.000000  0.000    41     0     7
(Ocean diagnostics grid updates)       526      0.000185      0.000234      0.000207      0.000016  0.000    41     0     7
(Ocean init message passing)             4      0.001605      0.002784      0.002475      0.000369  0.000    41     0     7
(Ocean continuity reconstruction       902      0.652618      0.712136      0.673765      0.017980  0.041    41     0     7
(Ocean continuity update)              902      0.272983      0.323401      0.301885      0.014786  0.018    41     0     7
(Ocean continuity correction)          902      4.302136      4.754025      4.470449      0.146782  0.273    41     0     7
(Ocean BT pre-calcs only)             1200      1.670997      1.910368      1.832539      0.073426  0.112    41     0     7
(Ocean BT pre-step halo updates)      1200      0.071053      0.162898      0.141499      0.028263  0.009    41     0     7
(Ocean BT stepping calcs only)         600      0.047942      0.049441      0.048617      0.000491  0.003    41     0     7
(Ocean BT stepping halo updates)       300      0.004623      0.006071      0.005257      0.000515  0.000    41     0     7
(Ocean BT post-calcs only)             900      0.219363      0.229519      0.222910      0.002815  0.014    41     0     7
(Ocean BT post-step halo updates       600      0.005539      0.006813      0.006150      0.000398  0.000    41     0     7
(Ocean BT global synch)                  0      0.000000      0.000000      0.000000      0.000000  0.000    41     0     7
(Ocean Coriolis & mom advection)       300      0.564124      0.594818      0.578350      0.010260  0.035    31     0     7
(Ocean continuity equation)            450      5.359260      5.734138      5.497855      0.126325  0.335    31     0     7
(Ocean pressure force)                 150      0.973251      1.062505      1.025251      0.032860  0.063    31     0     7
(Ocean vertical viscosity)             450      3.444840      3.682090      3.587918      0.070423  0.219    31     0     7
(Ocean horizontal viscosity)           150      0.256245      0.272764      0.263021      0.005239  0.016    31     0     7
(Ocean momentum increments)            300      0.449812      0.460675      0.455363      0.003942  0.028    31     0     7
(Ocean message passing)               1350      0.670671      1.003034      0.826147      0.118288  0.050    31     0     7
(Ocean barotropic mode calc)           300      0.028909      0.033890      0.031965      0.001482  0.002    31     0     7
(Ocean barotropic mode stepping)       300      2.035008      2.359190      2.259563      0.096929  0.138    31     0     7
(Ocean barotropic forcing calc)        300      0.420484      0.531894      0.477458      0.042969  0.029    31     0     7
(Ocean advect tracer)                    0      0.000000      0.000000      0.000000      0.000000  0.000    31     0     7
(Ocean tracer halo updates)              0      0.000000      0.000000      0.000000      0.000000  0.000    41     0     7
(Ocean tracer global synch)              0      0.000000      0.000000      0.000000      0.000000  0.000    41     0     7
(Ocean diffuse tracer)                   0      0.000000      0.000000      0.000000      0.000000  0.000    31     0     7
(Ocean epipycnal diffuse tracer)         0      0.000000      0.000000      0.000000      0.000000  0.000    31     0     7
(Ocean surface forcing)                 76      0.000859      0.001439      0.000939      0.000189  0.000    31     0     7
(Ocean forcing diagnostics)            150      0.000234      0.000468      0.000307      0.000086  0.000    41     0     7
 MPP_STACK high water mark=           0
