NOTE from PE     0: MPP_DOMAINS_SET_STACK_SIZE: stack size set to    32768.
NOTE from PE     0: MPP_DOMAINS_SET_STACK_SIZE: stack size set to  3000000.
NOTE from PE     0: ======== Model being driven by MOM_driver ========
NOTE from PE     0: callTree: o Program MOM_main, MOM_driver.F90
 MOM_domains_mod OMPthreading             1            0            1
NOTE from PE     0: fms_affinity_set: OCEAN affinity assumes hyper-threading hardware disabled
 MOM_domains_mod OMPthreading             0            0            1
NOTE from PE     0: open_param_file: MOM_input has been opened successfully.
NOTE from PE     0: open_param_file: MOM_override has been opened successfully.
 MOM_domains_mod OMPthreading             1            0            1

WARNING from PE     0: MOM_file_parser : DT over-ridden.  Line: 'DT = 600' in file MOM_override.


WARNING from PE     0: MOM_file_parser : DT_THERM over-ridden.  Line: 'DT_THERM = 1200' in file MOM_override.

NOTE from PE     0: fms_affinity_set: OCEAN affinity assumes hyper-threading hardware disabled
 MOM_domains_mod OMPthreading             0            0            1

WARNING from PE     0: MOM_file_parser : NIGLOBAL over-ridden.  Line: 'NIGLOBAL = 64' in file MOM_override.


WARNING from PE     0: MOM_file_parser : NJGLOBAL over-ridden.  Line: 'NJGLOBAL = 64' in file MOM_override.

 MOM_in domain decomposition
whalo =    4, ehalo =    4, shalo =    4, nhalo =    4
  X-AXIS =   32  32
  Y-AXIS =   64
 MOM_inc domain decomposition
whalo =    2, ehalo =    2, shalo =    2, nhalo =    2
  X-AXIS =   16  16
  Y-AXIS =   32
NOTE from PE     0: diag_manager_mod::diag_manager_init: prepend_date only supported when diag_manager_init is called with time_init present.
NOTE from PE     0: diag_manager_mod::diag_manager_init: You are using the legacy version of the diag table
 MOM_in domain decomposition
whalo =    4, ehalo =    4, shalo =    4, nhalo =    4
  X-AXIS =   32  32
  Y-AXIS =   64
 MOM_in domain decomposition
whalo =    2, ehalo =    2, shalo =    2, nhalo =    2
  X-AXIS =   16  16
  Y-AXIS =   32

WARNING from PE     0: MOM_file_parser : NK over-ridden.  Line: 'NK = 100' in file MOM_override.

 MOM_in domain decomposition
whalo =    4, ehalo =    4, shalo =    4, nhalo =    4
  X-AXIS =   32  32
  Y-AXIS =   64
 MOM_in domain decomposition
whalo =    2, ehalo =    2, shalo =    2, nhalo =    2
  X-AXIS =   16  16
  Y-AXIS =   32

WARNING from PE     0: Open_file is appending .nc to the filename ./ocean_geometry


WARNING from PE     0: MOM_file_parser : COORD_CONFIG over-ridden.  Line: 'COORD_CONFIG = "linear"' in file MOM_override.

 MOM_in domain decomposition
whalo =    4, ehalo =    4, shalo =    4, nhalo =    4
  X-AXIS =   32  32
  Y-AXIS =   64
 MOM_in domain decomposition
whalo =    2, ehalo =    2, shalo =    2, nhalo =    2
  X-AXIS =   16  16
  Y-AXIS =   32
 MOM_in domain decomposition
whalo =    4, ehalo =    4, shalo =    4, nhalo =    4
  X-AXIS =   32  32
  Y-AXIS =   64
 MOM_in domain decomposition
whalo =    2, ehalo =    2, shalo =    2, nhalo =    2
  X-AXIS =   16  16
  Y-AXIS =   32

WARNING from PE     0: ./Depth_list.nc checksums do not match; updating file.


WARNING from PE     0: MOM_file_parser : DT_FORCING over-ridden.  Line: 'DT_FORCING = 1200' in file MOM_override.


WARNING from PE     0: MOM_file_parser : DAYMAX over-ridden.  Line: 'DAYMAX = 150' in file MOM_override.


WARNING from PE     0: Unused line in MOM_input : GINT = 0.0098


WARNING from PE     0: open_ASCII_file: File ./CPU_stats opened WRITEONLY already exists!


WARNING from PE     0: open_ASCII_file: File ./ocean.stats opened WRITEONLY already exists!

MOM Time       0.000      0: En 9.154261E-12, MaxCFL  0.00000, Mass 5.287164009544E+18
    Total Energy: 418714367417D6D3  4.8400078511640213E+07
    Total Mass:   5.2871640095440794E+18, Change:   0.0000000000000000E+00 Error:  0.00000E+00 ( 0.0E+00)
MOM Time      50.000     50: En 7.963171E-05, MaxCFL  0.00255, Mass 5.287164009544E+18
    Total Energy: 42F7EEBBD283F64A  4.2102593265648463E+14
    Total Mass:   5.2871640095440794E+18, Change:   3.4495196298033534E+01 Error:  3.44952E+01 ( 6.5E-18)
MOM Time     100.000    100: En 2.338658E-05, MaxCFL  0.00134, Mass 5.287164009544E+18
    Total Energy: 42DC1D4CE3252624  1.2364867833564056E+14
    Total Mass:   5.2871640095440794E+18, Change:  -2.6650572587475096E+00 Error: -2.66506E+00 (-5.0E-19)
 MOM_in domain decomposition
whalo =    4, ehalo =    4, shalo =    4, nhalo =    4
  X-AXIS =   32  32
  Y-AXIS =   64
 MOM_in domain decomposition
whalo =    2, ehalo =    2, shalo =    2, nhalo =    2
  X-AXIS =   16  16
  Y-AXIS =   32
 MOM_in domain decomposition
whalo =    4, ehalo =    4, shalo =    4, nhalo =    4
  X-AXIS =   32  32
  Y-AXIS =   64
 MOM_in domain decomposition
whalo =    2, ehalo =    2, shalo =    2, nhalo =    2
  X-AXIS =   16  16
  Y-AXIS =   32
MOM Time     150.000    150: En 5.699787E-05, MaxCFL  0.00205, Mass 5.287164009544E+18
    Total Energy: 42F12152AB7C958D  3.0135709701154481E+14
    Total Mass:   5.2871640095440794E+18, Change:  -8.0114739019887082E+00 Error: -8.01147E+00 (-1.5E-18)
 MOM_in domain decomposition
whalo =    4, ehalo =    4, shalo =    4, nhalo =    4
  X-AXIS =   32  32
  Y-AXIS =   64
 MOM_in domain decomposition
whalo =    2, ehalo =    2, shalo =    2, nhalo =    2
  X-AXIS =   16  16
  Y-AXIS =   32

WARNING from PE     0: open_ASCII_file: File RESTART/ocean_solo.res opened WRITEONLY already exists!


WARNING from PE     0: open_ASCII_file: File exitcode opened WRITEONLY already exists!

 MPP_DOMAINS_STACK high water mark=       128800

Tabulating mpp_clock statistics across      2 PEs...

                                      hits          tmin          tmax          tavg          tstd  tfrac grain pemin pemax
Total runtime                            1      4.891973      4.891973      4.891973      0.000000  1.000     0     0     1
Initialization                           1      0.253604      0.254286      0.253945      0.000341  0.052     0     0     1
Main loop                                1      4.530879      4.531399      4.531139      0.000260  0.926     0     0     1
Termination                              1      0.104825      0.105070      0.104947      0.000123  0.021     0     0     1
Ocean                                   80      4.850330      4.853973      4.852152      0.001822  0.992     1     0     1
Ocean Initialization                     2      0.268128      0.271004      0.269566      0.001438  0.055    11     0     1
Ocean dynamics                         300      3.883499      3.884106      3.883803      0.000304  0.794    11     0     1
Ocean thermodynamics and tracers       225      0.009482      0.010952      0.010217      0.000735  0.002    11     0     1
Ocean grid generation and remapp         0      0.000000      0.000000      0.000000      0.000000  0.000    11     0     1
Ocean Other                            450      0.169714      0.173057      0.171385      0.001671  0.035    11     0     1
Ocean MOM_end                            1      0.000348      0.000352      0.000350      0.000002  0.000    11     0     1
(Ocean tracer advection)               150      0.002489      0.002520      0.002505      0.000015  0.001    21     0     1
(Ocean adiabatic driver)                75      0.006956      0.008400      0.007678      0.000722  0.002    21     0     1
(Ocean continuity equation *)            0      0.000000      0.000000      0.000000      0.000000  0.000    31     0     1
(Ocean set BBL viscosity)               75      0.037395      0.037806      0.037601      0.000206  0.008    31     0     1
(Ocean message passing *)              150      0.031861      0.038025      0.034943      0.003082  0.007    31     0     1
(Ocean MOM_initialize_state)             2      0.005536      0.010197      0.007866      0.002331  0.002    31     0     1
(Ocean init message passing *)           2      0.002116      0.002210      0.002163      0.000047  0.000    41     0     1
(Ocean mixed layer restrat)              0      0.000000      0.000000      0.000000      0.000000  0.000    31     0     1
(Ocean collective diagnostics)         375      0.022599      0.022675      0.022637      0.000038  0.005    31     0     1
(Ocean Z-space diagnostics)              0      0.000000      0.000000      0.000000      0.000000  0.000    31     0     1
(Ocean ALE)                              0      0.000000      0.000000      0.000000      0.000000  0.000    31     0     1
(Stochastic EOS)                       150      0.000013      0.000018      0.000016      0.000003  0.000    31     0     1
(SGS Temperature Variance)             150      0.000006      0.000006      0.000006      0.000000  0.000    31     0     1
(Ocean MOM save_restart)                 3      0.310356      0.310930      0.310643      0.000287  0.064    31     0     1
(Ocean diagnostics framework)            0      0.000000      0.000000      0.000000      0.000000  0.000    31     0     1
(Ocean diagnostics remapping)            0      0.000000      0.000000      0.000000      0.000000  0.000    41     0     1
(Ocean diagnostics grid updates)       526      0.112022      0.112512      0.112267      0.000245  0.023    41     0     1
(Ocean init message passing)             4      0.001277      0.002065      0.001671      0.000394  0.000    41     0     1
(Ocean continuity reconstruction       902      0.040979      0.042453      0.041716      0.000737  0.009    41     0     1
(Ocean continuity update)              902      0.011680      0.012017      0.011849      0.000169  0.002    41     0     1
(Ocean continuity correction)          902      1.705322      1.728277      1.716799      0.011478  0.351    41     0     1
(Ocean BT pre-calcs only)             1200      0.204636      0.211844      0.208240      0.003604  0.043    41     0     1
(Ocean BT pre-step halo updates)      1200      0.189969      0.207915      0.198942      0.008973  0.041    41     0     1
(Ocean BT stepping calcs only)         600      0.196054      0.205172      0.200613      0.004559  0.041    41     0     1
(Ocean BT stepping halo updates)       300      0.018692      0.020573      0.019633      0.000941  0.004    41     0     1
(Ocean BT post-calcs only)             900      0.018556      0.019347      0.018951      0.000395  0.004    41     0     1
(Ocean BT post-step halo updates       600      0.034730      0.043021      0.038875      0.004145  0.008    41     0     1
(Ocean BT global synch)                  0      0.000000      0.000000      0.000000      0.000000  0.000    41     0     1
(Ocean Coriolis & mom advection)       300      0.083290      0.086470      0.084880      0.001590  0.017    31     0     1
(Ocean continuity equation)            450      1.758789      1.784006      1.771397      0.012608  0.362    31     0     1
(Ocean pressure force)                 150      0.491722      0.514639      0.503180      0.011459  0.103    31     0     1
(Ocean vertical viscosity)             450      0.494308      0.499319      0.496814      0.002505  0.102    31     0     1
(Ocean horizontal viscosity)           150      0.083197      0.083375      0.083286      0.000089  0.017    31     0     1
(Ocean momentum increments)            300      0.008199      0.008437      0.008318      0.000119  0.002    31     0     1
(Ocean message passing)               1350      0.097328      0.144113      0.120721      0.023393  0.025    31     0     1
(Ocean barotropic mode calc)           300      0.007996      0.008076      0.008036      0.000040  0.002    31     0     1
(Ocean barotropic mode stepping)       300      0.691563      0.702981      0.697272      0.005709  0.143    31     0     1
(Ocean barotropic forcing calc)        300      0.007798      0.008076      0.007937      0.000139  0.002    31     0     1
(Ocean advect tracer)                    0      0.000000      0.000000      0.000000      0.000000  0.000    31     0     1
(Ocean tracer halo updates)              0      0.000000      0.000000      0.000000      0.000000  0.000    41     0     1
(Ocean tracer global synch)              0      0.000000      0.000000      0.000000      0.000000  0.000    41     0     1
(Ocean diffuse tracer)                   0      0.000000      0.000000      0.000000      0.000000  0.000    31     0     1
(Ocean epipycnal diffuse tracer)         0      0.000000      0.000000      0.000000      0.000000  0.000    31     0     1
(Ocean surface forcing)                 76      0.001696      0.002295      0.001995      0.000300  0.000    31     0     1
(Ocean forcing diagnostics)            150      0.000121      0.000219      0.000170      0.000049  0.000    41     0     1
 MPP_STACK high water mark=            0
