NOTE from PE     0: MPP_DOMAINS_SET_STACK_SIZE: stack size set to    32768.
NOTE from PE     0: MPP_DOMAINS_SET_STACK_SIZE: stack size set to  3000000.
NOTE from PE     0: ======== Model being driven by MOM_driver ========
NOTE from PE     0: callTree: o Program MOM_main, MOM_driver.F90
 MOM_domains_mod OMPthreading             1            0            1
NOTE from PE     0: fms_affinity_set: OCEAN affinity assumes hyper-threading hardware disabled
 MOM_domains_mod OMPthreading             0            0            1
NOTE from PE     0: open_param_file: MOM_input has been opened successfully.
NOTE from PE     0: open_param_file: MOM_override has been opened successfully.
 MOM_domains_mod OMPthreading             1            0            1

WARNING from PE     0: MOM_file_parser : DT over-ridden.  Line: 'DT = 150' in file MOM_override.


WARNING from PE     0: MOM_file_parser : DT_THERM over-ridden.  Line: 'DT_THERM = 300' in file MOM_override.

NOTE from PE     0: fms_affinity_set: OCEAN affinity assumes hyper-threading hardware disabled
 MOM_domains_mod OMPthreading             0            0            1

WARNING from PE     0: MOM_file_parser : NIGLOBAL over-ridden.  Line: 'NIGLOBAL = 256' in file MOM_override.


WARNING from PE     0: MOM_file_parser : NJGLOBAL over-ridden.  Line: 'NJGLOBAL = 256' in file MOM_override.

 MOM_in domain decomposition
whalo =    4, ehalo =    4, shalo =    4, nhalo =    4
  X-AXIS =  128 128
  Y-AXIS =  256
 MOM_inc domain decomposition
whalo =    2, ehalo =    2, shalo =    2, nhalo =    2
  X-AXIS =   64  64
  Y-AXIS =  128
NOTE from PE     0: diag_manager_mod::diag_manager_init: prepend_date only supported when diag_manager_init is called with time_init present.
NOTE from PE     0: diag_manager_mod::diag_manager_init: You are using the legacy version of the diag table
 MOM_in domain decomposition
whalo =    4, ehalo =    4, shalo =    4, nhalo =    4
  X-AXIS =  128 128
  Y-AXIS =  256
 MOM_in domain decomposition
whalo =    2, ehalo =    2, shalo =    2, nhalo =    2
  X-AXIS =   64  64
  Y-AXIS =  128

WARNING from PE     0: MOM_file_parser : NK over-ridden.  Line: 'NK = 100' in file MOM_override.

 MOM_in domain decomposition
whalo =    4, ehalo =    4, shalo =    4, nhalo =    4
  X-AXIS =  128 128
  Y-AXIS =  256
 MOM_in domain decomposition
whalo =    2, ehalo =    2, shalo =    2, nhalo =    2
  X-AXIS =   64  64
  Y-AXIS =  128

WARNING from PE     0: Open_file is appending .nc to the filename ./ocean_geometry


WARNING from PE     0: MOM_file_parser : COORD_CONFIG over-ridden.  Line: 'COORD_CONFIG = "linear"' in file MOM_override.

 MOM_in domain decomposition
whalo =    4, ehalo =    4, shalo =    4, nhalo =    4
  X-AXIS =  128 128
  Y-AXIS =  256
 MOM_in domain decomposition
whalo =    2, ehalo =    2, shalo =    2, nhalo =    2
  X-AXIS =   64  64
  Y-AXIS =  128
 MOM_in domain decomposition
whalo =    4, ehalo =    4, shalo =    4, nhalo =    4
  X-AXIS =  128 128
  Y-AXIS =  256
 MOM_in domain decomposition
whalo =    2, ehalo =    2, shalo =    2, nhalo =    2
  X-AXIS =   64  64
  Y-AXIS =  128

WARNING from PE     0: ./Depth_list.nc checksums do not match; updating file.


WARNING from PE     0: MOM_file_parser : DT_FORCING over-ridden.  Line: 'DT_FORCING = 300' in file MOM_override.


WARNING from PE     0: MOM_file_parser : DAYMAX over-ridden.  Line: 'DAYMAX = 150' in file MOM_override.


WARNING from PE     0: Unused line in MOM_input : GINT = 0.0098


WARNING from PE     0: open_ASCII_file: File ./CPU_stats opened WRITEONLY already exists!


WARNING from PE     0: open_ASCII_file: File ./ocean.stats opened WRITEONLY already exists!

MOM Time       0.000      0: En 9.167136E-12, MaxCFL  0.00000, Mass 5.286457540076E+18
    Total Energy: 41871BBB6CBE4AD6  4.8461677592916176E+07
    Total Mass:   5.2864575400760177E+18, Change:   0.0000000000000000E+00 Error:  0.00000E+00 ( 0.0E+00)
MOM Time      50.000     50: En 1.299125E-05, MaxCFL  0.00126, Mass 5.286457540076E+18
    Total Energy: 42CF3B228AE34090  6.8677686118017125E+13
    Total Mass:   5.2864575400760177E+18, Change:   2.3494412522268384E+01 Error:  2.34944E+01 ( 4.4E-18)
MOM Time     100.000    100: En 4.033843E-05, MaxCFL  0.00184, Mass 5.286457540076E+18
    Total Energy: 42E83E50EE1C7174  2.1324739856884363E+14
    Total Mass:   5.2864575400760177E+18, Change:   7.1716054848639743E-02 Error:  7.17161E-02 ( 1.4E-20)
 MOM_in domain decomposition
whalo =    4, ehalo =    4, shalo =    4, nhalo =    4
  X-AXIS =  128 128
  Y-AXIS =  256
 MOM_in domain decomposition
whalo =    2, ehalo =    2, shalo =    2, nhalo =    2
  X-AXIS =   64  64
  Y-AXIS =  128
 MOM_in domain decomposition
whalo =    4, ehalo =    4, shalo =    4, nhalo =    4
  X-AXIS =  128 128
  Y-AXIS =  256
 MOM_in domain decomposition
whalo =    2, ehalo =    2, shalo =    2, nhalo =    2
  X-AXIS =   64  64
  Y-AXIS =  128
MOM Time     150.000    150: En 6.647693E-05, MaxCFL  0.00207, Mass 5.286457540076E+18
    Total Energy: 42F3F9F1600EDE6A  3.5142747822026263E+14
    Total Mass:   5.2864575400760177E+18, Change:   5.3218839134091755E-01 Error:  5.32188E-01 ( 1.0E-19)
 MOM_in domain decomposition
whalo =    4, ehalo =    4, shalo =    4, nhalo =    4
  X-AXIS =  128 128
  Y-AXIS =  256
 MOM_in domain decomposition
whalo =    2, ehalo =    2, shalo =    2, nhalo =    2
  X-AXIS =   64  64
  Y-AXIS =  128

WARNING from PE     0: open_ASCII_file: File RESTART/ocean_solo.res opened WRITEONLY already exists!


WARNING from PE     0: open_ASCII_file: File exitcode opened WRITEONLY already exists!

 MPP_DOMAINS_STACK high water mark=       512800

Tabulating mpp_clock statistics across      2 PEs...

                                      hits          tmin          tmax          tavg          tstd  tfrac grain pemin pemax
Total runtime                            1     17.318867     17.318867     17.318867      0.000000  1.000     0     0     1
Initialization                           1      1.412334      1.413075      1.412704      0.000371  0.082     0     0     1
Main loop                                1     14.111705     14.112035     14.111870      0.000165  0.815     0     0     1
Termination                              1      1.707366      1.707764      1.707565      0.000199  0.099     0     0     1
Ocean                                   80     17.203396     17.208361     17.205879      0.002482  0.993     1     0     1
Ocean Initialization                     2      1.436658      1.439611      1.438135      0.001477  0.083    11     0     1
Ocean dynamics                         300      6.260649      6.264039      6.262344      0.001695  0.362    11     0     1
Ocean thermodynamics and tracers       225      0.143125      0.144527      0.143826      0.000701  0.008    11     0     1
Ocean grid generation and remapp         0      0.000000      0.000000      0.000000      0.000000  0.000    11     0     1
Ocean Other                            450      1.643442      1.656331      1.649886      0.006444  0.095    11     0     1
Ocean MOM_end                            1      0.084072      0.084993      0.084532      0.000460  0.005    11     0     1
(Ocean tracer advection)               150      0.006060      0.006138      0.006099      0.000039  0.000    21     0     1
(Ocean adiabatic driver)                75      0.136906      0.138405      0.137655      0.000750  0.008    21     0     1
(Ocean continuity equation *)            0      0.000000      0.000000      0.000000      0.000000  0.000    31     0     1
(Ocean set BBL viscosity)               75      0.079342      0.080557      0.079950      0.000608  0.005    31     0     1
(Ocean message passing *)              150      0.091871      0.121274      0.106572      0.014701  0.006    31     0     1
(Ocean MOM_initialize_state)             2      0.028792      0.033051      0.030922      0.002130  0.002    31     0     1
(Ocean init message passing *)           2      0.004690      0.004822      0.004756      0.000066  0.000    41     0     1
(Ocean mixed layer restrat)              0      0.000000      0.000000      0.000000      0.000000  0.000    31     0     1
(Ocean collective diagnostics)         375      0.358451      0.366894      0.362672      0.004222  0.021    31     0     1
(Ocean Z-space diagnostics)              0      0.000000      0.000000      0.000000      0.000000  0.000    31     0     1
(Ocean ALE)                              0      0.000000      0.000000      0.000000      0.000000  0.000    31     0     1
(Stochastic EOS)                       150      0.000021      0.000022      0.000022      0.000001  0.000    31     0     1
(SGS Temperature Variance)             150      0.000006      0.000006      0.000006      0.000000  0.000    31     0     1
(Ocean MOM save_restart)                 3      4.909160      4.909526      4.909343      0.000183  0.283    31     0     1
(Ocean diagnostics framework)            0      0.000000      0.000000      0.000000      0.000000  0.000    31     0     1
(Ocean diagnostics remapping)            0      0.000000      0.000000      0.000000      0.000000  0.000    41     0     1
(Ocean diagnostics grid updates)       526      1.420472      1.423895      1.422183      0.001711  0.082    41     0     1
(Ocean init message passing)             4      0.005186      0.008423      0.006805      0.001619  0.000    41     0     1
(Ocean continuity reconstruction       902      0.146240      0.147923      0.147081      0.000841  0.008    41     0     1
(Ocean continuity update)              902      0.038286      0.038900      0.038593      0.000307  0.002    41     0     1
(Ocean continuity correction)          902      2.358995      2.374895      2.366945      0.007950  0.137    41     0     1
(Ocean BT pre-calcs only)             1200      0.297366      0.302248      0.299807      0.002441  0.017    41     0     1
(Ocean BT pre-step halo updates)      1200      0.211171      0.228522      0.219846      0.008676  0.013    41     0     1
(Ocean BT stepping calcs only)         600      0.208026      0.219515      0.213770      0.005745  0.012    41     0     1
(Ocean BT stepping halo updates)       300      0.020060      0.021540      0.020800      0.000740  0.001    41     0     1
(Ocean BT post-calcs only)             900      0.040296      0.041831      0.041063      0.000768  0.002    41     0     1
(Ocean BT post-step halo updates       600      0.040563      0.051826      0.046194      0.005632  0.003    41     0     1
(Ocean BT global synch)                  0      0.000000      0.000000      0.000000      0.000000  0.000    41     0     1
(Ocean Coriolis & mom advection)       300      0.301629      0.304239      0.302934      0.001305  0.017    31     0     1
(Ocean continuity equation)            450      2.587342      2.604053      2.595697      0.008356  0.150    31     0     1
(Ocean pressure force)                 150      0.589082      0.621193      0.605138      0.016055  0.035    31     0     1
(Ocean vertical viscosity)             450      1.130937      1.131643      1.131290      0.000353  0.065    31     0     1
(Ocean horizontal viscosity)           150      0.265177      0.267885      0.266531      0.001354  0.015    31     0     1
(Ocean momentum increments)            300      0.027899      0.028233      0.028066      0.000167  0.002    31     0     1
(Ocean message passing)               1350      0.178850      0.227238      0.203044      0.024194  0.012    31     0     1
(Ocean barotropic mode calc)           300      0.012641      0.012980      0.012810      0.000169  0.001    31     0     1
(Ocean barotropic mode stepping)       300      0.850457      0.864922      0.857690      0.007233  0.050    31     0     1
(Ocean barotropic forcing calc)        300      0.029869      0.030411      0.030140      0.000271  0.002    31     0     1
(Ocean advect tracer)                    0      0.000000      0.000000      0.000000      0.000000  0.000    31     0     1
(Ocean tracer halo updates)              0      0.000000      0.000000      0.000000      0.000000  0.000    41     0     1
(Ocean tracer global synch)              0      0.000000      0.000000      0.000000      0.000000  0.000    41     0     1
(Ocean diffuse tracer)                   0      0.000000      0.000000      0.000000      0.000000  0.000    31     0     1
(Ocean epipycnal diffuse tracer)         0      0.000000      0.000000      0.000000      0.000000  0.000    31     0     1
(Ocean surface forcing)                 76      0.002729      0.003532      0.003131      0.000401  0.000    31     0     1
(Ocean forcing diagnostics)            150      0.000193      0.000215      0.000204      0.000011  0.000    41     0     1
 MPP_STACK high water mark=            0
