NOTE from PE     0: MPP_DOMAINS_SET_STACK_SIZE: stack size set to    32768.
NOTE from PE     0: MPP_DOMAINS_SET_STACK_SIZE: stack size set to  3000000.
NOTE from PE     0: ======== Model being driven by MOM_driver ========
NOTE from PE     0: callTree: o Program MOM_main, MOM_driver.F90
 MOM_domains_mod OMPthreading             1            0            1
NOTE from PE     0: fms_affinity_set: OCEAN affinity assumes hyper-threading hardware disabled
 MOM_domains_mod OMPthreading             0            0            1
NOTE from PE     0: open_param_file: MOM_input has been opened successfully.
NOTE from PE     0: open_param_file: MOM_override has been opened successfully.
 MOM_domains_mod OMPthreading             1            0            1

WARNING from PE     0: MOM_file_parser : DT over-ridden.  Line: 'DT = 150' in file MOM_override.


WARNING from PE     0: MOM_file_parser : DT_THERM over-ridden.  Line: 'DT_THERM = 300' in file MOM_override.

NOTE from PE     0: fms_affinity_set: OCEAN affinity assumes hyper-threading hardware disabled
 MOM_domains_mod OMPthreading             0            0            1

WARNING from PE     0: MOM_file_parser : NIGLOBAL over-ridden.  Line: 'NIGLOBAL = 256' in file MOM_override.


WARNING from PE     0: MOM_file_parser : NJGLOBAL over-ridden.  Line: 'NJGLOBAL = 128' in file MOM_override.

 MOM_in domain decomposition
whalo =    4, ehalo =    4, shalo =    4, nhalo =    4
  X-AXIS =  128 128
  Y-AXIS =  128
 MOM_inc domain decomposition
whalo =    2, ehalo =    2, shalo =    2, nhalo =    2
  X-AXIS =   64  64
  Y-AXIS =   64
NOTE from PE     0: diag_manager_mod::diag_manager_init: prepend_date only supported when diag_manager_init is called with time_init present.
NOTE from PE     0: diag_manager_mod::diag_manager_init: You are using the legacy version of the diag table
 MOM_in domain decomposition
whalo =    4, ehalo =    4, shalo =    4, nhalo =    4
  X-AXIS =  128 128
  Y-AXIS =  128
 MOM_in domain decomposition
whalo =    2, ehalo =    2, shalo =    2, nhalo =    2
  X-AXIS =   64  64
  Y-AXIS =   64

WARNING from PE     0: MOM_file_parser : NK over-ridden.  Line: 'NK = 100' in file MOM_override.

 MOM_in domain decomposition
whalo =    4, ehalo =    4, shalo =    4, nhalo =    4
  X-AXIS =  128 128
  Y-AXIS =  128
 MOM_in domain decomposition
whalo =    2, ehalo =    2, shalo =    2, nhalo =    2
  X-AXIS =   64  64
  Y-AXIS =   64

WARNING from PE     0: Open_file is appending .nc to the filename ./ocean_geometry


WARNING from PE     0: MOM_file_parser : COORD_CONFIG over-ridden.  Line: 'COORD_CONFIG = "linear"' in file MOM_override.

 MOM_in domain decomposition
whalo =    4, ehalo =    4, shalo =    4, nhalo =    4
  X-AXIS =  128 128
  Y-AXIS =  128
 MOM_in domain decomposition
whalo =    2, ehalo =    2, shalo =    2, nhalo =    2
  X-AXIS =   64  64
  Y-AXIS =   64
 MOM_in domain decomposition
whalo =    4, ehalo =    4, shalo =    4, nhalo =    4
  X-AXIS =  128 128
  Y-AXIS =  128
 MOM_in domain decomposition
whalo =    2, ehalo =    2, shalo =    2, nhalo =    2
  X-AXIS =   64  64
  Y-AXIS =   64

WARNING from PE     0: ./Depth_list.nc checksums do not match; updating file.


WARNING from PE     0: MOM_file_parser : DT_FORCING over-ridden.  Line: 'DT_FORCING = 300' in file MOM_override.


WARNING from PE     0: MOM_file_parser : DAYMAX over-ridden.  Line: 'DAYMAX = 150' in file MOM_override.


WARNING from PE     0: Unused line in MOM_input : GINT = 0.0098


WARNING from PE     0: open_ASCII_file: File ./CPU_stats opened WRITEONLY already exists!


WARNING from PE     0: open_ASCII_file: File ./ocean.stats opened WRITEONLY already exists!

MOM Time       0.000      0: En 9.166220E-12, MaxCFL  0.00000, Mass 5.286507716715E+18
    Total Energy: 41871B327A267CD1  4.8457295268792756E+07
    Total Mass:   5.2865077167146557E+18, Change:   0.0000000000000000E+00 Error:  0.00000E+00 ( 0.0E+00)
MOM Time      50.000     50: En 1.299121E-05, MaxCFL  0.00126, Mass 5.286507716715E+18
    Total Energy: 42CF3B2F68467E60  6.8678117788924750E+13
    Total Mass:   5.2865077167146557E+18, Change:   2.1975808844383682E+01 Error:  2.19758E+01 ( 4.2E-18)
MOM Time     100.000    100: En 4.033907E-05, MaxCFL  0.00184, Mass 5.286507716715E+18
    Total Energy: 42E83E7939F7FCDF  2.1325280704919097E+14
    Total Mass:   5.2865077167146557E+18, Change:  -3.4183497331743524E+00 Error: -3.41835E+00 (-6.5E-19)
 MOM_in domain decomposition
whalo =    4, ehalo =    4, shalo =    4, nhalo =    4
  X-AXIS =  128 128
  Y-AXIS =  128
 MOM_in domain decomposition
whalo =    2, ehalo =    2, shalo =    2, nhalo =    2
  X-AXIS =   64  64
  Y-AXIS =   64
 MOM_in domain decomposition
whalo =    4, ehalo =    4, shalo =    4, nhalo =    4
  X-AXIS =  128 128
  Y-AXIS =  128
 MOM_in domain decomposition
whalo =    2, ehalo =    2, shalo =    2, nhalo =    2
  X-AXIS =   64  64
  Y-AXIS =   64
MOM Time     150.000    150: En 6.648018E-05, MaxCFL  0.00167, Mass 5.286507716715E+18
    Total Energy: 42F3FA3DC20E7723  3.5144798207371419E+14
    Total Mass:   5.2865077167146557E+18, Change:  -3.6027968909208195E+00 Error: -3.60280E+00 (-6.8E-19)
 MOM_in domain decomposition
whalo =    4, ehalo =    4, shalo =    4, nhalo =    4
  X-AXIS =  128 128
  Y-AXIS =  128
 MOM_in domain decomposition
whalo =    2, ehalo =    2, shalo =    2, nhalo =    2
  X-AXIS =   64  64
  Y-AXIS =   64

WARNING from PE     0: open_ASCII_file: File RESTART/ocean_solo.res opened WRITEONLY already exists!


WARNING from PE     0: open_ASCII_file: File exitcode opened WRITEONLY already exists!

 MPP_DOMAINS_STACK high water mark=       256800

Tabulating mpp_clock statistics across      2 PEs...

                                      hits          tmin          tmax          tavg          tstd  tfrac grain pemin pemax
Total runtime                            1     10.779449     10.779449     10.779449      0.000000  1.000     0     0     1
Initialization                           1      0.812701      0.813431      0.813066      0.000365  0.075     0     0     1
Main loop                                1      9.166325      9.166659      9.166492      0.000167  0.850     0     0     1
Termination                              1      0.797667      0.798125      0.797896      0.000229  0.074     0     0     1
Ocean                                   80     10.722971     10.727864     10.725418      0.002447  0.995     1     0     1
Ocean Initialization                     2      0.825565      0.829792      0.827678      0.002113  0.077    11     0     1
Ocean dynamics                         300      5.232515      5.244759      5.238637      0.006122  0.486    11     0     1
Ocean thermodynamics and tracers       225      0.078457      0.078740      0.078598      0.000141  0.007    11     0     1
Ocean grid generation and remapp         0      0.000000      0.000000      0.000000      0.000000  0.000    11     0     1
Ocean Other                            450      0.806494      0.807514      0.807004      0.000510  0.075    11     0     1
Ocean MOM_end                            1      0.000356      0.000418      0.000387      0.000031  0.000    11     0     1
(Ocean tracer advection)               150      0.004372      0.004454      0.004413      0.000041  0.000    21     0     1
(Ocean adiabatic driver)                75      0.074039      0.074222      0.074131      0.000091  0.007    21     0     1
(Ocean continuity equation *)            0      0.000000      0.000000      0.000000      0.000000  0.000    31     0     1
(Ocean set BBL viscosity)               75      0.072804      0.077375      0.075090      0.002286  0.007    31     0     1
(Ocean message passing *)              150      0.051792      0.058931      0.055362      0.003569  0.005    31     0     1
(Ocean MOM_initialize_state)             2      0.022849      0.027383      0.025116      0.002267  0.002    31     0     1
(Ocean init message passing *)           2      0.002519      0.002688      0.002603      0.000084  0.000    41     0     1
(Ocean mixed layer restrat)              0      0.000000      0.000000      0.000000      0.000000  0.000    31     0     1
(Ocean collective diagnostics)         375      0.193109      0.200955      0.197032      0.003923  0.018    31     0     1
(Ocean Z-space diagnostics)              0      0.000000      0.000000      0.000000      0.000000  0.000    31     0     1
(Ocean ALE)                              0      0.000000      0.000000      0.000000      0.000000  0.000    31     0     1
(Stochastic EOS)                       150      0.000022      0.000023      0.000023      0.000000  0.000    31     0     1
(SGS Temperature Variance)             150      0.000006      0.000006      0.000006      0.000000  0.000    31     0     1
(Ocean MOM save_restart)                 3      2.387064      2.387328      2.387196      0.000132  0.221    31     0     1
(Ocean diagnostics framework)            0      0.000000      0.000000      0.000000      0.000000  0.000    31     0     1
(Ocean diagnostics remapping)            0      0.000000      0.000000      0.000000      0.000000  0.000    41     0     1
(Ocean diagnostics grid updates)       526      0.715907      0.721306      0.718606      0.002700  0.067    41     0     1
(Ocean init message passing)             4      0.002834      0.003201      0.003018      0.000184  0.000    41     0     1
(Ocean continuity reconstruction       902      0.092012      0.093155      0.092583      0.000571  0.009    41     0     1
(Ocean continuity update)              902      0.024608      0.025182      0.024895      0.000287  0.002    41     0     1
(Ocean continuity correction)          902      2.172920      2.188647      2.180784      0.007863  0.202    41     0     1
(Ocean BT pre-calcs only)             1200      0.248600      0.256109      0.252354      0.003755  0.023    41     0     1
(Ocean BT pre-step halo updates)      1200      0.196430      0.218231      0.207330      0.010901  0.019    41     0     1
(Ocean BT stepping calcs only)         600      0.207347      0.215496      0.211421      0.004075  0.020    41     0     1
(Ocean BT stepping halo updates)       300      0.019956      0.020848      0.020402      0.000446  0.002    41     0     1
(Ocean BT post-calcs only)             900      0.028340      0.029287      0.028813      0.000473  0.003    41     0     1
(Ocean BT post-step halo updates       600      0.036402      0.044542      0.040472      0.004070  0.004    41     0     1
(Ocean BT global synch)                  0      0.000000      0.000000      0.000000      0.000000  0.000    41     0     1
(Ocean Coriolis & mom advection)       300      0.221725      0.223466      0.222596      0.000870  0.021    31     0     1
(Ocean continuity equation)            450      2.327404      2.340708      2.334056      0.006652  0.217    31     0     1
(Ocean pressure force)                 150      0.565161      0.591883      0.578522      0.013361  0.054    31     0     1
(Ocean vertical viscosity)             450      0.744415      0.748241      0.746328      0.001913  0.069    31     0     1
(Ocean horizontal viscosity)           150      0.199931      0.200962      0.200447      0.000516  0.019    31     0     1
(Ocean momentum increments)            300      0.018016      0.018388      0.018202      0.000186  0.002    31     0     1
(Ocean message passing)               1350      0.117528      0.166974      0.142251      0.024723  0.013    31     0     1
(Ocean barotropic mode calc)           300      0.010283      0.010352      0.010317      0.000035  0.001    31     0     1
(Ocean barotropic mode stepping)       300      0.776293      0.782514      0.779403      0.003111  0.072    31     0     1
(Ocean barotropic forcing calc)        300      0.018639      0.019038      0.018839      0.000199  0.002    31     0     1
(Ocean advect tracer)                    0      0.000000      0.000000      0.000000      0.000000  0.000    31     0     1
(Ocean tracer halo updates)              0      0.000000      0.000000      0.000000      0.000000  0.000    41     0     1
(Ocean tracer global synch)              0      0.000000      0.000000      0.000000      0.000000  0.000    41     0     1
(Ocean diffuse tracer)                   0      0.000000      0.000000      0.000000      0.000000  0.000    31     0     1
(Ocean epipycnal diffuse tracer)         0      0.000000      0.000000      0.000000      0.000000  0.000    31     0     1
(Ocean surface forcing)                 76      0.002606      0.003019      0.002812      0.000207  0.000    31     0     1
(Ocean forcing diagnostics)            150      0.000156      0.000287      0.000221      0.000065  0.000    41     0     1
 MPP_STACK high water mark=            0
