NOTE from PE     0: MPP_DOMAINS_SET_STACK_SIZE: stack size set to    32768.
NOTE from PE     0: MPP_DOMAINS_SET_STACK_SIZE: stack size set to  3000000.
NOTE from PE     0: ======== Model being driven by MOM_driver ========
NOTE from PE     0: callTree: o Program MOM_main, MOM_driver.F90
NOTE from PE     0: fms_affinity_set: OCEAN affinity assumes hyper-threading hardware disabled
 MOM_domains_mod OMPthreading             1            0            1
 MOM_domains_mod OMPthreading             0            0            1
NOTE from PE     0: open_param_file: MOM_input has been opened successfully.
NOTE from PE     0: open_param_file: MOM_override has been opened successfully.
 MOM_domains_mod OMPthreading             1            0            1

WARNING from PE     0: MOM_file_parser : DT over-ridden.  Line: 'DT = 75' in file MOM_override.


WARNING from PE     0: MOM_file_parser : DT_THERM over-ridden.  Line: 'DT_THERM = 150' in file MOM_override.

NOTE from PE     0: fms_affinity_set: OCEAN affinity assumes hyper-threading hardware disabled
 MOM_domains_mod OMPthreading             0            0            1

WARNING from PE     0: MOM_file_parser : NIGLOBAL over-ridden.  Line: 'NIGLOBAL = 512' in file MOM_override.


WARNING from PE     0: MOM_file_parser : NJGLOBAL over-ridden.  Line: 'NJGLOBAL = 512' in file MOM_override.

 MOM_in domain decomposition
whalo =    4, ehalo =    4, shalo =    4, nhalo =    4
  X-AXIS =  256 256
  Y-AXIS =  512
 MOM_inc domain decomposition
whalo =    2, ehalo =    2, shalo =    2, nhalo =    2
  X-AXIS =  128 128
  Y-AXIS =  256
NOTE from PE     0: diag_manager_mod::diag_manager_init: prepend_date only supported when diag_manager_init is called with time_init present.
NOTE from PE     0: diag_manager_mod::diag_manager_init: You are using the legacy version of the diag table
 MOM_in domain decomposition
whalo =    4, ehalo =    4, shalo =    4, nhalo =    4
  X-AXIS =  256 256
  Y-AXIS =  512
 MOM_in domain decomposition
whalo =    2, ehalo =    2, shalo =    2, nhalo =    2
  X-AXIS =  128 128
  Y-AXIS =  256

WARNING from PE     0: MOM_file_parser : NK over-ridden.  Line: 'NK = 100' in file MOM_override.

 MOM_in domain decomposition
whalo =    4, ehalo =    4, shalo =    4, nhalo =    4
  X-AXIS =  256 256
  Y-AXIS =  512
 MOM_in domain decomposition
whalo =    2, ehalo =    2, shalo =    2, nhalo =    2
  X-AXIS =  128 128
  Y-AXIS =  256

WARNING from PE     0: Open_file is appending .nc to the filename ./ocean_geometry


WARNING from PE     0: MOM_file_parser : COORD_CONFIG over-ridden.  Line: 'COORD_CONFIG = "linear"' in file MOM_override.

 MOM_in domain decomposition
whalo =    4, ehalo =    4, shalo =    4, nhalo =    4
  X-AXIS =  256 256
  Y-AXIS =  512
 MOM_in domain decomposition
whalo =    2, ehalo =    2, shalo =    2, nhalo =    2
  X-AXIS =  128 128
  Y-AXIS =  256
 MOM_in domain decomposition
whalo =    4, ehalo =    4, shalo =    4, nhalo =    4
  X-AXIS =  256 256
  Y-AXIS =  512
 MOM_in domain decomposition
whalo =    2, ehalo =    2, shalo =    2, nhalo =    2
  X-AXIS =  128 128
  Y-AXIS =  256

WARNING from PE     0: ./Depth_list.nc checksums do not match; updating file.


WARNING from PE     0: MOM_file_parser : DT_FORCING over-ridden.  Line: 'DT_FORCING = 150' in file MOM_override.


WARNING from PE     0: MOM_file_parser : DAYMAX over-ridden.  Line: 'DAYMAX = 150' in file MOM_override.


WARNING from PE     0: Unused line in MOM_input : GINT = 0.0098


WARNING from PE     0: open_ASCII_file: File ./CPU_stats opened WRITEONLY already exists!


WARNING from PE     0: open_ASCII_file: File ./ocean.stats opened WRITEONLY already exists!

MOM Time       0.000      0: En 9.167783E-12, MaxCFL  0.00000, Mass 5.286420478077E+18
    Total Energy: 41871C1BB355D5A8  4.8464758416911423E+07
    Total Mass:   5.2864204780768635E+18, Change:   0.0000000000000000E+00 Error:  0.00000E+00 ( 0.0E+00)
MOM Time      50.000     50: En 3.628263E-06, MaxCFL  0.00070, Mass 5.286420478077E+18
    Total Energy: 42B171D0738932E6  1.9180526209330898E+13
    Total Mass:   5.2864204780768635E+18, Change:   7.1212031765190824E+00 Error:  7.12120E+00 ( 1.3E-18)
MOM Time     100.000    100: En 1.302025E-05, MaxCFL  0.00126, Mass 5.286420478077E+18
    Total Energy: 42CF4CECC7742046  6.8830500939840547E+13
    Total Mass:   5.2864204780768635E+18, Change:   6.2132118529516145E-01 Error:  6.21321E-01 ( 1.2E-19)
 MOM_in domain decomposition
whalo =    4, ehalo =    4, shalo =    4, nhalo =    4
  X-AXIS =  256 256
  Y-AXIS =  512
 MOM_in domain decomposition
whalo =    2, ehalo =    2, shalo =    2, nhalo =    2
  X-AXIS =  128 128
  Y-AXIS =  256
 MOM_in domain decomposition
whalo =    4, ehalo =    4, shalo =    4, nhalo =    4
  X-AXIS =  256 256
  Y-AXIS =  512
 MOM_in domain decomposition
whalo =    2, ehalo =    2, shalo =    2, nhalo =    2
  X-AXIS =  128 128
  Y-AXIS =  256
MOM Time     150.000    150: En 2.597815E-05, MaxCFL  0.00165, Mass 5.286420478077E+18
    Total Energy: 42DF39BDF142389B  1.3733144120752242E+14
    Total Mass:   5.2864204780768635E+18, Change:   6.9982464594652249E-01 Error:  6.99825E-01 ( 1.3E-19)
 MOM_in domain decomposition
whalo =    4, ehalo =    4, shalo =    4, nhalo =    4
  X-AXIS =  256 256
  Y-AXIS =  512
 MOM_in domain decomposition
whalo =    2, ehalo =    2, shalo =    2, nhalo =    2
  X-AXIS =  128 128
  Y-AXIS =  256

WARNING from PE     0: open_ASCII_file: File RESTART/ocean_solo.res opened WRITEONLY already exists!


WARNING from PE     0: open_ASCII_file: File exitcode opened WRITEONLY already exists!

 MPP_DOMAINS_STACK high water mark=      1024800

Tabulating mpp_clock statistics across      2 PEs...

                                      hits          tmin          tmax          tavg          tstd  tfrac grain pemin pemax
Total runtime                            1     67.989235     67.989235     67.989235      0.000000  1.000     0     0     1
Initialization                           1      4.945378      4.946062      4.945720      0.000342  0.073     0     0     1
Main loop                                1     53.964039     53.964119     53.964081      0.000040  0.794     0     0     1
Termination                              1      8.780068      8.780786      8.780427      0.000359  0.129     0     0     1
Ocean                                   80     67.637428     67.648911     67.643173      0.005741  0.995     1     0     1
Ocean Initialization                     2      4.980580      4.991416      4.985998      0.005418  0.073    11     0     1
Ocean dynamics                         300     14.219758     14.298436     14.259097      0.039339  0.210    11     0     1
Ocean thermodynamics and tracers       225      3.191010      3.197927      3.194468      0.003459  0.047    11     0     1
Ocean grid generation and remapp         0      0.000000      0.000000      0.000000      0.000000  0.000    11     0     1
Ocean Other                            450      8.715090      8.916636      8.815863      0.100773  0.130    11     0     1
Ocean MOM_end                            1      0.296046      0.296998      0.296522      0.000476  0.004    11     0     1
(Ocean tracer advection)               150      0.021837      0.022479      0.022158      0.000321  0.000    21     0     1
(Ocean adiabatic driver)                75      3.168446      3.176015      3.172230      0.003784  0.047    21     0     1
(Ocean continuity equation *)            0      0.000000      0.000000      0.000000      0.000000  0.000    31     0     1
(Ocean set BBL viscosity)               75      0.213250      0.221890      0.217570      0.004320  0.003    31     0     1
(Ocean message passing *)              150      0.130327      0.333517      0.231922      0.101595  0.003    31     0     1
(Ocean MOM_initialize_state)             2      0.092686      0.095694      0.094190      0.001504  0.001    31     0     1
(Ocean init message passing *)           2      0.010837      0.011001      0.010919      0.000082  0.000    41     0     1
(Ocean mixed layer restrat)              0      0.000000      0.000000      0.000000      0.000000  0.000    31     0     1
(Ocean collective diagnostics)         375      4.136266      4.145878      4.141072      0.004806  0.061    31     0     1
(Ocean Z-space diagnostics)              0      0.000000      0.000000      0.000000      0.000000  0.000    31     0     1
(Ocean ALE)                              0      0.000000      0.000000      0.000000      0.000000  0.000    31     0     1
(Stochastic EOS)                       150      0.000022      0.000023      0.000023      0.000001  0.000    31     0     1
(SGS Temperature Variance)             150      0.000006      0.000006      0.000006      0.000000  0.000    31     0     1
(Ocean MOM save_restart)                 3     25.799723     25.800707     25.800215      0.000492  0.379    31     0     1
(Ocean diagnostics framework)            0      0.000000      0.000000      0.000000      0.000000  0.000    31     0     1
(Ocean diagnostics remapping)            0      0.000000      0.000000      0.000000      0.000000  0.000    41     0     1
(Ocean diagnostics grid updates)       526      5.358310      5.383941      5.371125      0.012816  0.079    41     0     1
(Ocean init message passing)             4      0.011017      0.126663      0.068840      0.057823  0.001    41     0     1
(Ocean continuity reconstruction       902      0.455606      0.457586      0.456596      0.000990  0.007    41     0     1
(Ocean continuity update)              902      0.120440      0.121889      0.121165      0.000724  0.002    41     0     1
(Ocean continuity correction)          902      4.623276      4.680490      4.651883      0.028607  0.068    41     0     1
(Ocean BT pre-calcs only)             1200      0.609724      0.613939      0.611832      0.002107  0.009    41     0     1
(Ocean BT pre-step halo updates)      1200      0.221077      0.249674      0.235376      0.014299  0.003    41     0     1
(Ocean BT stepping calcs only)         600      0.264590      0.272970      0.268780      0.004190  0.004    41     0     1
(Ocean BT stepping halo updates)       300      0.021916      0.023414      0.022665      0.000749  0.000    41     0     1
(Ocean BT post-calcs only)             900      0.107743      0.108231      0.107987      0.000244  0.002    41     0     1
(Ocean BT post-step halo updates       600      0.042007      0.049466      0.045737      0.003729  0.001    41     0     1
(Ocean BT global synch)                  0      0.000000      0.000000      0.000000      0.000000  0.000    41     0     1
(Ocean Coriolis & mom advection)       300      0.807068      0.816394      0.811731      0.004663  0.012    31     0     1
(Ocean continuity equation)            450      5.289427      5.342071      5.315749      0.026322  0.078    31     0     1
(Ocean pressure force)                 150      0.796178      0.823900      0.810039      0.013861  0.012    31     0     1
(Ocean vertical viscosity)             450      4.088190      4.092917      4.090553      0.002364  0.060    31     0     1
(Ocean horizontal viscosity)           150      0.675293      0.677383      0.676338      0.001045  0.010    31     0     1
(Ocean momentum increments)            300      0.090527      0.091153      0.090840      0.000313  0.001    31     0     1
(Ocean message passing)               1350      0.300823      0.321034      0.310928      0.010106  0.005    31     0     1
(Ocean barotropic mode calc)           300      0.025149      0.027215      0.026182      0.001033  0.000    31     0     1
(Ocean barotropic mode stepping)       300      1.410726      1.435730      1.423228      0.012502  0.021    31     0     1
(Ocean barotropic forcing calc)        300      0.095086      0.095334      0.095210      0.000124  0.001    31     0     1
(Ocean advect tracer)                    0      0.000000      0.000000      0.000000      0.000000  0.000    31     0     1
(Ocean tracer halo updates)              0      0.000000      0.000000      0.000000      0.000000  0.000    41     0     1
(Ocean tracer global synch)              0      0.000000      0.000000      0.000000      0.000000  0.000    41     0     1
(Ocean diffuse tracer)                   0      0.000000      0.000000      0.000000      0.000000  0.000    31     0     1
(Ocean epipycnal diffuse tracer)         0      0.000000      0.000000      0.000000      0.000000  0.000    31     0     1
(Ocean surface forcing)                 76      0.009462      0.009746      0.009604      0.000142  0.000    31     0     1
(Ocean forcing diagnostics)            150      0.000196      0.000271      0.000234      0.000038  0.000    41     0     1
 MPP_STACK high water mark=            0
