NOTE from PE     0: MPP_DOMAINS_SET_STACK_SIZE: stack size set to    32768.
NOTE from PE     0: MPP_DOMAINS_SET_STACK_SIZE: stack size set to  3000000.
NOTE from PE     0: ======== Model being driven by MOM_driver ========
NOTE from PE     0: callTree: o Program MOM_main, MOM_driver.F90
 MOM_domains_mod OMPthreading             1            0            1
NOTE from PE     0: fms_affinity_set: OCEAN affinity assumes hyper-threading hardware disabled
 MOM_domains_mod OMPthreading             0            0            1
NOTE from PE     0: open_param_file: MOM_input has been opened successfully.
NOTE from PE     0: open_param_file: MOM_override has been opened successfully.
 MOM_domains_mod OMPthreading             1            0            1

WARNING from PE     0: MOM_file_parser : DT over-ridden.  Line: 'DT = 75' in file MOM_override.


WARNING from PE     0: MOM_file_parser : DT_THERM over-ridden.  Line: 'DT_THERM = 150' in file MOM_override.

NOTE from PE     0: fms_affinity_set: OCEAN affinity assumes hyper-threading hardware disabled
 MOM_domains_mod OMPthreading             0            0            1

WARNING from PE     0: MOM_file_parser : NIGLOBAL over-ridden.  Line: 'NIGLOBAL = 512' in file MOM_override.


WARNING from PE     0: MOM_file_parser : NJGLOBAL over-ridden.  Line: 'NJGLOBAL = 256' in file MOM_override.

 MOM_in domain decomposition
whalo =    4, ehalo =    4, shalo =    4, nhalo =    4
  X-AXIS =  256 256
  Y-AXIS =  256
 MOM_inc domain decomposition
whalo =    2, ehalo =    2, shalo =    2, nhalo =    2
  X-AXIS =  128 128
  Y-AXIS =  128
NOTE from PE     0: diag_manager_mod::diag_manager_init: prepend_date only supported when diag_manager_init is called with time_init present.
NOTE from PE     0: diag_manager_mod::diag_manager_init: You are using the legacy version of the diag table
 MOM_in domain decomposition
whalo =    4, ehalo =    4, shalo =    4, nhalo =    4
  X-AXIS =  256 256
  Y-AXIS =  256
 MOM_in domain decomposition
whalo =    2, ehalo =    2, shalo =    2, nhalo =    2
  X-AXIS =  128 128
  Y-AXIS =  128

WARNING from PE     0: MOM_file_parser : NK over-ridden.  Line: 'NK = 100' in file MOM_override.

 MOM_in domain decomposition
whalo =    4, ehalo =    4, shalo =    4, nhalo =    4
  X-AXIS =  256 256
  Y-AXIS =  256
 MOM_in domain decomposition
whalo =    2, ehalo =    2, shalo =    2, nhalo =    2
  X-AXIS =  128 128
  Y-AXIS =  128

WARNING from PE     0: Open_file is appending .nc to the filename ./ocean_geometry


WARNING from PE     0: MOM_file_parser : COORD_CONFIG over-ridden.  Line: 'COORD_CONFIG = "linear"' in file MOM_override.

 MOM_in domain decomposition
whalo =    4, ehalo =    4, shalo =    4, nhalo =    4
  X-AXIS =  256 256
  Y-AXIS =  256
 MOM_in domain decomposition
whalo =    2, ehalo =    2, shalo =    2, nhalo =    2
  X-AXIS =  128 128
  Y-AXIS =  128
 MOM_in domain decomposition
whalo =    4, ehalo =    4, shalo =    4, nhalo =    4
  X-AXIS =  256 256
  Y-AXIS =  256
 MOM_in domain decomposition
whalo =    2, ehalo =    2, shalo =    2, nhalo =    2
  X-AXIS =  128 128
  Y-AXIS =  128

WARNING from PE     0: ./Depth_list.nc checksums do not match; updating file.


WARNING from PE     0: MOM_file_parser : DT_FORCING over-ridden.  Line: 'DT_FORCING = 150' in file MOM_override.


WARNING from PE     0: MOM_file_parser : DAYMAX over-ridden.  Line: 'DAYMAX = 150' in file MOM_override.


WARNING from PE     0: Unused line in MOM_input : GINT = 0.0098


WARNING from PE     0: open_ASCII_file: File ./CPU_stats opened WRITEONLY already exists!


WARNING from PE     0: open_ASCII_file: File ./ocean.stats opened WRITEONLY already exists!

MOM Time       0.000      0: En 9.167549E-12, MaxCFL  0.00000, Mass 5.286433166925E+18
    Total Energy: 41871BF89CE9F99F  4.8463635614245646E+07
    Total Mass:   5.2864331669247314E+18, Change:   0.0000000000000000E+00 Error:  0.00000E+00 ( 0.0E+00)
MOM Time      50.000     50: En 3.628256E-06, MaxCFL  0.00070, Mass 5.286433166925E+18
    Total Energy: 42B171D0E6F598AD  1.9180533773720676E+13
    Total Mass:   5.2864331669247314E+18, Change:   4.6828678089275229E+01 Error:  4.68287E+01 ( 8.9E-18)
MOM Time     100.000    100: En 1.302024E-05, MaxCFL  0.00126, Mass 5.286433166925E+18
    Total Energy: 42CF4CEFFF39F0E5  6.8830608913377789E+13
    Total Mass:   5.2864331669247314E+18, Change:  -4.4074424865870521E-01 Error: -4.40744E-01 (-8.3E-20)
 MOM_in domain decomposition
whalo =    4, ehalo =    4, shalo =    4, nhalo =    4
  X-AXIS =  256 256
  Y-AXIS =  256
 MOM_in domain decomposition
whalo =    2, ehalo =    2, shalo =    2, nhalo =    2
  X-AXIS =  128 128
  Y-AXIS =  128
 MOM_in domain decomposition
whalo =    4, ehalo =    4, shalo =    4, nhalo =    4
  X-AXIS =  256 256
  Y-AXIS =  256
 MOM_in domain decomposition
whalo =    2, ehalo =    2, shalo =    2, nhalo =    2
  X-AXIS =  128 128
  Y-AXIS =  128
MOM Time     150.000    150: En 2.597818E-05, MaxCFL  0.00165, Mass 5.286433166925E+18
    Total Energy: 42DF39C52ABA2CF0  1.3733192603461175E+14
    Total Mass:   5.2864331669247314E+18, Change:  -6.8041288220255325E-01 Error: -6.80413E-01 (-1.3E-19)
 MOM_in domain decomposition
whalo =    4, ehalo =    4, shalo =    4, nhalo =    4
  X-AXIS =  256 256
  Y-AXIS =  256
 MOM_in domain decomposition
whalo =    2, ehalo =    2, shalo =    2, nhalo =    2
  X-AXIS =  128 128
  Y-AXIS =  128

WARNING from PE     0: open_ASCII_file: File RESTART/ocean_solo.res opened WRITEONLY already exists!


WARNING from PE     0: open_ASCII_file: File exitcode opened WRITEONLY already exists!

 MPP_DOMAINS_STACK high water mark=       512800

Tabulating mpp_clock statistics across      2 PEs...

                                      hits          tmin          tmax          tavg          tstd  tfrac grain pemin pemax
Total runtime                            1     36.255150     36.255150     36.255150      0.000000  1.000     0     0     1
Initialization                           1      2.586038      2.586782      2.586410      0.000372  0.071     0     0     1
Main loop                                1     28.981861     28.981993     28.981926      0.000066  0.799     0     0     1
Termination                              1      4.528320      4.528893      4.528606      0.000287  0.125     0     0     1
Ocean                                   80     36.079639     36.087559     36.083599      0.003960  0.995     1     0     1
Ocean Initialization                     2      2.600851      2.608682      2.604767      0.003916  0.072    11     0     1
Ocean dynamics                         300      8.593105      8.596013      8.594559      0.001454  0.237    11     0     1
Ocean thermodynamics and tracers       225      1.638137      1.645035      1.641586      0.003449  0.045    11     0     1
Ocean grid generation and remapp         0      0.000000      0.000000      0.000000      0.000000  0.000    11     0     1
Ocean Other                            450      4.558008      4.588058      4.573033      0.015025  0.126    11     0     1
Ocean MOM_end                            1      0.155014      0.156449      0.155731      0.000718  0.004    11     0     1
(Ocean tracer advection)               150      0.015954      0.015993      0.015973      0.000020  0.000    21     0     1
(Ocean adiabatic driver)                75      1.622061      1.629005      1.625533      0.003472  0.045    21     0     1
(Ocean continuity equation *)            0      0.000000      0.000000      0.000000      0.000000  0.000    31     0     1
(Ocean set BBL viscosity)               75      0.125960      0.132601      0.129280      0.003321  0.004    31     0     1
(Ocean message passing *)              150      0.192695      0.197733      0.195214      0.002519  0.005    31     0     1
(Ocean MOM_initialize_state)             2      0.049341      0.053146      0.051244      0.001903  0.001    31     0     1
(Ocean init message passing *)           2      0.004653      0.004693      0.004673      0.000020  0.000    41     0     1
(Ocean mixed layer restrat)              0      0.000000      0.000000      0.000000      0.000000  0.000    31     0     1
(Ocean collective diagnostics)         375      2.093337      2.122762      2.108050      0.014713  0.058    31     0     1
(Ocean Z-space diagnostics)              0      0.000000      0.000000      0.000000      0.000000  0.000    31     0     1
(Ocean ALE)                              0      0.000000      0.000000      0.000000      0.000000  0.000    31     0     1
(Stochastic EOS)                       150      0.000021      0.000023      0.000022      0.000001  0.000    31     0     1
(SGS Temperature Variance)             150      0.000006      0.000006      0.000006      0.000000  0.000    31     0     1
(Ocean MOM save_restart)                 3     13.212599     13.213441     13.213020      0.000421  0.364    31     0     1
(Ocean diagnostics framework)            0      0.000000      0.000000      0.000000      0.000000  0.000    31     0     1
(Ocean diagnostics remapping)            0      0.000000      0.000000      0.000000      0.000000  0.000    41     0     1
(Ocean diagnostics grid updates)       526      2.731919      2.741640      2.736779      0.004861  0.075    41     0     1
(Ocean init message passing)             4      0.005479      0.005660      0.005569      0.000091  0.000    41     0     1
(Ocean continuity reconstruction       902      0.252748      0.254092      0.253420      0.000672  0.007    41     0     1
(Ocean continuity update)              902      0.064300      0.065116      0.064708      0.000408  0.002    41     0     1
(Ocean continuity correction)          902      2.698670      2.720087      2.709378      0.010709  0.075    41     0     1
(Ocean BT pre-calcs only)             1200      0.409299      0.421486      0.415392      0.006093  0.011    41     0     1
(Ocean BT pre-step halo updates)      1200      0.214193      0.243447      0.228820      0.014627  0.006    41     0     1
(Ocean BT stepping calcs only)         600      0.241306      0.251581      0.246444      0.005137  0.007    41     0     1
(Ocean BT stepping halo updates)       300      0.020436      0.022001      0.021218      0.000783  0.001    41     0     1
(Ocean BT post-calcs only)             900      0.062233      0.063537      0.062885      0.000652  0.002    41     0     1
(Ocean BT post-step halo updates       600      0.040977      0.050542      0.045760      0.004783  0.001    41     0     1
(Ocean BT global synch)                  0      0.000000      0.000000      0.000000      0.000000  0.000    41     0     1
(Ocean Coriolis & mom advection)       300      0.482419      0.484871      0.483645      0.001226  0.013    31     0     1
(Ocean continuity equation)            450      3.076149      3.097496      3.086823      0.010674  0.085    31     0     1
(Ocean pressure force)                 150      0.665596      0.696417      0.681006      0.015410  0.019    31     0     1
(Ocean vertical viscosity)             450      2.143104      2.146696      2.144900      0.001796  0.059    31     0     1
(Ocean horizontal viscosity)           150      0.415603      0.418933      0.417268      0.001665  0.012    31     0     1
(Ocean momentum increments)            300      0.048705      0.049080      0.048892      0.000188  0.001    31     0     1
(Ocean message passing)               1350      0.173292      0.225013      0.199153      0.025860  0.005    31     0     1
(Ocean barotropic mode calc)           300      0.017713      0.017723      0.017718      0.000005  0.000    31     0     1
(Ocean barotropic mode stepping)       300      1.078721      1.095000      1.086860      0.008140  0.030    31     0     1
(Ocean barotropic forcing calc)        300      0.050968      0.051594      0.051281      0.000313  0.001    31     0     1
(Ocean advect tracer)                    0      0.000000      0.000000      0.000000      0.000000  0.000    31     0     1
(Ocean tracer halo updates)              0      0.000000      0.000000      0.000000      0.000000  0.000    41     0     1
(Ocean tracer global synch)              0      0.000000      0.000000      0.000000      0.000000  0.000    41     0     1
(Ocean diffuse tracer)                   0      0.000000      0.000000      0.000000      0.000000  0.000    31     0     1
(Ocean epipycnal diffuse tracer)         0      0.000000      0.000000      0.000000      0.000000  0.000    31     0     1
(Ocean surface forcing)                 76      0.004823      0.006136      0.005480      0.000656  0.000    31     0     1
(Ocean forcing diagnostics)            150      0.000235      0.000317      0.000276      0.000041  0.000    41     0     1
 MPP_STACK high water mark=            0
