NOTE from PE     0: MPP_DOMAINS_SET_STACK_SIZE: stack size set to    32768.
NOTE from PE     0: MPP_DOMAINS_SET_STACK_SIZE: stack size set to  3000000.
NOTE from PE     0: ======== Model being driven by MOM_driver ========
NOTE from PE     0: callTree: o Program MOM_main, MOM_driver.F90
NOTE from PE     0: fms_affinity_set: OCEAN affinity assumes hyper-threading hardware disabled
 MOM_domains_mod OMPthreading             0            0            1
 MOM_domains_mod OMPthreading             1            0            1
NOTE from PE     0: open_param_file: MOM_input has been opened successfully.
NOTE from PE     0: open_param_file: MOM_override has been opened successfully.
 MOM_domains_mod OMPthreading             1            0            1

WARNING from PE     0: MOM_file_parser : DT over-ridden.  Line: 'DT = 1200' in file MOM_override.


WARNING from PE     0: MOM_file_parser : DT_THERM over-ridden.  Line: 'DT_THERM = 2400' in file MOM_override.

NOTE from PE     0: fms_affinity_set: OCEAN affinity assumes hyper-threading hardware disabled
 MOM_domains_mod OMPthreading             0            0            1

WARNING from PE     0: MOM_file_parser : NIGLOBAL over-ridden.  Line: 'NIGLOBAL = 32' in file MOM_override.


WARNING from PE     0: MOM_file_parser : NJGLOBAL over-ridden.  Line: 'NJGLOBAL = 32' in file MOM_override.

 MOM_in domain decomposition
whalo =    4, ehalo =    4, shalo =    4, nhalo =    4
  X-AXIS =   16  16
  Y-AXIS =   32
 MOM_inc domain decomposition
whalo =    2, ehalo =    2, shalo =    2, nhalo =    2
  X-AXIS =    8   8
  Y-AXIS =   16
NOTE from PE     0: diag_manager_mod::diag_manager_init: prepend_date only supported when diag_manager_init is called with time_init present.
NOTE from PE     0: diag_manager_mod::diag_manager_init: You are using the legacy version of the diag table
 MOM_in domain decomposition
whalo =    4, ehalo =    4, shalo =    4, nhalo =    4
  X-AXIS =   16  16
  Y-AXIS =   32
 MOM_in domain decomposition
whalo =    2, ehalo =    2, shalo =    2, nhalo =    2
  X-AXIS =    8   8
  Y-AXIS =   16

WARNING from PE     0: MOM_file_parser : NK over-ridden.  Line: 'NK = 100' in file MOM_override.

 MOM_in domain decomposition
whalo =    4, ehalo =    4, shalo =    4, nhalo =    4
  X-AXIS =   16  16
  Y-AXIS =   32
 MOM_in domain decomposition
whalo =    2, ehalo =    2, shalo =    2, nhalo =    2
  X-AXIS =    8   8
  Y-AXIS =   16

WARNING from PE     0: Open_file is appending .nc to the filename ./ocean_geometry


WARNING from PE     0: MOM_file_parser : COORD_CONFIG over-ridden.  Line: 'COORD_CONFIG = "linear"' in file MOM_override.

 MOM_in domain decomposition
whalo =    4, ehalo =    4, shalo =    4, nhalo =    4
  X-AXIS =   16  16
  Y-AXIS =   32
 MOM_in domain decomposition
whalo =    2, ehalo =    2, shalo =    2, nhalo =    2
  X-AXIS =    8   8
  Y-AXIS =   16
 MOM_in domain decomposition
whalo =    4, ehalo =    4, shalo =    4, nhalo =    4
  X-AXIS =   16  16
  Y-AXIS =   32
 MOM_in domain decomposition
whalo =    2, ehalo =    2, shalo =    2, nhalo =    2
  X-AXIS =    8   8
  Y-AXIS =   16

WARNING from PE     0: ./Depth_list.nc checksums do not match; updating file.


WARNING from PE     0: MOM_file_parser : DT_FORCING over-ridden.  Line: 'DT_FORCING = 2400' in file MOM_override.


WARNING from PE     0: MOM_file_parser : DAYMAX over-ridden.  Line: 'DAYMAX = 150' in file MOM_override.


WARNING from PE     0: Unused line in MOM_input : GINT = 0.0098


WARNING from PE     0: open_ASCII_file: File ./CPU_stats opened WRITEONLY already exists!


WARNING from PE     0: open_ASCII_file: File ./ocean.stats opened WRITEONLY already exists!

MOM Time       0.000      0: En 9.113220E-12, MaxCFL  0.00000, Mass 5.289326887310E+18
    Total Energy: 4186FC216CCDC25B  4.8202797600468360E+07
    Total Mass:   5.2893268873103186E+18, Change:   0.0000000000000000E+00 Error:  0.00000E+00 ( 0.0E+00)
MOM Time      50.000     50: En 2.411415E-05, MaxCFL  0.00148, Mass 5.289326887310E+18
    Total Energy: 42DD003FDC23154B  1.2754763438805317E+14
    Total Mass:   5.2893268873103186E+18, Change:  -4.2356698535497571E+01 Error: -4.23567E+01 (-8.0E-18)
MOM Time     100.000    100: En 4.391675E-05, MaxCFL  0.00199, Mass 5.289326887310E+18
    Total Energy: 42EA6887DCF0C4E6  2.3229006659741519E+14
    Total Mass:   5.2893268873103186E+18, Change:   7.8416584052112057E+00 Error:  7.84166E+00 ( 1.5E-18)
 MOM_in domain decomposition
whalo =    4, ehalo =    4, shalo =    4, nhalo =    4
  X-AXIS =   16  16
  Y-AXIS =   32
 MOM_in domain decomposition
whalo =    2, ehalo =    2, shalo =    2, nhalo =    2
  X-AXIS =    8   8
  Y-AXIS =   16
 MOM_in domain decomposition
whalo =    4, ehalo =    4, shalo =    4, nhalo =    4
  X-AXIS =   16  16
  Y-AXIS =   32
 MOM_in domain decomposition
whalo =    2, ehalo =    2, shalo =    2, nhalo =    2
  X-AXIS =    8   8
  Y-AXIS =   16
MOM Time     150.000    150: En 5.356812E-05, MaxCFL  0.00233, Mass 5.289326887310E+18
    Total Energy: 42F01B210F98DB53  2.8333927730731719E+14
    Total Mass:   5.2893268873103186E+18, Change:   6.0941296403016167E+00 Error:  6.09413E+00 ( 1.2E-18)
 MOM_in domain decomposition
whalo =    4, ehalo =    4, shalo =    4, nhalo =    4
  X-AXIS =   16  16
  Y-AXIS =   32
 MOM_in domain decomposition
whalo =    2, ehalo =    2, shalo =    2, nhalo =    2
  X-AXIS =    8   8
  Y-AXIS =   16

WARNING from PE     0: open_ASCII_file: File RESTART/ocean_solo.res opened WRITEONLY already exists!


WARNING from PE     0: open_ASCII_file: File exitcode opened WRITEONLY already exists!

 MPP_DOMAINS_STACK high water mark=        64800

Tabulating mpp_clock statistics across      2 PEs...

                                      hits          tmin          tmax          tavg          tstd  tfrac grain pemin pemax
Total runtime                            1      4.920251      4.920256      4.920254      0.000002  1.000     0     0     1
Initialization                           1      0.656515      0.658594      0.657554      0.001039  0.134     0     0     1
Main loop                                1      4.166887      4.168670      4.167778      0.000891  0.847     0     0     1
Termination                              1      0.039385      0.039668      0.039526      0.000141  0.008     0     0     1
Ocean                                   80      4.746482      4.751734      4.749108      0.002626  0.965     1     0     1
Ocean Initialization                     2      0.605123      0.610155      0.607639      0.002516  0.123    11     0     1
Ocean dynamics                         300      3.751348      3.752465      3.751906      0.000558  0.763    11     0     1
Ocean thermodynamics and tracers       225      0.007337      0.007752      0.007545      0.000207  0.002    11     0     1
Ocean grid generation and remapp         0      0.000000      0.000000      0.000000      0.000000  0.000    11     0     1
Ocean Other                            450      0.133814      0.134693      0.134254      0.000439  0.027    11     0     1
Ocean MOM_end                            1      0.004959      0.005012      0.004986      0.000026  0.001    11     0     1
(Ocean tracer advection)               150      0.004214      0.004221      0.004217      0.000004  0.001    21     0     1
(Ocean adiabatic driver)                75      0.003089      0.003498      0.003293      0.000204  0.001    21     0     1
(Ocean continuity equation *)            0      0.000000      0.000000      0.000000      0.000000  0.000    31     0     1
(Ocean set BBL viscosity)               75      0.034553      0.035305      0.034929      0.000376  0.007    31     0     1
(Ocean message passing *)              150      0.047594      0.048353      0.047973      0.000380  0.010    31     0     1
(Ocean MOM_initialize_state)             2      0.009744      0.017127      0.013435      0.003692  0.003    31     0     1
(Ocean init message passing *)           2      0.006623      0.006815      0.006719      0.000096  0.001    41     0     1
(Ocean mixed layer restrat)              0      0.000000      0.000000      0.000000      0.000000  0.000    31     0     1
(Ocean collective diagnostics)         375      0.013986      0.014140      0.014063      0.000077  0.003    31     0     1
(Ocean Z-space diagnostics)              0      0.000000      0.000000      0.000000      0.000000  0.000    31     0     1
(Ocean ALE)                              0      0.000000      0.000000      0.000000      0.000000  0.000    31     0     1
(Stochastic EOS)                       150      0.000012      0.000012      0.000012      0.000000  0.000    31     0     1
(SGS Temperature Variance)             150      0.000006      0.000006      0.000006      0.000000  0.000    31     0     1
(Ocean MOM save_restart)                 3      0.180474      0.180821      0.180648      0.000174  0.037    31     0     1
(Ocean diagnostics framework)            0      0.000000      0.000000      0.000000      0.000000  0.000    31     0     1
(Ocean diagnostics remapping)            0      0.000000      0.000000      0.000000      0.000000  0.000    41     0     1
(Ocean diagnostics grid updates)       526      0.038959      0.039251      0.039105      0.000146  0.008    41     0     1
(Ocean init message passing)             4      0.000801      0.001112      0.000956      0.000155  0.000    41     0     1
(Ocean continuity reconstruction       902      0.035718      0.037591      0.036654      0.000936  0.007    41     0     1
(Ocean continuity update)              902      0.010396      0.010930      0.010663      0.000267  0.002    41     0     1
(Ocean continuity correction)          902      1.665206      1.690772      1.677989      0.012783  0.341    41     0     1
(Ocean BT pre-calcs only)             1200      0.196107      0.205455      0.200781      0.004674  0.041    41     0     1
(Ocean BT pre-step halo updates)      1200      0.189427      0.210135      0.199781      0.010354  0.041    41     0     1
(Ocean BT stepping calcs only)         600      0.192199      0.203764      0.197982      0.005783  0.040    41     0     1
(Ocean BT stepping halo updates)       300      0.018569      0.020792      0.019681      0.001111  0.004    41     0     1
(Ocean BT post-calcs only)             900      0.017146      0.018311      0.017728      0.000582  0.004    41     0     1
(Ocean BT post-step halo updates       600      0.035591      0.046085      0.040838      0.005247  0.008    41     0     1
(Ocean BT global synch)                  0      0.000000      0.000000      0.000000      0.000000  0.000    41     0     1
(Ocean Coriolis & mom advection)       300      0.076233      0.078057      0.077145      0.000912  0.016    31     0     1
(Ocean continuity equation)            450      1.709379      1.737516      1.723448      0.014068  0.350    31     0     1
(Ocean pressure force)                 150      0.480292      0.519479      0.499886      0.019593  0.102    31     0     1
(Ocean vertical viscosity)             450      0.449347      0.454925      0.452136      0.002789  0.092    31     0     1
(Ocean horizontal viscosity)           150      0.063353      0.064980      0.064166      0.000813  0.013    31     0     1
(Ocean momentum increments)            300      0.007268      0.007651      0.007460      0.000192  0.002    31     0     1
(Ocean message passing)               1350      0.092407      0.159854      0.126130      0.033724  0.026    31     0     1
(Ocean barotropic mode calc)           300      0.007586      0.007857      0.007722      0.000136  0.002    31     0     1
(Ocean barotropic mode stepping)       300      0.684149      0.696107      0.690128      0.005979  0.140    31     0     1
(Ocean barotropic forcing calc)        300      0.006404      0.006848      0.006626      0.000222  0.001    31     0     1
(Ocean advect tracer)                    0      0.000000      0.000000      0.000000      0.000000  0.000    31     0     1
(Ocean tracer halo updates)              0      0.000000      0.000000      0.000000      0.000000  0.000    41     0     1
(Ocean tracer global synch)              0      0.000000      0.000000      0.000000      0.000000  0.000    41     0     1
(Ocean diffuse tracer)                   0      0.000000      0.000000      0.000000      0.000000  0.000    31     0     1
(Ocean epipycnal diffuse tracer)         0      0.000000      0.000000      0.000000      0.000000  0.000    31     0     1
(Ocean surface forcing)                 76      0.003324      0.008423      0.005874      0.002549  0.001    31     0     1
(Ocean forcing diagnostics)            150      0.000744      0.000789      0.000766      0.000023  0.000    41     0     1
 MPP_STACK high water mark=            0
