NOTE from PE     0: MPP_DOMAINS_SET_STACK_SIZE: stack size set to    32768.
NOTE from PE     0: MPP_DOMAINS_SET_STACK_SIZE: stack size set to  3000000.
NOTE from PE     0: ======== Model being driven by MOM_driver ========
NOTE from PE     0: callTree: o Program MOM_main, MOM_driver.F90
 MOM_domains_mod OMPthreading             1            0            1
NOTE from PE     0: fms_affinity_set: OCEAN affinity assumes hyper-threading hardware disabled
 MOM_domains_mod OMPthreading             0            0            1
NOTE from PE     0: open_param_file: MOM_input has been opened successfully.
NOTE from PE     0: open_param_file: MOM_override has been opened successfully.
 MOM_domains_mod OMPthreading             1            0            1

WARNING from PE     0: MOM_file_parser : DT over-ridden.  Line: 'DT = 300' in file MOM_override.


WARNING from PE     0: MOM_file_parser : DT_THERM over-ridden.  Line: 'DT_THERM = 600' in file MOM_override.

NOTE from PE     0: fms_affinity_set: OCEAN affinity assumes hyper-threading hardware disabled
 MOM_domains_mod OMPthreading             0            0            1

WARNING from PE     0: MOM_file_parser : NIGLOBAL over-ridden.  Line: 'NIGLOBAL = 128' in file MOM_override.


WARNING from PE     0: MOM_file_parser : NJGLOBAL over-ridden.  Line: 'NJGLOBAL = 128' in file MOM_override.

 MOM_in domain decomposition
whalo =    4, ehalo =    4, shalo =    4, nhalo =    4
  X-AXIS =   64  64
  Y-AXIS =  128
 MOM_inc domain decomposition
whalo =    2, ehalo =    2, shalo =    2, nhalo =    2
  X-AXIS =   32  32
  Y-AXIS =   64
NOTE from PE     0: diag_manager_mod::diag_manager_init: prepend_date only supported when diag_manager_init is called with time_init present.
NOTE from PE     0: diag_manager_mod::diag_manager_init: You are using the legacy version of the diag table
 MOM_in domain decomposition
whalo =    4, ehalo =    4, shalo =    4, nhalo =    4
  X-AXIS =   64  64
  Y-AXIS =  128
 MOM_in domain decomposition
whalo =    2, ehalo =    2, shalo =    2, nhalo =    2
  X-AXIS =   32  32
  Y-AXIS =   64

WARNING from PE     0: MOM_file_parser : NK over-ridden.  Line: 'NK = 100' in file MOM_override.

 MOM_in domain decomposition
whalo =    4, ehalo =    4, shalo =    4, nhalo =    4
  X-AXIS =   64  64
  Y-AXIS =  128
 MOM_in domain decomposition
whalo =    2, ehalo =    2, shalo =    2, nhalo =    2
  X-AXIS =   32  32
  Y-AXIS =   64

WARNING from PE     0: Open_file is appending .nc to the filename ./ocean_geometry


WARNING from PE     0: MOM_file_parser : COORD_CONFIG over-ridden.  Line: 'COORD_CONFIG = "linear"' in file MOM_override.

 MOM_in domain decomposition
whalo =    4, ehalo =    4, shalo =    4, nhalo =    4
  X-AXIS =   64  64
  Y-AXIS =  128
 MOM_in domain decomposition
whalo =    2, ehalo =    2, shalo =    2, nhalo =    2
  X-AXIS =   32  32
  Y-AXIS =   64
 MOM_in domain decomposition
whalo =    4, ehalo =    4, shalo =    4, nhalo =    4
  X-AXIS =   64  64
  Y-AXIS =  128
 MOM_in domain decomposition
whalo =    2, ehalo =    2, shalo =    2, nhalo =    2
  X-AXIS =   32  32
  Y-AXIS =   64

WARNING from PE     0: ./Depth_list.nc checksums do not match; updating file.


WARNING from PE     0: MOM_file_parser : DT_FORCING over-ridden.  Line: 'DT_FORCING = 600' in file MOM_override.


WARNING from PE     0: MOM_file_parser : DAYMAX over-ridden.  Line: 'DAYMAX = 150' in file MOM_override.


WARNING from PE     0: Unused line in MOM_input : GINT = 0.0098


WARNING from PE     0: open_ASCII_file: File ./CPU_stats opened WRITEONLY already exists!


WARNING from PE     0: open_ASCII_file: File ./ocean.stats opened WRITEONLY already exists!

MOM Time       0.000      0: En 9.164543E-12, MaxCFL  0.00000, Mass 5.286601636954E+18
    Total Energy: 41871A38398144CF  4.8449287188119523E+07
    Total Mass:   5.2866016369539973E+18, Change:   0.0000000000000000E+00 Error:  0.00000E+00 ( 0.0E+00)
MOM Time      50.000     50: En 4.018195E-05, MaxCFL  0.00184, Mass 5.286601636954E+18
    Total Energy: 42E82668CA5050DD  2.1242596730535091E+14
    Total Mass:   5.2866016369539973E+18, Change:   2.6458583890128665E+01 Error:  2.64586E+01 ( 5.0E-18)
MOM Time     100.000    100: En 8.022032E-05, MaxCFL  0.00256, Mass 5.286601636954E+18
    Total Energy: 42F81B5D0215799F  4.2409285762037794E+14
    Total Mass:   5.2866016369539973E+18, Change:   2.1118856013716432E+00 Error:  2.11189E+00 ( 4.0E-19)
 MOM_in domain decomposition
whalo =    4, ehalo =    4, shalo =    4, nhalo =    4
  X-AXIS =   64  64
  Y-AXIS =  128
 MOM_in domain decomposition
whalo =    2, ehalo =    2, shalo =    2, nhalo =    2
  X-AXIS =   32  32
  Y-AXIS =   64
 MOM_in domain decomposition
whalo =    4, ehalo =    4, shalo =    4, nhalo =    4
  X-AXIS =   64  64
  Y-AXIS =  128
 MOM_in domain decomposition
whalo =    2, ehalo =    2, shalo =    2, nhalo =    2
  X-AXIS =   32  32
  Y-AXIS =   64
MOM Time     150.000    150: En 6.198263E-05, MaxCFL  0.00212, Mass 5.286601636954E+18
    Total Energy: 42F2A055AEF4E490  3.2767746554631300E+14
    Total Mass:   5.2866016369539973E+18, Change:  -3.9504982865571137E-01 Error: -3.95050E-01 (-7.5E-20)
 MOM_in domain decomposition
whalo =    4, ehalo =    4, shalo =    4, nhalo =    4
  X-AXIS =   64  64
  Y-AXIS =  128
 MOM_in domain decomposition
whalo =    2, ehalo =    2, shalo =    2, nhalo =    2
  X-AXIS =   32  32
  Y-AXIS =   64

WARNING from PE     0: open_ASCII_file: File RESTART/ocean_solo.res opened WRITEONLY already exists!


WARNING from PE     0: open_ASCII_file: File exitcode opened WRITEONLY already exists!

 MPP_DOMAINS_STACK high water mark=       256800

Tabulating mpp_clock statistics across      2 PEs...

                                      hits          tmin          tmax          tavg          tstd  tfrac grain pemin pemax
Total runtime                            1      7.874233      7.874233      7.874233      0.000000  1.000     0     0     1
Initialization                           1      0.509373      0.510064      0.509718      0.000345  0.065     0     0     1
Main loop                                1      6.960223      6.960369      6.960296      0.000073  0.884     0     0     1
Termination                              1      0.401878      0.402749      0.402313      0.000436  0.051     0     0     1
Ocean                                   80      7.824453      7.829591      7.827022      0.002569  0.994     1     0     1
Ocean Initialization                     2      0.524016      0.528316      0.526166      0.002150  0.067    11     0     1
Ocean dynamics                         300      4.745495      4.755337      4.750416      0.004921  0.603    11     0     1
Ocean thermodynamics and tracers       225      0.030253      0.031925      0.031089      0.000836  0.004    11     0     1
Ocean grid generation and remapp         0      0.000000      0.000000      0.000000      0.000000  0.000    11     0     1
Ocean Other                            450      0.519963      0.618736      0.569349      0.049387  0.072    11     0     1
Ocean MOM_end                            1      0.000317      0.000347      0.000332      0.000015  0.000    11     0     1
(Ocean tracer advection)               150      0.003863      0.004462      0.004163      0.000299  0.001    21     0     1
(Ocean adiabatic driver)                75      0.026343      0.027425      0.026884      0.000541  0.003    21     0     1
(Ocean continuity equation *)            0      0.000000      0.000000      0.000000      0.000000  0.000    31     0     1
(Ocean set BBL viscosity)               75      0.053787      0.064534      0.059161      0.005373  0.008    31     0     1
(Ocean message passing *)              150      0.044353      0.132423      0.088388      0.044035  0.011    31     0     1
(Ocean MOM_initialize_state)             2      0.014130      0.018604      0.016367      0.002237  0.002    31     0     1
(Ocean init message passing *)           2      0.002863      0.003126      0.002995      0.000131  0.000    41     0     1
(Ocean mixed layer restrat)              0      0.000000      0.000000      0.000000      0.000000  0.000    31     0     1
(Ocean collective diagnostics)         375      0.185262      0.283674      0.234468      0.049206  0.030    31     0     1
(Ocean Z-space diagnostics)              0      0.000000      0.000000      0.000000      0.000000  0.000    31     0     1
(Ocean ALE)                              0      0.000000      0.000000      0.000000      0.000000  0.000    31     0     1
(Stochastic EOS)                       150      0.000018      0.000023      0.000020      0.000002  0.000    31     0     1
(SGS Temperature Variance)             150      0.000006      0.000006      0.000006      0.000000  0.000    31     0     1
(Ocean MOM save_restart)                 3      1.178283      1.178305      1.178294      0.000011  0.150    31     0     1
(Ocean diagnostics framework)            0      0.000000      0.000000      0.000000      0.000000  0.000    31     0     1
(Ocean diagnostics remapping)            0      0.000000      0.000000      0.000000      0.000000  0.000    41     0     1
(Ocean diagnostics grid updates)       526      0.379978      0.380279      0.380129      0.000151  0.048    41     0     1
(Ocean init message passing)             4      0.003321      0.005324      0.004323      0.001002  0.001    41     0     1
(Ocean continuity reconstruction       902      0.061336      0.063102      0.062219      0.000883  0.008    41     0     1
(Ocean continuity update)              902      0.017145      0.017724      0.017435      0.000289  0.002    41     0     1
(Ocean continuity correction)          902      2.066391      2.086780      2.076585      0.010194  0.264    41     0     1
(Ocean BT pre-calcs only)             1200      0.223190      0.230116      0.226653      0.003463  0.029    41     0     1
(Ocean BT pre-step halo updates)      1200      0.195168      0.214353      0.204761      0.009592  0.026    41     0     1
(Ocean BT stepping calcs only)         600      0.199212      0.209518      0.204365      0.005153  0.026    41     0     1
(Ocean BT stepping halo updates)       300      0.019310      0.021474      0.020392      0.001082  0.003    41     0     1
(Ocean BT post-calcs only)             900      0.022479      0.023431      0.022955      0.000476  0.003    41     0     1
(Ocean BT post-step halo updates       600      0.037483      0.046485      0.041984      0.004501  0.005    41     0     1
(Ocean BT global synch)                  0      0.000000      0.000000      0.000000      0.000000  0.000    41     0     1
(Ocean Coriolis & mom advection)       300      0.173024      0.175735      0.174380      0.001356  0.022    31     0     1
(Ocean continuity equation)            450      2.166794      2.187616      2.177205      0.010411  0.276    31     0     1
(Ocean pressure force)                 150      0.526416      0.555467      0.540942      0.014526  0.069    31     0     1
(Ocean vertical viscosity)             450      0.611131      0.615537      0.613334      0.002203  0.078    31     0     1
(Ocean horizontal viscosity)           150      0.160775      0.161041      0.160908      0.000133  0.020    31     0     1
(Ocean momentum increments)            300      0.012490      0.012819      0.012655      0.000164  0.002    31     0     1
(Ocean message passing)               1350      0.124014      0.151885      0.137950      0.013936  0.018    31     0     1
(Ocean barotropic mode calc)           300      0.008996      0.009272      0.009134      0.000138  0.001    31     0     1
(Ocean barotropic mode stepping)       300      0.728737      0.740879      0.734808      0.006071  0.093    31     0     1
(Ocean barotropic forcing calc)        300      0.012470      0.012840      0.012655      0.000185  0.002    31     0     1
(Ocean advect tracer)                    0      0.000000      0.000000      0.000000      0.000000  0.000    31     0     1
(Ocean tracer halo updates)              0      0.000000      0.000000      0.000000      0.000000  0.000    41     0     1
(Ocean tracer global synch)              0      0.000000      0.000000      0.000000      0.000000  0.000    41     0     1
(Ocean diffuse tracer)                   0      0.000000      0.000000      0.000000      0.000000  0.000    31     0     1
(Ocean epipycnal diffuse tracer)         0      0.000000      0.000000      0.000000      0.000000  0.000    31     0     1
(Ocean surface forcing)                 76      0.002079      0.002845      0.002462      0.000383  0.000    31     0     1
(Ocean forcing diagnostics)            150      0.000157      0.000251      0.000204      0.000047  0.000    41     0     1
 MPP_STACK high water mark=            0
