NOTE from PE     0: MPP_DOMAINS_SET_STACK_SIZE: stack size set to    32768.
NOTE from PE     0: MPP_DOMAINS_SET_STACK_SIZE: stack size set to  3000000.
NOTE from PE     0: ======== Model being driven by MOM_driver ========
NOTE from PE     0: callTree: o Program MOM_main, MOM_driver.F90
 MOM_domains_mod OMPthreading             1            0            1
NOTE from PE     0: fms_affinity_set: OCEAN affinity assumes hyper-threading hardware disabled
 MOM_domains_mod OMPthreading             0            0            1
NOTE from PE     0: open_param_file: MOM_input has been opened successfully.
NOTE from PE     0: open_param_file: MOM_override has been opened successfully.
 MOM_domains_mod OMPthreading             1            0            1

WARNING from PE     0: MOM_file_parser : DT over-ridden.  Line: 'DT = 600' in file MOM_override.


WARNING from PE     0: MOM_file_parser : DT_THERM over-ridden.  Line: 'DT_THERM = 1200' in file MOM_override.

NOTE from PE     0: fms_affinity_set: OCEAN affinity assumes hyper-threading hardware disabled
 MOM_domains_mod OMPthreading             0            0            1

WARNING from PE     0: MOM_file_parser : NIGLOBAL over-ridden.  Line: 'NIGLOBAL = 64' in file MOM_override.


WARNING from PE     0: MOM_file_parser : NJGLOBAL over-ridden.  Line: 'NJGLOBAL = 32' in file MOM_override.

 MOM_in domain decomposition
whalo =    4, ehalo =    4, shalo =    4, nhalo =    4
  X-AXIS =   32  32
  Y-AXIS =   32
 MOM_inc domain decomposition
whalo =    2, ehalo =    2, shalo =    2, nhalo =    2
  X-AXIS =   16  16
  Y-AXIS =   16
NOTE from PE     0: diag_manager_mod::diag_manager_init: prepend_date only supported when diag_manager_init is called with time_init present.
NOTE from PE     0: diag_manager_mod::diag_manager_init: You are using the legacy version of the diag table
 MOM_in domain decomposition
whalo =    4, ehalo =    4, shalo =    4, nhalo =    4
  X-AXIS =   32  32
  Y-AXIS =   32
 MOM_in domain decomposition
whalo =    2, ehalo =    2, shalo =    2, nhalo =    2
  X-AXIS =   16  16
  Y-AXIS =   16

WARNING from PE     0: MOM_file_parser : NK over-ridden.  Line: 'NK = 100' in file MOM_override.

 MOM_in domain decomposition
whalo =    4, ehalo =    4, shalo =    4, nhalo =    4
  X-AXIS =   32  32
  Y-AXIS =   32
 MOM_in domain decomposition
whalo =    2, ehalo =    2, shalo =    2, nhalo =    2
  X-AXIS =   16  16
  Y-AXIS =   16

WARNING from PE     0: Open_file is appending .nc to the filename ./ocean_geometry


WARNING from PE     0: MOM_file_parser : COORD_CONFIG over-ridden.  Line: 'COORD_CONFIG = "linear"' in file MOM_override.

 MOM_in domain decomposition
whalo =    4, ehalo =    4, shalo =    4, nhalo =    4
  X-AXIS =   32  32
  Y-AXIS =   32
 MOM_in domain decomposition
whalo =    2, ehalo =    2, shalo =    2, nhalo =    2
  X-AXIS =   16  16
  Y-AXIS =   16
 MOM_in domain decomposition
whalo =    4, ehalo =    4, shalo =    4, nhalo =    4
  X-AXIS =   32  32
  Y-AXIS =   32
 MOM_in domain decomposition
whalo =    2, ehalo =    2, shalo =    2, nhalo =    2
  X-AXIS =   16  16
  Y-AXIS =   16

WARNING from PE     0: ./Depth_list.nc checksums do not match; updating file.


WARNING from PE     0: MOM_file_parser : DT_FORCING over-ridden.  Line: 'DT_FORCING = 1200' in file MOM_override.


WARNING from PE     0: MOM_file_parser : DAYMAX over-ridden.  Line: 'DAYMAX = 150' in file MOM_override.


WARNING from PE     0: Unused line in MOM_input : GINT = 0.0098


WARNING from PE     0: open_ASCII_file: File ./CPU_stats opened WRITEONLY already exists!


WARNING from PE     0: open_ASCII_file: File ./ocean.stats opened WRITEONLY already exists!

MOM Time       0.000      0: En 9.139696E-12, MaxCFL  0.00000, Mass 5.287973820617E+18
    Total Energy: 41870BB74E3AA8F6  4.8330473778642580E+07
    Total Mass:   5.2879738206166886E+18, Change:   0.0000000000000000E+00 Error:  0.00000E+00 ( 0.0E+00)
MOM Time      50.000     50: En 7.975875E-05, MaxCFL  0.00128, Mass 5.287973820617E+18
    Total Energy: 42F7F97281B1A271  4.2176216636471106E+14
    Total Mass:   5.2879738206166886E+18, Change:  -3.8694856253043724E+01 Error: -3.86949E+01 (-7.3E-18)
MOM Time     100.000    100: En 2.355779E-05, MaxCFL  0.00105, Mass 5.287973820617E+18
    Total Energy: 42DC5319E5F2DAA6  1.2457296945444259E+14
    Total Mass:   5.2879738206166886E+18, Change:  -1.3485470417674151E+01 Error: -1.34855E+01 (-2.6E-18)
 MOM_in domain decomposition
whalo =    4, ehalo =    4, shalo =    4, nhalo =    4
  X-AXIS =   32  32
  Y-AXIS =   32
 MOM_in domain decomposition
whalo =    2, ehalo =    2, shalo =    2, nhalo =    2
  X-AXIS =   16  16
  Y-AXIS =   16
 MOM_in domain decomposition
whalo =    4, ehalo =    4, shalo =    4, nhalo =    4
  X-AXIS =   32  32
  Y-AXIS =   32
 MOM_in domain decomposition
whalo =    2, ehalo =    2, shalo =    2, nhalo =    2
  X-AXIS =   16  16
  Y-AXIS =   16
MOM Time     150.000    150: En 5.690616E-05, MaxCFL  0.00134, Mass 5.287973820617E+18
    Total Energy: 42F11AEFE0A1C513  3.0091826076782519E+14
    Total Mass:   5.2879738206166886E+18, Change:   4.1552273254152396E+00 Error:  4.15523E+00 ( 7.9E-19)
 MOM_in domain decomposition
whalo =    4, ehalo =    4, shalo =    4, nhalo =    4
  X-AXIS =   32  32
  Y-AXIS =   32
 MOM_in domain decomposition
whalo =    2, ehalo =    2, shalo =    2, nhalo =    2
  X-AXIS =   16  16
  Y-AXIS =   16

WARNING from PE     0: open_ASCII_file: File RESTART/ocean_solo.res opened WRITEONLY already exists!


WARNING from PE     0: open_ASCII_file: File exitcode opened WRITEONLY already exists!

 MPP_DOMAINS_STACK high water mark=        64800

Tabulating mpp_clock statistics across      2 PEs...

                                      hits          tmin          tmax          tavg          tstd  tfrac grain pemin pemax
Total runtime                            1      4.488672      4.488672      4.488672      0.000000  1.000     0     0     1
Initialization                           1      0.205063      0.205797      0.205430      0.000367  0.046     0     0     1
Main loop                                1      4.219807      4.220093      4.219950      0.000143  0.940     0     0     1
Termination                              1      0.060846      0.061363      0.061105      0.000258  0.014     0     0     1
Ocean                                   80      4.449516      4.453123      4.451319      0.001803  0.992     1     0     1
Ocean Initialization                     2      0.216365      0.219157      0.217761      0.001396  0.049    11     0     1
Ocean dynamics                         300      3.767631      3.770098      3.768864      0.001234  0.840    11     0     1
Ocean thermodynamics and tracers       225      0.008646      0.008751      0.008699      0.000052  0.002    11     0     1
Ocean grid generation and remapp         0      0.000000      0.000000      0.000000      0.000000  0.000    11     0     1
Ocean Other                            450      0.134461      0.140048      0.137255      0.002794  0.031    11     0     1
Ocean MOM_end                            1      0.000498      0.000507      0.000502      0.000004  0.000    11     0     1
(Ocean tracer advection)               150      0.002496      0.002530      0.002513      0.000017  0.001    21     0     1
(Ocean adiabatic driver)                75      0.006115      0.006190      0.006152      0.000037  0.001    21     0     1
(Ocean continuity equation *)            0      0.000000      0.000000      0.000000      0.000000  0.000    31     0     1
(Ocean set BBL viscosity)               75      0.035719      0.037859      0.036789      0.001070  0.008    31     0     1
(Ocean message passing *)              150      0.036662      0.041815      0.039239      0.002576  0.009    31     0     1
(Ocean MOM_initialize_state)             2      0.004326      0.008743      0.006534      0.002209  0.001    31     0     1
(Ocean init message passing *)           2      0.001454      0.001456      0.001455      0.000001  0.000    41     0     1
(Ocean mixed layer restrat)              0      0.000000      0.000000      0.000000      0.000000  0.000    31     0     1
(Ocean collective diagnostics)         375      0.014590      0.015967      0.015279      0.000688  0.003    31     0     1
(Ocean Z-space diagnostics)              0      0.000000      0.000000      0.000000      0.000000  0.000    31     0     1
(Ocean ALE)                              0      0.000000      0.000000      0.000000      0.000000  0.000    31     0     1
(Stochastic EOS)                       150      0.000012      0.000013      0.000013      0.000001  0.000    31     0     1
(SGS Temperature Variance)             150      0.000006      0.000006      0.000006      0.000000  0.000    31     0     1
(Ocean MOM save_restart)                 3      0.201099      0.201363      0.201231      0.000132  0.045    31     0     1
(Ocean diagnostics framework)            0      0.000000      0.000000      0.000000      0.000000  0.000    31     0     1
(Ocean diagnostics remapping)            0      0.000000      0.000000      0.000000      0.000000  0.000    41     0     1
(Ocean diagnostics grid updates)       526      0.063159      0.063310      0.063235      0.000076  0.014    41     0     1
(Ocean init message passing)             4      0.000718      0.001195      0.000957      0.000238  0.000    41     0     1
(Ocean continuity reconstruction       902      0.036714      0.038489      0.037602      0.000887  0.008    41     0     1
(Ocean continuity update)              902      0.010813      0.011245      0.011029      0.000216  0.002    41     0     1
(Ocean continuity correction)          902      1.657012      1.689697      1.673355      0.016343  0.373    41     0     1
(Ocean BT pre-calcs only)             1200      0.201267      0.206904      0.204085      0.002819  0.045    41     0     1
(Ocean BT pre-step halo updates)      1200      0.190337      0.212548      0.201443      0.011105  0.045    41     0     1
(Ocean BT stepping calcs only)         600      0.196096      0.206007      0.201051      0.004955  0.045    41     0     1
(Ocean BT stepping halo updates)       300      0.018605      0.021042      0.019823      0.001219  0.004    41     0     1
(Ocean BT post-calcs only)             900      0.017636      0.018526      0.018081      0.000445  0.004    41     0     1
(Ocean BT post-step halo updates       600      0.033425      0.041749      0.037587      0.004162  0.008    41     0     1
(Ocean BT global synch)                  0      0.000000      0.000000      0.000000      0.000000  0.000    41     0     1
(Ocean Coriolis & mom advection)       300      0.078772      0.082450      0.080611      0.001839  0.018    31     0     1
(Ocean continuity equation)            450      1.704939      1.740270      1.722605      0.017666  0.384    31     0     1
(Ocean pressure force)                 150      0.484772      0.511498      0.498135      0.013363  0.111    31     0     1
(Ocean vertical viscosity)             450      0.461813      0.469058      0.465435      0.003623  0.104    31     0     1
(Ocean horizontal viscosity)           150      0.063296      0.065366      0.064331      0.001035  0.014    31     0     1
(Ocean momentum increments)            300      0.007736      0.007864      0.007800      0.000064  0.002    31     0     1
(Ocean message passing)               1350      0.092131      0.151945      0.122038      0.029907  0.027    31     0     1
(Ocean barotropic mode calc)           300      0.007629      0.007763      0.007696      0.000067  0.002    31     0     1
(Ocean barotropic mode stepping)       300      0.685537      0.702542      0.694040      0.008503  0.155    31     0     1
(Ocean barotropic forcing calc)        300      0.006765      0.007132      0.006949      0.000184  0.002    31     0     1
(Ocean advect tracer)                    0      0.000000      0.000000      0.000000      0.000000  0.000    31     0     1
(Ocean tracer halo updates)              0      0.000000      0.000000      0.000000      0.000000  0.000    41     0     1
(Ocean tracer global synch)              0      0.000000      0.000000      0.000000      0.000000  0.000    41     0     1
(Ocean diffuse tracer)                   0      0.000000      0.000000      0.000000      0.000000  0.000    31     0     1
(Ocean epipycnal diffuse tracer)         0      0.000000      0.000000      0.000000      0.000000  0.000    31     0     1
(Ocean surface forcing)                 76      0.001634      0.002319      0.001977      0.000342  0.000    31     0     1
(Ocean forcing diagnostics)            150      0.000141      0.000208      0.000175      0.000033  0.000    41     0     1
 MPP_STACK high water mark=            0
