NOTE from PE     0: MPP_DOMAINS_SET_STACK_SIZE: stack size set to    32768.
NOTE from PE     0: MPP_DOMAINS_SET_STACK_SIZE: stack size set to 30000000.
NOTE from PE     0: ======== Model being driven by MOM_driver ========
NOTE from PE     0: callTree: o Program MOM_main, MOM_driver.F90
NOTE from PE     0: open_param_file: MOM_input has been opened successfully.
NOTE from PE     0: open_param_file: MOM_override has been opened successfully.

WARNING from PE     0: MOM_file_parser : DT over-ridden.  Line: 'DT = 150' in file MOM_override.


WARNING from PE     0: MOM_file_parser : DT_THERM over-ridden.  Line: 'DT_THERM = 300' in file MOM_override.


WARNING from PE     0: MOM_file_parser : NIGLOBAL over-ridden.  Line: 'NIGLOBAL = 256' in file MOM_override.


WARNING from PE     0: MOM_file_parser : NJGLOBAL over-ridden.  Line: 'NJGLOBAL = 128' in file MOM_override.

 MOM_in domain decomposition
whalo =    4, ehalo =    4, shalo =    4, nhalo =    4
  X-AXIS =   22  22  21  21  21  21  21  21  21  21  22  22
  Y-AXIS =   16  16  16  16  16  16  16  16
NOTE from PE     0: diag_manager_mod::diag_manager_init: prepend_date only supported when diag_manager_init is called with time_init present.
NOTE from PE     0: diag_manager_mod::diag_manager_init: You are using the legacy version of the diag table
 MOM_in domain decomposition
whalo =    4, ehalo =    4, shalo =    4, nhalo =    4
  X-AXIS =   22  22  21  21  21  21  21  21  21  21  22  22
  Y-AXIS =   16  16  16  16  16  16  16  16

WARNING from PE     0: MOM_file_parser : NK over-ridden.  Line: 'NK = 100' in file MOM_override.

 MOM_in domain decomposition
whalo =    4, ehalo =    4, shalo =    4, nhalo =    4
  X-AXIS =   22  22  21  21  21  21  21  21  21  21  22  22
  Y-AXIS =   16  16  16  16  16  16  16  16

WARNING from PE     0: Open_file is appending .nc to the filename ./ocean_geometry


WARNING from PE     0: MOM_file_parser : COORD_CONFIG over-ridden.  Line: 'COORD_CONFIG = "linear"' in file MOM_override.

 MOM_in domain decomposition
whalo =    4, ehalo =    4, shalo =    4, nhalo =    4
  X-AXIS =   22  22  21  21  21  21  21  21  21  21  22  22
  Y-AXIS =   16  16  16  16  16  16  16  16
 MOM_in domain decomposition
whalo =    4, ehalo =    4, shalo =    4, nhalo =    4
  X-AXIS =   22  22  21  21  21  21  21  21  21  21  22  22
  Y-AXIS =   16  16  16  16  16  16  16  16

WARNING from PE     0: ./Depth_list.nc checksums do not match; updating file.


WARNING from PE     0: MOM_file_parser : DT_FORCING over-ridden.  Line: 'DT_FORCING = 300' in file MOM_override.


WARNING from PE     0: MOM_file_parser : DAYMAX over-ridden.  Line: 'DAYMAX = 150' in file MOM_override.


WARNING from PE     0: MOM_file_parser : RESTART_CONTROL over-ridden.  Line: 'RESTART_CONTROL = -1' in file MOM_override.


WARNING from PE     0: MOM_file_parser : RESTINT over-ridden.  Line: 'RESTINT = 0.0' in file MOM_override.


WARNING from PE     0: Unused line in MOM_input : GINT = 0.0098


WARNING from PE     0: open_ASCII_file: File ./CPU_stats opened WRITEONLY already exists!


WARNING from PE     0: open_ASCII_file: File ./ocean.stats opened WRITEONLY already exists!

MOM Time       0.000      0: En 9.166218E-12, MaxCFL  0.00000, Mass 5.286507716715E+18
    Total Energy: 41871B321AC54A09  4.8457283346332617E+07
    Total Mass:   5.2865077167146557E+18, Change:   0.0000000000000000E+00 Error:  0.00000E+00 ( 0.0E+00)
MOM Time      50.000     50: En 1.299121E-05, MaxCFL  0.00126, Mass 5.286507716715E+18
    Total Energy: 42CF3B2F684BDF8D  6.8678117791679102E+13
    Total Mass:   5.2865077167146557E+18, Change:   8.7610779580014636E+01 Error:  8.76108E+01 ( 1.7E-17)
MOM Time     100.000    100: En 4.033907E-05, MaxCFL  0.00184, Mass 5.286507716715E+18
    Total Energy: 42E83E7939F7BB54  2.1325280704866662E+14
    Total Mass:   5.2865077167146557E+18, Change:  -2.3128586331204541E+00 Error: -2.31286E+00 (-4.4E-19)
MOM Time     150.000    150: En 6.648018E-05, MaxCFL  0.00167, Mass 5.286507716715E+18
    Total Energy: 42F3FA3DC212BA92  3.5144798209117712E+14
    Total Mass:   5.2865077167146557E+18, Change:  -6.3696809356704875E-01 Error: -6.36968E-01 (-1.2E-19)

WARNING from PE     0: open_ASCII_file: File exitcode opened WRITEONLY already exists!

 MPP_DOMAINS_STACK high water mark=      171200

Tabulating mpp_clock statistics across     96 PEs...

                                      hits          tmin          tmax          tavg          tstd  tfrac grain pemin pemax
Total runtime                            1      8.479093      8.479094      8.479095      0.000002  1.000     0     0    95
Initialization                           1      0.138839      0.139258      0.139032      0.000117  0.016     0     0    95
Main loop                                1      8.329905      8.330235      8.330117      0.000049  0.982     0     0    95
Termination                              1      0.001248      0.001379      0.001367      0.000019  0.000     0     0    95
Ocean                                   77      8.457325      8.463778      8.460313      0.001558  0.998     1     0    95
Ocean Initialization                     2      0.129320      0.135473      0.132112      0.001536  0.016    11     0    95
Ocean dynamics                         300      8.047191      8.107356      8.084906      0.010397  0.954    11     0    95
Ocean thermodynamics and tracers       225      0.032021      0.051241      0.045107      0.004169  0.005    11     0    95
Ocean grid generation and remapp         0      0.000000      0.000000      0.000000      0.000000  0.000    11     0    95
Ocean Other                            450      0.026399      0.075440      0.046052      0.011595  0.005    11     0    95
Ocean MOM_end                            1      0.003703      0.006573      0.006022      0.000404  0.001    11     0    95
(Ocean tracer advection)               150      0.021947      0.033399      0.029003      0.002419  0.003    21     0    95
(Ocean adiabatic driver)                75      0.009835      0.017997      0.016018      0.001949  0.002    21     0    95
(Ocean continuity equation *)            0      0.000000      0.000000      0.000000      0.000000  0.000    31     0    95
(Ocean set BBL viscosity)               75      0.053330      0.106627      0.068150      0.011997  0.008    31     0    95
(Ocean message passing *)              150      0.113993      0.174617      0.136181      0.012602  0.016    31     0    95
(Ocean MOM_initialize_state)             2      0.003514      0.004844      0.004221      0.000222  0.000    31     0    95
(Ocean init message passing *)           2      0.000626      0.001319      0.001038      0.000140  0.000    41     0    95
(Ocean mixed layer restrat)              0      0.000000      0.000000      0.000000      0.000000  0.000    31     0    95
(Ocean collective diagnostics)         375      0.000757      0.001835      0.001127      0.000224  0.000    31     0    95
(Ocean Z-space diagnostics)              0      0.000000      0.000000      0.000000      0.000000  0.000    31     0    95
(Ocean ALE)                              0      0.000000      0.000000      0.000000      0.000000  0.000    31     0    95
(Stochastic EOS)                       150      0.000019      0.000047      0.000028      0.000004  0.000    31     0    95
(SGS Temperature Variance)             150      0.000008      0.000077      0.000017      0.000012  0.000    31     0    95
(Ocean MOM save_restart)                 0      0.000000      0.000000      0.000000      0.000000  0.000    31     0    95
(Ocean diagnostics framework)            0      0.000000      0.000000      0.000000      0.000000  0.000    31     0    95
(Ocean diagnostics remapping)            0      0.000000      0.000000      0.000000      0.000000  0.000    41     0    95
(Ocean diagnostics grid updates)       526      0.027380      0.040814      0.034540      0.003169  0.004    41     0    95
(Ocean init message passing)             4      0.001811      0.004227      0.003085      0.000492  0.000    41     0    95
(Ocean continuity reconstruction       902      0.255879      0.367328      0.325833      0.025995  0.038    41     0    95
(Ocean continuity update)              902      0.083115      0.162414      0.134700      0.018422  0.016    41     0    95
(Ocean continuity correction)          902      1.707270      2.103518      1.932664      0.089789  0.228    41     0    95
(Ocean BT pre-calcs only)             1200      0.630143      0.802115      0.718314      0.042190  0.085    41     0    95
(Ocean BT pre-step halo updates)      1200      0.079242      0.557482      0.276382      0.118806  0.033    41     0    95
(Ocean BT stepping calcs only)         600      0.019725      0.024587      0.021577      0.000934  0.003    41     0    95
(Ocean BT stepping halo updates)       300      0.006049      0.013410      0.008399      0.001515  0.001    41     0    95
(Ocean BT post-calcs only)             900      0.108559      0.140612      0.127198      0.005986  0.015    41     0    95
(Ocean BT post-step halo updates       600      0.014246      0.021618      0.016771      0.001676  0.002    41     0    95
(Ocean BT global synch)                  0      0.000000      0.000000      0.000000      0.000000  0.000    41     0    95
(Ocean Coriolis & mom advection)       300      0.280183      0.377979      0.329176      0.020653  0.039    31     0    95
(Ocean continuity equation)            450      2.136914      2.577504      2.393014      0.111886  0.282    31     0    95
(Ocean pressure force)                 150      0.441961      0.556380      0.514925      0.021495  0.061    31     0    95
(Ocean vertical viscosity)             450      1.387880      1.528795      1.448383      0.032164  0.171    31     0    95
(Ocean horizontal viscosity)           150      0.168153      0.228826      0.188125      0.012736  0.022    31     0    95
(Ocean momentum increments)            300      0.210053      0.242669      0.225024      0.006977  0.027    31     0    95
(Ocean message passing)               1350      0.741204      1.131588      0.953521      0.083155  0.112    31     0    95
(Ocean barotropic mode calc)           300      0.009743      0.021559      0.016331      0.002663  0.002    31     0    95
(Ocean barotropic mode stepping)       300      0.944885      1.509103      1.171513      0.127444  0.138    31     0    95
(Ocean barotropic forcing calc)        300      0.291016      0.351686      0.321807      0.012771  0.038    31     0    95
(Ocean advect tracer)                    0      0.000000      0.000000      0.000000      0.000000  0.000    31     0    95
(Ocean tracer halo updates)              0      0.000000      0.000000      0.000000      0.000000  0.000    41     0    95
(Ocean tracer global synch)              0      0.000000      0.000000      0.000000      0.000000  0.000    41     0    95
(Ocean diffuse tracer)                   0      0.000000      0.000000      0.000000      0.000000  0.000    31     0    95
(Ocean epipycnal diffuse tracer)         0      0.000000      0.000000      0.000000      0.000000  0.000    31     0    95
(Ocean surface forcing)                 76      0.000936      0.001636      0.001142      0.000097  0.000    31     0    95
(Ocean forcing diagnostics)            150      0.000171      0.000464      0.000273      0.000064  0.000    41     0    95
 MPP_STACK high water mark=           0
