NOTE from PE     0: MPP_DOMAINS_SET_STACK_SIZE: stack size set to    32768.
NOTE from PE     0: MPP_DOMAINS_SET_STACK_SIZE: stack size set to 30000000.
NOTE from PE     0: ======== Model being driven by MOM_driver ========
NOTE from PE     0: callTree: o Program MOM_main, MOM_driver.F90
NOTE from PE     0: open_param_file: MOM_input has been opened successfully.
NOTE from PE     0: open_param_file: MOM_override has been opened successfully.

WARNING from PE     0: MOM_file_parser : DT over-ridden.  Line: 'DT = 300' in file MOM_override.


WARNING from PE     0: MOM_file_parser : DT_THERM over-ridden.  Line: 'DT_THERM = 600' in file MOM_override.


WARNING from PE     0: MOM_file_parser : NIGLOBAL over-ridden.  Line: 'NIGLOBAL = 128' in file MOM_override.


WARNING from PE     0: MOM_file_parser : NJGLOBAL over-ridden.  Line: 'NJGLOBAL = 128' in file MOM_override.

 MOM_in domain decomposition
whalo =    4, ehalo =    4, shalo =    4, nhalo =    4
  X-AXIS =   11  11  11  11  10  10  10  10  11  11  11  11
  Y-AXIS =   16  16  16  16  16  16  16  16
NOTE from PE     0: diag_manager_mod::diag_manager_init: prepend_date only supported when diag_manager_init is called with time_init present.
NOTE from PE     0: diag_manager_mod::diag_manager_init: You are using the legacy version of the diag table
 MOM_in domain decomposition
whalo =    4, ehalo =    4, shalo =    4, nhalo =    4
  X-AXIS =   11  11  11  11  10  10  10  10  11  11  11  11
  Y-AXIS =   16  16  16  16  16  16  16  16

WARNING from PE     0: MOM_file_parser : NK over-ridden.  Line: 'NK = 100' in file MOM_override.

 MOM_in domain decomposition
whalo =    4, ehalo =    4, shalo =    4, nhalo =    4
  X-AXIS =   11  11  11  11  10  10  10  10  11  11  11  11
  Y-AXIS =   16  16  16  16  16  16  16  16

WARNING from PE     0: Open_file is appending .nc to the filename ./ocean_geometry


WARNING from PE     0: MOM_file_parser : COORD_CONFIG over-ridden.  Line: 'COORD_CONFIG = "linear"' in file MOM_override.

 MOM_in domain decomposition
whalo =    4, ehalo =    4, shalo =    4, nhalo =    4
  X-AXIS =   11  11  11  11  10  10  10  10  11  11  11  11
  Y-AXIS =   16  16  16  16  16  16  16  16
 MOM_in domain decomposition
whalo =    4, ehalo =    4, shalo =    4, nhalo =    4
  X-AXIS =   11  11  11  11  10  10  10  10  11  11  11  11
  Y-AXIS =   16  16  16  16  16  16  16  16

WARNING from PE     0: ./Depth_list.nc checksums do not match; updating file.


WARNING from PE     0: MOM_file_parser : DT_FORCING over-ridden.  Line: 'DT_FORCING = 600' in file MOM_override.


WARNING from PE     0: MOM_file_parser : DAYMAX over-ridden.  Line: 'DAYMAX = 150' in file MOM_override.


WARNING from PE     0: MOM_file_parser : RESTART_CONTROL over-ridden.  Line: 'RESTART_CONTROL = -1' in file MOM_override.


WARNING from PE     0: MOM_file_parser : RESTINT over-ridden.  Line: 'RESTINT = 0.0' in file MOM_override.


WARNING from PE     0: Unused line in MOM_input : GINT = 0.0098


WARNING from PE     0: open_ASCII_file: File ./CPU_stats opened WRITEONLY already exists!


WARNING from PE     0: open_ASCII_file: File ./ocean.stats opened WRITEONLY already exists!

MOM Time       0.000      0: En 9.164543E-12, MaxCFL  0.00000, Mass 5.286601636954E+18
    Total Energy: 41871A38330EA000  4.8449286382141113E+07
    Total Mass:   5.2866016369539963E+18, Change:   0.0000000000000000E+00 Error:  0.00000E+00 ( 0.0E+00)
MOM Time      50.000     50: En 4.018195E-05, MaxCFL  0.00184, Mass 5.286601636954E+18
    Total Energy: 42E82668CA0D57F2  2.1242596716819156E+14
    Total Mass:   5.2866016369539963E+18, Change:   8.4805247037050407E+01 Error:  8.48052E+01 ( 1.6E-17)
MOM Time     100.000    100: En 8.022032E-05, MaxCFL  0.00256, Mass 5.286601636954E+18
    Total Energy: 42F81B5D021CBF72  4.2409285765016712E+14
    Total Mass:   5.2866016369539973E+18, Change:  -3.9945119739020605E+00 Error: -3.99451E+00 (-7.6E-19)
MOM Time     150.000    150: En 6.198263E-05, MaxCFL  0.00212, Mass 5.286601636954E+18
    Total Energy: 42F2A055AEEB6F14  3.2767746550756925E+14
    Total Mass:   5.2866016369539963E+18, Change:   2.3279813841664314E+00 Error:  2.32798E+00 ( 4.4E-19)

WARNING from PE     0: open_ASCII_file: File exitcode opened WRITEONLY already exists!

 MPP_DOMAINS_STACK high water mark=      127200

Tabulating mpp_clock statistics across     96 PEs...

                                      hits          tmin          tmax          tavg          tstd  tfrac grain pemin pemax
Total runtime                            1      4.907978      4.907979      4.907978      0.000001  1.000     0     0    95
Initialization                           1      0.124846      0.125532      0.125180      0.000136  0.026     0     0    95
Main loop                                1      4.775243      4.775382      4.775301      0.000039  0.973     0     0    95
Termination                              1      0.000863      0.000993      0.000989      0.000013  0.000     0     0    95
Ocean                                   77      4.887341      4.894288      4.890225      0.001733  0.996     1     0    95
Ocean Initialization                     2      0.115082      0.121825      0.117841      0.001694  0.024    11     0    95
Ocean dynamics                         300      4.613439      4.647979      4.634159      0.006118  0.944    11     0    95
Ocean thermodynamics and tracers       225      0.007502      0.022960      0.016456      0.004195  0.003    11     0    95
Ocean grid generation and remapp         0      0.000000      0.000000      0.000000      0.000000  0.000    11     0    95
Ocean Other                            450      0.014945      0.042822      0.025968      0.007071  0.005    11     0    95
Ocean MOM_end                            1      0.002318      0.004484      0.004236      0.000228  0.001    11     0    95
(Ocean tracer advection)               150      0.005085      0.014892      0.010347      0.002673  0.002    21     0    95
(Ocean adiabatic driver)                75      0.002329      0.008326      0.006014      0.001622  0.001    21     0    95
(Ocean continuity equation *)            0      0.000000      0.000000      0.000000      0.000000  0.000    31     0    95
(Ocean set BBL viscosity)               75      0.018241      0.073121      0.028662      0.012386  0.006    31     0    95
(Ocean message passing *)              150      0.055793      0.101905      0.080708      0.011201  0.016    31     0    95
(Ocean MOM_initialize_state)             2      0.002858      0.004351      0.003239      0.000179  0.001    31     0    95
(Ocean init message passing *)           2      0.000454      0.000944      0.000737      0.000116  0.000    41     0    95
(Ocean mixed layer restrat)              0      0.000000      0.000000      0.000000      0.000000  0.000    31     0    95
(Ocean collective diagnostics)         375      0.000805      0.002128      0.001212      0.000277  0.000    31     0    95
(Ocean Z-space diagnostics)              0      0.000000      0.000000      0.000000      0.000000  0.000    31     0    95
(Ocean ALE)                              0      0.000000      0.000000      0.000000      0.000000  0.000    31     0    95
(Stochastic EOS)                       150      0.000011      0.000069      0.000027      0.000012  0.000    31     0    95
(SGS Temperature Variance)             150      0.000008      0.000086      0.000017      0.000014  0.000    31     0    95
(Ocean MOM save_restart)                 0      0.000000      0.000000      0.000000      0.000000  0.000    31     0    95
(Ocean diagnostics framework)            0      0.000000      0.000000      0.000000      0.000000  0.000    31     0    95
(Ocean diagnostics remapping)            0      0.000000      0.000000      0.000000      0.000000  0.000    41     0    95
(Ocean diagnostics grid updates)       526      0.015624      0.035973      0.025887      0.005540  0.005    41     0    95
(Ocean init message passing)             4      0.001255      0.003053      0.002113      0.000354  0.000    41     0    95
(Ocean continuity reconstruction       902      0.131851      0.204050      0.172803      0.014995  0.035    41     0    95
(Ocean continuity update)              902      0.029760      0.087858      0.061524      0.014366  0.013    41     0    95
(Ocean continuity correction)          902      1.110881      1.312473      1.229287      0.057661  0.250    41     0    95
(Ocean BT pre-calcs only)             1200      0.326960      0.413289      0.366286      0.019762  0.075    41     0    95
(Ocean BT pre-step halo updates)      1200      0.062706      0.491223      0.189684      0.094174  0.039    41     0    95
(Ocean BT stepping calcs only)         600      0.012479      0.015488      0.013753      0.000694  0.003    41     0    95
(Ocean BT stepping halo updates)       300      0.005202      0.013419      0.007139      0.001335  0.001    41     0    95
(Ocean BT post-calcs only)             900      0.069227      0.090826      0.079917      0.004374  0.016    41     0    95
(Ocean BT post-step halo updates       600      0.011886      0.019974      0.014355      0.001580  0.003    41     0    95
(Ocean BT global synch)                  0      0.000000      0.000000      0.000000      0.000000  0.000    41     0    95
(Ocean Coriolis & mom advection)       300      0.142166      0.223733      0.169722      0.018822  0.035    31     0    95
(Ocean continuity equation)            450      1.292263      1.562836      1.463380      0.073915  0.298    31     0    95
(Ocean pressure force)                 150      0.270959      0.314800      0.298354      0.008129  0.061    31     0    95
(Ocean vertical viscosity)             450      0.731004      0.821200      0.774772      0.025560  0.158    31     0    95
(Ocean horizontal viscosity)           150      0.102572      0.153179      0.117418      0.012485  0.024    31     0    95
(Ocean momentum increments)            300      0.088076      0.108987      0.098780      0.003828  0.020    31     0    95
(Ocean message passing)               1350      0.484604      0.751765      0.583513      0.069399  0.119    31     0    95
(Ocean barotropic mode calc)           300      0.004798      0.008787      0.006454      0.000765  0.001    31     0    95
(Ocean barotropic mode stepping)       300      0.540803      0.953875      0.672079      0.093382  0.137    31     0    95
(Ocean barotropic forcing calc)        300      0.144121      0.202234      0.177708      0.014100  0.036    31     0    95
(Ocean advect tracer)                    0      0.000000      0.000000      0.000000      0.000000  0.000    31     0    95
(Ocean tracer halo updates)              0      0.000000      0.000000      0.000000      0.000000  0.000    41     0    95
(Ocean tracer global synch)              0      0.000000      0.000000      0.000000      0.000000  0.000    41     0    95
(Ocean diffuse tracer)                   0      0.000000      0.000000      0.000000      0.000000  0.000    31     0    95
(Ocean epipycnal diffuse tracer)         0      0.000000      0.000000      0.000000      0.000000  0.000    31     0    95
(Ocean surface forcing)                 76      0.000893      0.001731      0.001114      0.000122  0.000    31     0    95
(Ocean forcing diagnostics)            150      0.000194      0.000640      0.000304      0.000114  0.000    41     0    95
 MPP_STACK high water mark=           0
