NOTE from PE     0: MPP_DOMAINS_SET_STACK_SIZE: stack size set to    32768.
NOTE from PE     0: MPP_DOMAINS_SET_STACK_SIZE: stack size set to 30000000.
NOTE from PE     0: ======== Model being driven by MOM_driver ========
NOTE from PE     0: callTree: o Program MOM_main, MOM_driver.F90
NOTE from PE     0: open_param_file: MOM_input has been opened successfully.
NOTE from PE     0: open_param_file: MOM_override has been opened successfully.

WARNING from PE     0: MOM_file_parser : DT over-ridden.  Line: 'DT = 100' in file MOM_override.


WARNING from PE     0: MOM_file_parser : DT_THERM over-ridden.  Line: 'DT_THERM = 200' in file MOM_override.


WARNING from PE     0: MOM_file_parser : NIGLOBAL over-ridden.  Line: 'NIGLOBAL = 384' in file MOM_override.


WARNING from PE     0: MOM_file_parser : NJGLOBAL over-ridden.  Line: 'NJGLOBAL = 256' in file MOM_override.

 MOM_in domain decomposition
whalo =    4, ehalo =    4, shalo =    4, nhalo =    4
  X-AXIS =   32  32  32  32  32  32  32  32  32  32  32  32
  Y-AXIS =   32  32  32  32  32  32  32  32
NOTE from PE     0: diag_manager_mod::diag_manager_init: prepend_date only supported when diag_manager_init is called with time_init present.
NOTE from PE     0: diag_manager_mod::diag_manager_init: You are using the legacy version of the diag table
 MOM_in domain decomposition
whalo =    4, ehalo =    4, shalo =    4, nhalo =    4
  X-AXIS =   32  32  32  32  32  32  32  32  32  32  32  32
  Y-AXIS =   32  32  32  32  32  32  32  32

WARNING from PE     0: MOM_file_parser : NK over-ridden.  Line: 'NK = 100' in file MOM_override.

 MOM_in domain decomposition
whalo =    4, ehalo =    4, shalo =    4, nhalo =    4
  X-AXIS =   32  32  32  32  32  32  32  32  32  32  32  32
  Y-AXIS =   32  32  32  32  32  32  32  32

WARNING from PE     0: Open_file is appending .nc to the filename ./ocean_geometry


WARNING from PE     0: MOM_file_parser : COORD_CONFIG over-ridden.  Line: 'COORD_CONFIG = "linear"' in file MOM_override.

 MOM_in domain decomposition
whalo =    4, ehalo =    4, shalo =    4, nhalo =    4
  X-AXIS =   32  32  32  32  32  32  32  32  32  32  32  32
  Y-AXIS =   32  32  32  32  32  32  32  32
 MOM_in domain decomposition
whalo =    4, ehalo =    4, shalo =    4, nhalo =    4
  X-AXIS =   32  32  32  32  32  32  32  32  32  32  32  32
  Y-AXIS =   32  32  32  32  32  32  32  32

WARNING from PE     0: ./Depth_list.nc checksums do not match; updating file.


WARNING from PE     0: MOM_file_parser : DT_FORCING over-ridden.  Line: 'DT_FORCING = 200' in file MOM_override.


WARNING from PE     0: MOM_file_parser : DAYMAX over-ridden.  Line: 'DAYMAX = 150' in file MOM_override.


WARNING from PE     0: MOM_file_parser : RESTART_CONTROL over-ridden.  Line: 'RESTART_CONTROL = -1' in file MOM_override.


WARNING from PE     0: MOM_file_parser : RESTINT over-ridden.  Line: 'RESTINT = 0.0' in file MOM_override.


WARNING from PE     0: Unused line in MOM_input : GINT = 0.0098


WARNING from PE     0: open_ASCII_file: File ./CPU_stats opened WRITEONLY already exists!


WARNING from PE     0: open_ASCII_file: File ./ocean.stats opened WRITEONLY already exists!

MOM Time       0.000      0: En 9.167441E-12, MaxCFL  0.00000, Mass 5.286439414611E+18
    Total Energy: 41871BE88F0D4D5A  4.8463121881495193E+07
    Total Mass:   5.2864394146114447E+18, Change:   0.0000000000000000E+00 Error:  0.00000E+00 ( 0.0E+00)
MOM Time      50.000     50: En 6.222872E-06, MaxCFL  0.00090, Mass 5.286439414611E+18
    Total Energy: 42BDEB645547C464  3.2896837830596391E+13
    Total Mass:   5.2864394146114447E+18, Change:   1.7192327613925819E+01 Error:  1.71923E+01 ( 3.3E-18)
MOM Time     100.000    100: En 2.137528E-05, MaxCFL  0.00154, Mass 5.286439414611E+18
    Total Energy: 42D9B169F7930FD6  1.1299911095404734E+14
    Total Mass:   5.2864394146114447E+18, Change:   2.2106038005387108E-01 Error:  2.21060E-01 ( 4.2E-20)
MOM Time     150.000    150: En 4.038870E-05, MaxCFL  0.00184, Mass 5.286439414611E+18
    Total Energy: 42E846076F612916  2.1351241213780069E+14
    Total Mass:   5.2864394146114447E+18, Change:  -8.5693254891747150E-01 Error: -8.56933E-01 (-1.6E-19)

WARNING from PE     0: open_ASCII_file: File exitcode opened WRITEONLY already exists!

 MPP_DOMAINS_STACK high water mark=      275200

Tabulating mpp_clock statistics across     96 PEs...

                                      hits          tmin          tmax          tavg          tstd  tfrac grain pemin pemax
Total runtime                            1     23.978617     23.978617     23.978615      0.000002  1.000     0     0    95
Initialization                           1      0.206665      0.207247      0.206995      0.000114  0.009     0     0    95
Main loop                                1     23.752140     23.752289     23.752207      0.000036  0.991     0     0    95
Termination                              1      0.002742      0.002862      0.002859      0.000012  0.000     0     0    95
Ocean                                   77     23.949745     23.957998     23.953527      0.001772  0.999     1     0    95
Ocean Initialization                     2      0.200362      0.206945      0.203009      0.001548  0.008    11     0    95
Ocean dynamics                         300     23.158426     23.265991     23.216034      0.021299  0.968    11     0    95
Ocean thermodynamics and tracers       225      0.089611      0.117003      0.104105      0.006441  0.004    11     0    95
Ocean grid generation and remapp         0      0.000000      0.000000      0.000000      0.000000  0.000    11     0    95
Ocean Other                            450      0.096510      0.193490      0.125104      0.019571  0.005    11     0    95
Ocean MOM_end                            1      0.008480      0.014579      0.013136      0.001289  0.001    11     0    95
(Ocean tracer advection)               150      0.059994      0.076778      0.069006      0.003988  0.003    21     0    95
(Ocean adiabatic driver)                75      0.029319      0.040425      0.034999      0.002712  0.001    21     0    95
(Ocean continuity equation *)            0      0.000000      0.000000      0.000000      0.000000  0.000    31     0    95
(Ocean set BBL viscosity)               75      0.165145      0.232760      0.196318      0.014347  0.008    31     0    95
(Ocean message passing *)              150      0.174811      0.325231      0.247686      0.028398  0.010    31     0    95
(Ocean MOM_initialize_state)             2      0.006647      0.007763      0.007421      0.000295  0.000    31     0    95
(Ocean init message passing *)           2      0.001032      0.002286      0.001756      0.000273  0.000    41     0    95
(Ocean mixed layer restrat)              0      0.000000      0.000000      0.000000      0.000000  0.000    31     0    95
(Ocean collective diagnostics)         375      0.000831      0.002203      0.001143      0.000273  0.000    31     0    95
(Ocean Z-space diagnostics)              0      0.000000      0.000000      0.000000      0.000000  0.000    31     0    95
(Ocean ALE)                              0      0.000000      0.000000      0.000000      0.000000  0.000    31     0    95
(Stochastic EOS)                       150      0.000018      0.000050      0.000027      0.000005  0.000    31     0    95
(SGS Temperature Variance)             150      0.000007      0.000014      0.000010      0.000001  0.000    31     0    95
(Ocean MOM save_restart)                 0      0.000000      0.000000      0.000000      0.000000  0.000    31     0    95
(Ocean diagnostics framework)            0      0.000000      0.000000      0.000000      0.000000  0.000    31     0    95
(Ocean diagnostics remapping)            0      0.000000      0.000000      0.000000      0.000000  0.000    41     0    95
(Ocean diagnostics grid updates)       526      0.078528      0.110576      0.095955      0.005779  0.004    41     0    95
(Ocean init message passing)             4      0.004102      0.007904      0.005752      0.000707  0.000    41     0    95
(Ocean continuity reconstruction       902      0.681500      1.018972      0.864250      0.075325  0.036    41     0    95
(Ocean continuity update)              902      0.292016      0.478758      0.411518      0.040530  0.017    41     0    95
(Ocean continuity correction)          902      4.257106      5.702224      5.158748      0.321798  0.215    41     0    95
(Ocean BT pre-calcs only)             1200      1.962283      2.379118      2.188126      0.083277  0.091    41     0    95
(Ocean BT pre-step halo updates)      1200      0.239785      1.686828      0.861547      0.314941  0.036    41     0    95
(Ocean BT stepping calcs only)         600      0.042744      0.057525      0.050366      0.003534  0.002    41     0    95
(Ocean BT stepping halo updates)       300      0.011829      0.057529      0.023689      0.008966  0.001    41     0    95
(Ocean BT post-calcs only)             900      0.257343      0.330676      0.302652      0.016997  0.013    41     0    95
(Ocean BT post-step halo updates       600      0.019260      0.072931      0.034120      0.011212  0.001    41     0    95
(Ocean BT global synch)                  0      0.000000      0.000000      0.000000      0.000000  0.000    41     0    95
(Ocean Coriolis & mom advection)       300      0.935849      1.036062      0.977279      0.021302  0.041    31     0    95
(Ocean continuity equation)            450      5.556530      7.020397      6.429497      0.338776  0.268    31     0    95
(Ocean pressure force)                 150      1.788115      1.990436      1.905422      0.043114  0.079    31     0    95
(Ocean vertical viscosity)             450      4.452112      4.761017      4.624601      0.072637  0.193    31     0    95
(Ocean horizontal viscosity)           150      0.424203      0.507561      0.454138      0.020089  0.019    31     0    95
(Ocean momentum increments)            300      0.758469      0.834022      0.799708      0.017105  0.033    31     0    95
(Ocean message passing)               1350      1.659300      2.697647      2.079290      0.218719  0.087    31     0    95
(Ocean barotropic mode calc)           300      0.042393      0.071506      0.060234      0.006656  0.003    31     0    95
(Ocean barotropic mode stepping)       300      2.876312      4.217420      3.466027      0.295915  0.145    31     0    95
(Ocean barotropic forcing calc)        300      0.797758      0.893211      0.854066      0.021739  0.036    31     0    95
(Ocean advect tracer)                    0      0.000000      0.000000      0.000000      0.000000  0.000    31     0    95
(Ocean tracer halo updates)              0      0.000000      0.000000      0.000000      0.000000  0.000    41     0    95
(Ocean tracer global synch)              0      0.000000      0.000000      0.000000      0.000000  0.000    41     0    95
(Ocean diffuse tracer)                   0      0.000000      0.000000      0.000000      0.000000  0.000    31     0    95
(Ocean epipycnal diffuse tracer)         0      0.000000      0.000000      0.000000      0.000000  0.000    31     0    95
(Ocean surface forcing)                 76      0.000942      0.001788      0.001093      0.000103  0.000    31     0    95
(Ocean forcing diagnostics)            150      0.000204      0.000577      0.000275      0.000065  0.000    41     0    95
 MPP_STACK high water mark=           0
