NOTE from PE     0: MPP_DOMAINS_SET_STACK_SIZE: stack size set to    32768.
NOTE from PE     0: MPP_DOMAINS_SET_STACK_SIZE: stack size set to 30000000.
NOTE from PE     0: ======== Model being driven by MOM_driver ========
NOTE from PE     0: callTree: o Program MOM_main, MOM_driver.F90
NOTE from PE     0: open_param_file: MOM_input has been opened successfully.
NOTE from PE     0: open_param_file: MOM_override has been opened successfully.

WARNING from PE     0: MOM_file_parser : DT over-ridden.  Line: 'DT = 75' in file MOM_override.


WARNING from PE     0: MOM_file_parser : DT_THERM over-ridden.  Line: 'DT_THERM = 150' in file MOM_override.


WARNING from PE     0: MOM_file_parser : NIGLOBAL over-ridden.  Line: 'NIGLOBAL = 512' in file MOM_override.


WARNING from PE     0: MOM_file_parser : NJGLOBAL over-ridden.  Line: 'NJGLOBAL = 256' in file MOM_override.

 MOM_in domain decomposition
whalo =    4, ehalo =    4, shalo =    4, nhalo =    4
  X-AXIS =   43  43  43  43  42  42  42  42  43  43  43  43
  Y-AXIS =   32  32  32  32  32  32  32  32
NOTE from PE     0: diag_manager_mod::diag_manager_init: prepend_date only supported when diag_manager_init is called with time_init present.
NOTE from PE     0: diag_manager_mod::diag_manager_init: You are using the legacy version of the diag table
 MOM_in domain decomposition
whalo =    4, ehalo =    4, shalo =    4, nhalo =    4
  X-AXIS =   43  43  43  43  42  42  42  42  43  43  43  43
  Y-AXIS =   32  32  32  32  32  32  32  32

WARNING from PE     0: MOM_file_parser : NK over-ridden.  Line: 'NK = 100' in file MOM_override.

 MOM_in domain decomposition
whalo =    4, ehalo =    4, shalo =    4, nhalo =    4
  X-AXIS =   43  43  43  43  42  42  42  42  43  43  43  43
  Y-AXIS =   32  32  32  32  32  32  32  32

WARNING from PE     0: Open_file is appending .nc to the filename ./ocean_geometry


WARNING from PE     0: MOM_file_parser : COORD_CONFIG over-ridden.  Line: 'COORD_CONFIG = "linear"' in file MOM_override.

 MOM_in domain decomposition
whalo =    4, ehalo =    4, shalo =    4, nhalo =    4
  X-AXIS =   43  43  43  43  42  42  42  42  43  43  43  43
  Y-AXIS =   32  32  32  32  32  32  32  32
 MOM_in domain decomposition
whalo =    4, ehalo =    4, shalo =    4, nhalo =    4
  X-AXIS =   43  43  43  43  42  42  42  42  43  43  43  43
  Y-AXIS =   32  32  32  32  32  32  32  32

WARNING from PE     0: ./Depth_list.nc checksums do not match; updating file.


WARNING from PE     0: MOM_file_parser : DT_FORCING over-ridden.  Line: 'DT_FORCING = 150' in file MOM_override.


WARNING from PE     0: MOM_file_parser : DAYMAX over-ridden.  Line: 'DAYMAX = 150' in file MOM_override.


WARNING from PE     0: MOM_file_parser : RESTART_CONTROL over-ridden.  Line: 'RESTART_CONTROL = -1' in file MOM_override.


WARNING from PE     0: MOM_file_parser : RESTINT over-ridden.  Line: 'RESTINT = 0.0' in file MOM_override.


WARNING from PE     0: Unused line in MOM_input : GINT = 0.0098


WARNING from PE     0: open_ASCII_file: File ./CPU_stats opened WRITEONLY already exists!


WARNING from PE     0: open_ASCII_file: File ./ocean.stats opened WRITEONLY already exists!

MOM Time       0.000      0: En 9.167549E-12, MaxCFL  0.00000, Mass 5.286433166925E+18
    Total Energy: 41871BF8A881B2F2  4.8463637063329592E+07
    Total Mass:   5.2864331669247314E+18, Change:   0.0000000000000000E+00 Error:  0.00000E+00 ( 0.0E+00)
MOM Time      50.000     50: En 3.628256E-06, MaxCFL  0.00070, Mass 5.286433166925E+18
    Total Energy: 42B171D0E6FA0D1A  1.9180533774861102E+13
    Total Mass:   5.2864331669247314E+18, Change:   3.7420280329753389E+01 Error:  3.74203E+01 ( 7.1E-18)
MOM Time     100.000    100: En 1.302024E-05, MaxCFL  0.00126, Mass 5.286433166925E+18
    Total Energy: 42CF4CEFFF3C6045  6.8830608914624539E+13
    Total Mass:   5.2864331669247314E+18, Change:   4.4183971567827696E-01 Error:  4.41840E-01 ( 8.4E-20)
MOM Time     150.000    150: En 2.597818E-05, MaxCFL  0.00165, Mass 5.286433166925E+18
    Total Energy: 42DF39C52AB9C6E6  1.3733192603420359E+14
    Total Mass:   5.2864331669247314E+18, Change:   2.7136951637636431E-01 Error:  2.71370E-01 ( 5.1E-20)

WARNING from PE     0: open_ASCII_file: File exitcode opened WRITEONLY already exists!

 MPP_DOMAINS_STACK high water mark=      319200

Tabulating mpp_clock statistics across     96 PEs...

                                      hits          tmin          tmax          tavg          tstd  tfrac grain pemin pemax
Total runtime                            1     32.328434     32.328438     32.328434      0.000002  1.000     0     0    95
Initialization                           1      0.248374      0.249035      0.248698      0.000123  0.008     0     0    95
Main loop                                1     32.055515     32.055660     32.055569      0.000034  0.992     0     0    95
Termination                              1      0.003238      0.003351      0.003347      0.000011  0.000     0     0    95
Ocean                                   77     32.294224     32.303509     32.297901      0.002171  0.999     1     0    95
Ocean Initialization                     2      0.242393      0.249023      0.245287      0.001589  0.008    11     0    95
Ocean dynamics                         300     31.314718     31.463478     31.382196      0.029475  0.971    11     0    95
Ocean thermodynamics and tracers       225      0.118058      0.160072      0.138107      0.008632  0.004    11     0    95
Ocean grid generation and remapp         0      0.000000      0.000000      0.000000      0.000000  0.000    11     0    95
Ocean Other                            450      0.109280      0.226020      0.148967      0.025232  0.005    11     0    95
Ocean MOM_end                            1      0.010642      0.018858      0.016449      0.001750  0.001    11     0    95
(Ocean tracer advection)               150      0.078227      0.105281      0.090836      0.005590  0.003    21     0    95
(Ocean adiabatic driver)                75      0.038836      0.054704      0.047157      0.003800  0.001    21     0    95
(Ocean continuity equation *)            0      0.000000      0.000000      0.000000      0.000000  0.000    31     0    95
(Ocean set BBL viscosity)               75      0.220395      0.297524      0.251292      0.015714  0.008    31     0    95
(Ocean message passing *)              150      0.232511      0.398956      0.312094      0.037155  0.010    31     0    95
(Ocean MOM_initialize_state)             2      0.008003      0.009341      0.008947      0.000363  0.000    31     0    95
(Ocean init message passing *)           2      0.001259      0.002888      0.002159      0.000344  0.000    41     0    95
(Ocean mixed layer restrat)              0      0.000000      0.000000      0.000000      0.000000  0.000    31     0    95
(Ocean collective diagnostics)         375      0.000869      0.002164      0.001201      0.000258  0.000    31     0    95
(Ocean Z-space diagnostics)              0      0.000000      0.000000      0.000000      0.000000  0.000    31     0    95
(Ocean ALE)                              0      0.000000      0.000000      0.000000      0.000000  0.000    31     0    95
(Stochastic EOS)                       150      0.000020      0.000059      0.000030      0.000007  0.000    31     0    95
(SGS Temperature Variance)             150      0.000008      0.000023      0.000011      0.000002  0.000    31     0    95
(Ocean MOM save_restart)                 0      0.000000      0.000000      0.000000      0.000000  0.000    31     0    95
(Ocean diagnostics framework)            0      0.000000      0.000000      0.000000      0.000000  0.000    31     0    95
(Ocean diagnostics remapping)            0      0.000000      0.000000      0.000000      0.000000  0.000    41     0    95
(Ocean diagnostics grid updates)       526      0.112485      0.163667      0.130302      0.009907  0.004    41     0    95
(Ocean init message passing)             4      0.003696      0.009395      0.006501      0.001055  0.000    41     0    95
(Ocean continuity reconstruction       902      0.796247      1.304666      1.130167      0.107472  0.035    41     0    95
(Ocean continuity update)              902      0.272225      0.658301      0.530628      0.085475  0.016    41     0    95
(Ocean continuity correction)          902      6.115904      7.812970      6.919769      0.389500  0.214    41     0    95
(Ocean BT pre-calcs only)             1200      2.627789      3.356859      3.008166      0.132047  0.093    41     0    95
(Ocean BT pre-step halo updates)      1200      0.382237      2.847390      1.193246      0.553039  0.037    41     0    95
(Ocean BT stepping calcs only)         600      0.053230      0.082570      0.065644      0.006319  0.002    41     0    95
(Ocean BT stepping halo updates)       300      0.014926      0.095255      0.032116      0.018864  0.001    41     0    95
(Ocean BT post-calcs only)             900      0.323695      0.460442      0.423292      0.030898  0.013    41     0    95
(Ocean BT post-step halo updates       600      0.026530      0.139583      0.052155      0.026030  0.002    41     0    95
(Ocean BT global synch)                  0      0.000000      0.000000      0.000000      0.000000  0.000    41     0    95
(Ocean Coriolis & mom advection)       300      1.132845      1.312321      1.224780      0.039972  0.038    31     0    95
(Ocean continuity equation)            450      7.380362      9.451729      8.572583      0.513738  0.265    31     0    95
(Ocean pressure force)                 150      2.301538      2.534527      2.453769      0.052834  0.076    31     0    95
(Ocean vertical viscosity)             450      6.163627      7.174985      6.744867      0.315106  0.209    31     0    95
(Ocean horizontal viscosity)           150      0.542540      0.618323      0.573602      0.021018  0.018    31     0    95
(Ocean momentum increments)            300      1.016411      1.140777      1.084662      0.027800  0.034    31     0    95
(Ocean message passing)               1350      1.970703      3.823615      2.772966      0.445762  0.086    31     0    95
(Ocean barotropic mode calc)           300      0.049119      0.119093      0.083970      0.012584  0.003    31     0    95
(Ocean barotropic mode stepping)       300      3.846888      6.333254      4.779124      0.577802  0.148    31     0    95
(Ocean barotropic forcing calc)        300      1.023440      1.169891      1.107800      0.029274  0.034    31     0    95
(Ocean advect tracer)                    0      0.000000      0.000000      0.000000      0.000000  0.000    31     0    95
(Ocean tracer halo updates)              0      0.000000      0.000000      0.000000      0.000000  0.000    41     0    95
(Ocean tracer global synch)              0      0.000000      0.000000      0.000000      0.000000  0.000    41     0    95
(Ocean diffuse tracer)                   0      0.000000      0.000000      0.000000      0.000000  0.000    31     0    95
(Ocean epipycnal diffuse tracer)         0      0.000000      0.000000      0.000000      0.000000  0.000    31     0    95
(Ocean surface forcing)                 76      0.000926      0.001757      0.001132      0.000109  0.000    31     0    95
(Ocean forcing diagnostics)            150      0.000201      0.000506      0.000288      0.000058  0.000    41     0    95
 MPP_STACK high water mark=           0
