NOTE from PE     0: MPP_DOMAINS_SET_STACK_SIZE: stack size set to    32768.
NOTE from PE     0: MPP_DOMAINS_SET_STACK_SIZE: stack size set to 30000000.
NOTE from PE     0: ======== Model being driven by MOM_driver ========
NOTE from PE     0: callTree: o Program MOM_main, MOM_driver.F90
NOTE from PE     0: open_param_file: MOM_input has been opened successfully.
NOTE from PE     0: open_param_file: MOM_override has been opened successfully.

WARNING from PE     0: MOM_file_parser : DT over-ridden.  Line: 'DT = 150' in file MOM_override.


WARNING from PE     0: MOM_file_parser : DT_THERM over-ridden.  Line: 'DT_THERM = 300' in file MOM_override.


WARNING from PE     0: MOM_file_parser : NIGLOBAL over-ridden.  Line: 'NIGLOBAL = 256' in file MOM_override.


WARNING from PE     0: MOM_file_parser : NJGLOBAL over-ridden.  Line: 'NJGLOBAL = 256' in file MOM_override.

 MOM_in domain decomposition
whalo =    4, ehalo =    4, shalo =    4, nhalo =    4
  X-AXIS =   22  22  21  21  21  21  21  21  21  21  22  22
  Y-AXIS =   32  32  32  32  32  32  32  32
NOTE from PE     0: diag_manager_mod::diag_manager_init: prepend_date only supported when diag_manager_init is called with time_init present.
NOTE from PE     0: diag_manager_mod::diag_manager_init: You are using the legacy version of the diag table
 MOM_in domain decomposition
whalo =    4, ehalo =    4, shalo =    4, nhalo =    4
  X-AXIS =   22  22  21  21  21  21  21  21  21  21  22  22
  Y-AXIS =   32  32  32  32  32  32  32  32

WARNING from PE     0: MOM_file_parser : NK over-ridden.  Line: 'NK = 100' in file MOM_override.

 MOM_in domain decomposition
whalo =    4, ehalo =    4, shalo =    4, nhalo =    4
  X-AXIS =   22  22  21  21  21  21  21  21  21  21  22  22
  Y-AXIS =   32  32  32  32  32  32  32  32

WARNING from PE     0: Open_file is appending .nc to the filename ./ocean_geometry


WARNING from PE     0: MOM_file_parser : COORD_CONFIG over-ridden.  Line: 'COORD_CONFIG = "linear"' in file MOM_override.

 MOM_in domain decomposition
whalo =    4, ehalo =    4, shalo =    4, nhalo =    4
  X-AXIS =   22  22  21  21  21  21  21  21  21  21  22  22
  Y-AXIS =   32  32  32  32  32  32  32  32
 MOM_in domain decomposition
whalo =    4, ehalo =    4, shalo =    4, nhalo =    4
  X-AXIS =   22  22  21  21  21  21  21  21  21  21  22  22
  Y-AXIS =   32  32  32  32  32  32  32  32

WARNING from PE     0: ./Depth_list.nc checksums do not match; updating file.


WARNING from PE     0: MOM_file_parser : DT_FORCING over-ridden.  Line: 'DT_FORCING = 300' in file MOM_override.


WARNING from PE     0: MOM_file_parser : DAYMAX over-ridden.  Line: 'DAYMAX = 150' in file MOM_override.


WARNING from PE     0: MOM_file_parser : RESTART_CONTROL over-ridden.  Line: 'RESTART_CONTROL = -1' in file MOM_override.


WARNING from PE     0: MOM_file_parser : RESTINT over-ridden.  Line: 'RESTINT = 0.0' in file MOM_override.


WARNING from PE     0: Unused line in MOM_input : GINT = 0.0098


WARNING from PE     0: open_ASCII_file: File ./CPU_stats opened WRITEONLY already exists!


WARNING from PE     0: open_ASCII_file: File ./ocean.stats opened WRITEONLY already exists!

MOM Time       0.000      0: En 9.167136E-12, MaxCFL  0.00000, Mass 5.286457540076E+18
    Total Energy: 41871BBB631AB4A4  4.8461676388039857E+07
    Total Mass:   5.2864575400760177E+18, Change:   0.0000000000000000E+00 Error:  0.00000E+00 ( 0.0E+00)
MOM Time      50.000     50: En 1.299125E-05, MaxCFL  0.00126, Mass 5.286457540076E+18
    Total Energy: 42CF3B228ADECE77  6.8677686115740930E+13
    Total Mass:   5.2864575400760177E+18, Change:   1.5174636336605129E+01 Error:  1.51746E+01 ( 2.9E-18)
MOM Time     100.000    100: En 4.033843E-05, MaxCFL  0.00184, Mass 5.286457540076E+18
    Total Energy: 42E83E50EE2EDD65  2.1324739860657116E+14
    Total Mass:   5.2864575400760177E+18, Change:   6.3857150787860295E-01 Error:  6.38572E-01 ( 1.2E-19)
MOM Time     150.000    150: En 6.647693E-05, MaxCFL  0.00207, Mass 5.286457540076E+18
    Total Energy: 42F3F9F16020E2DF  3.5142747829406194E+14
    Total Mass:   5.2864575400760177E+18, Change:  -3.1801529603707337E+00 Error: -3.18015E+00 (-6.0E-19)

WARNING from PE     0: open_ASCII_file: File exitcode opened WRITEONLY already exists!

 MPP_DOMAINS_STACK high water mark=      235200

Tabulating mpp_clock statistics across     96 PEs...

                                      hits          tmin          tmax          tavg          tstd  tfrac grain pemin pemax
Total runtime                            1     17.654331     17.654335     17.654329      0.000004  1.000     0     0    95
Initialization                           1      0.175403      0.176072      0.175758      0.000131  0.010     0     0    95
Main loop                                1     17.463152     17.463366     17.463301      0.000040  0.989     0     0    95
Termination                              1      0.002205      0.002324      0.002321      0.000012  0.000     0     0    95
Ocean                                   77     17.627296     17.635923     17.631031      0.001863  0.999     1     0    95
Ocean Initialization                     2      0.166414      0.173661      0.169547      0.001807  0.010    11     0    95
Ocean dynamics                         300     16.999523     17.096910     17.054155      0.019573  0.966    11     0    95
Ocean thermodynamics and tracers       225      0.062870      0.085415      0.078814      0.004301  0.004    11     0    95
Ocean grid generation and remapp         0      0.000000      0.000000      0.000000      0.000000  0.000    11     0    95
Ocean Other                            450      0.051280      0.103136      0.075981      0.013552  0.004    11     0    95
Ocean MOM_end                            1      0.006207      0.010818      0.009717      0.000857  0.001    11     0    95
(Ocean tracer advection)               150      0.044712      0.058233      0.053565      0.002694  0.003    21     0    95
(Ocean adiabatic driver)                75      0.017870      0.027615      0.025161      0.001776  0.001    21     0    95
(Ocean continuity equation *)            0      0.000000      0.000000      0.000000      0.000000  0.000    31     0    95
(Ocean set BBL viscosity)               75      0.122298      0.208233      0.145967      0.017372  0.008    31     0    95
(Ocean message passing *)              150      0.148125      0.250104      0.204768      0.021014  0.012    31     0    95
(Ocean MOM_initialize_state)             2      0.005390      0.006471      0.006028      0.000230  0.000    31     0    95
(Ocean init message passing *)           2      0.000738      0.001712      0.001387      0.000220  0.000    41     0    95
(Ocean mixed layer restrat)              0      0.000000      0.000000      0.000000      0.000000  0.000    31     0    95
(Ocean collective diagnostics)         375      0.000759      0.002045      0.001115      0.000265  0.000    31     0    95
(Ocean Z-space diagnostics)              0      0.000000      0.000000      0.000000      0.000000  0.000    31     0    95
(Ocean ALE)                              0      0.000000      0.000000      0.000000      0.000000  0.000    31     0    95
(Stochastic EOS)                       150      0.000011      0.000058      0.000026      0.000006  0.000    31     0    95
(SGS Temperature Variance)             150      0.000008      0.000075      0.000013      0.000008  0.000    31     0    95
(Ocean MOM save_restart)                 0      0.000000      0.000000      0.000000      0.000000  0.000    31     0    95
(Ocean diagnostics framework)            0      0.000000      0.000000      0.000000      0.000000  0.000    31     0    95
(Ocean diagnostics remapping)            0      0.000000      0.000000      0.000000      0.000000  0.000    41     0    95
(Ocean diagnostics grid updates)       526      0.061583      0.081378      0.071905      0.004871  0.004    41     0    95
(Ocean init message passing)             4      0.003359      0.006446      0.004683      0.000588  0.000    41     0    95
(Ocean continuity reconstruction       902      0.442353      0.657551      0.558079      0.047713  0.032    41     0    95
(Ocean continuity update)              902      0.224075      0.323897      0.283937      0.022099  0.016    41     0    95
(Ocean continuity correction)          902      3.261157      4.314162      3.834923      0.247279  0.217    41     0    95
(Ocean BT pre-calcs only)             1200      1.493518      1.831570      1.706427      0.069821  0.097    41     0    95
(Ocean BT pre-step halo updates)      1200      0.128158      0.913278      0.475654      0.166193  0.027    41     0    95
(Ocean BT stepping calcs only)         600      0.032705      0.043581      0.037292      0.002447  0.002    41     0    95
(Ocean BT stepping halo updates)       300      0.007814      0.038448      0.016216      0.006482  0.001    41     0    95
(Ocean BT post-calcs only)             900      0.172246      0.258292      0.227291      0.018076  0.013    41     0    95
(Ocean BT post-step halo updates       600      0.016818      0.055808      0.028877      0.008786  0.002    41     0    95
(Ocean BT global synch)                  0      0.000000      0.000000      0.000000      0.000000  0.000    41     0    95
(Ocean Coriolis & mom advection)       300      0.686702      0.801888      0.732261      0.026957  0.041    31     0    95
(Ocean continuity equation)            450      4.173912      5.139190      4.674358      0.236787  0.265    31     0    95
(Ocean pressure force)                 150      1.212769      1.430193      1.348778      0.039764  0.076    31     0    95
(Ocean vertical viscosity)             450      3.238305      3.652091      3.496300      0.093944  0.198    31     0    95
(Ocean horizontal viscosity)           150      0.331395      0.408427      0.354643      0.014202  0.020    31     0    95
(Ocean momentum increments)            300      0.517196      0.604141      0.549370      0.016489  0.031    31     0    95
(Ocean message passing)               1350      1.205294      2.073766      1.577635      0.172665  0.089    31     0    95
(Ocean barotropic mode calc)           300      0.032258      0.051939      0.043632      0.003910  0.002    31     0    95
(Ocean barotropic mode stepping)       300      2.070426      2.999250      2.496066      0.182433  0.141    31     0    95
(Ocean barotropic forcing calc)        300      0.605783      0.688375      0.648893      0.017485  0.037    31     0    95
(Ocean advect tracer)                    0      0.000000      0.000000      0.000000      0.000000  0.000    31     0    95
(Ocean tracer halo updates)              0      0.000000      0.000000      0.000000      0.000000  0.000    41     0    95
(Ocean tracer global synch)              0      0.000000      0.000000      0.000000      0.000000  0.000    41     0    95
(Ocean diffuse tracer)                   0      0.000000      0.000000      0.000000      0.000000  0.000    31     0    95
(Ocean epipycnal diffuse tracer)         0      0.000000      0.000000      0.000000      0.000000  0.000    31     0    95
(Ocean surface forcing)                 76      0.000911      0.001725      0.001105      0.000105  0.000    31     0    95
(Ocean forcing diagnostics)            150      0.000199      0.000431      0.000276      0.000050  0.000    41     0    95
 MPP_STACK high water mark=           0
