NOTE from PE     0: MPP_DOMAINS_SET_STACK_SIZE: stack size set to    32768.
NOTE from PE     0: MPP_DOMAINS_SET_STACK_SIZE: stack size set to 30000000.
NOTE from PE     0: ======== Model being driven by MOM_driver ========
NOTE from PE     0: callTree: o Program MOM_main, MOM_driver.F90
NOTE from PE     0: open_param_file: MOM_input has been opened successfully.
NOTE from PE     0: open_param_file: MOM_override has been opened successfully.

WARNING from PE     0: MOM_file_parser : DT over-ridden.  Line: 'DT = 37' in file MOM_override.


WARNING from PE     0: MOM_file_parser : DT_THERM over-ridden.  Line: 'DT_THERM = 75' in file MOM_override.


WARNING from PE     0: MOM_file_parser : NIGLOBAL over-ridden.  Line: 'NIGLOBAL = 1024' in file MOM_override.


WARNING from PE     0: MOM_file_parser : NJGLOBAL over-ridden.  Line: 'NJGLOBAL = 512' in file MOM_override.

 MOM_in domain decomposition
whalo =    4, ehalo =    4, shalo =    4, nhalo =    4
  X-AXIS =   86  86  85  85  85  85  85  85  85  85  86  86
  Y-AXIS =   64  64  64  64  64  64  64  64
NOTE from PE     0: diag_manager_mod::diag_manager_init: prepend_date only supported when diag_manager_init is called with time_init present.
NOTE from PE     0: diag_manager_mod::diag_manager_init: You are using the legacy version of the diag table
 MOM_in domain decomposition
whalo =    4, ehalo =    4, shalo =    4, nhalo =    4
  X-AXIS =   86  86  85  85  85  85  85  85  85  85  86  86
  Y-AXIS =   64  64  64  64  64  64  64  64

WARNING from PE     0: MOM_file_parser : NK over-ridden.  Line: 'NK = 100' in file MOM_override.

 MOM_in domain decomposition
whalo =    4, ehalo =    4, shalo =    4, nhalo =    4
  X-AXIS =   86  86  85  85  85  85  85  85  85  85  86  86
  Y-AXIS =   64  64  64  64  64  64  64  64

WARNING from PE     0: Open_file is appending .nc to the filename ./ocean_geometry


WARNING from PE     0: MOM_file_parser : COORD_CONFIG over-ridden.  Line: 'COORD_CONFIG = "linear"' in file MOM_override.

 MOM_in domain decomposition
whalo =    4, ehalo =    4, shalo =    4, nhalo =    4
  X-AXIS =   86  86  85  85  85  85  85  85  85  85  86  86
  Y-AXIS =   64  64  64  64  64  64  64  64
 MOM_in domain decomposition
whalo =    4, ehalo =    4, shalo =    4, nhalo =    4
  X-AXIS =   86  86  85  85  85  85  85  85  85  85  86  86
  Y-AXIS =   64  64  64  64  64  64  64  64

WARNING from PE     0: ./Depth_list.nc checksums do not match; updating file.


WARNING from PE     0: MOM_file_parser : DT_FORCING over-ridden.  Line: 'DT_FORCING = 75' in file MOM_override.


WARNING from PE     0: MOM_file_parser : DAYMAX over-ridden.  Line: 'DAYMAX = 150' in file MOM_override.


WARNING from PE     0: MOM_file_parser : RESTART_CONTROL over-ridden.  Line: 'RESTART_CONTROL = -1' in file MOM_override.


WARNING from PE     0: MOM_file_parser : RESTINT over-ridden.  Line: 'RESTINT = 0.0' in file MOM_override.


WARNING from PE     0: Unused line in MOM_input : GINT = 0.0098


WARNING from PE     0: open_ASCII_file: File ./CPU_stats opened WRITEONLY already exists!


WARNING from PE     0: open_ASCII_file: File ./ocean.stats opened WRITEONLY already exists!

MOM Time       0.000      0: En 9.167888E-12, MaxCFL  0.00000, Mass 5.286414704261E+18
    Total Energy: 41871C2B4287A172  4.8465256316225901E+07
    Total Mass:   5.2864147042613893E+18, Change:   0.0000000000000000E+00 Error:  0.00000E+00 ( 0.0E+00)
MOM Time      50.676     75: En 9.561082E-07, MaxCFL  0.00036, Mass 5.286414704261E+18
    Total Energy: 429263431CDBFD45  5.0543842567673174E+12
    Total Mass:   5.2864147042613893E+18, Change:   2.4812445309513802E+01 Error:  2.48124E+01 ( 4.7E-18)
MOM Time      99.324    147: En 3.499934E-06, MaxCFL  0.00068, Mass 5.286414704261E+18
    Total Energy: 42B0D3DB48481627  1.8502103091222152E+13
    Total Mass:   5.2864147042613893E+18, Change:   1.2584787399027206E+00 Error:  1.25848E+00 ( 2.4E-19)
MOM Time     150.000    222: En 7.572478E-06, MaxCFL  0.00098, Mass 5.286414704261E+18
    Total Energy: 42C234407625E4D9  4.0031258168265695E+13
    Total Mass:   5.2864147042613893E+18, Change:  -7.3779749640755043E-01 Error: -7.37797E-01 (-1.4E-19)

WARNING from PE     0: open_ASCII_file: File exitcode opened WRITEONLY already exists!

 MPP_DOMAINS_STACK high water mark=      619200

Tabulating mpp_clock statistics across     96 PEs...

                                      hits          tmin          tmax          tavg          tstd  tfrac grain pemin pemax
Total runtime                            1    174.546906    174.546906    174.546890      0.000015  1.000     0     0    95
Initialization                           1      0.860789      0.861510      0.861132      0.000129  0.005     0     0    95
Main loop                                1    173.656036    173.656296    173.656067      0.000063  0.995     0     0    95
Termination                              1      0.004234      0.004364      0.004358      0.000013  0.000     0     0    95
Ocean                                   76    174.325241    174.483398    174.331284      0.015798  0.999     1     0    95
Ocean Initialization                     2      0.727947      0.892458      0.732608      0.016487  0.004    11     0    95
Ocean dynamics                         444    171.074600    171.434250    171.220352      0.094154  0.981    11     0    95
Ocean thermodynamics and tracers       222      0.261641      0.608770      0.510628      0.076513  0.003    11     0    95
Ocean grid generation and remapp         0      0.000000      0.000000      0.000000      0.000000  0.000    11     0    95
Ocean Other                            518      0.411289      0.909125      0.544915      0.088695  0.003    11     0    95
Ocean MOM_end                            1      0.012730      0.023169      0.020268      0.002046  0.000    11     0    95
(Ocean tracer advection)               148      0.146218      0.426739      0.335891      0.058414  0.002    21     0    95
(Ocean adiabatic driver)                74      0.103975      0.212806      0.174524      0.027208  0.001    21     0    95
(Ocean continuity equation *)            0      0.000000      0.000000      0.000000      0.000000  0.000    31     0    95
(Ocean set BBL viscosity)               74      0.770242      1.253699      0.952565      0.083717  0.005    31     0    95
(Ocean message passing *)              148      0.421877      1.087615      0.647245      0.147539  0.004    31     0    95
(Ocean MOM_initialize_state)             2      0.020061      0.026554      0.025539      0.001014  0.000    31     0    95
(Ocean init message passing *)           2      0.003477      0.008044      0.006055      0.001276  0.000    41     0    95
(Ocean mixed layer restrat)              0      0.000000      0.000000      0.000000      0.000000  0.000    31     0    95
(Ocean collective diagnostics)         444      0.000944      0.003068      0.001457      0.000487  0.000    31     0    95
(Ocean Z-space diagnostics)              0      0.000000      0.000000      0.000000      0.000000  0.000    31     0    95
(Ocean ALE)                              0      0.000000      0.000000      0.000000      0.000000  0.000    31     0    95
(Stochastic EOS)                       222      0.000033      0.000149      0.000069      0.000016  0.000    31     0    95
(SGS Temperature Variance)             222      0.000010      0.000032      0.000014      0.000004  0.000    31     0    95
(Ocean MOM save_restart)                 0      0.000000      0.000000      0.000000      0.000000  0.000    31     0    95
(Ocean diagnostics framework)            0      0.000000      0.000000      0.000000      0.000000  0.000    31     0    95
(Ocean diagnostics remapping)            0      0.000000      0.000000      0.000000      0.000000  0.000    41     0    95
(Ocean diagnostics grid updates)       741      0.411072      0.976757      0.804110      0.134188  0.005    41     0    95
(Ocean init message passing)             4      0.008509      0.025087      0.015390      0.003391  0.000    41     0    95
(Ocean continuity reconstruction      1334      2.776294      8.434134      7.083919      0.913938  0.041    41     0    95
(Ocean continuity update)             1334      1.169109      4.871324      3.505948      0.768135  0.020    41     0    95
(Ocean continuity correction)         1334     30.645691     42.481377     37.133610      2.997364  0.213    41     0    95
(Ocean BT pre-calcs only)             1776     12.718781     20.588392     16.622492      1.716716  0.095    41     0    95
(Ocean BT pre-step halo updates)      1776      0.713524     18.676859      7.306958      4.467913  0.042    41     0    95
(Ocean BT stepping calcs only)         888      0.203438      0.657652      0.473357      0.123738  0.003    41     0    95
(Ocean BT stepping halo updates)       444      0.044223      0.752081      0.165000      0.162013  0.001    41     0    95
(Ocean BT post-calcs only)            1332      1.922055      3.056025      2.826133      0.264330  0.016    41     0    95
(Ocean BT post-step halo updates       888      0.143830      1.147442      0.349847      0.232742  0.002    41     0    95
(Ocean BT global synch)                  0      0.000000      0.000000      0.000000      0.000000  0.000    41     0    95
(Ocean Coriolis & mom advection)       444      5.416635      7.256397      6.290671      0.345971  0.036    31     0    95
(Ocean continuity equation)            666     38.587116     53.737175     47.684666      3.702343  0.273    31     0    95
(Ocean pressure force)                 222     12.612365     14.193866     13.442456      0.306744  0.077    31     0    95
(Ocean vertical viscosity)             666     36.654301     41.952599     39.703327      1.440738  0.227    31     0    95
(Ocean horizontal viscosity)           222      2.436344      3.230045      2.825489      0.153923  0.016    31     0    95
(Ocean momentum increments)            444      5.397163      5.818042      5.580691      0.101963  0.032    31     0    95
(Ocean message passing)               1998      7.529932     17.053850     11.348438      2.197283  0.065    31     0    95
(Ocean barotropic mode calc)           444      0.395711      0.830494      0.689241      0.110289  0.004    31     0    95
(Ocean barotropic mode stepping)       444     21.898220     35.586456     27.760057      3.630795  0.159    31     0    95
(Ocean barotropic forcing calc)        444      4.996527      6.317938      5.677193      0.334015  0.033    31     0    95
(Ocean advect tracer)                    0      0.000000      0.000000      0.000000      0.000000  0.000    31     0    95
(Ocean tracer halo updates)              0      0.000000      0.000000      0.000000      0.000000  0.000    41     0    95
(Ocean tracer global synch)              0      0.000000      0.000000      0.000000      0.000000  0.000    41     0    95
(Ocean diffuse tracer)                   0      0.000000      0.000000      0.000000      0.000000  0.000    31     0    95
(Ocean epipycnal diffuse tracer)         0      0.000000      0.000000      0.000000      0.000000  0.000    31     0    95
(Ocean surface forcing)                 75      0.000993      0.002076      0.001266      0.000219  0.000    31     0    95
(Ocean forcing diagnostics)            148      0.000184      0.000656      0.000285      0.000080  0.000    41     0    95
 MPP_STACK high water mark=           0
