NOTE: MPP_DOMAINS_SET_STACK_SIZE: stack size set to    32768.
NOTE: MPP_DOMAINS_SET_STACK_SIZE: stack size set to 30000000.
NOTE: ======== Model being driven by MOM_driver ========
NOTE: callTree: o Program MOM_main, MOM_driver.F90
NOTE: fms_affinity_set: OCEAN affinity assumes hyper-threading hardware disabled
 MOM_domains_mod OMPthreading             0            0            1
NOTE: open_param_file: MOM_input has been opened successfully.
NOTE: open_param_file: MOM_override has been opened successfully.

WARNING: MOM_file_parser : DT over-ridden.  Line: 'DT = 75' in file MOM_override.


WARNING: MOM_file_parser : DT_THERM over-ridden.  Line: 'DT_THERM = 150' in file MOM_override.

NOTE: fms_affinity_set: OCEAN affinity assumes hyper-threading hardware disabled
 MOM_domains_mod OMPthreading             0            0            1

WARNING: MOM_file_parser : NIGLOBAL over-ridden.  Line: 'NIGLOBAL = 512' in file MOM_override.


WARNING: MOM_file_parser : NJGLOBAL over-ridden.  Line: 'NJGLOBAL = 256' in file MOM_override.

 MOM_in domain decomposition
whalo =    4, ehalo =    4, shalo =    4, nhalo =    4
  X-AXIS =  512
  Y-AXIS =  256
 MOM_inc domain decomposition
whalo =    2, ehalo =    2, shalo =    2, nhalo =    2
  X-AXIS =  256
  Y-AXIS =  128
NOTE: diag_manager_mod::diag_manager_init: prepend_date only supported when diag_manager_init is called with time_init present.
NOTE: diag_manager_mod::diag_manager_init: You are using the legacy version of the diag table
 MOM_in domain decomposition
whalo =    4, ehalo =    4, shalo =    4, nhalo =    4
  X-AXIS =  512
  Y-AXIS =  256
 MOM_in domain decomposition
whalo =    2, ehalo =    2, shalo =    2, nhalo =    2
  X-AXIS =  256
  Y-AXIS =  128

WARNING: MOM_file_parser : NK over-ridden.  Line: 'NK = 100' in file MOM_override.

 MOM_in domain decomposition
whalo =    4, ehalo =    4, shalo =    4, nhalo =    4
  X-AXIS =  512
  Y-AXIS =  256
 MOM_in domain decomposition
whalo =    2, ehalo =    2, shalo =    2, nhalo =    2
  X-AXIS =  256
  Y-AXIS =  128

WARNING: Open_file is appending .nc to the filename ./ocean_geometry


WARNING: MOM_file_parser : COORD_CONFIG over-ridden.  Line: 'COORD_CONFIG = "linear"' in file MOM_override.

 MOM_in domain decomposition
whalo =    4, ehalo =    4, shalo =    4, nhalo =    4
  X-AXIS =  512
  Y-AXIS =  256
 MOM_in domain decomposition
whalo =    2, ehalo =    2, shalo =    2, nhalo =    2
  X-AXIS =  256
  Y-AXIS =  128
 MOM_in domain decomposition
whalo =    4, ehalo =    4, shalo =    4, nhalo =    4
  X-AXIS =  512
  Y-AXIS =  256
 MOM_in domain decomposition
whalo =    2, ehalo =    2, shalo =    2, nhalo =    2
  X-AXIS =  256
  Y-AXIS =  128

WARNING: ./Depth_list.nc checksums do not match; updating file.


WARNING: MOM_file_parser : DT_FORCING over-ridden.  Line: 'DT_FORCING = 150' in file MOM_override.


WARNING: MOM_file_parser : DAYMAX over-ridden.  Line: 'DAYMAX = 150' in file MOM_override.


WARNING: MOM_file_parser : RESTART_CONTROL over-ridden.  Line: 'RESTART_CONTROL = -1' in file MOM_override.


WARNING: MOM_file_parser : RESTINT over-ridden.  Line: 'RESTINT = 0.0' in file MOM_override.


WARNING: Unused line in MOM_input : GINT = 0.0098


WARNING: open_ASCII_file: File ./CPU_stats opened WRITEONLY already exists!


WARNING: open_ASCII_file: File ./ocean.stats opened WRITEONLY already exists!

MOM Time       0.000      0: En 9.167549E-12, MaxCFL  0.00000, Mass 5.286433166925E+18
    Total Energy: 41871BF89CE9F99F  4.8463635614245646E+07
    Total Mass:   5.2864331669247314E+18, Change:   0.0000000000000000E+00 Error:  0.00000E+00 ( 0.0E+00)
MOM Time      50.000     50: En 3.628256E-06, MaxCFL  0.00070, Mass 5.286433166925E+18
    Total Energy: 42B171D0E6F598AD  1.9180533773720676E+13
    Total Mass:   5.2864331669247314E+18, Change:   4.6828678089275229E+01 Error:  4.68287E+01 ( 8.9E-18)
MOM Time     100.000    100: En 1.302024E-05, MaxCFL  0.00126, Mass 5.286433166925E+18
    Total Energy: 42CF4CEFFF39F0E5  6.8830608913377789E+13
    Total Mass:   5.2864331669247314E+18, Change:  -4.4074424865870521E-01 Error: -4.40744E-01 (-8.3E-20)
MOM Time     150.000    150: En 2.597818E-05, MaxCFL  0.00165, Mass 5.286433166925E+18
    Total Energy: 42DF39C52ABA2CF0  1.3733192603461175E+14
    Total Mass:   5.2864331669247314E+18, Change:  -6.8041288220255325E-01 Error: -6.80413E-01 (-1.3E-19)

WARNING: open_ASCII_file: File exitcode opened WRITEONLY already exists!

 MPP_DOMAINS_STACK high water mark=            0

Tabulating mpp_clock statistics across      1 PEs...

                                      hits          tmin          tmax          tavg          tstd  tfrac grain pemin pemax
Total runtime                            1     14.884161     14.884161     14.884161      0.000000  1.000     0     0     0
Initialization                           1      1.114966      1.114966      1.114966      0.000000  0.075     0     0     0
Main loop                                1     13.746508     13.746508     13.746508      0.000000  0.924     0     0     0
Termination                              1      0.005419      0.005419      0.005419      0.000000  0.000     0     0     0
Ocean                                   77     14.793220     14.793220     14.793220      0.000000  0.994     1     0     0
Ocean Initialization                     2      1.169592      1.169592      1.169592      0.000000  0.079    11     0     0
Ocean dynamics                         300     12.845296     12.845296     12.845296      0.000000  0.863    11     0     0
Ocean thermodynamics and tracers       225      0.350869      0.350869      0.350869      0.000000  0.024    11     0     0
Ocean grid generation and remapp         0      0.000000      0.000000      0.000000      0.000000  0.000    11     0     0
Ocean Other                            450      0.283780      0.283780      0.283780      0.000000  0.019    11     0     0
Ocean MOM_end                            1      0.015903      0.015903      0.015903      0.000000  0.001    11     0     0
(Ocean tracer advection)               150      0.019141      0.019141      0.019141      0.000000  0.001    21     0     0
(Ocean adiabatic driver)                75      0.331641      0.331641      0.331641      0.000000  0.022    21     0     0
(Ocean continuity equation *)            0      0.000000      0.000000      0.000000      0.000000  0.000    31     0     0
(Ocean set BBL viscosity)               75      0.191632      0.191632      0.191632      0.000000  0.013    31     0     0
(Ocean message passing *)              150      0.001951      0.001951      0.001951      0.000000  0.000    31     0     0
(Ocean MOM_initialize_state)             2      0.043871      0.043871      0.043871      0.000000  0.003    31     0     0
(Ocean init message passing *)           2      0.000024      0.000024      0.000024      0.000000  0.000    41     0     0
(Ocean mixed layer restrat)              0      0.000000      0.000000      0.000000      0.000000  0.000    31     0     0
(Ocean collective diagnostics)         375      0.022498      0.022498      0.022498      0.000000  0.002    31     0     0
(Ocean Z-space diagnostics)              0      0.000000      0.000000      0.000000      0.000000  0.000    31     0     0
(Ocean ALE)                              0      0.000000      0.000000      0.000000      0.000000  0.000    31     0     0
(Stochastic EOS)                       150      0.000014      0.000014      0.000014      0.000000  0.000    31     0     0
(SGS Temperature Variance)             150      0.000010      0.000010      0.000010      0.000000  0.000    31     0     0
(Ocean MOM save_restart)                 0      0.000000      0.000000      0.000000      0.000000  0.000    31     0     0
(Ocean diagnostics framework)            0      0.000000      0.000000      0.000000      0.000000  0.000    31     0     0
(Ocean diagnostics remapping)            0      0.000000      0.000000      0.000000      0.000000  0.000    41     0     0
(Ocean diagnostics grid updates)       526      0.000082      0.000082      0.000082      0.000000  0.000    41     0     0
(Ocean init message passing)             4      0.000026      0.000026      0.000026      0.000000  0.000    41     0     0
(Ocean continuity reconstruction       902      0.425427      0.425427      0.425427      0.000000  0.029    41     0     0
(Ocean continuity update)              902      0.113786      0.113786      0.113786      0.000000  0.008    41     0     0
(Ocean continuity correction)          902      4.303902      4.303902      4.303902      0.000000  0.289    41     0     0
(Ocean BT pre-calcs only)             1200      0.628898      0.628898      0.628898      0.000000  0.042    41     0     0
(Ocean BT pre-step halo updates)      1200      0.018683      0.018683      0.018683      0.000000  0.001    41     0     0
(Ocean BT stepping calcs only)         600      0.296069      0.296069      0.296069      0.000000  0.020    41     0     0
(Ocean BT stepping halo updates)       300      0.001086      0.001086      0.001086      0.000000  0.000    41     0     0
(Ocean BT post-calcs only)             900      0.096671      0.096671      0.096671      0.000000  0.006    41     0     0
(Ocean BT post-step halo updates       600      0.001831      0.001831      0.001831      0.000000  0.000    41     0     0
(Ocean BT global synch)                  0      0.000000      0.000000      0.000000      0.000000  0.000    41     0     0
(Ocean Coriolis & mom advection)       300      0.725624      0.725624      0.725624      0.000000  0.049    31     0     0
(Ocean continuity equation)            450      4.938340      4.938340      4.938340      0.000000  0.332    31     0     0
(Ocean pressure force)                 150      0.828072      0.828072      0.828072      0.000000  0.056    31     0     0
(Ocean vertical viscosity)             450      3.861762      3.861762      3.861762      0.000000  0.259    31     0     0
(Ocean horizontal viscosity)           150      0.601923      0.601923      0.601923      0.000000  0.040    31     0     0
(Ocean momentum increments)            300      0.083685      0.083685      0.083685      0.000000  0.006    31     0     0
(Ocean message passing)               1350      0.004842      0.004842      0.004842      0.000000  0.000    31     0     0
(Ocean barotropic mode calc)           300      0.022570      0.022570      0.022570      0.000000  0.002    31     0     0
(Ocean barotropic mode stepping)       300      1.141459      1.141459      1.141459      0.000000  0.077    31     0     0
(Ocean barotropic forcing calc)        300      0.088958      0.088958      0.088958      0.000000  0.006    31     0     0
(Ocean advect tracer)                    0      0.000000      0.000000      0.000000      0.000000  0.000    31     0     0
(Ocean tracer halo updates)              0      0.000000      0.000000      0.000000      0.000000  0.000    41     0     0
(Ocean tracer global synch)              0      0.000000      0.000000      0.000000      0.000000  0.000    41     0     0
(Ocean diffuse tracer)                   0      0.000000      0.000000      0.000000      0.000000  0.000    31     0     0
(Ocean epipycnal diffuse tracer)         0      0.000000      0.000000      0.000000      0.000000  0.000    31     0     0
(Ocean surface forcing)                 76      0.005261      0.005261      0.005261      0.000000  0.000    31     0     0
(Ocean forcing diagnostics)            150      0.000171      0.000171      0.000171      0.000000  0.000    41     0     0
 MPP_STACK high water mark=            0
