NOTE: MPP_DOMAINS_SET_STACK_SIZE: stack size set to    32768.
NOTE: MPP_DOMAINS_SET_STACK_SIZE: stack size set to 30000000.
NOTE: ======== Model being driven by MOM_driver ========
NOTE: callTree: o Program MOM_main, MOM_driver.F90
NOTE: fms_affinity_set: OCEAN affinity assumes hyper-threading hardware disabled
 MOM_domains_mod OMPthreading             0            0            1
NOTE: open_param_file: MOM_input has been opened successfully.
NOTE: open_param_file: MOM_override has been opened successfully.

WARNING: MOM_file_parser : DT over-ridden.  Line: 'DT = 37' in file MOM_override.


WARNING: MOM_file_parser : DT_THERM over-ridden.  Line: 'DT_THERM = 75' in file MOM_override.

NOTE: fms_affinity_set: OCEAN affinity assumes hyper-threading hardware disabled
 MOM_domains_mod OMPthreading             0            0            1

WARNING: MOM_file_parser : NIGLOBAL over-ridden.  Line: 'NIGLOBAL = 1024' in file MOM_override.


WARNING: MOM_file_parser : NJGLOBAL over-ridden.  Line: 'NJGLOBAL = 1024' in file MOM_override.

 MOM_in domain decomposition
whalo =    4, ehalo =    4, shalo =    4, nhalo =    4
  X-AXIS = 1024
  Y-AXIS = 1024
 MOM_inc domain decomposition
whalo =    2, ehalo =    2, shalo =    2, nhalo =    2
  X-AXIS =  512
  Y-AXIS =  512
NOTE: diag_manager_mod::diag_manager_init: prepend_date only supported when diag_manager_init is called with time_init present.
NOTE: diag_manager_mod::diag_manager_init: You are using the legacy version of the diag table
 MOM_in domain decomposition
whalo =    4, ehalo =    4, shalo =    4, nhalo =    4
  X-AXIS = 1024
  Y-AXIS = 1024
 MOM_in domain decomposition
whalo =    2, ehalo =    2, shalo =    2, nhalo =    2
  X-AXIS =  512
  Y-AXIS =  512

WARNING: MOM_file_parser : NK over-ridden.  Line: 'NK = 100' in file MOM_override.

 MOM_in domain decomposition
whalo =    4, ehalo =    4, shalo =    4, nhalo =    4
  X-AXIS = 1024
  Y-AXIS = 1024
 MOM_in domain decomposition
whalo =    2, ehalo =    2, shalo =    2, nhalo =    2
  X-AXIS =  512
  Y-AXIS =  512

WARNING: Open_file is appending .nc to the filename ./ocean_geometry


WARNING: MOM_file_parser : COORD_CONFIG over-ridden.  Line: 'COORD_CONFIG = "linear"' in file MOM_override.

 MOM_in domain decomposition
whalo =    4, ehalo =    4, shalo =    4, nhalo =    4
  X-AXIS = 1024
  Y-AXIS = 1024
 MOM_in domain decomposition
whalo =    2, ehalo =    2, shalo =    2, nhalo =    2
  X-AXIS =  512
  Y-AXIS =  512
 MOM_in domain decomposition
whalo =    4, ehalo =    4, shalo =    4, nhalo =    4
  X-AXIS = 1024
  Y-AXIS = 1024
 MOM_in domain decomposition
whalo =    2, ehalo =    2, shalo =    2, nhalo =    2
  X-AXIS =  512
  Y-AXIS =  512

WARNING: ./Depth_list.nc checksums do not match; updating file.


WARNING: MOM_file_parser : DT_FORCING over-ridden.  Line: 'DT_FORCING = 75' in file MOM_override.


WARNING: MOM_file_parser : DAYMAX over-ridden.  Line: 'DAYMAX = 150' in file MOM_override.


WARNING: MOM_file_parser : RESTART_CONTROL over-ridden.  Line: 'RESTART_CONTROL = -1' in file MOM_override.


WARNING: MOM_file_parser : RESTINT over-ridden.  Line: 'RESTINT = 0.0' in file MOM_override.


WARNING: Unused line in MOM_input : GINT = 0.0098


WARNING: open_ASCII_file: File ./CPU_stats opened WRITEONLY already exists!


WARNING: open_ASCII_file: File ./ocean.stats opened WRITEONLY already exists!

MOM Time       0.000      0: En 9.068766E-12, MaxCFL  0.00000, Mass 5.286411564124E+18
    Total Energy: 4186DC3366D4AF1E  4.7941228853849635E+07
    Total Mass:   5.2864115641239173E+18, Change:   0.0000000000000000E+00 Error:  0.00000E+00 ( 0.0E+00)
MOM Time      50.676     75: En 9.561067E-07, MaxCFL  0.00036, Mass 5.286411564124E+18
    Total Energy: 429263408037FC93  5.0543733017591436E+12
    Total Mass:   5.2864115641239173E+18, Change:   3.1543457406055950E+01 Error:  3.15435E+01 ( 6.0E-18)
MOM Time      99.324    147: En 3.499944E-06, MaxCFL  0.00068, Mass 5.286411564124E+18
    Total Energy: 42B0D3DDCBE5EC50  1.8502145271276313E+13
    Total Mass:   5.2864115641239173E+18, Change:  -1.6521742499628173E-01 Error: -1.65217E-01 (-3.1E-20)
MOM Time     150.000    222: En 7.572530E-06, MaxCFL  0.00098, Mass 5.286411564124E+18
    Total Energy: 42C23447F6BD7790  4.0031509904111125E+13
    Total Mass:   5.2864115641239173E+18, Change:   1.8201213284612683E+00 Error:  1.82012E+00 ( 3.4E-19)

WARNING: open_ASCII_file: File exitcode opened WRITEONLY already exists!

 MPP_DOMAINS_STACK high water mark=            0

Tabulating mpp_clock statistics across      1 PEs...

                                      hits          tmin          tmax          tavg          tstd  tfrac grain pemin pemax
Total runtime                            1    132.369064    132.369064    132.369064      0.000000  1.000     0     0     0
Initialization                           1      7.729638      7.729638      7.729638      0.000000  0.058     0     0     0
Main loop                                1    124.512451    124.512451    124.512451      0.000000  0.941     0     0     0
Termination                              1      0.026471      0.026471      0.026471      0.000000  0.000     0     0     0
Ocean                                   76    131.878052    131.878052    131.878052      0.000000  0.996     1     0     0
Ocean Initialization                     2      8.072105      8.072105      8.072105      0.000000  0.061    11     0     0
Ocean dynamics                         444    114.557564    114.557564    114.557564      0.000000  0.865    11     0     0
Ocean thermodynamics and tracers       222      2.911455      2.911455      2.911455      0.000000  0.022    11     0     0
Ocean grid generation and remapp         0      0.000000      0.000000      0.000000      0.000000  0.000    11     0     0
Ocean Other                            518      1.644555      1.644555      1.644555      0.000000  0.012    11     0     0
Ocean MOM_end                            1      0.098922      0.098922      0.098922      0.000000  0.001    11     0     0
(Ocean tracer advection)               148      0.090883      0.090883      0.090883      0.000000  0.001    21     0     0
(Ocean adiabatic driver)                74      2.820413      2.820413      2.820413      0.000000  0.021    21     0     0
(Ocean continuity equation *)            0      0.000000      0.000000      0.000000      0.000000  0.000    31     0     0
(Ocean set BBL viscosity)               74      1.012597      1.012597      1.012597      0.000000  0.008    31     0     0
(Ocean message passing *)              148      0.002746      0.002746      0.002746      0.000000  0.000    31     0     0
(Ocean MOM_initialize_state)             2      0.351193      0.351193      0.351193      0.000000  0.003    31     0     0
(Ocean init message passing *)           2      0.000035      0.000035      0.000035      0.000000  0.000    41     0     0
(Ocean mixed layer restrat)              0      0.000000      0.000000      0.000000      0.000000  0.000    31     0     0
(Ocean collective diagnostics)         444      0.048153      0.048153      0.048153      0.000000  0.000    31     0     0
(Ocean Z-space diagnostics)              0      0.000000      0.000000      0.000000      0.000000  0.000    31     0     0
(Ocean ALE)                              0      0.000000      0.000000      0.000000      0.000000  0.000    31     0     0
(Stochastic EOS)                       222      0.000020      0.000020      0.000020      0.000000  0.000    31     0     0
(SGS Temperature Variance)             222      0.000013      0.000013      0.000013      0.000000  0.000    31     0     0
(Ocean MOM save_restart)                 0      0.000000      0.000000      0.000000      0.000000  0.000    31     0     0
(Ocean diagnostics framework)            0      0.000000      0.000000      0.000000      0.000000  0.000    31     0     0
(Ocean diagnostics remapping)            0      0.000000      0.000000      0.000000      0.000000  0.000    41     0     0
(Ocean diagnostics grid updates)       741      0.000135      0.000135      0.000135      0.000000  0.000    41     0     0
(Ocean init message passing)             4      0.000031      0.000031      0.000031      0.000000  0.000    41     0     0
(Ocean continuity reconstruction      1334      4.442101      4.442101      4.442101      0.000000  0.034    41     0     0
(Ocean continuity update)             1334      1.184106      1.184106      1.184106      0.000000  0.009    41     0     0
(Ocean continuity correction)         1334     37.319973     37.319973     37.319973      0.000000  0.282    41     0     0
(Ocean BT pre-calcs only)             1776      4.827724      4.827724      4.827724      0.000000  0.036    41     0     0
(Ocean BT pre-step halo updates)      1776      0.043941      0.043941      0.043941      0.000000  0.000    41     0     0
(Ocean BT stepping calcs only)         888      0.850224      0.850224      0.850224      0.000000  0.006    41     0     0
(Ocean BT stepping halo updates)       444      0.001803      0.001803      0.001803      0.000000  0.000    41     0     0
(Ocean BT post-calcs only)            1332      1.448770      1.448770      1.448770      0.000000  0.011    41     0     0
(Ocean BT post-step halo updates       888      0.002730      0.002730      0.002730      0.000000  0.000    41     0     0
(Ocean BT global synch)                  0      0.000000      0.000000      0.000000      0.000000  0.000    41     0     0
(Ocean Coriolis & mom advection)       444      7.019893      7.019893      7.019893      0.000000  0.053    31     0     0
(Ocean continuity equation)            666     43.299641     43.299641     43.299641      0.000000  0.327    31     0     0
(Ocean pressure force)                 222      3.511618      3.511618      3.511618      0.000000  0.027    31     0     0
(Ocean vertical viscosity)             666     41.298290     41.298290     41.298290      0.000000  0.312    31     0     0
(Ocean horizontal viscosity)           222      5.862191      5.862191      5.862191      0.000000  0.044    31     0     0
(Ocean momentum increments)            444      0.930651      0.930651      0.930651      0.000000  0.007    31     0     0
(Ocean message passing)               1998      0.007571      0.007571      0.007571      0.000000  0.000    31     0     0
(Ocean barotropic mode calc)           444      0.204278      0.204278      0.204278      0.000000  0.002    31     0     0
(Ocean barotropic mode stepping)       444      7.453117      7.453117      7.453117      0.000000  0.056    31     0     0
(Ocean barotropic forcing calc)        444      0.936609      0.936609      0.936609      0.000000  0.007    31     0     0
(Ocean advect tracer)                    0      0.000000      0.000000      0.000000      0.000000  0.000    31     0     0
(Ocean tracer halo updates)              0      0.000000      0.000000      0.000000      0.000000  0.000    41     0     0
(Ocean tracer global synch)              0      0.000000      0.000000      0.000000      0.000000  0.000    41     0     0
(Ocean diffuse tracer)                   0      0.000000      0.000000      0.000000      0.000000  0.000    31     0     0
(Ocean epipycnal diffuse tracer)         0      0.000000      0.000000      0.000000      0.000000  0.000    31     0     0
(Ocean surface forcing)                 75      0.028072      0.028072      0.028072      0.000000  0.000    31     0     0
(Ocean forcing diagnostics)            148      0.000326      0.000326      0.000326      0.000000  0.000    41     0     0
 MPP_STACK high water mark=            0
