NOTE: MPP_DOMAINS_SET_STACK_SIZE: stack size set to    32768.
NOTE: MPP_DOMAINS_SET_STACK_SIZE: stack size set to 30000000.
NOTE: ======== Model being driven by MOM_driver ========
NOTE: callTree: o Program MOM_main, MOM_driver.F90
NOTE: fms_affinity_set: OCEAN affinity assumes hyper-threading hardware disabled
 MOM_domains_mod OMPthreading             0            0            1
NOTE: open_param_file: MOM_input has been opened successfully.
NOTE: open_param_file: MOM_override has been opened successfully.

WARNING: MOM_file_parser : DT over-ridden.  Line: 'DT = 1200' in file MOM_override.


WARNING: MOM_file_parser : DT_THERM over-ridden.  Line: 'DT_THERM = 2400' in file MOM_override.

NOTE: fms_affinity_set: OCEAN affinity assumes hyper-threading hardware disabled
 MOM_domains_mod OMPthreading             0            0            1

WARNING: MOM_file_parser : NIGLOBAL over-ridden.  Line: 'NIGLOBAL = 32' in file MOM_override.


WARNING: MOM_file_parser : NJGLOBAL over-ridden.  Line: 'NJGLOBAL = 32' in file MOM_override.

 MOM_in domain decomposition
whalo =    4, ehalo =    4, shalo =    4, nhalo =    4
  X-AXIS =   32
  Y-AXIS =   32
 MOM_inc domain decomposition
whalo =    2, ehalo =    2, shalo =    2, nhalo =    2
  X-AXIS =   16
  Y-AXIS =   16
NOTE: diag_manager_mod::diag_manager_init: prepend_date only supported when diag_manager_init is called with time_init present.
NOTE: diag_manager_mod::diag_manager_init: You are using the legacy version of the diag table
 MOM_in domain decomposition
whalo =    4, ehalo =    4, shalo =    4, nhalo =    4
  X-AXIS =   32
  Y-AXIS =   32
 MOM_in domain decomposition
whalo =    2, ehalo =    2, shalo =    2, nhalo =    2
  X-AXIS =   16
  Y-AXIS =   16

WARNING: MOM_file_parser : NK over-ridden.  Line: 'NK = 100' in file MOM_override.

 MOM_in domain decomposition
whalo =    4, ehalo =    4, shalo =    4, nhalo =    4
  X-AXIS =   32
  Y-AXIS =   32
 MOM_in domain decomposition
whalo =    2, ehalo =    2, shalo =    2, nhalo =    2
  X-AXIS =   16
  Y-AXIS =   16

WARNING: Open_file is appending .nc to the filename ./ocean_geometry


WARNING: MOM_file_parser : COORD_CONFIG over-ridden.  Line: 'COORD_CONFIG = "linear"' in file MOM_override.

 MOM_in domain decomposition
whalo =    4, ehalo =    4, shalo =    4, nhalo =    4
  X-AXIS =   32
  Y-AXIS =   32
 MOM_in domain decomposition
whalo =    2, ehalo =    2, shalo =    2, nhalo =    2
  X-AXIS =   16
  Y-AXIS =   16
 MOM_in domain decomposition
whalo =    4, ehalo =    4, shalo =    4, nhalo =    4
  X-AXIS =   32
  Y-AXIS =   32
 MOM_in domain decomposition
whalo =    2, ehalo =    2, shalo =    2, nhalo =    2
  X-AXIS =   16
  Y-AXIS =   16

WARNING: ./Depth_list.nc checksums do not match; updating file.


WARNING: MOM_file_parser : DT_FORCING over-ridden.  Line: 'DT_FORCING = 2400' in file MOM_override.


WARNING: MOM_file_parser : DAYMAX over-ridden.  Line: 'DAYMAX = 150' in file MOM_override.


WARNING: MOM_file_parser : RESTART_CONTROL over-ridden.  Line: 'RESTART_CONTROL = -1' in file MOM_override.


WARNING: MOM_file_parser : RESTINT over-ridden.  Line: 'RESTINT = 0.0' in file MOM_override.


WARNING: Unused line in MOM_input : GINT = 0.0098


WARNING: open_ASCII_file: File ./CPU_stats opened WRITEONLY already exists!


WARNING: open_ASCII_file: File ./ocean.stats opened WRITEONLY already exists!

MOM Time       0.000      0: En 9.113220E-12, MaxCFL  0.00000, Mass 5.289326887310E+18
    Total Energy: 4186FC216CCDC25B  4.8202797600468360E+07
    Total Mass:   5.2893268873103186E+18, Change:   0.0000000000000000E+00 Error:  0.00000E+00 ( 0.0E+00)
MOM Time      50.000     50: En 2.411415E-05, MaxCFL  0.00148, Mass 5.289326887310E+18
    Total Energy: 42DD003FDC23154B  1.2754763438805317E+14
    Total Mass:   5.2893268873103186E+18, Change:  -4.2356698535497571E+01 Error: -4.23567E+01 (-8.0E-18)
MOM Time     100.000    100: En 4.391675E-05, MaxCFL  0.00199, Mass 5.289326887310E+18
    Total Energy: 42EA6887DCF0C4E6  2.3229006659741519E+14
    Total Mass:   5.2893268873103186E+18, Change:   7.8416584052112057E+00 Error:  7.84166E+00 ( 1.5E-18)
MOM Time     150.000    150: En 5.356812E-05, MaxCFL  0.00233, Mass 5.289326887310E+18
    Total Energy: 42F01B210F98DB53  2.8333927730731719E+14
    Total Mass:   5.2893268873103186E+18, Change:   6.0941296403016167E+00 Error:  6.09413E+00 ( 1.2E-18)

WARNING: open_ASCII_file: File exitcode opened WRITEONLY already exists!

 MPP_DOMAINS_STACK high water mark=            0

Tabulating mpp_clock statistics across      1 PEs...

                                      hits          tmin          tmax          tavg          tstd  tfrac grain pemin pemax
Total runtime                            1      3.973378      3.973378      3.973378      0.000000  1.000     0     0     0
Initialization                           1      0.391856      0.391856      0.391856      0.000000  0.099     0     0     0
Main loop                                1      3.559739      3.559739      3.559739      0.000000  0.896     0     0     0
Termination                              1      0.001350      0.001350      0.001350      0.000000  0.000     0     0     0
Ocean                                   77      3.922235      3.922235      3.922235      0.000000  0.987     1     0     0
Ocean Initialization                     2      0.407609      0.407609      0.407609      0.000000  0.103    11     0     0
Ocean dynamics                         300      3.446612      3.446612      3.446612      0.000000  0.867    11     0     0
Ocean thermodynamics and tracers       225      0.004321      0.004321      0.004321      0.000000  0.001    11     0     0
Ocean grid generation and remapp         0      0.000000      0.000000      0.000000      0.000000  0.000    11     0     0
Ocean Other                            450      0.075730      0.075730      0.075730      0.000000  0.019    11     0     0
Ocean MOM_end                            1      0.000465      0.000465      0.000465      0.000000  0.000    11     0     0
(Ocean tracer advection)               150      0.002941      0.002941      0.002941      0.000000  0.001    21     0     0
(Ocean adiabatic driver)                75      0.001346      0.001346      0.001346      0.000000  0.000    21     0     0
(Ocean continuity equation *)            0      0.000000      0.000000      0.000000      0.000000  0.000    31     0     0
(Ocean set BBL viscosity)               75      0.033958      0.033958      0.033958      0.000000  0.009    31     0     0
(Ocean message passing *)              150      0.001354      0.001354      0.001354      0.000000  0.000    31     0     0
(Ocean MOM_initialize_state)             2      0.004823      0.004823      0.004823      0.000000  0.001    31     0     0
(Ocean init message passing *)           2      0.000020      0.000020      0.000020      0.000000  0.000    41     0     0
(Ocean mixed layer restrat)              0      0.000000      0.000000      0.000000      0.000000  0.000    31     0     0
(Ocean collective diagnostics)         375      0.003494      0.003494      0.003494      0.000000  0.001    31     0     0
(Ocean Z-space diagnostics)              0      0.000000      0.000000      0.000000      0.000000  0.000    31     0     0
(Ocean ALE)                              0      0.000000      0.000000      0.000000      0.000000  0.000    31     0     0
(Stochastic EOS)                       150      0.000009      0.000009      0.000009      0.000000  0.000    31     0     0
(SGS Temperature Variance)             150      0.000007      0.000007      0.000007      0.000000  0.000    31     0     0
(Ocean MOM save_restart)                 0      0.000000      0.000000      0.000000      0.000000  0.000    31     0     0
(Ocean diagnostics framework)            0      0.000000      0.000000      0.000000      0.000000  0.000    31     0     0
(Ocean diagnostics remapping)            0      0.000000      0.000000      0.000000      0.000000  0.000    41     0     0
(Ocean diagnostics grid updates)       526      0.000068      0.000068      0.000068      0.000000  0.000    41     0     0
(Ocean init message passing)             4      0.000014      0.000014      0.000014      0.000000  0.000    41     0     0
(Ocean continuity reconstruction       902      0.041440      0.041440      0.041440      0.000000  0.010    41     0     0
(Ocean continuity update)              902      0.011828      0.011828      0.011828      0.000000  0.003    41     0     0
(Ocean continuity correction)          902      1.572816      1.572816      1.572816      0.000000  0.396    41     0     0
(Ocean BT pre-calcs only)             1200      0.213204      0.213204      0.213204      0.000000  0.054    41     0     0
(Ocean BT pre-step halo updates)      1200      0.015993      0.015993      0.015993      0.000000  0.004    41     0     0
(Ocean BT stepping calcs only)         600      0.210813      0.210813      0.210813      0.000000  0.053    41     0     0
(Ocean BT stepping halo updates)       300      0.000901      0.000901      0.000901      0.000000  0.000    41     0     0
(Ocean BT post-calcs only)             900      0.019112      0.019112      0.019112      0.000000  0.005    41     0     0
(Ocean BT post-step halo updates       600      0.001627      0.001627      0.001627      0.000000  0.000    41     0     0
(Ocean BT global synch)                  0      0.000000      0.000000      0.000000      0.000000  0.000    41     0     0
(Ocean Coriolis & mom advection)       300      0.126262      0.126262      0.126262      0.000000  0.032    31     0     0
(Ocean continuity equation)            450      1.643674      1.643674      1.643674      0.000000  0.414    31     0     0
(Ocean pressure force)                 150      0.525404      0.525404      0.525404      0.000000  0.132    31     0     0
(Ocean vertical viscosity)             450      0.433885      0.433885      0.433885      0.000000  0.109    31     0     0
(Ocean horizontal viscosity)           150      0.105453      0.105453      0.105453      0.000000  0.027    31     0     0
(Ocean momentum increments)            300      0.008013      0.008013      0.008013      0.000000  0.002    31     0     0
(Ocean message passing)               1350      0.004185      0.004185      0.004185      0.000000  0.001    31     0     0
(Ocean barotropic mode calc)           300      0.007499      0.007499      0.007499      0.000000  0.002    31     0     0
(Ocean barotropic mode stepping)       300      0.476897      0.476897      0.476897      0.000000  0.120    31     0     0
(Ocean barotropic forcing calc)        300      0.008359      0.008359      0.008359      0.000000  0.002    31     0     0
(Ocean advect tracer)                    0      0.000000      0.000000      0.000000      0.000000  0.000    31     0     0
(Ocean tracer halo updates)              0      0.000000      0.000000      0.000000      0.000000  0.000    41     0     0
(Ocean tracer global synch)              0      0.000000      0.000000      0.000000      0.000000  0.000    41     0     0
(Ocean diffuse tracer)                   0      0.000000      0.000000      0.000000      0.000000  0.000    31     0     0
(Ocean epipycnal diffuse tracer)         0      0.000000      0.000000      0.000000      0.000000  0.000    31     0     0
(Ocean surface forcing)                 76      0.001846      0.001846      0.001846      0.000000  0.000    31     0     0
(Ocean forcing diagnostics)            150      0.000105      0.000105      0.000105      0.000000  0.000    41     0     0
 MPP_STACK high water mark=            0
