NOTE: MPP_DOMAINS_SET_STACK_SIZE: stack size set to    32768.
NOTE: MPP_DOMAINS_SET_STACK_SIZE: stack size set to 30000000.
NOTE: ======== Model being driven by MOM_driver ========
NOTE: callTree: o Program MOM_main, MOM_driver.F90
NOTE: fms_affinity_set: OCEAN affinity assumes hyper-threading hardware disabled
 MOM_domains_mod OMPthreading             0            0            1
NOTE: open_param_file: MOM_input has been opened successfully.
NOTE: open_param_file: MOM_override has been opened successfully.

WARNING: MOM_file_parser : DT over-ridden.  Line: 'DT = 300' in file MOM_override.


WARNING: MOM_file_parser : DT_THERM over-ridden.  Line: 'DT_THERM = 600' in file MOM_override.

NOTE: fms_affinity_set: OCEAN affinity assumes hyper-threading hardware disabled
 MOM_domains_mod OMPthreading             0            0            1

WARNING: MOM_file_parser : NIGLOBAL over-ridden.  Line: 'NIGLOBAL = 128' in file MOM_override.


WARNING: MOM_file_parser : NJGLOBAL over-ridden.  Line: 'NJGLOBAL = 128' in file MOM_override.

 MOM_in domain decomposition
whalo =    4, ehalo =    4, shalo =    4, nhalo =    4
  X-AXIS =  128
  Y-AXIS =  128
 MOM_inc domain decomposition
whalo =    2, ehalo =    2, shalo =    2, nhalo =    2
  X-AXIS =   64
  Y-AXIS =   64
NOTE: diag_manager_mod::diag_manager_init: prepend_date only supported when diag_manager_init is called with time_init present.
NOTE: diag_manager_mod::diag_manager_init: You are using the legacy version of the diag table
 MOM_in domain decomposition
whalo =    4, ehalo =    4, shalo =    4, nhalo =    4
  X-AXIS =  128
  Y-AXIS =  128
 MOM_in domain decomposition
whalo =    2, ehalo =    2, shalo =    2, nhalo =    2
  X-AXIS =   64
  Y-AXIS =   64

WARNING: MOM_file_parser : NK over-ridden.  Line: 'NK = 100' in file MOM_override.

 MOM_in domain decomposition
whalo =    4, ehalo =    4, shalo =    4, nhalo =    4
  X-AXIS =  128
  Y-AXIS =  128
 MOM_in domain decomposition
whalo =    2, ehalo =    2, shalo =    2, nhalo =    2
  X-AXIS =   64
  Y-AXIS =   64

WARNING: Open_file is appending .nc to the filename ./ocean_geometry


WARNING: MOM_file_parser : COORD_CONFIG over-ridden.  Line: 'COORD_CONFIG = "linear"' in file MOM_override.

 MOM_in domain decomposition
whalo =    4, ehalo =    4, shalo =    4, nhalo =    4
  X-AXIS =  128
  Y-AXIS =  128
 MOM_in domain decomposition
whalo =    2, ehalo =    2, shalo =    2, nhalo =    2
  X-AXIS =   64
  Y-AXIS =   64
 MOM_in domain decomposition
whalo =    4, ehalo =    4, shalo =    4, nhalo =    4
  X-AXIS =  128
  Y-AXIS =  128
 MOM_in domain decomposition
whalo =    2, ehalo =    2, shalo =    2, nhalo =    2
  X-AXIS =   64
  Y-AXIS =   64

WARNING: ./Depth_list.nc checksums do not match; updating file.


WARNING: MOM_file_parser : DT_FORCING over-ridden.  Line: 'DT_FORCING = 600' in file MOM_override.


WARNING: MOM_file_parser : DAYMAX over-ridden.  Line: 'DAYMAX = 150' in file MOM_override.


WARNING: MOM_file_parser : RESTART_CONTROL over-ridden.  Line: 'RESTART_CONTROL = -1' in file MOM_override.


WARNING: MOM_file_parser : RESTINT over-ridden.  Line: 'RESTINT = 0.0' in file MOM_override.


WARNING: Unused line in MOM_input : GINT = 0.0098


WARNING: open_ASCII_file: File ./CPU_stats opened WRITEONLY already exists!


WARNING: open_ASCII_file: File ./ocean.stats opened WRITEONLY already exists!

MOM Time       0.000      0: En 9.164543E-12, MaxCFL  0.00000, Mass 5.286601636954E+18
    Total Energy: 41871A38398144CF  4.8449287188119523E+07
    Total Mass:   5.2866016369539973E+18, Change:   0.0000000000000000E+00 Error:  0.00000E+00 ( 0.0E+00)
MOM Time      50.000     50: En 4.018195E-05, MaxCFL  0.00184, Mass 5.286601636954E+18
    Total Energy: 42E82668CA5050DD  2.1242596730535091E+14
    Total Mass:   5.2866016369539973E+18, Change:   2.6458583890128665E+01 Error:  2.64586E+01 ( 5.0E-18)
MOM Time     100.000    100: En 8.022032E-05, MaxCFL  0.00256, Mass 5.286601636954E+18
    Total Energy: 42F81B5D0215799F  4.2409285762037794E+14
    Total Mass:   5.2866016369539973E+18, Change:   2.1118856013716432E+00 Error:  2.11189E+00 ( 4.0E-19)
MOM Time     150.000    150: En 6.198263E-05, MaxCFL  0.00212, Mass 5.286601636954E+18
    Total Energy: 42F2A055AEF4E490  3.2767746554631300E+14
    Total Mass:   5.2866016369539973E+18, Change:  -3.9504982865571137E-01 Error: -3.95050E-01 (-7.5E-20)

WARNING: open_ASCII_file: File exitcode opened WRITEONLY already exists!

 MPP_DOMAINS_STACK high water mark=            0

Tabulating mpp_clock statistics across      1 PEs...

                                      hits          tmin          tmax          tavg          tstd  tfrac grain pemin pemax
Total runtime                            1      5.361054      5.361054      5.361054      0.000000  1.000     0     0     0
Initialization                           1      0.214920      0.214920      0.214920      0.000000  0.040     0     0     0
Main loop                                1      5.140057      5.140057      5.140057      0.000000  0.959     0     0     0
Termination                              1      0.001787      0.001787      0.001787      0.000000  0.000     0     0     0
Ocean                                   77      5.324414      5.324414      5.324414      0.000000  0.993     1     0     0
Ocean Initialization                     2      0.233136      0.233136      0.233136      0.000000  0.043    11     0     0
Ocean dynamics                         300      4.915588      4.915588      4.915588      0.000000  0.917    11     0     0
Ocean thermodynamics and tracers       225      0.052886      0.052886      0.052886      0.000000  0.010    11     0     0
Ocean grid generation and remapp         0      0.000000      0.000000      0.000000      0.000000  0.000    11     0     0
Ocean Other                            450      0.107844      0.107844      0.107844      0.000000  0.020    11     0     0
Ocean MOM_end                            1      0.002938      0.002938      0.002938      0.000000  0.001    11     0     0
(Ocean tracer advection)               150      0.009543      0.009543      0.009543      0.000000  0.002    21     0     0
(Ocean adiabatic driver)                75      0.043294      0.043294      0.043294      0.000000  0.008    21     0     0
(Ocean continuity equation *)            0      0.000000      0.000000      0.000000      0.000000  0.000    31     0     0
(Ocean set BBL viscosity)               75      0.069389      0.069389      0.069389      0.000000  0.013    31     0     0
(Ocean message passing *)              150      0.001732      0.001732      0.001732      0.000000  0.000    31     0     0
(Ocean MOM_initialize_state)             2      0.009667      0.009667      0.009667      0.000000  0.002    31     0     0
(Ocean init message passing *)           2      0.000017      0.000017      0.000017      0.000000  0.000    41     0     0
(Ocean mixed layer restrat)              0      0.000000      0.000000      0.000000      0.000000  0.000    31     0     0
(Ocean collective diagnostics)         375      0.014757      0.014757      0.014757      0.000000  0.003    31     0     0
(Ocean Z-space diagnostics)              0      0.000000      0.000000      0.000000      0.000000  0.000    31     0     0
(Ocean ALE)                              0      0.000000      0.000000      0.000000      0.000000  0.000    31     0     0
(Stochastic EOS)                       150      0.000011      0.000011      0.000011      0.000000  0.000    31     0     0
(SGS Temperature Variance)             150      0.000009      0.000009      0.000009      0.000000  0.000    31     0     0
(Ocean MOM save_restart)                 0      0.000000      0.000000      0.000000      0.000000  0.000    31     0     0
(Ocean diagnostics framework)            0      0.000000      0.000000      0.000000      0.000000  0.000    31     0     0
(Ocean diagnostics remapping)            0      0.000000      0.000000      0.000000      0.000000  0.000    41     0     0
(Ocean diagnostics grid updates)       526      0.000078      0.000078      0.000078      0.000000  0.000    41     0     0
(Ocean init message passing)             4      0.000022      0.000022      0.000022      0.000000  0.000    41     0     0
(Ocean continuity reconstruction       902      0.100428      0.100428      0.100428      0.000000  0.019    41     0     0
(Ocean continuity update)              902      0.025986      0.025986      0.025986      0.000000  0.005    41     0     0
(Ocean continuity correction)          902      2.110993      2.110993      2.110993      0.000000  0.394    41     0     0
(Ocean BT pre-calcs only)             1200      0.271728      0.271728      0.271728      0.000000  0.051    41     0     0
(Ocean BT pre-step halo updates)      1200      0.016827      0.016827      0.016827      0.000000  0.003    41     0     0
(Ocean BT stepping calcs only)         600      0.228655      0.228655      0.228655      0.000000  0.043    41     0     0
(Ocean BT stepping halo updates)       300      0.001092      0.001092      0.001092      0.000000  0.000    41     0     0
(Ocean BT post-calcs only)             900      0.028080      0.028080      0.028080      0.000000  0.005    41     0     0
(Ocean BT post-step halo updates       600      0.001676      0.001676      0.001676      0.000000  0.000    41     0     0
(Ocean BT global synch)                  0      0.000000      0.000000      0.000000      0.000000  0.000    41     0     0
(Ocean Coriolis & mom advection)       300      0.239103      0.239103      0.239103      0.000000  0.045    31     0     0
(Ocean continuity equation)            450      2.294200      2.294200      2.294200      0.000000  0.428    31     0     0
(Ocean pressure force)                 150      0.607584      0.607584      0.607584      0.000000  0.113    31     0     0
(Ocean vertical viscosity)             450      0.721633      0.721633      0.721633      0.000000  0.135    31     0     0
(Ocean horizontal viscosity)           150      0.209820      0.209820      0.209820      0.000000  0.039    31     0     0
(Ocean momentum increments)            300      0.019112      0.019112      0.019112      0.000000  0.004    31     0     0
(Ocean message passing)               1350      0.004659      0.004659      0.004659      0.000000  0.001    31     0     0
(Ocean barotropic mode calc)           300      0.009939      0.009939      0.009939      0.000000  0.002    31     0     0
(Ocean barotropic mode stepping)       300      0.588241      0.588241      0.588241      0.000000  0.110    31     0     0
(Ocean barotropic forcing calc)        300      0.019669      0.019669      0.019669      0.000000  0.004    31     0     0
(Ocean advect tracer)                    0      0.000000      0.000000      0.000000      0.000000  0.000    31     0     0
(Ocean tracer halo updates)              0      0.000000      0.000000      0.000000      0.000000  0.000    41     0     0
(Ocean tracer global synch)              0      0.000000      0.000000      0.000000      0.000000  0.000    41     0     0
(Ocean diffuse tracer)                   0      0.000000      0.000000      0.000000      0.000000  0.000    31     0     0
(Ocean epipycnal diffuse tracer)         0      0.000000      0.000000      0.000000      0.000000  0.000    31     0     0
(Ocean surface forcing)                 76      0.002234      0.002234      0.002234      0.000000  0.000    31     0     0
(Ocean forcing diagnostics)            150      0.000117      0.000117      0.000117      0.000000  0.000    41     0     0
 MPP_STACK high water mark=            0
