NOTE: MPP_DOMAINS_SET_STACK_SIZE: stack size set to    32768.
NOTE: MPP_DOMAINS_SET_STACK_SIZE: stack size set to 30000000.
NOTE: ======== Model being driven by MOM_driver ========
NOTE: callTree: o Program MOM_main, MOM_driver.F90
NOTE: fms_affinity_set: OCEAN affinity assumes hyper-threading hardware disabled
 MOM_domains_mod OMPthreading             0            0            1
NOTE: open_param_file: MOM_input has been opened successfully.
NOTE: open_param_file: MOM_override has been opened successfully.

WARNING: MOM_file_parser : DT over-ridden.  Line: 'DT = 150' in file MOM_override.


WARNING: MOM_file_parser : DT_THERM over-ridden.  Line: 'DT_THERM = 300' in file MOM_override.

NOTE: fms_affinity_set: OCEAN affinity assumes hyper-threading hardware disabled
 MOM_domains_mod OMPthreading             0            0            1

WARNING: MOM_file_parser : NIGLOBAL over-ridden.  Line: 'NIGLOBAL = 256' in file MOM_override.


WARNING: MOM_file_parser : NJGLOBAL over-ridden.  Line: 'NJGLOBAL = 128' in file MOM_override.

 MOM_in domain decomposition
whalo =    4, ehalo =    4, shalo =    4, nhalo =    4
  X-AXIS =  256
  Y-AXIS =  128
 MOM_inc domain decomposition
whalo =    2, ehalo =    2, shalo =    2, nhalo =    2
  X-AXIS =  128
  Y-AXIS =   64
NOTE: diag_manager_mod::diag_manager_init: prepend_date only supported when diag_manager_init is called with time_init present.
NOTE: diag_manager_mod::diag_manager_init: You are using the legacy version of the diag table
 MOM_in domain decomposition
whalo =    4, ehalo =    4, shalo =    4, nhalo =    4
  X-AXIS =  256
  Y-AXIS =  128
 MOM_in domain decomposition
whalo =    2, ehalo =    2, shalo =    2, nhalo =    2
  X-AXIS =  128
  Y-AXIS =   64

WARNING: MOM_file_parser : NK over-ridden.  Line: 'NK = 100' in file MOM_override.

 MOM_in domain decomposition
whalo =    4, ehalo =    4, shalo =    4, nhalo =    4
  X-AXIS =  256
  Y-AXIS =  128
 MOM_in domain decomposition
whalo =    2, ehalo =    2, shalo =    2, nhalo =    2
  X-AXIS =  128
  Y-AXIS =   64

WARNING: Open_file is appending .nc to the filename ./ocean_geometry


WARNING: MOM_file_parser : COORD_CONFIG over-ridden.  Line: 'COORD_CONFIG = "linear"' in file MOM_override.

 MOM_in domain decomposition
whalo =    4, ehalo =    4, shalo =    4, nhalo =    4
  X-AXIS =  256
  Y-AXIS =  128
 MOM_in domain decomposition
whalo =    2, ehalo =    2, shalo =    2, nhalo =    2
  X-AXIS =  128
  Y-AXIS =   64
 MOM_in domain decomposition
whalo =    4, ehalo =    4, shalo =    4, nhalo =    4
  X-AXIS =  256
  Y-AXIS =  128
 MOM_in domain decomposition
whalo =    2, ehalo =    2, shalo =    2, nhalo =    2
  X-AXIS =  128
  Y-AXIS =   64

WARNING: ./Depth_list.nc checksums do not match; updating file.


WARNING: MOM_file_parser : DT_FORCING over-ridden.  Line: 'DT_FORCING = 300' in file MOM_override.


WARNING: MOM_file_parser : DAYMAX over-ridden.  Line: 'DAYMAX = 150' in file MOM_override.


WARNING: MOM_file_parser : RESTART_CONTROL over-ridden.  Line: 'RESTART_CONTROL = -1' in file MOM_override.


WARNING: MOM_file_parser : RESTINT over-ridden.  Line: 'RESTINT = 0.0' in file MOM_override.


WARNING: Unused line in MOM_input : GINT = 0.0098


WARNING: open_ASCII_file: File ./CPU_stats opened WRITEONLY already exists!


WARNING: open_ASCII_file: File ./ocean.stats opened WRITEONLY already exists!

MOM Time       0.000      0: En 9.166220E-12, MaxCFL  0.00000, Mass 5.286507716715E+18
    Total Energy: 41871B327A267CD1  4.8457295268792756E+07
    Total Mass:   5.2865077167146557E+18, Change:   0.0000000000000000E+00 Error:  0.00000E+00 ( 0.0E+00)
MOM Time      50.000     50: En 1.299121E-05, MaxCFL  0.00126, Mass 5.286507716715E+18
    Total Energy: 42CF3B2F68467E60  6.8678117788924750E+13
    Total Mass:   5.2865077167146557E+18, Change:   2.1975808844383682E+01 Error:  2.19758E+01 ( 4.2E-18)
MOM Time     100.000    100: En 4.033907E-05, MaxCFL  0.00184, Mass 5.286507716715E+18
    Total Energy: 42E83E7939F7FCDF  2.1325280704919097E+14
    Total Mass:   5.2865077167146557E+18, Change:  -3.4183497331743524E+00 Error: -3.41835E+00 (-6.5E-19)
MOM Time     150.000    150: En 6.648018E-05, MaxCFL  0.00167, Mass 5.286507716715E+18
    Total Energy: 42F3FA3DC20E7723  3.5144798207371419E+14
    Total Mass:   5.2865077167146557E+18, Change:  -3.6027968909208195E+00 Error: -3.60280E+00 (-6.8E-19)

WARNING: open_ASCII_file: File exitcode opened WRITEONLY already exists!

 MPP_DOMAINS_STACK high water mark=            0

Tabulating mpp_clock statistics across      1 PEs...

                                      hits          tmin          tmax          tavg          tstd  tfrac grain pemin pemax
Total runtime                            1      6.515881      6.515881      6.515881      0.000000  1.000     0     0     0
Initialization                           1      0.349668      0.349668      0.349668      0.000000  0.054     0     0     0
Main loop                                1      6.157362      6.157362      6.157362      0.000000  0.945     0     0     0
Termination                              1      0.002309      0.002309      0.002309      0.000000  0.000     0     0     0
Ocean                                   77      6.475116      6.475116      6.475116      0.000000  0.994     1     0     0
Ocean Initialization                     2      0.370100      0.370100      0.370100      0.000000  0.057    11     0     0
Ocean dynamics                         300      5.845763      5.845763      5.845763      0.000000  0.897    11     0     0
Ocean thermodynamics and tracers       225      0.093369      0.093369      0.093369      0.000000  0.014    11     0     0
Ocean grid generation and remapp         0      0.000000      0.000000      0.000000      0.000000  0.000    11     0     0
Ocean Other                            450      0.127325      0.127325      0.127325      0.000000  0.020    11     0     0
Ocean MOM_end                            1      0.005181      0.005181      0.005181      0.000000  0.001    11     0     0
(Ocean tracer advection)               150      0.010945      0.010945      0.010945      0.000000  0.002    21     0     0
(Ocean adiabatic driver)                75      0.082373      0.082373      0.082373      0.000000  0.013    21     0     0
(Ocean continuity equation *)            0      0.000000      0.000000      0.000000      0.000000  0.000    31     0     0
(Ocean set BBL viscosity)               75      0.096568      0.096568      0.096568      0.000000  0.015    31     0     0
(Ocean message passing *)              150      0.001704      0.001704      0.001704      0.000000  0.000    31     0     0
(Ocean MOM_initialize_state)             2      0.014074      0.014074      0.014074      0.000000  0.002    31     0     0
(Ocean init message passing *)           2      0.000020      0.000020      0.000020      0.000000  0.000    41     0     0
(Ocean mixed layer restrat)              0      0.000000      0.000000      0.000000      0.000000  0.000    31     0     0
(Ocean collective diagnostics)         375      0.015416      0.015416      0.015416      0.000000  0.002    31     0     0
(Ocean Z-space diagnostics)              0      0.000000      0.000000      0.000000      0.000000  0.000    31     0     0
(Ocean ALE)                              0      0.000000      0.000000      0.000000      0.000000  0.000    31     0     0
(Stochastic EOS)                       150      0.000020      0.000020      0.000020      0.000000  0.000    31     0     0
(SGS Temperature Variance)             150      0.000010      0.000010      0.000010      0.000000  0.000    31     0     0
(Ocean MOM save_restart)                 0      0.000000      0.000000      0.000000      0.000000  0.000    31     0     0
(Ocean diagnostics framework)            0      0.000000      0.000000      0.000000      0.000000  0.000    31     0     0
(Ocean diagnostics remapping)            0      0.000000      0.000000      0.000000      0.000000  0.000    41     0     0
(Ocean diagnostics grid updates)       526      0.000080      0.000080      0.000080      0.000000  0.000    41     0     0
(Ocean init message passing)             4      0.000019      0.000019      0.000019      0.000000  0.000    41     0     0
(Ocean continuity reconstruction       902      0.153504      0.153504      0.153504      0.000000  0.024    41     0     0
(Ocean continuity update)              902      0.039849      0.039849      0.039849      0.000000  0.006    41     0     0
(Ocean continuity correction)          902      2.245660      2.245660      2.245660      0.000000  0.345    41     0     0
(Ocean BT pre-calcs only)             1200      0.327596      0.327596      0.327596      0.000000  0.050    41     0     0
(Ocean BT pre-step halo updates)      1200      0.017218      0.017218      0.017218      0.000000  0.003    41     0     0
(Ocean BT stepping calcs only)         600      0.242443      0.242443      0.242443      0.000000  0.037    41     0     0
(Ocean BT stepping halo updates)       300      0.001121      0.001121      0.001121      0.000000  0.000    41     0     0
(Ocean BT post-calcs only)             900      0.039385      0.039385      0.039385      0.000000  0.006    41     0     0
(Ocean BT post-step halo updates       600      0.001837      0.001837      0.001837      0.000000  0.000    41     0     0
(Ocean BT global synch)                  0      0.000000      0.000000      0.000000      0.000000  0.000    41     0     0
(Ocean Coriolis & mom advection)       300      0.313324      0.313324      0.313324      0.000000  0.048    31     0     0
(Ocean continuity equation)            450      2.503874      2.503874      2.503874      0.000000  0.384    31     0     0
(Ocean pressure force)                 150      0.642548      0.642548      0.642548      0.000000  0.099    31     0     0
(Ocean vertical viscosity)             450      1.090334      1.090334      1.090334      0.000000  0.167    31     0     0
(Ocean horizontal viscosity)           150      0.266340      0.266340      0.266340      0.000000  0.041    31     0     0
(Ocean momentum increments)            300      0.028260      0.028260      0.028260      0.000000  0.004    31     0     0
(Ocean message passing)               1350      0.004698      0.004698      0.004698      0.000000  0.001    31     0     0
(Ocean barotropic mode calc)           300      0.012156      0.012156      0.012156      0.000000  0.002    31     0     0
(Ocean barotropic mode stepping)       300      0.693157      0.693157      0.693157      0.000000  0.106    31     0     0
(Ocean barotropic forcing calc)        300      0.030327      0.030327      0.030327      0.000000  0.005    31     0     0
(Ocean advect tracer)                    0      0.000000      0.000000      0.000000      0.000000  0.000    31     0     0
(Ocean tracer halo updates)              0      0.000000      0.000000      0.000000      0.000000  0.000    41     0     0
(Ocean tracer global synch)              0      0.000000      0.000000      0.000000      0.000000  0.000    41     0     0
(Ocean diffuse tracer)                   0      0.000000      0.000000      0.000000      0.000000  0.000    31     0     0
(Ocean epipycnal diffuse tracer)         0      0.000000      0.000000      0.000000      0.000000  0.000    31     0     0
(Ocean surface forcing)                 76      0.002650      0.002650      0.002650      0.000000  0.000    31     0     0
(Ocean forcing diagnostics)            150      0.000118      0.000118      0.000118      0.000000  0.000    41     0     0
 MPP_STACK high water mark=            0
