NOTE: MPP_DOMAINS_SET_STACK_SIZE: stack size set to    32768.
NOTE: MPP_DOMAINS_SET_STACK_SIZE: stack size set to  3000000.
NOTE: ======== Model being driven by MOM_driver ========
NOTE: callTree: o Program MOM_main, MOM_driver.F90
NOTE: fms_affinity_set: OCEAN affinity assumes hyper-threading hardware disabled
 MOM_domains_mod OMPthreading             0            0            1
NOTE: open_param_file: MOM_input has been opened successfully.
NOTE: open_param_file: MOM_override has been opened successfully.

WARNING: MOM_file_parser : DT over-ridden.  Line: 'DT = 1200' in file MOM_override.


WARNING: MOM_file_parser : DT_THERM over-ridden.  Line: 'DT_THERM = 2400' in file MOM_override.

NOTE: fms_affinity_set: OCEAN affinity assumes hyper-threading hardware disabled
 MOM_domains_mod OMPthreading             0            0            1

WARNING: MOM_file_parser : NIGLOBAL over-ridden.  Line: 'NIGLOBAL = 32' in file MOM_override.


WARNING: MOM_file_parser : NJGLOBAL over-ridden.  Line: 'NJGLOBAL = 32' in file MOM_override.

 MOM_in domain decomposition
whalo =    4, ehalo =    4, shalo =    4, nhalo =    4
  X-AXIS =   32
  Y-AXIS =   32
 MOM_inc domain decomposition
whalo =    2, ehalo =    2, shalo =    2, nhalo =    2
  X-AXIS =   16
  Y-AXIS =   16
NOTE: diag_manager_mod::diag_manager_init: prepend_date only supported when diag_manager_init is called with time_init present.
NOTE: diag_manager_mod::diag_manager_init: You are using the legacy version of the diag table
 MOM_in domain decomposition
whalo =    4, ehalo =    4, shalo =    4, nhalo =    4
  X-AXIS =   32
  Y-AXIS =   32
 MOM_in domain decomposition
whalo =    2, ehalo =    2, shalo =    2, nhalo =    2
  X-AXIS =   16
  Y-AXIS =   16

WARNING: MOM_file_parser : NK over-ridden.  Line: 'NK = 100' in file MOM_override.

 MOM_in domain decomposition
whalo =    4, ehalo =    4, shalo =    4, nhalo =    4
  X-AXIS =   32
  Y-AXIS =   32
 MOM_in domain decomposition
whalo =    2, ehalo =    2, shalo =    2, nhalo =    2
  X-AXIS =   16
  Y-AXIS =   16

WARNING: Open_file is appending .nc to the filename ./ocean_geometry


WARNING: MOM_file_parser : COORD_CONFIG over-ridden.  Line: 'COORD_CONFIG = "linear"' in file MOM_override.

 MOM_in domain decomposition
whalo =    4, ehalo =    4, shalo =    4, nhalo =    4
  X-AXIS =   32
  Y-AXIS =   32
 MOM_in domain decomposition
whalo =    2, ehalo =    2, shalo =    2, nhalo =    2
  X-AXIS =   16
  Y-AXIS =   16
 MOM_in domain decomposition
whalo =    4, ehalo =    4, shalo =    4, nhalo =    4
  X-AXIS =   32
  Y-AXIS =   32
 MOM_in domain decomposition
whalo =    2, ehalo =    2, shalo =    2, nhalo =    2
  X-AXIS =   16
  Y-AXIS =   16

WARNING: ./Depth_list.nc checksums do not match; updating file.


WARNING: MOM_file_parser : DT_FORCING over-ridden.  Line: 'DT_FORCING = 2400' in file MOM_override.


WARNING: MOM_file_parser : DAYMAX over-ridden.  Line: 'DAYMAX = 150' in file MOM_override.


WARNING: Unused line in MOM_input : GINT = 0.0098


WARNING: open_ASCII_file: File ./CPU_stats opened WRITEONLY already exists!


WARNING: open_ASCII_file: File ./ocean.stats opened WRITEONLY already exists!

MOM Time       0.000      0: En 9.113220E-12, MaxCFL  0.00000, Mass 5.289326887310E+18
    Total Energy: 4186FC216CCDC25B  4.8202797600468360E+07
    Total Mass:   5.2893268873103186E+18, Change:   0.0000000000000000E+00 Error:  0.00000E+00 ( 0.0E+00)
MOM Time      50.000     50: En 2.411415E-05, MaxCFL  0.00148, Mass 5.289326887310E+18
    Total Energy: 42DD003FDC23154B  1.2754763438805317E+14
    Total Mass:   5.2893268873103186E+18, Change:  -4.2356698535497571E+01 Error: -4.23567E+01 (-8.0E-18)
MOM Time     100.000    100: En 4.391675E-05, MaxCFL  0.00199, Mass 5.289326887310E+18
    Total Energy: 42EA6887DCF0C4E6  2.3229006659741519E+14
    Total Mass:   5.2893268873103186E+18, Change:   7.8416584052112057E+00 Error:  7.84166E+00 ( 1.5E-18)
 MOM_in domain decomposition
whalo =    4, ehalo =    4, shalo =    4, nhalo =    4
  X-AXIS =   32
  Y-AXIS =   32
 MOM_in domain decomposition
whalo =    2, ehalo =    2, shalo =    2, nhalo =    2
  X-AXIS =   16
  Y-AXIS =   16
 MOM_in domain decomposition
whalo =    4, ehalo =    4, shalo =    4, nhalo =    4
  X-AXIS =   32
  Y-AXIS =   32
 MOM_in domain decomposition
whalo =    2, ehalo =    2, shalo =    2, nhalo =    2
  X-AXIS =   16
  Y-AXIS =   16
MOM Time     150.000    150: En 5.356812E-05, MaxCFL  0.00233, Mass 5.289326887310E+18
    Total Energy: 42F01B210F98DB53  2.8333927730731719E+14
    Total Mass:   5.2893268873103186E+18, Change:   6.0941296403016167E+00 Error:  6.09413E+00 ( 1.2E-18)
 MOM_in domain decomposition
whalo =    4, ehalo =    4, shalo =    4, nhalo =    4
  X-AXIS =   32
  Y-AXIS =   32
 MOM_in domain decomposition
whalo =    2, ehalo =    2, shalo =    2, nhalo =    2
  X-AXIS =   16
  Y-AXIS =   16

WARNING: open_ASCII_file: File RESTART/ocean_solo.res opened WRITEONLY already exists!


WARNING: open_ASCII_file: File exitcode opened WRITEONLY already exists!

 MPP_DOMAINS_STACK high water mark=            0

Tabulating mpp_clock statistics across      1 PEs...

                                      hits          tmin          tmax          tavg          tstd  tfrac grain pemin pemax
Total runtime                            1      4.516720      4.516720      4.516720      0.000000  1.000     0     0     0
Initialization                           1      0.621762      0.621762      0.621762      0.000000  0.138     0     0     0
Main loop                                1      3.826018      3.826018      3.826018      0.000000  0.847     0     0     0
Termination                              1      0.038481      0.038481      0.038481      0.000000  0.009     0     0     0
Ocean                                   80      4.384566      4.384566      4.384566      0.000000  0.971     1     0     0
Ocean Initialization                     2      0.585552      0.585552      0.585552      0.000000  0.130    11     0     0
Ocean dynamics                         300      3.411987      3.411987      3.411987      0.000000  0.755    11     0     0
Ocean thermodynamics and tracers       225      0.008210      0.008210      0.008210      0.000000  0.002    11     0     0
Ocean grid generation and remapp         0      0.000000      0.000000      0.000000      0.000000  0.000    11     0     0
Ocean Other                            450      0.104477      0.104477      0.104477      0.000000  0.023    11     0     0
Ocean MOM_end                            1      0.002401      0.002401      0.002401      0.000000  0.001    11     0     0
(Ocean tracer advection)               150      0.003943      0.003943      0.003943      0.000000  0.001    21     0     0
(Ocean adiabatic driver)                75      0.004233      0.004233      0.004233      0.000000  0.001    21     0     0
(Ocean continuity equation *)            0      0.000000      0.000000      0.000000      0.000000  0.000    31     0     0
(Ocean set BBL viscosity)               75      0.038742      0.038742      0.038742      0.000000  0.009    31     0     0
(Ocean message passing *)              150      0.001081      0.001081      0.001081      0.000000  0.000    31     0     0
(Ocean MOM_initialize_state)             2      0.016848      0.016848      0.016848      0.000000  0.004    31     0     0
(Ocean init message passing *)           2      0.004029      0.004029      0.004029      0.000000  0.001    41     0     0
(Ocean mixed layer restrat)              0      0.000000      0.000000      0.000000      0.000000  0.000    31     0     0
(Ocean collective diagnostics)         375      0.013828      0.013828      0.013828      0.000000  0.003    31     0     0
(Ocean Z-space diagnostics)              0      0.000000      0.000000      0.000000      0.000000  0.000    31     0     0
(Ocean ALE)                              0      0.000000      0.000000      0.000000      0.000000  0.000    31     0     0
(Stochastic EOS)                       150      0.000011      0.000011      0.000011      0.000000  0.000    31     0     0
(SGS Temperature Variance)             150      0.000006      0.000006      0.000006      0.000000  0.000    31     0     0
(Ocean MOM save_restart)                 3      0.188159      0.188159      0.188159      0.000000  0.042    31     0     0
(Ocean diagnostics framework)            0      0.000000      0.000000      0.000000      0.000000  0.000    31     0     0
(Ocean diagnostics remapping)            0      0.000000      0.000000      0.000000      0.000000  0.000    41     0     0
(Ocean diagnostics grid updates)       526      0.064159      0.064159      0.064159      0.000000  0.014    41     0     0
(Ocean init message passing)             4      0.000030      0.000030      0.000030      0.000000  0.000    41     0     0
(Ocean continuity reconstruction       902      0.039036      0.039036      0.039036      0.000000  0.009    41     0     0
(Ocean continuity update)              902      0.010754      0.010754      0.010754      0.000000  0.002    41     0     0
(Ocean continuity correction)          902      1.710352      1.710352      1.710352      0.000000  0.379    41     0     0
(Ocean BT pre-calcs only)             1200      0.200446      0.200446      0.200446      0.000000  0.044    41     0     0
(Ocean BT pre-step halo updates)      1200      0.015442      0.015442      0.015442      0.000000  0.003    41     0     0
(Ocean BT stepping calcs only)         600      0.193760      0.193760      0.193760      0.000000  0.043    41     0     0
(Ocean BT stepping halo updates)       300      0.000817      0.000817      0.000817      0.000000  0.000    41     0     0
(Ocean BT post-calcs only)             900      0.017450      0.017450      0.017450      0.000000  0.004    41     0     0
(Ocean BT post-step halo updates       600      0.001497      0.001497      0.001497      0.000000  0.000    41     0     0
(Ocean BT global synch)                  0      0.000000      0.000000      0.000000      0.000000  0.000    41     0     0
(Ocean Coriolis & mom advection)       300      0.079003      0.079003      0.079003      0.000000  0.017    31     0     0
(Ocean continuity equation)            450      1.754843      1.754843      1.754843      0.000000  0.389    31     0     0
(Ocean pressure force)                 150      0.487269      0.487269      0.487269      0.000000  0.108    31     0     0
(Ocean vertical viscosity)             450      0.460175      0.460175      0.460175      0.000000  0.102    31     0     0
(Ocean horizontal viscosity)           150      0.061490      0.061490      0.061490      0.000000  0.014    31     0     0
(Ocean momentum increments)            300      0.007747      0.007747      0.007747      0.000000  0.002    31     0     0
(Ocean message passing)               1350      0.003896      0.003896      0.003896      0.000000  0.001    31     0     0
(Ocean barotropic mode calc)           300      0.007704      0.007704      0.007704      0.000000  0.002    31     0     0
(Ocean barotropic mode stepping)       300      0.441606      0.441606      0.441606      0.000000  0.098    31     0     0
(Ocean barotropic forcing calc)        300      0.006730      0.006730      0.006730      0.000000  0.001    31     0     0
(Ocean advect tracer)                    0      0.000000      0.000000      0.000000      0.000000  0.000    31     0     0
(Ocean tracer halo updates)              0      0.000000      0.000000      0.000000      0.000000  0.000    41     0     0
(Ocean tracer global synch)              0      0.000000      0.000000      0.000000      0.000000  0.000    41     0     0
(Ocean diffuse tracer)                   0      0.000000      0.000000      0.000000      0.000000  0.000    31     0     0
(Ocean epipycnal diffuse tracer)         0      0.000000      0.000000      0.000000      0.000000  0.000    31     0     0
(Ocean surface forcing)                 76      0.009393      0.009393      0.009393      0.000000  0.002    31     0     0
(Ocean forcing diagnostics)            150      0.000837      0.000837      0.000837      0.000000  0.000    41     0     0
 MPP_STACK high water mark=            0
