NOTE: MPP_DOMAINS_SET_STACK_SIZE: stack size set to    32768.
NOTE: MPP_DOMAINS_SET_STACK_SIZE: stack size set to  3000000.
NOTE: ======== Model being driven by MOM_driver ========
NOTE: callTree: o Program MOM_main, MOM_driver.F90
NOTE: fms_affinity_set: OCEAN affinity assumes hyper-threading hardware disabled
 MOM_domains_mod OMPthreading             0            0            1
NOTE: open_param_file: MOM_input has been opened successfully.
NOTE: open_param_file: MOM_override has been opened successfully.

WARNING: MOM_file_parser : DT over-ridden.  Line: 'DT = 300' in file MOM_override.


WARNING: MOM_file_parser : DT_THERM over-ridden.  Line: 'DT_THERM = 600' in file MOM_override.

NOTE: fms_affinity_set: OCEAN affinity assumes hyper-threading hardware disabled
 MOM_domains_mod OMPthreading             0            0            1

WARNING: MOM_file_parser : NIGLOBAL over-ridden.  Line: 'NIGLOBAL = 128' in file MOM_override.


WARNING: MOM_file_parser : NJGLOBAL over-ridden.  Line: 'NJGLOBAL = 128' in file MOM_override.

 MOM_in domain decomposition
whalo =    4, ehalo =    4, shalo =    4, nhalo =    4
  X-AXIS =  128
  Y-AXIS =  128
 MOM_inc domain decomposition
whalo =    2, ehalo =    2, shalo =    2, nhalo =    2
  X-AXIS =   64
  Y-AXIS =   64
NOTE: diag_manager_mod::diag_manager_init: prepend_date only supported when diag_manager_init is called with time_init present.
NOTE: diag_manager_mod::diag_manager_init: You are using the legacy version of the diag table
 MOM_in domain decomposition
whalo =    4, ehalo =    4, shalo =    4, nhalo =    4
  X-AXIS =  128
  Y-AXIS =  128
 MOM_in domain decomposition
whalo =    2, ehalo =    2, shalo =    2, nhalo =    2
  X-AXIS =   64
  Y-AXIS =   64

WARNING: MOM_file_parser : NK over-ridden.  Line: 'NK = 100' in file MOM_override.

 MOM_in domain decomposition
whalo =    4, ehalo =    4, shalo =    4, nhalo =    4
  X-AXIS =  128
  Y-AXIS =  128
 MOM_in domain decomposition
whalo =    2, ehalo =    2, shalo =    2, nhalo =    2
  X-AXIS =   64
  Y-AXIS =   64

WARNING: Open_file is appending .nc to the filename ./ocean_geometry


WARNING: MOM_file_parser : COORD_CONFIG over-ridden.  Line: 'COORD_CONFIG = "linear"' in file MOM_override.

 MOM_in domain decomposition
whalo =    4, ehalo =    4, shalo =    4, nhalo =    4
  X-AXIS =  128
  Y-AXIS =  128
 MOM_in domain decomposition
whalo =    2, ehalo =    2, shalo =    2, nhalo =    2
  X-AXIS =   64
  Y-AXIS =   64
 MOM_in domain decomposition
whalo =    4, ehalo =    4, shalo =    4, nhalo =    4
  X-AXIS =  128
  Y-AXIS =  128
 MOM_in domain decomposition
whalo =    2, ehalo =    2, shalo =    2, nhalo =    2
  X-AXIS =   64
  Y-AXIS =   64

WARNING: ./Depth_list.nc checksums do not match; updating file.


WARNING: MOM_file_parser : DT_FORCING over-ridden.  Line: 'DT_FORCING = 600' in file MOM_override.


WARNING: MOM_file_parser : DAYMAX over-ridden.  Line: 'DAYMAX = 150' in file MOM_override.


WARNING: Unused line in MOM_input : GINT = 0.0098


WARNING: open_ASCII_file: File ./CPU_stats opened WRITEONLY already exists!


WARNING: open_ASCII_file: File ./ocean.stats opened WRITEONLY already exists!

MOM Time       0.000      0: En 9.164543E-12, MaxCFL  0.00000, Mass 5.286601636954E+18
    Total Energy: 41871A38398144CF  4.8449287188119523E+07
    Total Mass:   5.2866016369539973E+18, Change:   0.0000000000000000E+00 Error:  0.00000E+00 ( 0.0E+00)
MOM Time      50.000     50: En 4.018195E-05, MaxCFL  0.00184, Mass 5.286601636954E+18
    Total Energy: 42E82668CA5050DD  2.1242596730535091E+14
    Total Mass:   5.2866016369539973E+18, Change:   2.6458583890128665E+01 Error:  2.64586E+01 ( 5.0E-18)
MOM Time     100.000    100: En 8.022032E-05, MaxCFL  0.00256, Mass 5.286601636954E+18
    Total Energy: 42F81B5D0215799F  4.2409285762037794E+14
    Total Mass:   5.2866016369539973E+18, Change:   2.1118856013716432E+00 Error:  2.11189E+00 ( 4.0E-19)
 MOM_in domain decomposition
whalo =    4, ehalo =    4, shalo =    4, nhalo =    4
  X-AXIS =  128
  Y-AXIS =  128
 MOM_in domain decomposition
whalo =    2, ehalo =    2, shalo =    2, nhalo =    2
  X-AXIS =   64
  Y-AXIS =   64
 MOM_in domain decomposition
whalo =    4, ehalo =    4, shalo =    4, nhalo =    4
  X-AXIS =  128
  Y-AXIS =  128
 MOM_in domain decomposition
whalo =    2, ehalo =    2, shalo =    2, nhalo =    2
  X-AXIS =   64
  Y-AXIS =   64
MOM Time     150.000    150: En 6.198263E-05, MaxCFL  0.00212, Mass 5.286601636954E+18
    Total Energy: 42F2A055AEF4E490  3.2767746554631300E+14
    Total Mass:   5.2866016369539973E+18, Change:  -3.9504982865571137E-01 Error: -3.95050E-01 (-7.5E-20)
 MOM_in domain decomposition
whalo =    4, ehalo =    4, shalo =    4, nhalo =    4
  X-AXIS =  128
  Y-AXIS =  128
 MOM_in domain decomposition
whalo =    2, ehalo =    2, shalo =    2, nhalo =    2
  X-AXIS =   64
  Y-AXIS =   64

WARNING: open_ASCII_file: File RESTART/ocean_solo.res opened WRITEONLY already exists!


WARNING: open_ASCII_file: File exitcode opened WRITEONLY already exists!

 MPP_DOMAINS_STACK high water mark=            0

Tabulating mpp_clock statistics across      1 PEs...

                                      hits          tmin          tmax          tavg          tstd  tfrac grain pemin pemax
Total runtime                            1      8.826901      8.826901      8.826901      0.000000  1.000     0     0     0
Initialization                           1      0.734617      0.734617      0.734617      0.000000  0.083     0     0     0
Main loop                                1      7.637975      7.637975      7.637975      0.000000  0.865     0     0     0
Termination                              1      0.452302      0.452302      0.452302      0.000000  0.051     0     0     0
Ocean                                   80      8.775487      8.775487      8.775487      0.000000  0.994     1     0     0
Ocean Initialization                     2      0.752744      0.752744      0.752744      0.000000  0.085    11     0     0
Ocean dynamics                         300      4.845536      4.845536      4.845536      0.000000  0.549    11     0     0
Ocean thermodynamics and tracers       225      0.055306      0.055306      0.055306      0.000000  0.006    11     0     0
Ocean grid generation and remapp         0      0.000000      0.000000      0.000000      0.000000  0.000    11     0     0
Ocean Other                            450      0.668071      0.668071      0.668071      0.000000  0.076    11     0     0
Ocean MOM_end                            1      0.000498      0.000498      0.000498      0.000000  0.000    11     0     0
(Ocean tracer advection)               150      0.004304      0.004304      0.004304      0.000000  0.000    21     0     0
(Ocean adiabatic driver)                75      0.050954      0.050954      0.050954      0.000000  0.006    21     0     0
(Ocean continuity equation *)            0      0.000000      0.000000      0.000000      0.000000  0.000    31     0     0
(Ocean set BBL viscosity)               75      0.071846      0.071846      0.071846      0.000000  0.008    31     0     0
(Ocean message passing *)              150      0.001437      0.001437      0.001437      0.000000  0.000    31     0     0
(Ocean MOM_initialize_state)             2      0.014426      0.014426      0.014426      0.000000  0.002    31     0     0
(Ocean init message passing *)           2      0.000038      0.000038      0.000038      0.000000  0.000    41     0     0
(Ocean mixed layer restrat)              0      0.000000      0.000000      0.000000      0.000000  0.000    31     0     0
(Ocean collective diagnostics)         375      0.129259      0.129259      0.129259      0.000000  0.015    31     0     0
(Ocean Z-space diagnostics)              0      0.000000      0.000000      0.000000      0.000000  0.000    31     0     0
(Ocean ALE)                              0      0.000000      0.000000      0.000000      0.000000  0.000    31     0     0
(Stochastic EOS)                       150      0.000019      0.000019      0.000019      0.000000  0.000    31     0     0
(SGS Temperature Variance)             150      0.000006      0.000006      0.000006      0.000000  0.000    31     0     0
(Ocean MOM save_restart)                 3      1.350725      1.350725      1.350725      0.000000  0.153    31     0     0
(Ocean diagnostics framework)            0      0.000000      0.000000      0.000000      0.000000  0.000    31     0     0
(Ocean diagnostics remapping)            0      0.000000      0.000000      0.000000      0.000000  0.000    41     0     0
(Ocean diagnostics grid updates)       526      0.717611      0.717611      0.717611      0.000000  0.081    41     0     0
(Ocean init message passing)             4      0.000033      0.000033      0.000033      0.000000  0.000    41     0     0
(Ocean continuity reconstruction       902      0.090822      0.090822      0.090822      0.000000  0.010    41     0     0
(Ocean continuity update)              902      0.024504      0.024504      0.024504      0.000000  0.003    41     0     0
(Ocean continuity correction)          902      2.237906      2.237906      2.237906      0.000000  0.254    41     0     0
(Ocean BT pre-calcs only)             1200      0.244741      0.244741      0.244741      0.000000  0.028    41     0     0
(Ocean BT pre-step halo updates)      1200      0.015865      0.015865      0.015865      0.000000  0.002    41     0     0
(Ocean BT stepping calcs only)         600      0.204363      0.204363      0.204363      0.000000  0.023    41     0     0
(Ocean BT stepping halo updates)       300      0.000936      0.000936      0.000936      0.000000  0.000    41     0     0
(Ocean BT post-calcs only)             900      0.030649      0.030649      0.030649      0.000000  0.003    41     0     0
(Ocean BT post-step halo updates       600      0.001555      0.001555      0.001555      0.000000  0.000    41     0     0
(Ocean BT global synch)                  0      0.000000      0.000000      0.000000      0.000000  0.000    41     0     0
(Ocean Coriolis & mom advection)       300      0.218686      0.218686      0.218686      0.000000  0.025    31     0     0
(Ocean continuity equation)            450      2.389414      2.389414      2.389414      0.000000  0.271    31     0     0
(Ocean pressure force)                 150      0.558532      0.558532      0.558532      0.000000  0.063    31     0     0
(Ocean vertical viscosity)             450      0.740271      0.740271      0.740271      0.000000  0.084    31     0     0
(Ocean horizontal viscosity)           150      0.195538      0.195538      0.195538      0.000000  0.022    31     0     0
(Ocean momentum increments)            300      0.017790      0.017790      0.017790      0.000000  0.002    31     0     0
(Ocean message passing)               1350      0.004491      0.004491      0.004491      0.000000  0.001    31     0     0
(Ocean barotropic mode calc)           300      0.009768      0.009768      0.009768      0.000000  0.001    31     0     0
(Ocean barotropic mode stepping)       300      0.512477      0.512477      0.512477      0.000000  0.058    31     0     0
(Ocean barotropic forcing calc)        300      0.018554      0.018554      0.018554      0.000000  0.002    31     0     0
(Ocean advect tracer)                    0      0.000000      0.000000      0.000000      0.000000  0.000    31     0     0
(Ocean tracer halo updates)              0      0.000000      0.000000      0.000000      0.000000  0.000    41     0     0
(Ocean tracer global synch)              0      0.000000      0.000000      0.000000      0.000000  0.000    41     0     0
(Ocean diffuse tracer)                   0      0.000000      0.000000      0.000000      0.000000  0.000    31     0     0
(Ocean epipycnal diffuse tracer)         0      0.000000      0.000000      0.000000      0.000000  0.000    31     0     0
(Ocean surface forcing)                 76      0.002948      0.002948      0.002948      0.000000  0.000    31     0     0
(Ocean forcing diagnostics)            150      0.000269      0.000269      0.000269      0.000000  0.000    41     0     0
 MPP_STACK high water mark=            0
