NOTE: MPP_DOMAINS_SET_STACK_SIZE: stack size set to    32768.
NOTE: MPP_DOMAINS_SET_STACK_SIZE: stack size set to  3000000.
NOTE: ======== Model being driven by MOM_driver ========
NOTE: callTree: o Program MOM_main, MOM_driver.F90
NOTE: fms_affinity_set: OCEAN affinity assumes hyper-threading hardware disabled
 MOM_domains_mod OMPthreading             0            0            1
NOTE: open_param_file: MOM_input has been opened successfully.
NOTE: open_param_file: MOM_override has been opened successfully.

WARNING: MOM_file_parser : DT over-ridden.  Line: 'DT = 75' in file MOM_override.


WARNING: MOM_file_parser : DT_THERM over-ridden.  Line: 'DT_THERM = 150' in file MOM_override.

NOTE: fms_affinity_set: OCEAN affinity assumes hyper-threading hardware disabled
 MOM_domains_mod OMPthreading             0            0            1

WARNING: MOM_file_parser : NIGLOBAL over-ridden.  Line: 'NIGLOBAL = 512' in file MOM_override.


WARNING: MOM_file_parser : NJGLOBAL over-ridden.  Line: 'NJGLOBAL = 256' in file MOM_override.

 MOM_in domain decomposition
whalo =    4, ehalo =    4, shalo =    4, nhalo =    4
  X-AXIS =  512
  Y-AXIS =  256
 MOM_inc domain decomposition
whalo =    2, ehalo =    2, shalo =    2, nhalo =    2
  X-AXIS =  256
  Y-AXIS =  128
NOTE: diag_manager_mod::diag_manager_init: prepend_date only supported when diag_manager_init is called with time_init present.
NOTE: diag_manager_mod::diag_manager_init: You are using the legacy version of the diag table
 MOM_in domain decomposition
whalo =    4, ehalo =    4, shalo =    4, nhalo =    4
  X-AXIS =  512
  Y-AXIS =  256
 MOM_in domain decomposition
whalo =    2, ehalo =    2, shalo =    2, nhalo =    2
  X-AXIS =  256
  Y-AXIS =  128

WARNING: MOM_file_parser : NK over-ridden.  Line: 'NK = 100' in file MOM_override.

 MOM_in domain decomposition
whalo =    4, ehalo =    4, shalo =    4, nhalo =    4
  X-AXIS =  512
  Y-AXIS =  256
 MOM_in domain decomposition
whalo =    2, ehalo =    2, shalo =    2, nhalo =    2
  X-AXIS =  256
  Y-AXIS =  128

WARNING: Open_file is appending .nc to the filename ./ocean_geometry


WARNING: MOM_file_parser : COORD_CONFIG over-ridden.  Line: 'COORD_CONFIG = "linear"' in file MOM_override.

 MOM_in domain decomposition
whalo =    4, ehalo =    4, shalo =    4, nhalo =    4
  X-AXIS =  512
  Y-AXIS =  256
 MOM_in domain decomposition
whalo =    2, ehalo =    2, shalo =    2, nhalo =    2
  X-AXIS =  256
  Y-AXIS =  128
 MOM_in domain decomposition
whalo =    4, ehalo =    4, shalo =    4, nhalo =    4
  X-AXIS =  512
  Y-AXIS =  256
 MOM_in domain decomposition
whalo =    2, ehalo =    2, shalo =    2, nhalo =    2
  X-AXIS =  256
  Y-AXIS =  128

WARNING: ./Depth_list.nc checksums do not match; updating file.


WARNING: MOM_file_parser : DT_FORCING over-ridden.  Line: 'DT_FORCING = 150' in file MOM_override.


WARNING: MOM_file_parser : DAYMAX over-ridden.  Line: 'DAYMAX = 150' in file MOM_override.


WARNING: Unused line in MOM_input : GINT = 0.0098


WARNING: open_ASCII_file: File ./CPU_stats opened WRITEONLY already exists!


WARNING: open_ASCII_file: File ./ocean.stats opened WRITEONLY already exists!

MOM Time       0.000      0: En 9.167549E-12, MaxCFL  0.00000, Mass 5.286433166925E+18
    Total Energy: 41871BF89CE9F99F  4.8463635614245646E+07
    Total Mass:   5.2864331669247314E+18, Change:   0.0000000000000000E+00 Error:  0.00000E+00 ( 0.0E+00)
MOM Time      50.000     50: En 3.628256E-06, MaxCFL  0.00070, Mass 5.286433166925E+18
    Total Energy: 42B171D0E6F598AD  1.9180533773720676E+13
    Total Mass:   5.2864331669247314E+18, Change:   4.6828678089275229E+01 Error:  4.68287E+01 ( 8.9E-18)
MOM Time     100.000    100: En 1.302024E-05, MaxCFL  0.00126, Mass 5.286433166925E+18
    Total Energy: 42CF4CEFFF39F0E5  6.8830608913377789E+13
    Total Mass:   5.2864331669247314E+18, Change:  -4.4074424865870521E-01 Error: -4.40744E-01 (-8.3E-20)
 MOM_in domain decomposition
whalo =    4, ehalo =    4, shalo =    4, nhalo =    4
  X-AXIS =  512
  Y-AXIS =  256
 MOM_in domain decomposition
whalo =    2, ehalo =    2, shalo =    2, nhalo =    2
  X-AXIS =  256
  Y-AXIS =  128
 MOM_in domain decomposition
whalo =    4, ehalo =    4, shalo =    4, nhalo =    4
  X-AXIS =  512
  Y-AXIS =  256
 MOM_in domain decomposition
whalo =    2, ehalo =    2, shalo =    2, nhalo =    2
  X-AXIS =  256
  Y-AXIS =  128
MOM Time     150.000    150: En 2.597818E-05, MaxCFL  0.00165, Mass 5.286433166925E+18
    Total Energy: 42DF39C52ABA2CF0  1.3733192603461175E+14
    Total Mass:   5.2864331669247314E+18, Change:  -6.8041288220255325E-01 Error: -6.80413E-01 (-1.3E-19)
 MOM_in domain decomposition
whalo =    4, ehalo =    4, shalo =    4, nhalo =    4
  X-AXIS =  512
  Y-AXIS =  256
 MOM_in domain decomposition
whalo =    2, ehalo =    2, shalo =    2, nhalo =    2
  X-AXIS =  256
  Y-AXIS =  128

WARNING: open_ASCII_file: File RESTART/ocean_solo.res opened WRITEONLY already exists!


WARNING: open_ASCII_file: File exitcode opened WRITEONLY already exists!

 MPP_DOMAINS_STACK high water mark=            0

Tabulating mpp_clock statistics across      1 PEs...

                                      hits          tmin          tmax          tavg          tstd  tfrac grain pemin pemax
Total runtime                            1     58.404560     58.404560     58.404560      0.000000  1.000     0     0     0
Initialization                           1      4.669092      4.669092      4.669092      0.000000  0.080     0     0     0
Main loop                                1     48.056122     48.056122     48.056122      0.000000  0.823     0     0     0
Termination                              1      5.394697      5.394697      5.394697      0.000000  0.092     0     0     0
Ocean                                   80     58.091049     58.091049     58.091049      0.000000  0.995     1     0     0
Ocean Initialization                     2      4.700156      4.700156      4.700156      0.000000  0.080    11     0     0
Ocean dynamics                         300     13.629806     13.629806     13.629806      0.000000  0.233    11     0     0
Ocean thermodynamics and tracers       225      3.125030      3.125030      3.125030      0.000000  0.054    11     0     0
Ocean grid generation and remapp         0      0.000000      0.000000      0.000000      0.000000  0.000    11     0     0
Ocean Other                            450      7.947896      7.947896      7.947896      0.000000  0.136    11     0     0
Ocean MOM_end                            1      0.283037      0.283037      0.283037      0.000000  0.005    11     0     0
(Ocean tracer advection)               150      0.025279      0.025279      0.025279      0.000000  0.000    21     0     0
(Ocean adiabatic driver)                75      3.099660      3.099660      3.099660      0.000000  0.053    21     0     0
(Ocean continuity equation *)            0      0.000000      0.000000      0.000000      0.000000  0.000    31     0     0
(Ocean set BBL viscosity)               75      0.210052      0.210052      0.210052      0.000000  0.004    31     0     0
(Ocean message passing *)              150      0.002620      0.002620      0.002620      0.000000  0.000    31     0     0
(Ocean MOM_initialize_state)             2      0.141317      0.141317      0.141317      0.000000  0.002    31     0     0
(Ocean init message passing *)           2      0.000044      0.000044      0.000044      0.000000  0.000    41     0     0
(Ocean mixed layer restrat)              0      0.000000      0.000000      0.000000      0.000000  0.000    31     0     0
(Ocean collective diagnostics)         375      3.673194      3.673194      3.673194      0.000000  0.063    31     0     0
(Ocean Z-space diagnostics)              0      0.000000      0.000000      0.000000      0.000000  0.000    31     0     0
(Ocean ALE)                              0      0.000000      0.000000      0.000000      0.000000  0.000    31     0     0
(Stochastic EOS)                       150      0.000022      0.000022      0.000022      0.000000  0.000    31     0     0
(SGS Temperature Variance)             150      0.000006      0.000006      0.000006      0.000000  0.000    31     0     0
(Ocean MOM save_restart)                 3     19.517542     19.517542     19.517542      0.000000  0.334    31     0     0
(Ocean diagnostics framework)            0      0.000000      0.000000      0.000000      0.000000  0.000    31     0     0
(Ocean diagnostics remapping)            0      0.000000      0.000000      0.000000      0.000000  0.000    41     0     0
(Ocean diagnostics grid updates)       526      5.511313      5.511313      5.511313      0.000000  0.094    41     0     0
(Ocean init message passing)             4      0.000043      0.000043      0.000043      0.000000  0.000    41     0     0
(Ocean continuity reconstruction       902      0.452045      0.452045      0.452045      0.000000  0.008    41     0     0
(Ocean continuity update)              902      0.121332      0.121332      0.121332      0.000000  0.002    41     0     0
(Ocean continuity correction)          902      4.651624      4.651624      4.651624      0.000000  0.080    41     0     0
(Ocean BT pre-calcs only)             1200      0.606872      0.606872      0.606872      0.000000  0.010    41     0     0
(Ocean BT pre-step halo updates)      1200      0.017881      0.017881      0.017881      0.000000  0.000    41     0     0
(Ocean BT stepping calcs only)         600      0.269916      0.269916      0.269916      0.000000  0.005    41     0     0
(Ocean BT stepping halo updates)       300      0.001028      0.001028      0.001028      0.000000  0.000    41     0     0
(Ocean BT post-calcs only)             900      0.107768      0.107768      0.107768      0.000000  0.002    41     0     0
(Ocean BT post-step halo updates       600      0.001520      0.001520      0.001520      0.000000  0.000    41     0     0
(Ocean BT global synch)                  0      0.000000      0.000000      0.000000      0.000000  0.000    41     0     0
(Ocean Coriolis & mom advection)       300      0.804071      0.804071      0.804071      0.000000  0.014    31     0     0
(Ocean continuity equation)            450      5.309868      5.309868      5.309868      0.000000  0.091    31     0     0
(Ocean pressure force)                 150      0.829927      0.829927      0.829927      0.000000  0.014    31     0     0
(Ocean vertical viscosity)             450      4.076689      4.076689      4.076689      0.000000  0.070    31     0     0
(Ocean horizontal viscosity)           150      0.670912      0.670912      0.670912      0.000000  0.011    31     0     0
(Ocean momentum increments)            300      0.089411      0.089411      0.089411      0.000000  0.002    31     0     0
(Ocean message passing)               1350      0.005328      0.005328      0.005328      0.000000  0.000    31     0     0
(Ocean barotropic mode calc)           300      0.023486      0.023486      0.023486      0.000000  0.000    31     0     0
(Ocean barotropic mode stepping)       300      1.130733      1.130733      1.130733      0.000000  0.019    31     0     0
(Ocean barotropic forcing calc)        300      0.094743      0.094743      0.094743      0.000000  0.002    31     0     0
(Ocean advect tracer)                    0      0.000000      0.000000      0.000000      0.000000  0.000    31     0     0
(Ocean tracer halo updates)              0      0.000000      0.000000      0.000000      0.000000  0.000    41     0     0
(Ocean tracer global synch)              0      0.000000      0.000000      0.000000      0.000000  0.000    41     0     0
(Ocean diffuse tracer)                   0      0.000000      0.000000      0.000000      0.000000  0.000    31     0     0
(Ocean epipycnal diffuse tracer)         0      0.000000      0.000000      0.000000      0.000000  0.000    31     0     0
(Ocean surface forcing)                 76      0.008893      0.008893      0.008893      0.000000  0.000    31     0     0
(Ocean forcing diagnostics)            150      0.000298      0.000298      0.000298      0.000000  0.000    41     0     0
 MPP_STACK high water mark=            0
