NOTE: MPP_DOMAINS_SET_STACK_SIZE: stack size set to    32768.
NOTE: MPP_DOMAINS_SET_STACK_SIZE: stack size set to  3000000.
NOTE: ======== Model being driven by MOM_driver ========
NOTE: callTree: o Program MOM_main, MOM_driver.F90
NOTE: fms_affinity_set: OCEAN affinity assumes hyper-threading hardware disabled
 MOM_domains_mod OMPthreading             0            0            1
NOTE: open_param_file: MOM_input has been opened successfully.
NOTE: open_param_file: MOM_override has been opened successfully.

WARNING: MOM_file_parser : DT over-ridden.  Line: 'DT = 300' in file MOM_override.


WARNING: MOM_file_parser : DT_THERM over-ridden.  Line: 'DT_THERM = 600' in file MOM_override.

NOTE: fms_affinity_set: OCEAN affinity assumes hyper-threading hardware disabled
 MOM_domains_mod OMPthreading             0            0            1

WARNING: MOM_file_parser : NIGLOBAL over-ridden.  Line: 'NIGLOBAL = 128' in file MOM_override.


WARNING: MOM_file_parser : NJGLOBAL over-ridden.  Line: 'NJGLOBAL = 64' in file MOM_override.

 MOM_in domain decomposition
whalo =    4, ehalo =    4, shalo =    4, nhalo =    4
  X-AXIS =  128
  Y-AXIS =   64
 MOM_inc domain decomposition
whalo =    2, ehalo =    2, shalo =    2, nhalo =    2
  X-AXIS =   64
  Y-AXIS =   32
NOTE: diag_manager_mod::diag_manager_init: prepend_date only supported when diag_manager_init is called with time_init present.
NOTE: diag_manager_mod::diag_manager_init: You are using the legacy version of the diag table
 MOM_in domain decomposition
whalo =    4, ehalo =    4, shalo =    4, nhalo =    4
  X-AXIS =  128
  Y-AXIS =   64
 MOM_in domain decomposition
whalo =    2, ehalo =    2, shalo =    2, nhalo =    2
  X-AXIS =   64
  Y-AXIS =   32

WARNING: MOM_file_parser : NK over-ridden.  Line: 'NK = 100' in file MOM_override.

 MOM_in domain decomposition
whalo =    4, ehalo =    4, shalo =    4, nhalo =    4
  X-AXIS =  128
  Y-AXIS =   64
 MOM_in domain decomposition
whalo =    2, ehalo =    2, shalo =    2, nhalo =    2
  X-AXIS =   64
  Y-AXIS =   32

WARNING: Open_file is appending .nc to the filename ./ocean_geometry


WARNING: MOM_file_parser : COORD_CONFIG over-ridden.  Line: 'COORD_CONFIG = "linear"' in file MOM_override.

 MOM_in domain decomposition
whalo =    4, ehalo =    4, shalo =    4, nhalo =    4
  X-AXIS =  128
  Y-AXIS =   64
 MOM_in domain decomposition
whalo =    2, ehalo =    2, shalo =    2, nhalo =    2
  X-AXIS =   64
  Y-AXIS =   32
 MOM_in domain decomposition
whalo =    4, ehalo =    4, shalo =    4, nhalo =    4
  X-AXIS =  128
  Y-AXIS =   64
 MOM_in domain decomposition
whalo =    2, ehalo =    2, shalo =    2, nhalo =    2
  X-AXIS =   64
  Y-AXIS =   32

WARNING: ./Depth_list.nc checksums do not match; updating file.


WARNING: MOM_file_parser : DT_FORCING over-ridden.  Line: 'DT_FORCING = 600' in file MOM_override.


WARNING: MOM_file_parser : DAYMAX over-ridden.  Line: 'DAYMAX = 150' in file MOM_override.


WARNING: Unused line in MOM_input : GINT = 0.0098


WARNING: open_ASCII_file: File ./CPU_stats opened WRITEONLY already exists!


WARNING: open_ASCII_file: File ./ocean.stats opened WRITEONLY already exists!

MOM Time       0.000      0: En 9.160879E-12, MaxCFL  0.00000, Mass 5.286809263738E+18
    Total Energy: 418718166E7BA898  4.8431821810380161E+07
    Total Mass:   5.2868092637381345E+18, Change:   0.0000000000000000E+00 Error:  0.00000E+00 ( 0.0E+00)
MOM Time      50.000     50: En 4.018446E-05, MaxCFL  0.00184, Mass 5.286809263738E+18
    Total Energy: 42E82709D4715FCE  2.1244758167014244E+14
    Total Mass:   5.2868092637381345E+18, Change:   3.8615434439730649E+01 Error:  3.86154E+01 ( 7.3E-18)
MOM Time     100.000    100: En 8.025215E-05, MaxCFL  0.00128, Mass 5.286809263738E+18
    Total Energy: 42F81E0E087E2055  4.2427781636966931E+14
    Total Mass:   5.2868092637381345E+18, Change:  -3.3754377044436197E+00 Error: -3.37544E+00 (-6.4E-19)
 MOM_in domain decomposition
whalo =    4, ehalo =    4, shalo =    4, nhalo =    4
  X-AXIS =  128
  Y-AXIS =   64
 MOM_in domain decomposition
whalo =    2, ehalo =    2, shalo =    2, nhalo =    2
  X-AXIS =   64
  Y-AXIS =   32
 MOM_in domain decomposition
whalo =    4, ehalo =    4, shalo =    4, nhalo =    4
  X-AXIS =  128
  Y-AXIS =   64
 MOM_in domain decomposition
whalo =    2, ehalo =    2, shalo =    2, nhalo =    2
  X-AXIS =   64
  Y-AXIS =   32
MOM Time     150.000    150: En 6.205042E-05, MaxCFL  0.00121, Mass 5.286809263738E+18
    Total Energy: 42F2A5BCDC9AEE47  3.2804875964797244E+14
    Total Mass:   5.2868092637381345E+18, Change:   3.3469535747542807E+00 Error:  3.34695E+00 ( 6.3E-19)
 MOM_in domain decomposition
whalo =    4, ehalo =    4, shalo =    4, nhalo =    4
  X-AXIS =  128
  Y-AXIS =   64
 MOM_in domain decomposition
whalo =    2, ehalo =    2, shalo =    2, nhalo =    2
  X-AXIS =   64
  Y-AXIS =   32

WARNING: open_ASCII_file: File RESTART/ocean_solo.res opened WRITEONLY already exists!


WARNING: open_ASCII_file: File exitcode opened WRITEONLY already exists!

 MPP_DOMAINS_STACK high water mark=            0

Tabulating mpp_clock statistics across      1 PEs...

                                      hits          tmin          tmax          tavg          tstd  tfrac grain pemin pemax
Total runtime                            1      6.600455      6.600455      6.600455      0.000000  1.000     0     0     0
Initialization                           1      0.463826      0.463826      0.463826      0.000000  0.070     0     0     0
Main loop                                1      5.903174      5.903174      5.903174      0.000000  0.894     0     0     0
Termination                              1      0.231462      0.231462      0.231462      0.000000  0.035     0     0     0
Ocean                                   80      6.556854      6.556854      6.556854      0.000000  0.993     1     0     0
Ocean Initialization                     2      0.480692      0.480692      0.480692      0.000000  0.073    11     0     0
Ocean dynamics                         300      4.279677      4.279677      4.279677      0.000000  0.648    11     0     0
Ocean thermodynamics and tracers       225      0.026906      0.026906      0.026906      0.000000  0.004    11     0     0
Ocean grid generation and remapp         0      0.000000      0.000000      0.000000      0.000000  0.000    11     0     0
Ocean Other                            450      0.452375      0.452375      0.452375      0.000000  0.069    11     0     0
Ocean MOM_end                            1      0.000456      0.000456      0.000456      0.000000  0.000    11     0     0
(Ocean tracer advection)               150      0.004059      0.004059      0.004059      0.000000  0.001    21     0     0
(Ocean adiabatic driver)                75      0.022806      0.022806      0.022806      0.000000  0.003    21     0     0
(Ocean continuity equation *)            0      0.000000      0.000000      0.000000      0.000000  0.000    31     0     0
(Ocean set BBL viscosity)               75      0.063006      0.063006      0.063006      0.000000  0.010    31     0     0
(Ocean message passing *)              150      0.001270      0.001270      0.001270      0.000000  0.000    31     0     0
(Ocean MOM_initialize_state)             2      0.010616      0.010616      0.010616      0.000000  0.002    31     0     0
(Ocean init message passing *)           2      0.000033      0.000033      0.000033      0.000000  0.000    41     0     0
(Ocean mixed layer restrat)              0      0.000000      0.000000      0.000000      0.000000  0.000    31     0     0
(Ocean collective diagnostics)         375      0.159426      0.159426      0.159426      0.000000  0.024    31     0     0
(Ocean Z-space diagnostics)              0      0.000000      0.000000      0.000000      0.000000  0.000    31     0     0
(Ocean ALE)                              0      0.000000      0.000000      0.000000      0.000000  0.000    31     0     0
(Stochastic EOS)                       150      0.000015      0.000015      0.000015      0.000000  0.000    31     0     0
(SGS Temperature Variance)             150      0.000006      0.000006      0.000006      0.000000  0.000    31     0     0
(Ocean MOM save_restart)                 3      0.736255      0.736255      0.736255      0.000000  0.112    31     0     0
(Ocean diagnostics framework)            0      0.000000      0.000000      0.000000      0.000000  0.000    31     0     0
(Ocean diagnostics remapping)            0      0.000000      0.000000      0.000000      0.000000  0.000    41     0     0
(Ocean diagnostics grid updates)       526      0.379900      0.379900      0.379900      0.000000  0.058    41     0     0
(Ocean init message passing)             4      0.000038      0.000038      0.000038      0.000000  0.000    41     0     0
(Ocean continuity reconstruction       902      0.059814      0.059814      0.059814      0.000000  0.009    41     0     0
(Ocean continuity update)              902      0.017158      0.017158      0.017158      0.000000  0.003    41     0     0
(Ocean continuity correction)          902      2.046576      2.046576      2.046576      0.000000  0.310    41     0     0
(Ocean BT pre-calcs only)             1200      0.221242      0.221242      0.221242      0.000000  0.034    41     0     0
(Ocean BT pre-step halo updates)      1200      0.015444      0.015444      0.015444      0.000000  0.002    41     0     0
(Ocean BT stepping calcs only)         600      0.201541      0.201541      0.201541      0.000000  0.031    41     0     0
(Ocean BT stepping halo updates)       300      0.000836      0.000836      0.000836      0.000000  0.000    41     0     0
(Ocean BT post-calcs only)             900      0.022130      0.022130      0.022130      0.000000  0.003    41     0     0
(Ocean BT post-step halo updates       600      0.001495      0.001495      0.001495      0.000000  0.000    41     0     0
(Ocean BT global synch)                  0      0.000000      0.000000      0.000000      0.000000  0.000    41     0     0
(Ocean Coriolis & mom advection)       300      0.169728      0.169728      0.169728      0.000000  0.026    31     0     0
(Ocean continuity equation)            450      2.144392      2.144392      2.144392      0.000000  0.325    31     0     0
(Ocean pressure force)                 150      0.531318      0.531318      0.531318      0.000000  0.080    31     0     0
(Ocean vertical viscosity)             450      0.600427      0.600427      0.600427      0.000000  0.091    31     0     0
(Ocean horizontal viscosity)           150      0.154577      0.154577      0.154577      0.000000  0.023    31     0     0
(Ocean momentum increments)            300      0.012145      0.012145      0.012145      0.000000  0.002    31     0     0
(Ocean message passing)               1350      0.004433      0.004433      0.004433      0.000000  0.001    31     0     0
(Ocean barotropic mode calc)           300      0.008639      0.008639      0.008639      0.000000  0.001    31     0     0
(Ocean barotropic mode stepping)       300      0.475864      0.475864      0.475864      0.000000  0.072    31     0     0
(Ocean barotropic forcing calc)        300      0.012192      0.012192      0.012192      0.000000  0.002    31     0     0
(Ocean advect tracer)                    0      0.000000      0.000000      0.000000      0.000000  0.000    31     0     0
(Ocean tracer halo updates)              0      0.000000      0.000000      0.000000      0.000000  0.000    41     0     0
(Ocean tracer global synch)              0      0.000000      0.000000      0.000000      0.000000  0.000    41     0     0
(Ocean diffuse tracer)                   0      0.000000      0.000000      0.000000      0.000000  0.000    31     0     0
(Ocean epipycnal diffuse tracer)         0      0.000000      0.000000      0.000000      0.000000  0.000    31     0     0
(Ocean surface forcing)                 76      0.002846      0.002846      0.002846      0.000000  0.000    31     0     0
(Ocean forcing diagnostics)            150      0.000253      0.000253      0.000253      0.000000  0.000    41     0     0
 MPP_STACK high water mark=            0
