NOTE: MPP_DOMAINS_SET_STACK_SIZE: stack size set to    32768.
NOTE: MPP_DOMAINS_SET_STACK_SIZE: stack size set to  3000000.
NOTE: ======== Model being driven by MOM_driver ========
NOTE: callTree: o Program MOM_main, MOM_driver.F90
NOTE: fms_affinity_set: OCEAN affinity assumes hyper-threading hardware disabled
 MOM_domains_mod OMPthreading             0            0            1
NOTE: open_param_file: MOM_input has been opened successfully.
NOTE: open_param_file: MOM_override has been opened successfully.

WARNING: MOM_file_parser : DT over-ridden.  Line: 'DT = 37' in file MOM_override.


WARNING: MOM_file_parser : DT_THERM over-ridden.  Line: 'DT_THERM = 75' in file MOM_override.

NOTE: fms_affinity_set: OCEAN affinity assumes hyper-threading hardware disabled
 MOM_domains_mod OMPthreading             0            0            1

WARNING: MOM_file_parser : NIGLOBAL over-ridden.  Line: 'NIGLOBAL = 1024' in file MOM_override.


WARNING: MOM_file_parser : NJGLOBAL over-ridden.  Line: 'NJGLOBAL = 512' in file MOM_override.

 MOM_in domain decomposition
whalo =    4, ehalo =    4, shalo =    4, nhalo =    4
  X-AXIS = 1024
  Y-AXIS =  512
 MOM_inc domain decomposition
whalo =    2, ehalo =    2, shalo =    2, nhalo =    2
  X-AXIS =  512
  Y-AXIS =  256
NOTE: diag_manager_mod::diag_manager_init: prepend_date only supported when diag_manager_init is called with time_init present.
NOTE: diag_manager_mod::diag_manager_init: You are using the legacy version of the diag table
 MOM_in domain decomposition
whalo =    4, ehalo =    4, shalo =    4, nhalo =    4
  X-AXIS = 1024
  Y-AXIS =  512
 MOM_in domain decomposition
whalo =    2, ehalo =    2, shalo =    2, nhalo =    2
  X-AXIS =  512
  Y-AXIS =  256

WARNING: MOM_file_parser : NK over-ridden.  Line: 'NK = 100' in file MOM_override.

 MOM_in domain decomposition
whalo =    4, ehalo =    4, shalo =    4, nhalo =    4
  X-AXIS = 1024
  Y-AXIS =  512
 MOM_in domain decomposition
whalo =    2, ehalo =    2, shalo =    2, nhalo =    2
  X-AXIS =  512
  Y-AXIS =  256

WARNING: Open_file is appending .nc to the filename ./ocean_geometry


WARNING: MOM_file_parser : COORD_CONFIG over-ridden.  Line: 'COORD_CONFIG = "linear"' in file MOM_override.

 MOM_in domain decomposition
whalo =    4, ehalo =    4, shalo =    4, nhalo =    4
  X-AXIS = 1024
  Y-AXIS =  512
 MOM_in domain decomposition
whalo =    2, ehalo =    2, shalo =    2, nhalo =    2
  X-AXIS =  512
  Y-AXIS =  256
 MOM_in domain decomposition
whalo =    4, ehalo =    4, shalo =    4, nhalo =    4
  X-AXIS = 1024
  Y-AXIS =  512
 MOM_in domain decomposition
whalo =    2, ehalo =    2, shalo =    2, nhalo =    2
  X-AXIS =  512
  Y-AXIS =  256

WARNING: ./Depth_list.nc checksums do not match; updating file.


WARNING: MOM_file_parser : DT_FORCING over-ridden.  Line: 'DT_FORCING = 75' in file MOM_override.


WARNING: MOM_file_parser : DAYMAX over-ridden.  Line: 'DAYMAX = 150' in file MOM_override.


WARNING: Unused line in MOM_input : GINT = 0.0098


WARNING: open_ASCII_file: File ./CPU_stats opened WRITEONLY already exists!


WARNING: open_ASCII_file: File ./ocean.stats opened WRITEONLY already exists!

MOM Time       0.000      0: En 9.167888E-12, MaxCFL  0.00000, Mass 5.286414704247E+18
    Total Energy: 41871C2B4AD5CFE2  4.8465257354400411E+07
    Total Mass:   5.2864147042467092E+18, Change:   0.0000000000000000E+00 Error:  0.00000E+00 ( 0.0E+00)
MOM Time      50.676     75: En 9.561082E-07, MaxCFL  0.00036, Mass 5.286414704248E+18
    Total Energy: 429263431CDC0D12  5.0543842567712676E+12
    Total Mass:   5.2864147042477578E+18, Change:   1.0485948033269679E+06 Error:  1.04859E+06 ( 2.0E-13)
MOM Time      99.324    147: En 3.499934E-06, MaxCFL  0.00068, Mass 5.286414704248E+18
    Total Energy: 42B0D3DB4847D86E  1.8502103091160430E+13
    Total Mass:   5.2864147042477578E+18, Change:   1.8635493501689782E+00 Error:  1.86355E+00 ( 3.5E-19)
 MOM_in domain decomposition
whalo =    4, ehalo =    4, shalo =    4, nhalo =    4
  X-AXIS = 1024
  Y-AXIS =  512
 MOM_in domain decomposition
whalo =    2, ehalo =    2, shalo =    2, nhalo =    2
  X-AXIS =  512
  Y-AXIS =  256
 MOM_in domain decomposition
whalo =    4, ehalo =    4, shalo =    4, nhalo =    4
  X-AXIS = 1024
  Y-AXIS =  512
 MOM_in domain decomposition
whalo =    2, ehalo =    2, shalo =    2, nhalo =    2
  X-AXIS =  512
  Y-AXIS =  256
MOM Time     150.000    222: En 7.572478E-06, MaxCFL  0.00098, Mass 5.286414704248E+18
    Total Energy: 42C23440762529DA  4.0031258167891703E+13
    Total Mass:   5.2864147042477578E+18, Change:   5.0541591161998811E-01 Error:  5.05416E-01 ( 9.6E-20)
 MOM_in domain decomposition
whalo =    4, ehalo =    4, shalo =    4, nhalo =    4
  X-AXIS = 1024
  Y-AXIS =  512
 MOM_in domain decomposition
whalo =    2, ehalo =    2, shalo =    2, nhalo =    2
  X-AXIS =  512
  Y-AXIS =  256

WARNING: open_ASCII_file: File RESTART/ocean_solo.res opened WRITEONLY already exists!


WARNING: open_ASCII_file: File exitcode opened WRITEONLY already exists!

 MPP_DOMAINS_STACK high water mark=            0

Tabulating mpp_clock statistics across      1 PEs...

                                      hits          tmin          tmax          tavg          tstd  tfrac grain pemin pemax
Total runtime                            1    260.173370    260.173370    260.173370      0.000000  1.000     0     0     0
Initialization                           1     18.491930     18.491930     18.491930      0.000000  0.071     0     0     0
Main loop                                1    218.681442    218.681442    218.681442      0.000000  0.841     0     0     0
Termination                              1     21.880877     21.880877     21.880877      0.000000  0.084     0     0     0
Ocean                                   79    259.050446    259.050446    259.050446      0.000000  0.996     1     0     0
Ocean Initialization                     2     18.570930     18.570930     18.570930      0.000000  0.071    11     0     0
Ocean dynamics                         444     66.097000     66.097000     66.097000      0.000000  0.254    11     0     0
Ocean thermodynamics and tracers       222     12.008874     12.008874     12.008874      0.000000  0.046    11     0     0
Ocean grid generation and remapp         0      0.000000      0.000000      0.000000      0.000000  0.000    11     0     0
Ocean Other                            518     31.218502     31.218502     31.218502      0.000000  0.120    11     0     0
Ocean MOM_end                            1      1.117481      1.117481      1.117481      0.000000  0.004    11     0     0
(Ocean tracer advection)               148      0.054467      0.054467      0.054467      0.000000  0.000    21     0     0
(Ocean adiabatic driver)                74     11.954319     11.954319     11.954319      0.000000  0.046    21     0     0
(Ocean continuity equation *)            0      0.000000      0.000000      0.000000      0.000000  0.000    31     0     0
(Ocean set BBL viscosity)               74      0.656133      0.656133      0.656133      0.000000  0.003    31     0     0
(Ocean message passing *)              148      0.002693      0.002693      0.002693      0.000000  0.000    31     0     0
(Ocean MOM_initialize_state)             2      0.531163      0.531163      0.531163      0.000000  0.002    31     0     0
(Ocean init message passing *)           2      0.000044      0.000044      0.000044      0.000000  0.000    41     0     0
(Ocean mixed layer restrat)              0      0.000000      0.000000      0.000000      0.000000  0.000    31     0     0
(Ocean collective diagnostics)         444     14.639965     14.639965     14.639965      0.000000  0.056    31     0     0
(Ocean Z-space diagnostics)              0      0.000000      0.000000      0.000000      0.000000  0.000    31     0     0
(Ocean ALE)                              0      0.000000      0.000000      0.000000      0.000000  0.000    31     0     0
(Stochastic EOS)                       222      0.000043      0.000043      0.000043      0.000000  0.000    31     0     0
(SGS Temperature Variance)             222      0.000009      0.000009      0.000009      0.000000  0.000    31     0     0
(Ocean MOM save_restart)                 3     80.880867     80.880867     80.880867      0.000000  0.311    31     0     0
(Ocean diagnostics framework)            0      0.000000      0.000000      0.000000      0.000000  0.000    31     0     0
(Ocean diagnostics remapping)            0      0.000000      0.000000      0.000000      0.000000  0.000    41     0     0
(Ocean diagnostics grid updates)       741     32.100758     32.100758     32.100758      0.000000  0.123    41     0     0
(Ocean init message passing)             4      0.000047      0.000047      0.000047      0.000000  0.000    41     0     0
(Ocean continuity reconstruction      1334      2.535369      2.535369      2.535369      0.000000  0.010    41     0     0
(Ocean continuity update)             1334      0.715348      0.715348      0.715348      0.000000  0.003    41     0     0
(Ocean continuity correction)         1334     22.172848     22.172848     22.172848      0.000000  0.085    41     0     0
(Ocean BT pre-calcs only)             1776      2.640809      2.640809      2.640809      0.000000  0.010    41     0     0
(Ocean BT pre-step halo updates)      1776      0.036388      0.036388      0.036388      0.000000  0.000    41     0     0
(Ocean BT stepping calcs only)         888      0.455589      0.455589      0.455589      0.000000  0.002    41     0     0
(Ocean BT stepping halo updates)       444      0.001631      0.001631      0.001631      0.000000  0.000    41     0     0
(Ocean BT post-calcs only)            1332      0.640638      0.640638      0.640638      0.000000  0.002    41     0     0
(Ocean BT post-step halo updates       888      0.002521      0.002521      0.002521      0.000000  0.000    41     0     0
(Ocean BT global synch)                  0      0.000000      0.000000      0.000000      0.000000  0.000    41     0     0
(Ocean Coriolis & mom advection)       444      4.242988      4.242988      4.242988      0.000000  0.016    31     0     0
(Ocean continuity equation)            666     25.663218     25.663218     25.663218      0.000000  0.099    31     0     0
(Ocean pressure force)                 222      2.300205      2.300205      2.300205      0.000000  0.009    31     0     0
(Ocean vertical viscosity)             666     22.794432     22.794432     22.794432      0.000000  0.088    31     0     0
(Ocean horizontal viscosity)           222      3.446126      3.446126      3.446126      0.000000  0.013    31     0     0
(Ocean momentum increments)            444      0.549876      0.549876      0.549876      0.000000  0.002    31     0     0
(Ocean message passing)               1998      0.009389      0.009389      0.009389      0.000000  0.000    31     0     0
(Ocean barotropic mode calc)           444      0.098985      0.098985      0.098985      0.000000  0.000    31     0     0
(Ocean barotropic mode stepping)       444      3.983743      3.983743      3.983743      0.000000  0.015    31     0     0
(Ocean barotropic forcing calc)        444      0.566550      0.566550      0.566550      0.000000  0.002    31     0     0
(Ocean advect tracer)                    0      0.000000      0.000000      0.000000      0.000000  0.000    31     0     0
(Ocean tracer halo updates)              0      0.000000      0.000000      0.000000      0.000000  0.000    41     0     0
(Ocean tracer global synch)              0      0.000000      0.000000      0.000000      0.000000  0.000    41     0     0
(Ocean diffuse tracer)                   0      0.000000      0.000000      0.000000      0.000000  0.000    31     0     0
(Ocean epipycnal diffuse tracer)         0      0.000000      0.000000      0.000000      0.000000  0.000    31     0     0
(Ocean surface forcing)                 75      0.034864      0.034864      0.034864      0.000000  0.000    31     0     0
(Ocean forcing diagnostics)            148      0.000274      0.000274      0.000274      0.000000  0.000    41     0     0
 MPP_STACK high water mark=            0
