NOTE from PE     0: MPP_DOMAINS_SET_STACK_SIZE: stack size set to    32768.
NOTE from PE     0: MPP_DOMAINS_SET_STACK_SIZE: stack size set to 30000000.
NOTE from PE     0: ======== Model being driven by MOM_driver ========
NOTE from PE     0: callTree: o Program MOM_main, MOM_driver.F90
NOTE from PE     0: open_param_file: MOM_input has been opened successfully.
NOTE from PE     0: open_param_file: MOM_override has been opened successfully.

WARNING from PE     0: MOM_file_parser : DT over-ridden.  Line: 'DT = 37' in file MOM_override.


WARNING from PE     0: MOM_file_parser : DT_THERM over-ridden.  Line: 'DT_THERM = 75' in file MOM_override.


WARNING from PE     0: MOM_file_parser : NIGLOBAL over-ridden.  Line: 'NIGLOBAL = 1024' in file MOM_override.


WARNING from PE     0: MOM_file_parser : NJGLOBAL over-ridden.  Line: 'NJGLOBAL = 1024' in file MOM_override.

 MOM_in domain decomposition
whalo =    4, ehalo =    4, shalo =    4, nhalo =    4
  X-AXIS =   86  86  85  85  85  85  85  85  85  85  86  86
  Y-AXIS =  128 128 128 128 128 128 128 128
 MOM_inc domain decomposition
whalo =    2, ehalo =    2, shalo =    2, nhalo =    2
  X-AXIS =   43  43  43  43  42  42  42  42  43  43  43  43
  Y-AXIS =   64  64  64  64  64  64  64  64
NOTE from PE     0: diag_manager_mod::diag_manager_init: prepend_date only supported when diag_manager_init is called with time_init present.
NOTE from PE     0: diag_manager_mod::diag_manager_init: You are using the legacy version of the diag table
 MOM_in domain decomposition
whalo =    4, ehalo =    4, shalo =    4, nhalo =    4
  X-AXIS =   86  86  85  85  85  85  85  85  85  85  86  86
  Y-AXIS =  128 128 128 128 128 128 128 128
 MOM_in domain decomposition
whalo =    2, ehalo =    2, shalo =    2, nhalo =    2
  X-AXIS =   43  43  43  43  42  42  42  42  43  43  43  43
  Y-AXIS =   64  64  64  64  64  64  64  64

WARNING from PE     0: MOM_file_parser : NK over-ridden.  Line: 'NK = 100' in file MOM_override.

 MOM_in domain decomposition
whalo =    4, ehalo =    4, shalo =    4, nhalo =    4
  X-AXIS =   86  86  85  85  85  85  85  85  85  85  86  86
  Y-AXIS =  128 128 128 128 128 128 128 128
 MOM_in domain decomposition
whalo =    2, ehalo =    2, shalo =    2, nhalo =    2
  X-AXIS =   43  43  43  43  42  42  42  42  43  43  43  43
  Y-AXIS =   64  64  64  64  64  64  64  64

WARNING from PE     0: Open_file is appending .nc to the filename ./ocean_geometry


WARNING from PE     0: MOM_file_parser : COORD_CONFIG over-ridden.  Line: 'COORD_CONFIG = "linear"' in file MOM_override.

 MOM_in domain decomposition
whalo =    4, ehalo =    4, shalo =    4, nhalo =    4
  X-AXIS =   86  86  85  85  85  85  85  85  85  85  86  86
  Y-AXIS =  128 128 128 128 128 128 128 128
 MOM_in domain decomposition
whalo =    2, ehalo =    2, shalo =    2, nhalo =    2
  X-AXIS =   43  43  43  43  42  42  42  42  43  43  43  43
  Y-AXIS =   64  64  64  64  64  64  64  64
 MOM_in domain decomposition
whalo =    4, ehalo =    4, shalo =    4, nhalo =    4
  X-AXIS =   86  86  85  85  85  85  85  85  85  85  86  86
  Y-AXIS =  128 128 128 128 128 128 128 128
 MOM_in domain decomposition
whalo =    2, ehalo =    2, shalo =    2, nhalo =    2
  X-AXIS =   43  43  43  43  42  42  42  42  43  43  43  43
  Y-AXIS =   64  64  64  64  64  64  64  64

WARNING from PE     0: ./Depth_list.nc checksums do not match; updating file.


WARNING from PE     0: MOM_file_parser : DT_FORCING over-ridden.  Line: 'DT_FORCING = 75' in file MOM_override.


WARNING from PE     0: MOM_file_parser : DAYMAX over-ridden.  Line: 'DAYMAX = 150' in file MOM_override.


WARNING from PE     0: MOM_file_parser : RESTART_CONTROL over-ridden.  Line: 'RESTART_CONTROL = -1' in file MOM_override.


WARNING from PE     0: MOM_file_parser : RESTINT over-ridden.  Line: 'RESTINT = 0.0' in file MOM_override.


WARNING from PE     0: Unused line in MOM_input : GINT = 0.0098


WARNING from PE     0: open_ASCII_file: File ./CPU_stats opened WRITEONLY already exists!


WARNING from PE     0: open_ASCII_file: File ./ocean.stats opened WRITEONLY already exists!

MOM Time       0.000      0: En 9.167942E-12, MaxCFL  0.00000, Mass 5.286411564124E+18
    Total Energy: 41871C336630D599  4.8465516773844905E+07
    Total Mass:   5.2864115641239163E+18, Change:   0.0000000000000000E+00 Error:  0.00000E+00 ( 0.0E+00)
MOM Time      50.676     75: En 9.561068E-07, MaxCFL  0.00036, Mass 5.286411564124E+18
    Total Energy: 42926340A0386CDD  5.0543738260752158E+12
    Total Mass:   5.2864115641239163E+18, Change:   2.7469496140543090E+01 Error:  2.74695E+01 ( 5.2E-18)
MOM Time      99.324    147: En 3.499944E-06, MaxCFL  0.00068, Mass 5.286411564124E+18
    Total Energy: 42B0D3DDD3E4317F  1.8502145795121496E+13
    Total Mass:   5.2864115641239163E+18, Change:  -2.1090870932770445E+00 Error: -2.10909E+00 (-4.0E-19)
MOM Time     150.000    222: En 7.572530E-06, MaxCFL  0.00098, Mass 5.286411564124E+18
    Total Energy: 42C23447FABD413B  4.0031510428290461E+13
    Total Mass:   5.2864115641239163E+18, Change:   2.1165322302052048E-01 Error:  2.11653E-01 ( 4.0E-20)

WARNING from PE     0: open_ASCII_file: File exitcode opened WRITEONLY already exists!

 MPP_DOMAINS_STACK high water mark=      875200

Tabulating mpp_clock statistics across     96 PEs...

                                      hits          tmin          tmax          tavg          tstd  tfrac grain pemin pemax
Total runtime                            1    362.434357    362.434357    362.434448      0.000092  1.000     0     0    95
Initialization                           1      1.394739      1.395368      1.395078      0.000104  0.004     0     0    95
Main loop                                1    360.763275    361.010101    360.765839      0.025055  0.995     0     0    95
Termination                              1      0.005609      0.251779      0.249213      0.024993  0.001     0     0    95
Ocean                                   76    362.051514    362.338684    362.057831      0.028873  0.999     1     0    95
Ocean Initialization                     2      1.411362      1.453613      1.414137      0.004327  0.004    11     0    95
Ocean dynamics                         444    357.138092    358.152557    357.811371      0.177287  0.987    11     0    95
Ocean thermodynamics and tracers       222      0.616065      1.129140      1.009824      0.097618  0.003    11     0    95
Ocean grid generation and remapp         0      0.000000      0.000000      0.000000      0.000000  0.000    11     0    95
Ocean Other                            518      0.817927      1.383973      0.987565      0.081844  0.003    11     0    95
Ocean MOM_end                            1      0.018366      0.022361      0.020327      0.000993  0.000    11     0    95
(Ocean tracer advection)               148      0.378067      0.786428      0.678128      0.088558  0.002    21     0    95
(Ocean adiabatic driver)                74      0.237701      0.389203      0.331431      0.034142  0.001    21     0    95
(Ocean continuity equation *)            0      0.000000      0.000000      0.000000      0.000000  0.000    31     0    95
(Ocean set BBL viscosity)               74      5.923926      9.235552      7.075103      1.004571  0.020    31     0    95
(Ocean message passing *)              148      0.725813      2.085076      1.062306      0.243122  0.003    31     0    95
(Ocean MOM_initialize_state)             2      0.037598      0.049975      0.047967      0.001779  0.000    31     0    95
(Ocean init message passing *)           2      0.004468      0.014004      0.010506      0.002289  0.000    41     0    95
(Ocean mixed layer restrat)              0      0.000000      0.000000      0.000000      0.000000  0.000    31     0    95
(Ocean collective diagnostics)         444      0.001102      0.003042      0.001542      0.000449  0.000    31     0    95
(Ocean Z-space diagnostics)              0      0.000000      0.000000      0.000000      0.000000  0.000    31     0    95
(Ocean ALE)                              0      0.000000      0.000000      0.000000      0.000000  0.000    31     0    95
(Stochastic EOS)                       222      0.000067      0.000199      0.000087      0.000014  0.000    31     0    95
(SGS Temperature Variance)             222      0.000008      0.000047      0.000018      0.000009  0.000    31     0    95
(Ocean MOM save_restart)                 0      0.000000      0.000000      0.000000      0.000000  0.000    31     0    95
(Ocean diagnostics framework)            0      0.000000      0.000000      0.000000      0.000000  0.000    31     0    95
(Ocean diagnostics remapping)            0      0.000000      0.000000      0.000000      0.000000  0.000    41     0    95
(Ocean diagnostics grid updates)       741      0.000339      0.000624      0.000454      0.000055  0.000    41     0    95
(Ocean init message passing)             4      0.018599      0.052562      0.032296      0.007657  0.000    41     0    95
(Ocean continuity reconstruction      1334     11.249397     16.349073     14.488790      1.059056  0.040    41     0    95
(Ocean continuity update)             1334      2.477491      8.107384      6.143200      1.412189  0.017    41     0    95
(Ocean continuity correction)         1334     65.860741     89.886452     80.193222      5.998479  0.221    41     0    95
(Ocean BT pre-calcs only)             1776     25.773890     40.832165     34.982113      3.027706  0.097    41     0    95
(Ocean BT pre-step halo updates)      1776      2.510146     35.701080     11.214036      6.330338  0.031    41     0    95
(Ocean BT stepping calcs only)         888      0.698946      2.179781      1.653498      0.360903  0.005    41     0    95
(Ocean BT stepping halo updates)       444      0.096703      1.059817      0.264370      0.203819  0.001    41     0    95
(Ocean BT post-calcs only)            1332      5.437589      7.317760      6.940445      0.395479  0.019    41     0    95
(Ocean BT post-step halo updates       888      0.308698      2.280667      0.855061      0.436884  0.002    41     0    95
(Ocean BT global synch)                  0      0.000000      0.000000      0.000000      0.000000  0.000    41     0    95
(Ocean Coriolis & mom advection)       444     10.801088     15.706288     12.922732      0.881720  0.036    31     0    95
(Ocean continuity equation)            666     85.620392    112.011200    102.397766      6.774767  0.283    31     0    95
(Ocean pressure force)                 222     24.709681     26.986467     26.086082      0.532354  0.072    31     0    95
(Ocean vertical viscosity)             666     75.649284     86.156746     81.335381      3.298875  0.224    31     0    95
(Ocean horizontal viscosity)           222      5.665041      9.723698      7.195398      0.805957  0.020    31     0    95
(Ocean momentum increments)            444     10.255301     10.872110     10.529692      0.153310  0.029    31     0    95
(Ocean message passing)               1998     13.010936     30.103680     19.749617      3.586969  0.054    31     0    95
(Ocean barotropic mode calc)           444      0.866742      1.545651      1.360208      0.149519  0.004    31     0    95
(Ocean barotropic mode stepping)       444     44.995178     81.622925     55.933643      7.747881  0.154    31     0    95
(Ocean barotropic forcing calc)        444      8.425498     11.428077     10.192657      0.783573  0.028    31     0    95
(Ocean advect tracer)                    0      0.000000      0.000000      0.000000      0.000000  0.000    31     0    95
(Ocean tracer halo updates)              0      0.000000      0.000000      0.000000      0.000000  0.000    41     0    95
(Ocean tracer global synch)              0      0.000000      0.000000      0.000000      0.000000  0.000    41     0    95
(Ocean diffuse tracer)                   0      0.000000      0.000000      0.000000      0.000000  0.000    31     0    95
(Ocean epipycnal diffuse tracer)         0      0.000000      0.000000      0.000000      0.000000  0.000    31     0    95
(Ocean surface forcing)                 75      0.001357      0.001907      0.001556      0.000106  0.000    31     0    95
(Ocean forcing diagnostics)            148      0.000248      0.001020      0.000416      0.000160  0.000    41     0    95
 MPP_STACK high water mark=           0
