NOTE from PE     0: MPP_DOMAINS_SET_STACK_SIZE: stack size set to    32768.
NOTE from PE     0: MPP_DOMAINS_SET_STACK_SIZE: stack size set to 30000000.
NOTE from PE     0: ======== Model being driven by MOM_driver ========
NOTE from PE     0: callTree: o Program MOM_main, MOM_driver.F90
NOTE from PE     0: open_param_file: MOM_input has been opened successfully.
NOTE from PE     0: open_param_file: MOM_override has been opened successfully.

WARNING from PE     0: MOM_file_parser : DT over-ridden.  Line: 'DT = 150' in file MOM_override.


WARNING from PE     0: MOM_file_parser : DT_THERM over-ridden.  Line: 'DT_THERM = 300' in file MOM_override.


WARNING from PE     0: MOM_file_parser : NIGLOBAL over-ridden.  Line: 'NIGLOBAL = 256' in file MOM_override.


WARNING from PE     0: MOM_file_parser : NJGLOBAL over-ridden.  Line: 'NJGLOBAL = 256' in file MOM_override.

 MOM_in domain decomposition
whalo =    4, ehalo =    4, shalo =    4, nhalo =    4
  X-AXIS =   22  22  21  21  21  21  21  21  21  21  22  22
  Y-AXIS =   32  32  32  32  32  32  32  32
 MOM_inc domain decomposition
whalo =    2, ehalo =    2, shalo =    2, nhalo =    2
  X-AXIS =   11  11  11  11  10  10  10  10  11  11  11  11
  Y-AXIS =   16  16  16  16  16  16  16  16
NOTE from PE     0: diag_manager_mod::diag_manager_init: prepend_date only supported when diag_manager_init is called with time_init present.
NOTE from PE     0: diag_manager_mod::diag_manager_init: You are using the legacy version of the diag table
 MOM_in domain decomposition
whalo =    4, ehalo =    4, shalo =    4, nhalo =    4
  X-AXIS =   22  22  21  21  21  21  21  21  21  21  22  22
  Y-AXIS =   32  32  32  32  32  32  32  32
 MOM_in domain decomposition
whalo =    2, ehalo =    2, shalo =    2, nhalo =    2
  X-AXIS =   11  11  11  11  10  10  10  10  11  11  11  11
  Y-AXIS =   16  16  16  16  16  16  16  16

WARNING from PE     0: MOM_file_parser : NK over-ridden.  Line: 'NK = 100' in file MOM_override.

 MOM_in domain decomposition
whalo =    4, ehalo =    4, shalo =    4, nhalo =    4
  X-AXIS =   22  22  21  21  21  21  21  21  21  21  22  22
  Y-AXIS =   32  32  32  32  32  32  32  32
 MOM_in domain decomposition
whalo =    2, ehalo =    2, shalo =    2, nhalo =    2
  X-AXIS =   11  11  11  11  10  10  10  10  11  11  11  11
  Y-AXIS =   16  16  16  16  16  16  16  16

WARNING from PE     0: Open_file is appending .nc to the filename ./ocean_geometry


WARNING from PE     0: MOM_file_parser : COORD_CONFIG over-ridden.  Line: 'COORD_CONFIG = "linear"' in file MOM_override.

 MOM_in domain decomposition
whalo =    4, ehalo =    4, shalo =    4, nhalo =    4
  X-AXIS =   22  22  21  21  21  21  21  21  21  21  22  22
  Y-AXIS =   32  32  32  32  32  32  32  32
 MOM_in domain decomposition
whalo =    2, ehalo =    2, shalo =    2, nhalo =    2
  X-AXIS =   11  11  11  11  10  10  10  10  11  11  11  11
  Y-AXIS =   16  16  16  16  16  16  16  16
 MOM_in domain decomposition
whalo =    4, ehalo =    4, shalo =    4, nhalo =    4
  X-AXIS =   22  22  21  21  21  21  21  21  21  21  22  22
  Y-AXIS =   32  32  32  32  32  32  32  32
 MOM_in domain decomposition
whalo =    2, ehalo =    2, shalo =    2, nhalo =    2
  X-AXIS =   11  11  11  11  10  10  10  10  11  11  11  11
  Y-AXIS =   16  16  16  16  16  16  16  16

WARNING from PE     0: ./Depth_list.nc checksums do not match; updating file.


WARNING from PE     0: MOM_file_parser : DT_FORCING over-ridden.  Line: 'DT_FORCING = 300' in file MOM_override.


WARNING from PE     0: MOM_file_parser : DAYMAX over-ridden.  Line: 'DAYMAX = 150' in file MOM_override.


WARNING from PE     0: MOM_file_parser : RESTART_CONTROL over-ridden.  Line: 'RESTART_CONTROL = -1' in file MOM_override.


WARNING from PE     0: MOM_file_parser : RESTINT over-ridden.  Line: 'RESTINT = 0.0' in file MOM_override.


WARNING from PE     0: Unused line in MOM_input : GINT = 0.0098


WARNING from PE     0: open_ASCII_file: File ./CPU_stats opened WRITEONLY already exists!


WARNING from PE     0: open_ASCII_file: File ./ocean.stats opened WRITEONLY already exists!

MOM Time       0.000      0: En 9.167136E-12, MaxCFL  0.00000, Mass 5.286457540076E+18
    Total Energy: 41871BBB631AB4A4  4.8461676388039857E+07
    Total Mass:   5.2864575400760177E+18, Change:   0.0000000000000000E+00 Error:  0.00000E+00 ( 0.0E+00)
MOM Time      50.000     50: En 1.299125E-05, MaxCFL  0.00126, Mass 5.286457540076E+18
    Total Energy: 42CF3B228ADECE77  6.8677686115740930E+13
    Total Mass:   5.2864575400760177E+18, Change:   1.5174636336605129E+01 Error:  1.51746E+01 ( 2.9E-18)
MOM Time     100.000    100: En 4.033843E-05, MaxCFL  0.00184, Mass 5.286457540076E+18
    Total Energy: 42E83E50EE2EDD65  2.1324739860657116E+14
    Total Mass:   5.2864575400760177E+18, Change:   6.3857150787860295E-01 Error:  6.38572E-01 ( 1.2E-19)
MOM Time     150.000    150: En 6.647693E-05, MaxCFL  0.00207, Mass 5.286457540076E+18
    Total Energy: 42F3F9F16020E2DF  3.5142747829406194E+14
    Total Mass:   5.2864575400760177E+18, Change:  -3.1801529603707337E+00 Error: -3.18015E+00 (-6.0E-19)

WARNING from PE     0: open_ASCII_file: File exitcode opened WRITEONLY already exists!

 MPP_DOMAINS_STACK high water mark=      235200

Tabulating mpp_clock statistics across     96 PEs...

                                      hits          tmin          tmax          tavg          tstd  tfrac grain pemin pemax
Total runtime                            1     18.322632     18.322634     18.322634      0.000001  1.000     0     0    95
Initialization                           1      0.234428      0.235078      0.234774      0.000100  0.013     0     0    95
Main loop                                1     18.074017     18.074177     18.074068      0.000037  0.986     0     0    95
Termination                              1      0.002090      0.002202      0.002197      0.000011  0.000     0     0    95
Ocean                                   77     18.295315     18.301693     18.298237      0.001598  0.999     1     0    95
Ocean Initialization                     2      0.224960      0.230760      0.227372      0.001593  0.012    11     0    95
Ocean dynamics                         300     17.622183     17.793907     17.736162      0.039774  0.968    11     0    95
Ocean thermodynamics and tracers       225      0.055727      0.087588      0.075634      0.006988  0.004    11     0    95
Ocean grid generation and remapp         0      0.000000      0.000000      0.000000      0.000000  0.000    11     0    95
Ocean Other                            450      0.050737      0.140041      0.076611      0.017796  0.004    11     0    95
Ocean MOM_end                            1      0.005923      0.009828      0.009147      0.000461  0.000    11     0    95
(Ocean tracer advection)               150      0.039794      0.060237      0.051602      0.004295  0.003    21     0    95
(Ocean adiabatic driver)                75      0.015402      0.027545      0.023943      0.002817  0.001    21     0    95
(Ocean continuity equation *)            0      0.000000      0.000000      0.000000      0.000000  0.000    31     0    95
(Ocean set BBL viscosity)               75      0.350024      0.538726      0.404298      0.049311  0.022    31     0    95
(Ocean message passing *)              150      0.151975      0.320593      0.211049      0.034599  0.012    31     0    95
(Ocean MOM_initialize_state)             2      0.004279      0.007592      0.005546      0.000507  0.000    31     0    95
(Ocean init message passing *)           2      0.000684      0.002302      0.001345      0.000261  0.000    41     0    95
(Ocean mixed layer restrat)              0      0.000000      0.000000      0.000000      0.000000  0.000    31     0    95
(Ocean collective diagnostics)         375      0.000803      0.002754      0.001146      0.000392  0.000    31     0    95
(Ocean Z-space diagnostics)              0      0.000000      0.000000      0.000000      0.000000  0.000    31     0    95
(Ocean ALE)                              0      0.000000      0.000000      0.000000      0.000000  0.000    31     0    95
(Stochastic EOS)                       150      0.000030      0.000073      0.000053      0.000007  0.000    31     0    95
(SGS Temperature Variance)             150      0.000005      0.000026      0.000008      0.000004  0.000    31     0    95
(Ocean MOM save_restart)                 0      0.000000      0.000000      0.000000      0.000000  0.000    31     0    95
(Ocean diagnostics framework)            0      0.000000      0.000000      0.000000      0.000000  0.000    31     0    95
(Ocean diagnostics remapping)            0      0.000000      0.000000      0.000000      0.000000  0.000    41     0    95
(Ocean diagnostics grid updates)       526      0.000199      0.000331      0.000249      0.000028  0.000    41     0    95
(Ocean init message passing)             4      0.002644      0.006863      0.004613      0.000764  0.000    41     0    95
(Ocean continuity reconstruction       902      0.542963      0.763877      0.660303      0.045587  0.036    41     0    95
(Ocean continuity update)              902      0.135745      0.295286      0.222470      0.039278  0.012    41     0    95
(Ocean continuity correction)          902      3.421947      4.988532      4.095428      0.373589  0.224    41     0    95
(Ocean BT pre-calcs only)             1200      1.266729      1.789842      1.529898      0.127984  0.083    41     0    95
(Ocean BT pre-step halo updates)      1200      0.108497      1.224779      0.650923      0.219798  0.036    41     0    95
(Ocean BT stepping calcs only)         600      0.018518      0.034523      0.026757      0.003629  0.001    41     0    95
(Ocean BT stepping halo updates)       300      0.007540      0.064190      0.026399      0.013968  0.001    41     0    95
(Ocean BT post-calcs only)             900      0.164404      0.281495      0.245011      0.032254  0.013    41     0    95
(Ocean BT post-step halo updates       600      0.017336      0.106145      0.044886      0.023314  0.002    41     0    95
(Ocean BT global synch)                  0      0.000000      0.000000      0.000000      0.000000  0.000    41     0    95
(Ocean Coriolis & mom advection)       300      0.647779      0.787571      0.726951      0.032110  0.040    31     0    95
(Ocean continuity equation)            450      4.278936      5.955880      5.048264      0.373716  0.276    31     0    95
(Ocean pressure force)                 150      1.119536      1.382452      1.309608      0.044340  0.071    31     0    95
(Ocean vertical viscosity)             450      3.143226      3.775446      3.530535      0.133206  0.193    31     0    95
(Ocean horizontal viscosity)           150      0.343193      0.414419      0.374897      0.014791  0.020    31     0    95
(Ocean momentum increments)            300      0.418527      0.611059      0.553120      0.042412  0.030    31     0    95
(Ocean message passing)               1350      1.148663      2.256212      1.706916      0.225496  0.093    31     0    95
(Ocean barotropic mode calc)           300      0.020740      0.040519      0.033809      0.003961  0.002    31     0    95
(Ocean barotropic mode stepping)       300      1.938031      3.352665      2.527426      0.278669  0.138    31     0    95
(Ocean barotropic forcing calc)        300      0.519386      0.651370      0.606725      0.027896  0.033    31     0    95
(Ocean advect tracer)                    0      0.000000      0.000000      0.000000      0.000000  0.000    31     0    95
(Ocean tracer halo updates)              0      0.000000      0.000000      0.000000      0.000000  0.000    41     0    95
(Ocean tracer global synch)              0      0.000000      0.000000      0.000000      0.000000  0.000    41     0    95
(Ocean diffuse tracer)                   0      0.000000      0.000000      0.000000      0.000000  0.000    31     0    95
(Ocean epipycnal diffuse tracer)         0      0.000000      0.000000      0.000000      0.000000  0.000    31     0    95
(Ocean surface forcing)                 76      0.000970      0.001654      0.001081      0.000081  0.000    31     0    95
(Ocean forcing diagnostics)            150      0.000281      0.001157      0.000446      0.000169  0.000    41     0    95
 MPP_STACK high water mark=           0
