NOTE from PE     0: MPP_DOMAINS_SET_STACK_SIZE: stack size set to    32768.
NOTE from PE     0: MPP_DOMAINS_SET_STACK_SIZE: stack size set to 30000000.
NOTE from PE     0: ======== Model being driven by MOM_driver ========
NOTE from PE     0: callTree: o Program MOM_main, MOM_driver.F90
NOTE from PE     0: open_param_file: MOM_input has been opened successfully.
NOTE from PE     0: open_param_file: MOM_override has been opened successfully.

WARNING from PE     0: MOM_file_parser : DT over-ridden.  Line: 'DT = 600' in file MOM_override.


WARNING from PE     0: MOM_file_parser : DT_THERM over-ridden.  Line: 'DT_THERM = 1200' in file MOM_override.


WARNING from PE     0: MOM_file_parser : NIGLOBAL over-ridden.  Line: 'NIGLOBAL = 64' in file MOM_override.


WARNING from PE     0: MOM_file_parser : NJGLOBAL over-ridden.  Line: 'NJGLOBAL = 32' in file MOM_override.

 MOM_in domain decomposition
whalo =    4, ehalo =    4, shalo =    4, nhalo =    4
  X-AXIS =    6   6   5   5   5   5   5   5   5   5   6   6
  Y-AXIS =    4   4   4   4   4   4   4   4
 MOM_inc domain decomposition
whalo =    2, ehalo =    2, shalo =    2, nhalo =    2
  X-AXIS =    3   3   3   3   2   2   2   2   3   3   3   3
  Y-AXIS =    2   2   2   2   2   2   2   2
NOTE from PE     0: diag_manager_mod::diag_manager_init: prepend_date only supported when diag_manager_init is called with time_init present.
NOTE from PE     0: diag_manager_mod::diag_manager_init: You are using the legacy version of the diag table
 MOM_in domain decomposition
whalo =    4, ehalo =    4, shalo =    4, nhalo =    4
  X-AXIS =    6   6   5   5   5   5   5   5   5   5   6   6
  Y-AXIS =    4   4   4   4   4   4   4   4
 MOM_in domain decomposition
whalo =    2, ehalo =    2, shalo =    2, nhalo =    2
  X-AXIS =    3   3   3   3   2   2   2   2   3   3   3   3
  Y-AXIS =    2   2   2   2   2   2   2   2

WARNING from PE     0: MOM_file_parser : NK over-ridden.  Line: 'NK = 100' in file MOM_override.

 MOM_in domain decomposition
whalo =    4, ehalo =    4, shalo =    4, nhalo =    4
  X-AXIS =    6   6   5   5   5   5   5   5   5   5   6   6
  Y-AXIS =    4   4   4   4   4   4   4   4
 MOM_in domain decomposition
whalo =    2, ehalo =    2, shalo =    2, nhalo =    2
  X-AXIS =    3   3   3   3   2   2   2   2   3   3   3   3
  Y-AXIS =    2   2   2   2   2   2   2   2

WARNING from PE     0: Open_file is appending .nc to the filename ./ocean_geometry


WARNING from PE     0: MOM_file_parser : COORD_CONFIG over-ridden.  Line: 'COORD_CONFIG = "linear"' in file MOM_override.

 MOM_in domain decomposition
whalo =    4, ehalo =    4, shalo =    4, nhalo =    4
  X-AXIS =    6   6   5   5   5   5   5   5   5   5   6   6
  Y-AXIS =    4   4   4   4   4   4   4   4
 MOM_in domain decomposition
whalo =    2, ehalo =    2, shalo =    2, nhalo =    2
  X-AXIS =    3   3   3   3   2   2   2   2   3   3   3   3
  Y-AXIS =    2   2   2   2   2   2   2   2
 MOM_in domain decomposition
whalo =    4, ehalo =    4, shalo =    4, nhalo =    4
  X-AXIS =    6   6   5   5   5   5   5   5   5   5   6   6
  Y-AXIS =    4   4   4   4   4   4   4   4
 MOM_in domain decomposition
whalo =    2, ehalo =    2, shalo =    2, nhalo =    2
  X-AXIS =    3   3   3   3   2   2   2   2   3   3   3   3
  Y-AXIS =    2   2   2   2   2   2   2   2

FATAL from PE     0: set_group_update: update_buffer_pos .NE. unpack_buffer_pos

