NOTE from PE     0: MPP_DOMAINS_SET_STACK_SIZE: stack size set to    32768.
NOTE from PE     0: MPP_DOMAINS_SET_STACK_SIZE: stack size set to 30000000.
NOTE from PE     0: ======== Model being driven by MOM_driver ========
NOTE from PE     0: callTree: o Program MOM_main, MOM_driver.F90
NOTE from PE     0: open_param_file: MOM_input has been opened successfully.
NOTE from PE     0: open_param_file: MOM_override has been opened successfully.

WARNING from PE     0: MOM_file_parser : DT over-ridden.  Line: 'DT = 75' in file MOM_override.


WARNING from PE     0: MOM_file_parser : DT_THERM over-ridden.  Line: 'DT_THERM = 150' in file MOM_override.


WARNING from PE     0: MOM_file_parser : NIGLOBAL over-ridden.  Line: 'NIGLOBAL = 512' in file MOM_override.


WARNING from PE     0: MOM_file_parser : NJGLOBAL over-ridden.  Line: 'NJGLOBAL = 256' in file MOM_override.

 MOM_in domain decomposition
whalo =    4, ehalo =    4, shalo =    4, nhalo =    4
  X-AXIS =   43  43  43  43  42  42  42  42  43  43  43  43
  Y-AXIS =   32  32  32  32  32  32  32  32
 MOM_inc domain decomposition
whalo =    2, ehalo =    2, shalo =    2, nhalo =    2
  X-AXIS =   22  22  21  21  21  21  21  21  21  21  22  22
  Y-AXIS =   16  16  16  16  16  16  16  16
NOTE from PE     0: diag_manager_mod::diag_manager_init: prepend_date only supported when diag_manager_init is called with time_init present.
NOTE from PE     0: diag_manager_mod::diag_manager_init: You are using the legacy version of the diag table
 MOM_in domain decomposition
whalo =    4, ehalo =    4, shalo =    4, nhalo =    4
  X-AXIS =   43  43  43  43  42  42  42  42  43  43  43  43
  Y-AXIS =   32  32  32  32  32  32  32  32
 MOM_in domain decomposition
whalo =    2, ehalo =    2, shalo =    2, nhalo =    2
  X-AXIS =   22  22  21  21  21  21  21  21  21  21  22  22
  Y-AXIS =   16  16  16  16  16  16  16  16

WARNING from PE     0: MOM_file_parser : NK over-ridden.  Line: 'NK = 100' in file MOM_override.

 MOM_in domain decomposition
whalo =    4, ehalo =    4, shalo =    4, nhalo =    4
  X-AXIS =   43  43  43  43  42  42  42  42  43  43  43  43
  Y-AXIS =   32  32  32  32  32  32  32  32
 MOM_in domain decomposition
whalo =    2, ehalo =    2, shalo =    2, nhalo =    2
  X-AXIS =   22  22  21  21  21  21  21  21  21  21  22  22
  Y-AXIS =   16  16  16  16  16  16  16  16

WARNING from PE     0: Open_file is appending .nc to the filename ./ocean_geometry


WARNING from PE     0: MOM_file_parser : COORD_CONFIG over-ridden.  Line: 'COORD_CONFIG = "linear"' in file MOM_override.

 MOM_in domain decomposition
whalo =    4, ehalo =    4, shalo =    4, nhalo =    4
  X-AXIS =   43  43  43  43  42  42  42  42  43  43  43  43
  Y-AXIS =   32  32  32  32  32  32  32  32
 MOM_in domain decomposition
whalo =    2, ehalo =    2, shalo =    2, nhalo =    2
  X-AXIS =   22  22  21  21  21  21  21  21  21  21  22  22
  Y-AXIS =   16  16  16  16  16  16  16  16
 MOM_in domain decomposition
whalo =    4, ehalo =    4, shalo =    4, nhalo =    4
  X-AXIS =   43  43  43  43  42  42  42  42  43  43  43  43
  Y-AXIS =   32  32  32  32  32  32  32  32
 MOM_in domain decomposition
whalo =    2, ehalo =    2, shalo =    2, nhalo =    2
  X-AXIS =   22  22  21  21  21  21  21  21  21  21  22  22
  Y-AXIS =   16  16  16  16  16  16  16  16

WARNING from PE     0: ./Depth_list.nc checksums do not match; updating file.


WARNING from PE     0: MOM_file_parser : DT_FORCING over-ridden.  Line: 'DT_FORCING = 150' in file MOM_override.


WARNING from PE     0: MOM_file_parser : DAYMAX over-ridden.  Line: 'DAYMAX = 150' in file MOM_override.


WARNING from PE     0: MOM_file_parser : RESTART_CONTROL over-ridden.  Line: 'RESTART_CONTROL = -1' in file MOM_override.


WARNING from PE     0: MOM_file_parser : RESTINT over-ridden.  Line: 'RESTINT = 0.0' in file MOM_override.


WARNING from PE     0: Unused line in MOM_input : GINT = 0.0098


WARNING from PE     0: open_ASCII_file: File ./CPU_stats opened WRITEONLY already exists!


WARNING from PE     0: open_ASCII_file: File ./ocean.stats opened WRITEONLY already exists!

MOM Time       0.000      0: En 9.167549E-12, MaxCFL  0.00000, Mass 5.286433166925E+18
    Total Energy: 41871BF8A881B2F2  4.8463637063329592E+07
    Total Mass:   5.2864331669247314E+18, Change:   0.0000000000000000E+00 Error:  0.00000E+00 ( 0.0E+00)
MOM Time      50.000     50: En 3.628256E-06, MaxCFL  0.00070, Mass 5.286433166925E+18
    Total Energy: 42B171D0E6FA0D1A  1.9180533774861102E+13
    Total Mass:   5.2864331669247314E+18, Change:   3.7420280329753389E+01 Error:  3.74203E+01 ( 7.1E-18)
MOM Time     100.000    100: En 1.302024E-05, MaxCFL  0.00126, Mass 5.286433166925E+18
    Total Energy: 42CF4CEFFF3C6045  6.8830608914624539E+13
    Total Mass:   5.2864331669247314E+18, Change:   4.4183971567827696E-01 Error:  4.41840E-01 ( 8.4E-20)
MOM Time     150.000    150: En 2.597818E-05, MaxCFL  0.00165, Mass 5.286433166925E+18
    Total Energy: 42DF39C52AB9C6E6  1.3733192603420359E+14
    Total Mass:   5.2864331669247314E+18, Change:   2.7136951637636431E-01 Error:  2.71370E-01 ( 5.1E-20)

WARNING from PE     0: open_ASCII_file: File exitcode opened WRITEONLY already exists!

 MPP_DOMAINS_STACK high water mark=      319200

Tabulating mpp_clock statistics across     96 PEs...

                                      hits          tmin          tmax          tavg          tstd  tfrac grain pemin pemax
Total runtime                            1     34.150776     34.150780     34.150776      0.000004  1.000     0     0    95
Initialization                           1      0.438416      0.439042      0.438759      0.000110  0.013     0     0    95
Main loop                                1     33.689949     33.690075     33.690006      0.000040  0.987     0     0    95
Termination                              1      0.003959      0.004071      0.004066      0.000011  0.000     0     0    95
Ocean                                   77     34.114868     34.123867     34.118530      0.002095  0.999     1     0    95
Ocean Initialization                     2      0.433390      0.441712      0.436314      0.001938  0.013    11     0    95
Ocean dynamics                         300     32.989346     33.242142     33.152843      0.049575  0.971    11     0    95
Ocean thermodynamics and tracers       225      0.101863      0.137217      0.121778      0.007954  0.004    11     0    95
Ocean grid generation and remapp         0      0.000000      0.000000      0.000000      0.000000  0.000    11     0    95
Ocean Other                            450      0.101711      0.221936      0.144589      0.028331  0.004    11     0    95
Ocean MOM_end                            1      0.009737      0.016179      0.014678      0.001186  0.000    11     0    95
(Ocean tracer advection)               150      0.070301      0.091185      0.081725      0.004884  0.002    21     0    95
(Ocean adiabatic driver)                75      0.031455      0.046002      0.039954      0.003307  0.001    21     0    95
(Ocean continuity equation *)            0      0.000000      0.000000      0.000000      0.000000  0.000    31     0    95
(Ocean set BBL viscosity)               75      0.755142      0.972330      0.827559      0.050513  0.024    31     0    95
(Ocean message passing *)              150      0.234626      0.482247      0.325917      0.050390  0.010    31     0    95
(Ocean MOM_initialize_state)             2      0.007448      0.008877      0.008349      0.000340  0.000    31     0    95
(Ocean init message passing *)           2      0.000975      0.002718      0.002079      0.000421  0.000    41     0    95
(Ocean mixed layer restrat)              0      0.000000      0.000000      0.000000      0.000000  0.000    31     0    95
(Ocean collective diagnostics)         375      0.000750      0.002235      0.001175      0.000304  0.000    31     0    95
(Ocean Z-space diagnostics)              0      0.000000      0.000000      0.000000      0.000000  0.000    31     0    95
(Ocean ALE)                              0      0.000000      0.000000      0.000000      0.000000  0.000    31     0    95
(Stochastic EOS)                       150      0.000028      0.000079      0.000052      0.000009  0.000    31     0    95
(SGS Temperature Variance)             150      0.000006      0.000023      0.000009      0.000003  0.000    31     0    95
(Ocean MOM save_restart)                 0      0.000000      0.000000      0.000000      0.000000  0.000    31     0    95
(Ocean diagnostics framework)            0      0.000000      0.000000      0.000000      0.000000  0.000    31     0    95
(Ocean diagnostics remapping)            0      0.000000      0.000000      0.000000      0.000000  0.000    41     0    95
(Ocean diagnostics grid updates)       526      0.000202      0.000329      0.000259      0.000025  0.000    41     0    95
(Ocean init message passing)             4      0.004168      0.008699      0.006541      0.000905  0.000    41     0    95
(Ocean continuity reconstruction       902      1.165522      1.457711      1.329120      0.064805  0.039    41     0    95
(Ocean continuity update)              902      0.251269      0.527393      0.424704      0.060106  0.012    41     0    95
(Ocean continuity correction)          902      6.919741      8.867616      7.941373      0.439053  0.233    41     0    95
(Ocean BT pre-calcs only)             1200      2.501601      3.335108      2.934808      0.185879  0.086    41     0    95
(Ocean BT pre-step halo updates)      1200      0.489760      2.890993      1.191683      0.463234  0.035    41     0    95
(Ocean BT stepping calcs only)         600      0.039264      0.066170      0.054154      0.006314  0.002    41     0    95
(Ocean BT stepping halo updates)       300      0.016081      0.088165      0.034664      0.014526  0.001    41     0    95
(Ocean BT post-calcs only)             900      0.357780      0.500749      0.451542      0.028355  0.013    41     0    95
(Ocean BT post-step halo updates       600      0.026918      0.114884      0.054731      0.018594  0.002    41     0    95
(Ocean BT global synch)                  0      0.000000      0.000000      0.000000      0.000000  0.000    41     0    95
(Ocean Coriolis & mom advection)       300      1.162808      1.293260      1.245753      0.028112  0.036    31     0    95
(Ocean continuity equation)            450      8.573907     10.718383      9.831487      0.501311  0.288    31     0    95
(Ocean pressure force)                 150      2.230601      2.492232      2.399093      0.050606  0.070    31     0    95
(Ocean vertical viscosity)             450      6.315870      7.424299      6.980869      0.366007  0.204    31     0    95
(Ocean horizontal viscosity)           150      0.523160      0.602704      0.561035      0.018064  0.016    31     0    95
(Ocean momentum increments)            300      0.966793      1.108209      1.064758      0.026711  0.031    31     0    95
(Ocean message passing)               1350      1.784004      3.853819      2.720823      0.483042  0.080    31     0    95
(Ocean barotropic mode calc)           300      0.041420      0.080496      0.069887      0.008705  0.002    31     0    95
(Ocean barotropic mode stepping)       300      3.908691      6.568269      4.726135      0.547249  0.138    31     0    95
(Ocean barotropic forcing calc)        300      0.961656      1.111483      1.055301      0.031432  0.031    31     0    95
(Ocean advect tracer)                    0      0.000000      0.000000      0.000000      0.000000  0.000    31     0    95
(Ocean tracer halo updates)              0      0.000000      0.000000      0.000000      0.000000  0.000    41     0    95
(Ocean tracer global synch)              0      0.000000      0.000000      0.000000      0.000000  0.000    41     0    95
(Ocean diffuse tracer)                   0      0.000000      0.000000      0.000000      0.000000  0.000    31     0    95
(Ocean epipycnal diffuse tracer)         0      0.000000      0.000000      0.000000      0.000000  0.000    31     0    95
(Ocean surface forcing)                 76      0.000977      0.001695      0.001100      0.000083  0.000    31     0    95
(Ocean forcing diagnostics)            150      0.000270      0.000921      0.000442      0.000130  0.000    41     0    95
 MPP_STACK high water mark=           0
