NOTE from PE     0: MPP_DOMAINS_SET_STACK_SIZE: stack size set to    32768.
NOTE from PE     0: MPP_DOMAINS_SET_STACK_SIZE: stack size set to 30000000.
NOTE from PE     0: ======== Model being driven by MOM_driver ========
NOTE from PE     0: callTree: o Program MOM_main, MOM_driver.F90
NOTE from PE     0: open_param_file: MOM_input has been opened successfully.
NOTE from PE     0: open_param_file: MOM_override has been opened successfully.

WARNING from PE     0: MOM_file_parser : DT over-ridden.  Line: 'DT = 150' in file MOM_override.


WARNING from PE     0: MOM_file_parser : DT_THERM over-ridden.  Line: 'DT_THERM = 300' in file MOM_override.


WARNING from PE     0: MOM_file_parser : NIGLOBAL over-ridden.  Line: 'NIGLOBAL = 256' in file MOM_override.


WARNING from PE     0: MOM_file_parser : NJGLOBAL over-ridden.  Line: 'NJGLOBAL = 128' in file MOM_override.

 MOM_in domain decomposition
whalo =    4, ehalo =    4, shalo =    4, nhalo =    4
  X-AXIS =   22  22  21  21  21  21  21  21  21  21  22  22
  Y-AXIS =   16  16  16  16  16  16  16  16
 MOM_inc domain decomposition
whalo =    2, ehalo =    2, shalo =    2, nhalo =    2
  X-AXIS =   11  11  11  11  10  10  10  10  11  11  11  11
  Y-AXIS =    8   8   8   8   8   8   8   8
NOTE from PE     0: diag_manager_mod::diag_manager_init: prepend_date only supported when diag_manager_init is called with time_init present.
NOTE from PE     0: diag_manager_mod::diag_manager_init: You are using the legacy version of the diag table
 MOM_in domain decomposition
whalo =    4, ehalo =    4, shalo =    4, nhalo =    4
  X-AXIS =   22  22  21  21  21  21  21  21  21  21  22  22
  Y-AXIS =   16  16  16  16  16  16  16  16
 MOM_in domain decomposition
whalo =    2, ehalo =    2, shalo =    2, nhalo =    2
  X-AXIS =   11  11  11  11  10  10  10  10  11  11  11  11
  Y-AXIS =    8   8   8   8   8   8   8   8

WARNING from PE     0: MOM_file_parser : NK over-ridden.  Line: 'NK = 100' in file MOM_override.

 MOM_in domain decomposition
whalo =    4, ehalo =    4, shalo =    4, nhalo =    4
  X-AXIS =   22  22  21  21  21  21  21  21  21  21  22  22
  Y-AXIS =   16  16  16  16  16  16  16  16
 MOM_in domain decomposition
whalo =    2, ehalo =    2, shalo =    2, nhalo =    2
  X-AXIS =   11  11  11  11  10  10  10  10  11  11  11  11
  Y-AXIS =    8   8   8   8   8   8   8   8

WARNING from PE     0: Open_file is appending .nc to the filename ./ocean_geometry


WARNING from PE     0: MOM_file_parser : COORD_CONFIG over-ridden.  Line: 'COORD_CONFIG = "linear"' in file MOM_override.

 MOM_in domain decomposition
whalo =    4, ehalo =    4, shalo =    4, nhalo =    4
  X-AXIS =   22  22  21  21  21  21  21  21  21  21  22  22
  Y-AXIS =   16  16  16  16  16  16  16  16
 MOM_in domain decomposition
whalo =    2, ehalo =    2, shalo =    2, nhalo =    2
  X-AXIS =   11  11  11  11  10  10  10  10  11  11  11  11
  Y-AXIS =    8   8   8   8   8   8   8   8
 MOM_in domain decomposition
whalo =    4, ehalo =    4, shalo =    4, nhalo =    4
  X-AXIS =   22  22  21  21  21  21  21  21  21  21  22  22
  Y-AXIS =   16  16  16  16  16  16  16  16
 MOM_in domain decomposition
whalo =    2, ehalo =    2, shalo =    2, nhalo =    2
  X-AXIS =   11  11  11  11  10  10  10  10  11  11  11  11
  Y-AXIS =    8   8   8   8   8   8   8   8

WARNING from PE     0: ./Depth_list.nc checksums do not match; updating file.


WARNING from PE     0: MOM_file_parser : DT_FORCING over-ridden.  Line: 'DT_FORCING = 300' in file MOM_override.


WARNING from PE     0: MOM_file_parser : DAYMAX over-ridden.  Line: 'DAYMAX = 150' in file MOM_override.


WARNING from PE     0: MOM_file_parser : RESTART_CONTROL over-ridden.  Line: 'RESTART_CONTROL = -1' in file MOM_override.


WARNING from PE     0: MOM_file_parser : RESTINT over-ridden.  Line: 'RESTINT = 0.0' in file MOM_override.


WARNING from PE     0: Unused line in MOM_input : GINT = 0.0098


WARNING from PE     0: open_ASCII_file: File ./CPU_stats opened WRITEONLY already exists!


WARNING from PE     0: open_ASCII_file: File ./ocean.stats opened WRITEONLY already exists!

MOM Time       0.000      0: En 9.166218E-12, MaxCFL  0.00000, Mass 5.286507716715E+18
    Total Energy: 41871B321AC54A09  4.8457283346332617E+07
    Total Mass:   5.2865077167146557E+18, Change:   0.0000000000000000E+00 Error:  0.00000E+00 ( 0.0E+00)
MOM Time      50.000     50: En 1.299121E-05, MaxCFL  0.00126, Mass 5.286507716715E+18
    Total Energy: 42CF3B2F684BDF8D  6.8678117791679102E+13
    Total Mass:   5.2865077167146557E+18, Change:   8.7610779580014636E+01 Error:  8.76108E+01 ( 1.7E-17)
MOM Time     100.000    100: En 4.033907E-05, MaxCFL  0.00184, Mass 5.286507716715E+18
    Total Energy: 42E83E7939F7BB54  2.1325280704866662E+14
    Total Mass:   5.2865077167146557E+18, Change:  -2.3128586331204541E+00 Error: -2.31286E+00 (-4.4E-19)
MOM Time     150.000    150: En 6.648018E-05, MaxCFL  0.00167, Mass 5.286507716715E+18
    Total Energy: 42F3FA3DC212BA92  3.5144798209117712E+14
    Total Mass:   5.2865077167146557E+18, Change:  -6.3696809356704875E-01 Error: -6.36968E-01 (-1.2E-19)

WARNING from PE     0: open_ASCII_file: File exitcode opened WRITEONLY already exists!

 MPP_DOMAINS_STACK high water mark=      171200

Tabulating mpp_clock statistics across     96 PEs...

                                      hits          tmin          tmax          tavg          tstd  tfrac grain pemin pemax
Total runtime                            1      8.702259      8.702260      8.702258      0.000002  1.000     0     0    95
Initialization                           1      0.138000      0.138479      0.138201      0.000099  0.016     0     0    95
Main loop                                1      8.554502      8.554879      8.554794      0.000043  0.983     0     0    95
Termination                              1      0.001131      0.001243      0.001238      0.000011  0.000     0     0    95
Ocean                                   77      8.680331      8.687985      8.683593      0.001751  0.998     1     0    95
Ocean Initialization                     2      0.128725      0.135599      0.131513      0.001697  0.015    11     0    95
Ocean dynamics                         300      8.249424      8.384302      8.348407      0.025253  0.959    11     0    95
Ocean thermodynamics and tracers       225      0.031546      0.048430      0.042256      0.003191  0.005    11     0    95
Ocean grid generation and remapp         0      0.000000      0.000000      0.000000      0.000000  0.000    11     0    95
Ocean Other                            450      0.025609      0.094843      0.046565      0.014726  0.005    11     0    95
Ocean MOM_end                            1      0.003515      0.006154      0.005932      0.000276  0.001    11     0    95
(Ocean tracer advection)               150      0.021157      0.031423      0.027081      0.002082  0.003    21     0    95
(Ocean adiabatic driver)                75      0.010000      0.017176      0.015087      0.001401  0.002    21     0    95
(Ocean continuity equation *)            0      0.000000      0.000000      0.000000      0.000000  0.000    31     0    95
(Ocean set BBL viscosity)               75      0.120087      0.228443      0.154826      0.025004  0.018    31     0    95
(Ocean message passing *)              150      0.102084      0.240368      0.134792      0.024990  0.015    31     0    95
(Ocean MOM_initialize_state)             2      0.003496      0.005471      0.004325      0.000265  0.000    31     0    95
(Ocean init message passing *)           2      0.000564      0.001465      0.001028      0.000178  0.000    41     0    95
(Ocean mixed layer restrat)              0      0.000000      0.000000      0.000000      0.000000  0.000    31     0    95
(Ocean collective diagnostics)         375      0.000754      0.002132      0.001151      0.000305  0.000    31     0    95
(Ocean Z-space diagnostics)              0      0.000000      0.000000      0.000000      0.000000  0.000    31     0    95
(Ocean ALE)                              0      0.000000      0.000000      0.000000      0.000000  0.000    31     0    95
(Stochastic EOS)                       150      0.000039      0.000079      0.000052      0.000007  0.000    31     0    95
(SGS Temperature Variance)             150      0.000005      0.000018      0.000008      0.000002  0.000    31     0    95
(Ocean MOM save_restart)                 0      0.000000      0.000000      0.000000      0.000000  0.000    31     0    95
(Ocean diagnostics framework)            0      0.000000      0.000000      0.000000      0.000000  0.000    31     0    95
(Ocean diagnostics remapping)            0      0.000000      0.000000      0.000000      0.000000  0.000    41     0    95
(Ocean diagnostics grid updates)       526      0.000193      0.000314      0.000244      0.000022  0.000    41     0    95
(Ocean init message passing)             4      0.001857      0.004465      0.002985      0.000562  0.000    41     0    95
(Ocean continuity reconstruction       902      0.305619      0.480282      0.413069      0.031962  0.047    41     0    95
(Ocean continuity update)              902      0.061733      0.137672      0.101897      0.017235  0.012    41     0    95
(Ocean continuity correction)          902      1.817456      2.469832      2.083021      0.145756  0.239    41     0    95
(Ocean BT pre-calcs only)             1200      0.488358      0.713439      0.611448      0.052121  0.070    41     0    95
(Ocean BT pre-step halo updates)      1200      0.092057      0.728453      0.354713      0.143466  0.041    41     0    95
(Ocean BT stepping calcs only)         600      0.013286      0.018064      0.015525      0.001061  0.002    41     0    95
(Ocean BT stepping halo updates)       300      0.005901      0.038726      0.012833      0.007689  0.001    41     0    95
(Ocean BT post-calcs only)             900      0.099473      0.137421      0.126688      0.007871  0.015    41     0    95
(Ocean BT post-step halo updates       600      0.013816      0.052842      0.023331      0.010329  0.003    41     0    95
(Ocean BT global synch)                  0      0.000000      0.000000      0.000000      0.000000  0.000    41     0    95
(Ocean Coriolis & mom advection)       300      0.259227      0.390148      0.327006      0.029704  0.038    31     0    95
(Ocean continuity equation)            450      2.298706      3.028579      2.635204      0.160999  0.303    31     0    95
(Ocean pressure force)                 150      0.453290      0.565692      0.522168      0.019208  0.060    31     0    95
(Ocean vertical viscosity)             450      1.378628      1.507341      1.451191      0.028466  0.167    31     0    95
(Ocean horizontal viscosity)           150      0.177401      0.263700      0.209616      0.019886  0.024    31     0    95
(Ocean momentum increments)            300      0.173146      0.223118      0.210799      0.011541  0.024    31     0    95
(Ocean message passing)               1350      0.737857      1.297588      1.007220      0.110087  0.116    31     0    95
(Ocean barotropic mode calc)           300      0.007401      0.015420      0.011892      0.001918  0.001    31     0    95
(Ocean barotropic mode stepping)       300      0.837401      1.543607      1.146413      0.162051  0.132    31     0    95
(Ocean barotropic forcing calc)        300      0.227205      0.301864      0.266712      0.017285  0.031    31     0    95
(Ocean advect tracer)                    0      0.000000      0.000000      0.000000      0.000000  0.000    31     0    95
(Ocean tracer halo updates)              0      0.000000      0.000000      0.000000      0.000000  0.000    41     0    95
(Ocean tracer global synch)              0      0.000000      0.000000      0.000000      0.000000  0.000    41     0    95
(Ocean diffuse tracer)                   0      0.000000      0.000000      0.000000      0.000000  0.000    31     0    95
(Ocean epipycnal diffuse tracer)         0      0.000000      0.000000      0.000000      0.000000  0.000    31     0    95
(Ocean surface forcing)                 76      0.000970      0.001447      0.001106      0.000064  0.000    31     0    95
(Ocean forcing diagnostics)            150      0.000287      0.000941      0.000439      0.000165  0.000    41     0    95
 MPP_STACK high water mark=           0
