NOTE from PE     0: MPP_DOMAINS_SET_STACK_SIZE: stack size set to    32768.
NOTE from PE     0: MPP_DOMAINS_SET_STACK_SIZE: stack size set to 30000000.
NOTE from PE     0: ======== Model being driven by MOM_driver ========
NOTE from PE     0: callTree: o Program MOM_main, MOM_driver.F90
NOTE from PE     0: open_param_file: MOM_input has been opened successfully.
NOTE from PE     0: open_param_file: MOM_override has been opened successfully.

WARNING from PE     0: MOM_file_parser : DT over-ridden.  Line: 'DT = 300' in file MOM_override.


WARNING from PE     0: MOM_file_parser : DT_THERM over-ridden.  Line: 'DT_THERM = 600' in file MOM_override.


WARNING from PE     0: MOM_file_parser : NIGLOBAL over-ridden.  Line: 'NIGLOBAL = 128' in file MOM_override.


WARNING from PE     0: MOM_file_parser : NJGLOBAL over-ridden.  Line: 'NJGLOBAL = 128' in file MOM_override.

 MOM_in domain decomposition
whalo =    4, ehalo =    4, shalo =    4, nhalo =    4
  X-AXIS =   11  11  11  11  10  10  10  10  11  11  11  11
  Y-AXIS =   16  16  16  16  16  16  16  16
 MOM_inc domain decomposition
whalo =    2, ehalo =    2, shalo =    2, nhalo =    2
  X-AXIS =    6   6   5   5   5   5   5   5   5   5   6   6
  Y-AXIS =    8   8   8   8   8   8   8   8
NOTE from PE     0: diag_manager_mod::diag_manager_init: prepend_date only supported when diag_manager_init is called with time_init present.
NOTE from PE     0: diag_manager_mod::diag_manager_init: You are using the legacy version of the diag table
 MOM_in domain decomposition
whalo =    4, ehalo =    4, shalo =    4, nhalo =    4
  X-AXIS =   11  11  11  11  10  10  10  10  11  11  11  11
  Y-AXIS =   16  16  16  16  16  16  16  16
 MOM_in domain decomposition
whalo =    2, ehalo =    2, shalo =    2, nhalo =    2
  X-AXIS =    6   6   5   5   5   5   5   5   5   5   6   6
  Y-AXIS =    8   8   8   8   8   8   8   8

WARNING from PE     0: MOM_file_parser : NK over-ridden.  Line: 'NK = 100' in file MOM_override.

 MOM_in domain decomposition
whalo =    4, ehalo =    4, shalo =    4, nhalo =    4
  X-AXIS =   11  11  11  11  10  10  10  10  11  11  11  11
  Y-AXIS =   16  16  16  16  16  16  16  16
 MOM_in domain decomposition
whalo =    2, ehalo =    2, shalo =    2, nhalo =    2
  X-AXIS =    6   6   5   5   5   5   5   5   5   5   6   6
  Y-AXIS =    8   8   8   8   8   8   8   8

WARNING from PE     0: Open_file is appending .nc to the filename ./ocean_geometry


WARNING from PE     0: MOM_file_parser : COORD_CONFIG over-ridden.  Line: 'COORD_CONFIG = "linear"' in file MOM_override.

 MOM_in domain decomposition
whalo =    4, ehalo =    4, shalo =    4, nhalo =    4
  X-AXIS =   11  11  11  11  10  10  10  10  11  11  11  11
  Y-AXIS =   16  16  16  16  16  16  16  16
 MOM_in domain decomposition
whalo =    2, ehalo =    2, shalo =    2, nhalo =    2
  X-AXIS =    6   6   5   5   5   5   5   5   5   5   6   6
  Y-AXIS =    8   8   8   8   8   8   8   8
 MOM_in domain decomposition
whalo =    4, ehalo =    4, shalo =    4, nhalo =    4
  X-AXIS =   11  11  11  11  10  10  10  10  11  11  11  11
  Y-AXIS =   16  16  16  16  16  16  16  16
 MOM_in domain decomposition
whalo =    2, ehalo =    2, shalo =    2, nhalo =    2
  X-AXIS =    6   6   5   5   5   5   5   5   5   5   6   6
  Y-AXIS =    8   8   8   8   8   8   8   8

WARNING from PE     0: ./Depth_list.nc checksums do not match; updating file.


WARNING from PE     0: MOM_file_parser : DT_FORCING over-ridden.  Line: 'DT_FORCING = 600' in file MOM_override.


WARNING from PE     0: MOM_file_parser : DAYMAX over-ridden.  Line: 'DAYMAX = 150' in file MOM_override.


WARNING from PE     0: MOM_file_parser : RESTART_CONTROL over-ridden.  Line: 'RESTART_CONTROL = -1' in file MOM_override.


WARNING from PE     0: MOM_file_parser : RESTINT over-ridden.  Line: 'RESTINT = 0.0' in file MOM_override.


WARNING from PE     0: Unused line in MOM_input : GINT = 0.0098


WARNING from PE     0: open_ASCII_file: File ./CPU_stats opened WRITEONLY already exists!


WARNING from PE     0: open_ASCII_file: File ./ocean.stats opened WRITEONLY already exists!

MOM Time       0.000      0: En 9.164543E-12, MaxCFL  0.00000, Mass 5.286601636954E+18
    Total Energy: 41871A38330EA000  4.8449286382141113E+07
    Total Mass:   5.2866016369539963E+18, Change:   0.0000000000000000E+00 Error:  0.00000E+00 ( 0.0E+00)
MOM Time      50.000     50: En 4.018195E-05, MaxCFL  0.00184, Mass 5.286601636954E+18
    Total Energy: 42E82668CA0D57F2  2.1242596716819156E+14
    Total Mass:   5.2866016369539963E+18, Change:   8.4805247037050407E+01 Error:  8.48052E+01 ( 1.6E-17)
MOM Time     100.000    100: En 8.022032E-05, MaxCFL  0.00256, Mass 5.286601636954E+18
    Total Energy: 42F81B5D021CBF72  4.2409285765016712E+14
    Total Mass:   5.2866016369539973E+18, Change:  -3.9945119739020605E+00 Error: -3.99451E+00 (-7.6E-19)
MOM Time     150.000    150: En 6.198263E-05, MaxCFL  0.00212, Mass 5.286601636954E+18
    Total Energy: 42F2A055AEEB6F14  3.2767746550756925E+14
    Total Mass:   5.2866016369539963E+18, Change:   2.3279813841664314E+00 Error:  2.32798E+00 ( 4.4E-19)

WARNING from PE     0: open_ASCII_file: File exitcode opened WRITEONLY already exists!

 MPP_DOMAINS_STACK high water mark=      127200

Tabulating mpp_clock statistics across     96 PEs...

                                      hits          tmin          tmax          tavg          tstd  tfrac grain pemin pemax
Total runtime                            1      4.806163      4.806164      4.806163      0.000001  1.000     0     0    95
Initialization                           1      0.104121      0.104754      0.104504      0.000105  0.022     0     0    95
Main loop                                1      4.694357      4.694486      4.694411      0.000035  0.977     0     0    95
Termination                              1      0.000684      0.000803      0.000799      0.000012  0.000     0     0    95
Ocean                                   77      4.785337      4.792855      4.788297      0.001823  0.996     1     0    95
Ocean Initialization                     2      0.093994      0.101112      0.096835      0.001819  0.020    11     0    95
Ocean dynamics                         300      4.568776      4.600611      4.582953      0.006596  0.954    11     0    95
Ocean thermodynamics and tracers       225      0.006950      0.018555      0.012768      0.003294  0.003    11     0    95
Ocean grid generation and remapp         0      0.000000      0.000000      0.000000      0.000000  0.000    11     0    95
Ocean Other                            450      0.015075      0.044831      0.026308      0.007555  0.005    11     0    95
Ocean MOM_end                            1      0.002338      0.004635      0.004266      0.000253  0.001    11     0    95
(Ocean tracer advection)               150      0.004779      0.012447      0.008277      0.002120  0.002    21     0    95
(Ocean adiabatic driver)                75      0.002053      0.006295      0.004411      0.001245  0.001    21     0    95
(Ocean continuity equation *)            0      0.000000      0.000000      0.000000      0.000000  0.000    31     0    95
(Ocean set BBL viscosity)               75      0.050579      0.123614      0.071833      0.016132  0.015    31     0    95
(Ocean message passing *)              150      0.058082      0.097976      0.080820      0.009066  0.017    31     0    95
(Ocean MOM_initialize_state)             2      0.002886      0.004841      0.003375      0.000329  0.001    31     0    95
(Ocean init message passing *)           2      0.000515      0.001361      0.000761      0.000159  0.000    41     0    95
(Ocean mixed layer restrat)              0      0.000000      0.000000      0.000000      0.000000  0.000    31     0    95
(Ocean collective diagnostics)         375      0.000801      0.002038      0.001192      0.000298  0.000    31     0    95
(Ocean Z-space diagnostics)              0      0.000000      0.000000      0.000000      0.000000  0.000    31     0    95
(Ocean ALE)                              0      0.000000      0.000000      0.000000      0.000000  0.000    31     0    95
(Stochastic EOS)                       150      0.000030      0.000097      0.000052      0.000014  0.000    31     0    95
(SGS Temperature Variance)             150      0.000005      0.000029      0.000009      0.000005  0.000    31     0    95
(Ocean MOM save_restart)                 0      0.000000      0.000000      0.000000      0.000000  0.000    31     0    95
(Ocean diagnostics framework)            0      0.000000      0.000000      0.000000      0.000000  0.000    31     0    95
(Ocean diagnostics remapping)            0      0.000000      0.000000      0.000000      0.000000  0.000    41     0    95
(Ocean diagnostics grid updates)       526      0.000148      0.000333      0.000243      0.000041  0.000    41     0    95
(Ocean init message passing)             4      0.001360      0.003182      0.002153      0.000321  0.000    41     0    95
(Ocean continuity reconstruction       902      0.192791      0.264257      0.237303      0.015470  0.049    41     0    95
(Ocean continuity update)              902      0.037071      0.065061      0.055054      0.005924  0.011    41     0    95
(Ocean continuity correction)          902      1.085471      1.286984      1.188876      0.040900  0.247    41     0    95
(Ocean BT pre-calcs only)             1200      0.295458      0.368860      0.334521      0.015788  0.070    41     0    95
(Ocean BT pre-step halo updates)      1200      0.082927      0.298801      0.173946      0.052732  0.036    41     0    95
(Ocean BT stepping calcs only)         600      0.008628      0.011335      0.009644      0.000600  0.002    41     0    95
(Ocean BT stepping halo updates)       300      0.005504      0.015934      0.007869      0.002219  0.002    41     0    95
(Ocean BT post-calcs only)             900      0.062137      0.078180      0.068945      0.004871  0.014    41     0    95
(Ocean BT post-step halo updates       600      0.011265      0.018324      0.014183      0.001665  0.003    41     0    95
(Ocean BT global synch)                  0      0.000000      0.000000      0.000000      0.000000  0.000    41     0    95
(Ocean Coriolis & mom advection)       300      0.137791      0.216476      0.160135      0.017311  0.033    31     0    95
(Ocean continuity equation)            450      1.348552      1.607097      1.503041      0.051661  0.313    31     0    95
(Ocean pressure force)                 150      0.238899      0.291308      0.268829      0.011271  0.056    31     0    95
(Ocean vertical viscosity)             450      0.712584      0.825652      0.772116      0.035421  0.161    31     0    95
(Ocean horizontal viscosity)           150      0.093353      0.150118      0.114333      0.013896  0.024    31     0    95
(Ocean momentum increments)            300      0.061936      0.095102      0.075911      0.008962  0.016    31     0    95
(Ocean message passing)               1350      0.508826      0.792372      0.614311      0.061100  0.128    31     0    95
(Ocean barotropic mode calc)           300      0.004426      0.006592      0.005537      0.000470  0.001    31     0    95
(Ocean barotropic mode stepping)       300      0.489345      0.757369      0.609835      0.056262  0.127    31     0    95
(Ocean barotropic forcing calc)        300      0.139034      0.179103      0.157495      0.008463  0.033    31     0    95
(Ocean advect tracer)                    0      0.000000      0.000000      0.000000      0.000000  0.000    31     0    95
(Ocean tracer halo updates)              0      0.000000      0.000000      0.000000      0.000000  0.000    41     0    95
(Ocean tracer global synch)              0      0.000000      0.000000      0.000000      0.000000  0.000    41     0    95
(Ocean diffuse tracer)                   0      0.000000      0.000000      0.000000      0.000000  0.000    31     0    95
(Ocean epipycnal diffuse tracer)         0      0.000000      0.000000      0.000000      0.000000  0.000    31     0    95
(Ocean surface forcing)                 76      0.000995      0.001619      0.001102      0.000087  0.000    31     0    95
(Ocean forcing diagnostics)            150      0.000279      0.001194      0.000497      0.000215  0.000    41     0    95
 MPP_STACK high water mark=           0
