NOTE from PE     0: MPP_DOMAINS_SET_STACK_SIZE: stack size set to    32768.
NOTE from PE     0: MPP_DOMAINS_SET_STACK_SIZE: stack size set to 30000000.
NOTE from PE     0: ======== Model being driven by MOM_driver ========
NOTE from PE     0: callTree: o Program MOM_main, MOM_driver.F90
NOTE from PE     0: open_param_file: MOM_input has been opened successfully.
NOTE from PE     0: open_param_file: MOM_override has been opened successfully.

WARNING from PE     0: MOM_file_parser : DT over-ridden.  Line: 'DT = 75' in file MOM_override.


WARNING from PE     0: MOM_file_parser : DT_THERM over-ridden.  Line: 'DT_THERM = 150' in file MOM_override.


WARNING from PE     0: MOM_file_parser : NIGLOBAL over-ridden.  Line: 'NIGLOBAL = 512' in file MOM_override.


WARNING from PE     0: MOM_file_parser : NJGLOBAL over-ridden.  Line: 'NJGLOBAL = 512' in file MOM_override.

 MOM_in domain decomposition
whalo =    4, ehalo =    4, shalo =    4, nhalo =    4
  X-AXIS =   43  43  43  43  42  42  42  42  43  43  43  43
  Y-AXIS =   64  64  64  64  64  64  64  64
 MOM_inc domain decomposition
whalo =    2, ehalo =    2, shalo =    2, nhalo =    2
  X-AXIS =   22  22  21  21  21  21  21  21  21  21  22  22
  Y-AXIS =   32  32  32  32  32  32  32  32
NOTE from PE     0: diag_manager_mod::diag_manager_init: prepend_date only supported when diag_manager_init is called with time_init present.
NOTE from PE     0: diag_manager_mod::diag_manager_init: You are using the legacy version of the diag table
 MOM_in domain decomposition
whalo =    4, ehalo =    4, shalo =    4, nhalo =    4
  X-AXIS =   43  43  43  43  42  42  42  42  43  43  43  43
  Y-AXIS =   64  64  64  64  64  64  64  64
 MOM_in domain decomposition
whalo =    2, ehalo =    2, shalo =    2, nhalo =    2
  X-AXIS =   22  22  21  21  21  21  21  21  21  21  22  22
  Y-AXIS =   32  32  32  32  32  32  32  32

WARNING from PE     0: MOM_file_parser : NK over-ridden.  Line: 'NK = 100' in file MOM_override.

 MOM_in domain decomposition
whalo =    4, ehalo =    4, shalo =    4, nhalo =    4
  X-AXIS =   43  43  43  43  42  42  42  42  43  43  43  43
  Y-AXIS =   64  64  64  64  64  64  64  64
 MOM_in domain decomposition
whalo =    2, ehalo =    2, shalo =    2, nhalo =    2
  X-AXIS =   22  22  21  21  21  21  21  21  21  21  22  22
  Y-AXIS =   32  32  32  32  32  32  32  32

WARNING from PE     0: Open_file is appending .nc to the filename ./ocean_geometry


WARNING from PE     0: MOM_file_parser : COORD_CONFIG over-ridden.  Line: 'COORD_CONFIG = "linear"' in file MOM_override.

 MOM_in domain decomposition
whalo =    4, ehalo =    4, shalo =    4, nhalo =    4
  X-AXIS =   43  43  43  43  42  42  42  42  43  43  43  43
  Y-AXIS =   64  64  64  64  64  64  64  64
 MOM_in domain decomposition
whalo =    2, ehalo =    2, shalo =    2, nhalo =    2
  X-AXIS =   22  22  21  21  21  21  21  21  21  21  22  22
  Y-AXIS =   32  32  32  32  32  32  32  32
 MOM_in domain decomposition
whalo =    4, ehalo =    4, shalo =    4, nhalo =    4
  X-AXIS =   43  43  43  43  42  42  42  42  43  43  43  43
  Y-AXIS =   64  64  64  64  64  64  64  64
 MOM_in domain decomposition
whalo =    2, ehalo =    2, shalo =    2, nhalo =    2
  X-AXIS =   22  22  21  21  21  21  21  21  21  21  22  22
  Y-AXIS =   32  32  32  32  32  32  32  32

WARNING from PE     0: ./Depth_list.nc checksums do not match; updating file.


WARNING from PE     0: MOM_file_parser : DT_FORCING over-ridden.  Line: 'DT_FORCING = 150' in file MOM_override.


WARNING from PE     0: MOM_file_parser : DAYMAX over-ridden.  Line: 'DAYMAX = 150' in file MOM_override.


WARNING from PE     0: MOM_file_parser : RESTART_CONTROL over-ridden.  Line: 'RESTART_CONTROL = -1' in file MOM_override.


WARNING from PE     0: MOM_file_parser : RESTINT over-ridden.  Line: 'RESTINT = 0.0' in file MOM_override.


WARNING from PE     0: Unused line in MOM_input : GINT = 0.0098


WARNING from PE     0: open_ASCII_file: File ./CPU_stats opened WRITEONLY already exists!


WARNING from PE     0: open_ASCII_file: File ./ocean.stats opened WRITEONLY already exists!

MOM Time       0.000      0: En 9.167783E-12, MaxCFL  0.00000, Mass 5.286420478077E+18
    Total Energy: 41871C1BAC854DBF  4.8464757565089695E+07
    Total Mass:   5.2864204780768635E+18, Change:   0.0000000000000000E+00 Error:  0.00000E+00 ( 0.0E+00)
MOM Time      50.000     50: En 3.628263E-06, MaxCFL  0.00070, Mass 5.286420478077E+18
    Total Energy: 42B171D073870213  1.9180526208770074E+13
    Total Mass:   5.2864204780768635E+18, Change:   1.4773794035613044E+01 Error:  1.47738E+01 ( 2.8E-18)
MOM Time     100.000    100: En 1.302025E-05, MaxCFL  0.00126, Mass 5.286420478077E+18
    Total Energy: 42CF4CECC7868B6D  6.8830500949270852E+13
    Total Mass:   5.2864204780768635E+18, Change:  -2.6456666355089919E-01 Error: -2.64567E-01 (-5.0E-20)
MOM Time     150.000    150: En 2.597815E-05, MaxCFL  0.00165, Mass 5.286420478077E+18
    Total Energy: 42DF39BDF15524DF  1.3733144122689948E+14
    Total Mass:   5.2864204780768635E+18, Change:   1.8174544669535653E-01 Error:  1.81745E-01 ( 3.4E-20)

WARNING from PE     0: open_ASCII_file: File exitcode opened WRITEONLY already exists!

 MPP_DOMAINS_STACK high water mark=      447200

Tabulating mpp_clock statistics across     96 PEs...

                                      hits          tmin          tmax          tavg          tstd  tfrac grain pemin pemax
Total runtime                            1     67.553001     67.553001     67.552986      0.000015  1.000     0     0    95
Initialization                           1      0.419877      0.420578      0.420259      0.000117  0.006     0     0    95
Main loop                                1     67.104164     67.104301     67.104233      0.000041  0.993     0     0    95
Termination                              1      0.005146      0.005258      0.005252      0.000011  0.000     0     0    95
Ocean                                   77     67.499435     67.510063     67.504494      0.002464  0.999     1     0    95
Ocean Initialization                     2      0.418671      0.428724      0.424182      0.002204  0.006    11     0    95
Ocean dynamics                         300     65.816673     66.348038     66.149551      0.115328  0.979    11     0    95
Ocean thermodynamics and tracers       225      0.167276      0.263102      0.225825      0.021699  0.003    11     0    95
Ocean grid generation and remapp         0      0.000000      0.000000      0.000000      0.000000  0.000    11     0    95
Ocean Other                            450      0.190501      0.455635      0.272383      0.052698  0.004    11     0    95
Ocean MOM_end                            1      0.011151      0.021257      0.019232      0.001485  0.000    11     0    95
(Ocean tracer advection)               150      0.110200      0.177653      0.150163      0.014141  0.002    21     0    95
(Ocean adiabatic driver)                75      0.051619      0.091086      0.075505      0.008500  0.001    21     0    95
(Ocean continuity equation *)            0      0.000000      0.000000      0.000000      0.000000  0.000    31     0    95
(Ocean set BBL viscosity)               75      1.530177      2.040161      1.726006      0.121766  0.026    31     0    95
(Ocean message passing *)              150      0.349952      0.894316      0.540906      0.113040  0.008    31     0    95
(Ocean MOM_initialize_state)             2      0.013862      0.015636      0.015109      0.000509  0.000    31     0    95
(Ocean init message passing *)           2      0.001977      0.005688      0.004073      0.000888  0.000    41     0    95
(Ocean mixed layer restrat)              0      0.000000      0.000000      0.000000      0.000000  0.000    31     0    95
(Ocean collective diagnostics)         375      0.000905      0.002654      0.001265      0.000331  0.000    31     0    95
(Ocean Z-space diagnostics)              0      0.000000      0.000000      0.000000      0.000000  0.000    31     0    95
(Ocean ALE)                              0      0.000000      0.000000      0.000000      0.000000  0.000    31     0    95
(Stochastic EOS)                       150      0.000041      0.000100      0.000056      0.000008  0.000    31     0    95
(SGS Temperature Variance)             150      0.000006      0.000028      0.000010      0.000005  0.000    31     0    95
(Ocean MOM save_restart)                 0      0.000000      0.000000      0.000000      0.000000  0.000    31     0    95
(Ocean diagnostics framework)            0      0.000000      0.000000      0.000000      0.000000  0.000    31     0    95
(Ocean diagnostics remapping)            0      0.000000      0.000000      0.000000      0.000000  0.000    41     0    95
(Ocean diagnostics grid updates)       526      0.000225      0.000375      0.000283      0.000030  0.000    41     0    95
(Ocean init message passing)             4      0.005116      0.018774      0.012435      0.002383  0.000    41     0    95
(Ocean continuity reconstruction       902      2.136233      2.989651      2.658525      0.151790  0.039    41     0    95
(Ocean continuity update)              902      0.365477      1.147885      0.832795      0.161026  0.012    41     0    95
(Ocean continuity correction)          902     12.921049     17.811737     15.405627      1.122760  0.228    41     0    95
(Ocean BT pre-calcs only)             1200      5.143827      6.994135      6.288703      0.453518  0.093    41     0    95
(Ocean BT pre-step halo updates)      1200      0.649583      7.164327      2.195511      1.134204  0.033    41     0    95
(Ocean BT stepping calcs only)         600      0.090882      0.177511      0.134404      0.019340  0.002    41     0    95
(Ocean BT stepping halo updates)       300      0.027325      0.162236      0.056110      0.025896  0.001    41     0    95
(Ocean BT post-calcs only)             900      0.912290      1.308715      1.162673      0.085750  0.017    41     0    95
(Ocean BT post-step halo updates       600      0.066796      0.242693      0.115228      0.031925  0.002    41     0    95
(Ocean BT global synch)                  0      0.000000      0.000000      0.000000      0.000000  0.000    41     0    95
(Ocean Coriolis & mom advection)       300      2.159112      2.573451      2.388241      0.089100  0.035    31     0    95
(Ocean continuity equation)            450     16.097420     21.228954     19.192863      1.257271  0.284    31     0    95
(Ocean pressure force)                 150      4.440275      4.949891      4.758349      0.101409  0.070    31     0    95
(Ocean vertical viscosity)             450     13.054297     15.357564     14.433129      0.662276  0.214    31     0    95
(Ocean horizontal viscosity)           150      0.997294      1.154408      1.088977      0.032085  0.016    31     0    95
(Ocean momentum increments)            300      1.990401      2.119935      2.041649      0.031081  0.030    31     0    95
(Ocean message passing)               1350      3.110774      7.331034      5.028172      0.981946  0.074    31     0    95
(Ocean barotropic mode calc)           300      0.095435      0.204684      0.179889      0.020321  0.003    31     0    95
(Ocean barotropic mode stepping)       300      8.114537     14.620479      9.959893      1.313662  0.147    31     0    95
(Ocean barotropic forcing calc)        300      1.825702      2.198178      2.024732      0.094443  0.030    31     0    95
(Ocean advect tracer)                    0      0.000000      0.000000      0.000000      0.000000  0.000    31     0    95
(Ocean tracer halo updates)              0      0.000000      0.000000      0.000000      0.000000  0.000    41     0    95
(Ocean tracer global synch)              0      0.000000      0.000000      0.000000      0.000000  0.000    41     0    95
(Ocean diffuse tracer)                   0      0.000000      0.000000      0.000000      0.000000  0.000    31     0    95
(Ocean epipycnal diffuse tracer)         0      0.000000      0.000000      0.000000      0.000000  0.000    31     0    95
(Ocean surface forcing)                 76      0.000886      0.001630      0.001072      0.000099  0.000    31     0    95
(Ocean forcing diagnostics)            150      0.000282      0.001133      0.000442      0.000147  0.000    41     0    95
 MPP_STACK high water mark=           0
