NOTE from PE     0: MPP_DOMAINS_SET_STACK_SIZE: stack size set to    32768.
NOTE from PE     0: MPP_DOMAINS_SET_STACK_SIZE: stack size set to 30000000.
NOTE from PE     0: ======== Model being driven by MOM_driver ========
NOTE from PE     0: callTree: o Program MOM_main, MOM_driver.F90
NOTE from PE     0: open_param_file: MOM_input has been opened successfully.
NOTE from PE     0: open_param_file: MOM_override has been opened successfully.

WARNING from PE     0: MOM_file_parser : DT over-ridden.  Line: 'DT = 300' in file MOM_override.


WARNING from PE     0: MOM_file_parser : DT_THERM over-ridden.  Line: 'DT_THERM = 600' in file MOM_override.


WARNING from PE     0: MOM_file_parser : NIGLOBAL over-ridden.  Line: 'NIGLOBAL = 128' in file MOM_override.


WARNING from PE     0: MOM_file_parser : NJGLOBAL over-ridden.  Line: 'NJGLOBAL = 64' in file MOM_override.

 MOM_in domain decomposition
whalo =    4, ehalo =    4, shalo =    4, nhalo =    4
  X-AXIS =   11  11  11  11  10  10  10  10  11  11  11  11
  Y-AXIS =    8   8   8   8   8   8   8   8
 MOM_inc domain decomposition
whalo =    2, ehalo =    2, shalo =    2, nhalo =    2
  X-AXIS =    6   6   5   5   5   5   5   5   5   5   6   6
  Y-AXIS =    4   4   4   4   4   4   4   4
NOTE from PE     0: diag_manager_mod::diag_manager_init: prepend_date only supported when diag_manager_init is called with time_init present.
NOTE from PE     0: diag_manager_mod::diag_manager_init: You are using the legacy version of the diag table
 MOM_in domain decomposition
whalo =    4, ehalo =    4, shalo =    4, nhalo =    4
  X-AXIS =   11  11  11  11  10  10  10  10  11  11  11  11
  Y-AXIS =    8   8   8   8   8   8   8   8
 MOM_in domain decomposition
whalo =    2, ehalo =    2, shalo =    2, nhalo =    2
  X-AXIS =    6   6   5   5   5   5   5   5   5   5   6   6
  Y-AXIS =    4   4   4   4   4   4   4   4

WARNING from PE     0: MOM_file_parser : NK over-ridden.  Line: 'NK = 100' in file MOM_override.

 MOM_in domain decomposition
whalo =    4, ehalo =    4, shalo =    4, nhalo =    4
  X-AXIS =   11  11  11  11  10  10  10  10  11  11  11  11
  Y-AXIS =    8   8   8   8   8   8   8   8
 MOM_in domain decomposition
whalo =    2, ehalo =    2, shalo =    2, nhalo =    2
  X-AXIS =    6   6   5   5   5   5   5   5   5   5   6   6
  Y-AXIS =    4   4   4   4   4   4   4   4

WARNING from PE     0: Open_file is appending .nc to the filename ./ocean_geometry


WARNING from PE     0: MOM_file_parser : COORD_CONFIG over-ridden.  Line: 'COORD_CONFIG = "linear"' in file MOM_override.

 MOM_in domain decomposition
whalo =    4, ehalo =    4, shalo =    4, nhalo =    4
  X-AXIS =   11  11  11  11  10  10  10  10  11  11  11  11
  Y-AXIS =    8   8   8   8   8   8   8   8
 MOM_in domain decomposition
whalo =    2, ehalo =    2, shalo =    2, nhalo =    2
  X-AXIS =    6   6   5   5   5   5   5   5   5   5   6   6
  Y-AXIS =    4   4   4   4   4   4   4   4
 MOM_in domain decomposition
whalo =    4, ehalo =    4, shalo =    4, nhalo =    4
  X-AXIS =   11  11  11  11  10  10  10  10  11  11  11  11
  Y-AXIS =    8   8   8   8   8   8   8   8
 MOM_in domain decomposition
whalo =    2, ehalo =    2, shalo =    2, nhalo =    2
  X-AXIS =    6   6   5   5   5   5   5   5   5   5   6   6
  Y-AXIS =    4   4   4   4   4   4   4   4

WARNING from PE     0: ./Depth_list.nc checksums do not match; updating file.


WARNING from PE     0: MOM_file_parser : DT_FORCING over-ridden.  Line: 'DT_FORCING = 600' in file MOM_override.


WARNING from PE     0: MOM_file_parser : DAYMAX over-ridden.  Line: 'DAYMAX = 150' in file MOM_override.


WARNING from PE     0: MOM_file_parser : RESTART_CONTROL over-ridden.  Line: 'RESTART_CONTROL = -1' in file MOM_override.


WARNING from PE     0: MOM_file_parser : RESTINT over-ridden.  Line: 'RESTINT = 0.0' in file MOM_override.


WARNING from PE     0: Unused line in MOM_input : GINT = 0.0098


WARNING from PE     0: open_ASCII_file: File ./CPU_stats opened WRITEONLY already exists!


WARNING from PE     0: open_ASCII_file: File ./ocean.stats opened WRITEONLY already exists!

MOM Time       0.000      0: En 9.160881E-12, MaxCFL  0.00000, Mass 5.286809263738E+18
    Total Energy: 41871816ABDD6DD4  4.8431829483119637E+07
    Total Mass:   5.2868092637381335E+18, Change:   0.0000000000000000E+00 Error:  0.00000E+00 ( 0.0E+00)
MOM Time      50.000     50: En 4.018446E-05, MaxCFL  0.00184, Mass 5.286809263738E+18
    Total Energy: 42E82709D40BD907  2.1244758146221622E+14
    Total Mass:   5.2868092637381345E+18, Change:   2.5998117076487681E+01 Error:  2.59981E+01 ( 4.9E-18)
MOM Time     100.000    100: En 8.025215E-05, MaxCFL  0.00128, Mass 5.286809263738E+18
    Total Energy: 42F81E0E08034442  4.2427781586643612E+14
    Total Mass:   5.2868092637381345E+18, Change:   9.8676960218285430E+00 Error:  9.86770E+00 ( 1.9E-18)
MOM Time     150.000    150: En 6.205042E-05, MaxCFL  0.00121, Mass 5.286809263738E+18
    Total Energy: 42F2A5BCDC9A18C0  3.2804875964455600E+14
    Total Mass:   5.2868092637381345E+18, Change:   2.4759953211597008E-01 Error:  2.47600E-01 ( 4.7E-20)

WARNING from PE     0: open_ASCII_file: File exitcode opened WRITEONLY already exists!

 MPP_DOMAINS_STACK high water mark=       95200

Tabulating mpp_clock statistics across     96 PEs...

                                      hits          tmin          tmax          tavg          tstd  tfrac grain pemin pemax
Total runtime                            1      2.599223      2.599224      2.599224      0.000001  1.000     0     0    95
Initialization                           1      0.093223      0.093859      0.093568      0.000104  0.036     0     0    95
Main loop                                1      2.502560      2.502678      2.502605      0.000032  0.963     0     0    95
Termination                              1      0.000314      0.000436      0.000430      0.000012  0.000     0     0    95
Ocean                                   77      2.578443      2.584914      2.581844      0.001559  0.993     1     0    95
Ocean Initialization                     2      0.082112      0.087986      0.084774      0.001555  0.033    11     0    95
Ocean dynamics                         300      2.417976      2.450686      2.433660      0.008608  0.936    11     0    95
Ocean thermodynamics and tracers       225      0.004488      0.008108      0.006055      0.000784  0.002    11     0    95
Ocean grid generation and remapp         0      0.000000      0.000000      0.000000      0.000000  0.000    11     0    95
Ocean Other                            450      0.012002      0.039483      0.022738      0.006798  0.009    11     0    95
Ocean MOM_end                            1      0.000354      0.000760      0.000577      0.000101  0.000    11     0    95
(Ocean tracer advection)               150      0.003388      0.006333      0.004700      0.000663  0.002    21     0    95
(Ocean adiabatic driver)                75      0.000990      0.001712      0.001290      0.000163  0.000    21     0    95
(Ocean continuity equation *)            0      0.000000      0.000000      0.000000      0.000000  0.000    31     0    95
(Ocean set BBL viscosity)               75      0.022322      0.052863      0.034816      0.008182  0.013    31     0    95
(Ocean message passing *)              150      0.031219      0.067519      0.049133      0.009218  0.019    31     0    95
(Ocean MOM_initialize_state)             2      0.002404      0.004164      0.002832      0.000274  0.001    31     0    95
(Ocean init message passing *)           2      0.000417      0.001204      0.000627      0.000140  0.000    41     0    95
(Ocean mixed layer restrat)              0      0.000000      0.000000      0.000000      0.000000  0.000    31     0    95
(Ocean collective diagnostics)         375      0.000695      0.002112      0.001125      0.000348  0.000    31     0    95
(Ocean Z-space diagnostics)              0      0.000000      0.000000      0.000000      0.000000  0.000    31     0    95
(Ocean ALE)                              0      0.000000      0.000000      0.000000      0.000000  0.000    31     0    95
(Stochastic EOS)                       150      0.000031      0.000104      0.000051      0.000014  0.000    31     0    95
(SGS Temperature Variance)             150      0.000006      0.000033      0.000009      0.000005  0.000    31     0    95
(Ocean MOM save_restart)                 0      0.000000      0.000000      0.000000      0.000000  0.000    31     0    95
(Ocean diagnostics framework)            0      0.000000      0.000000      0.000000      0.000000  0.000    31     0    95
(Ocean diagnostics remapping)            0      0.000000      0.000000      0.000000      0.000000  0.000    41     0    95
(Ocean diagnostics grid updates)       526      0.000123      0.000268      0.000185      0.000027  0.000    41     0    95
(Ocean init message passing)             4      0.000977      0.002122      0.001489      0.000228  0.001    41     0    95
(Ocean continuity reconstruction       902      0.089454      0.120268      0.107814      0.006910  0.041    41     0    95
(Ocean continuity update)              902      0.014159      0.033492      0.018768      0.003436  0.007    41     0    95
(Ocean continuity correction)          902      0.557197      0.703570      0.624961      0.027427  0.240    41     0    95
(Ocean BT pre-calcs only)             1200      0.084738      0.131662      0.107600      0.009607  0.041    41     0    95
(Ocean BT pre-step halo updates)      1200      0.035341      0.301951      0.200052      0.050032  0.077    41     0    95
(Ocean BT stepping calcs only)         600      0.004513      0.006919      0.005576      0.000599  0.002    41     0    95
(Ocean BT stepping halo updates)       300      0.004313      0.052810      0.015021      0.013207  0.006    41     0    95
(Ocean BT post-calcs only)             900      0.020018      0.045998      0.034178      0.004995  0.013    41     0    95
(Ocean BT post-step halo updates       600      0.011364      0.063949      0.025208      0.017183  0.010    41     0    95
(Ocean BT global synch)                  0      0.000000      0.000000      0.000000      0.000000  0.000    41     0    95
(Ocean Coriolis & mom advection)       300      0.068495      0.122588      0.079772      0.010914  0.031    31     0    95
(Ocean continuity equation)            450      0.681873      0.861534      0.763758      0.033449  0.294    31     0    95
(Ocean pressure force)                 150      0.112913      0.153818      0.127055      0.007159  0.049    31     0    95
(Ocean vertical viscosity)             450      0.310620      0.391627      0.352829      0.022934  0.136    31     0    95
(Ocean horizontal viscosity)           150      0.052940      0.082286      0.060604      0.005608  0.023    31     0    95
(Ocean momentum increments)            300      0.019466      0.042841      0.025686      0.004417  0.010    31     0    95
(Ocean message passing)               1350      0.329688      0.527218      0.421647      0.054694  0.162    31     0    95
(Ocean barotropic mode calc)           300      0.001766      0.002330      0.001993      0.000127  0.001    31     0    95
(Ocean barotropic mode stepping)       300      0.212680      0.489356      0.388239      0.059912  0.149    31     0    95
(Ocean barotropic forcing calc)        300      0.053163      0.089104      0.074460      0.007979  0.029    31     0    95
(Ocean advect tracer)                    0      0.000000      0.000000      0.000000      0.000000  0.000    31     0    95
(Ocean tracer halo updates)              0      0.000000      0.000000      0.000000      0.000000  0.000    41     0    95
(Ocean tracer global synch)              0      0.000000      0.000000      0.000000      0.000000  0.000    41     0    95
(Ocean diffuse tracer)                   0      0.000000      0.000000      0.000000      0.000000  0.000    31     0    95
(Ocean epipycnal diffuse tracer)         0      0.000000      0.000000      0.000000      0.000000  0.000    31     0    95
(Ocean surface forcing)                 76      0.000960      0.001560      0.001108      0.000076  0.000    31     0    95
(Ocean forcing diagnostics)            150      0.000268      0.001083      0.000461      0.000165  0.000    41     0    95
 MPP_STACK high water mark=           0
