NOTE from PE     0: MPP_DOMAINS_SET_STACK_SIZE: stack size set to    32768.
NOTE from PE     0: MPP_DOMAINS_SET_STACK_SIZE: stack size set to  3000000.
NOTE from PE     0: ======== Model being driven by MOM_driver ========
NOTE from PE     0: callTree: o Program MOM_main, MOM_driver.F90
 MOM_domains_mod OMPthreading             1            0            1
NOTE from PE     0: fms_affinity_set: OCEAN affinity assumes hyper-threading hardware disabled
 MOM_domains_mod OMPthreading             0            0            1
NOTE from PE     0: open_param_file: MOM_input has been opened successfully.
 MOM_domains_mod OMPthreading             0            0            1
 MOM_domains_mod OMPthreading             1            0            1
 MOM_domains_mod OMPthreading             1            0            1
 MOM_domains_mod OMPthreading             0            0            1
 MOM_domains_mod OMPthreading             0            0            1
 MOM_domains_mod OMPthreading             1            0            1
 MOM_domains_mod OMPthreading             1            0            1
 MOM_domains_mod OMPthreading             0            0            1
NOTE from PE     0: open_param_file: MOM_override has been opened successfully.
 MOM_domains_mod OMPthreading             1            0            1
 MOM_domains_mod OMPthreading             0            0            1
 MOM_domains_mod OMPthreading             0            0            1
 MOM_domains_mod OMPthreading             1            0            1
 MOM_domains_mod OMPthreading             0            0            1
 MOM_domains_mod OMPthreading             1            0            1
 MOM_domains_mod OMPthreading             1            0            1

WARNING from PE     0: MOM_file_parser : DT over-ridden.  Line: 'DT = 1200' in file MOM_override.


WARNING from PE     0: MOM_file_parser : DT_THERM over-ridden.  Line: 'DT_THERM = 2400' in file MOM_override.

NOTE from PE     0: fms_affinity_set: OCEAN affinity assumes hyper-threading hardware disabled
 MOM_domains_mod OMPthreading             0            0            1

WARNING from PE     0: MOM_file_parser : NIGLOBAL over-ridden.  Line: 'NIGLOBAL = 32' in file MOM_override.


WARNING from PE     0: MOM_file_parser : NJGLOBAL over-ridden.  Line: 'NJGLOBAL = 32' in file MOM_override.

 MOM_in domain decomposition
whalo =    4, ehalo =    4, shalo =    4, nhalo =    4
  X-AXIS =    7   6   6   6   7
  Y-AXIS =   16  16
 MOM_inc domain decomposition
whalo =    2, ehalo =    2, shalo =    2, nhalo =    2
  X-AXIS =    4   3   2   3   4
  Y-AXIS =    8   8
NOTE from PE     0: diag_manager_mod::diag_manager_init: prepend_date only supported when diag_manager_init is called with time_init present.
NOTE from PE     0: diag_manager_mod::diag_manager_init: You are using the legacy version of the diag table
 MOM_in domain decomposition
whalo =    4, ehalo =    4, shalo =    4, nhalo =    4
  X-AXIS =    7   6   6   6   7
  Y-AXIS =   16  16
 MOM_in domain decomposition
whalo =    2, ehalo =    2, shalo =    2, nhalo =    2
  X-AXIS =    4   3   2   3   4
  Y-AXIS =    8   8
 MOM_domains_mod OMPthreading             0            0            1
 MOM_domains_mod OMPthreading             1            0            1

WARNING from PE     0: MOM_file_parser : NK over-ridden.  Line: 'NK = 100' in file MOM_override.

 MOM_in domain decomposition
whalo =    4, ehalo =    4, shalo =    4, nhalo =    4
  X-AXIS =    7   6   6   6   7
  Y-AXIS =   16  16
 MOM_in domain decomposition
whalo =    2, ehalo =    2, shalo =    2, nhalo =    2
  X-AXIS =    4   3   2   3   4
  Y-AXIS =    8   8

WARNING from PE     0: Open_file is appending .nc to the filename ./ocean_geometry


WARNING from PE     0: MOM_file_parser : COORD_CONFIG over-ridden.  Line: 'COORD_CONFIG = "linear"' in file MOM_override.

 MOM_in domain decomposition
whalo =    4, ehalo =    4, shalo =    4, nhalo =    4
  X-AXIS =    7   6   6   6   7
  Y-AXIS =   16  16
 MOM_in domain decomposition
whalo =    2, ehalo =    2, shalo =    2, nhalo =    2
  X-AXIS =    4   3   2   3   4
  Y-AXIS =    8   8
 MOM_in domain decomposition
whalo =    4, ehalo =    4, shalo =    4, nhalo =    4
  X-AXIS =    7   6   6   6   7
  Y-AXIS =   16  16
 MOM_in domain decomposition
whalo =    2, ehalo =    2, shalo =    2, nhalo =    2
  X-AXIS =    4   3   2   3   4
  Y-AXIS =    8   8

WARNING from PE     0: ./Depth_list.nc checksums do not match; updating file.


WARNING from PE     0: MOM_file_parser : DT_FORCING over-ridden.  Line: 'DT_FORCING = 2400' in file MOM_override.


WARNING from PE     0: MOM_file_parser : DAYMAX over-ridden.  Line: 'DAYMAX = 150' in file MOM_override.


WARNING from PE     0: Unused line in MOM_input : GINT = 0.0098


WARNING from PE     0: open_ASCII_file: File ./CPU_stats opened WRITEONLY already exists!


WARNING from PE     0: open_ASCII_file: File ./ocean.stats opened WRITEONLY already exists!

MOM Time       0.000      0: En 9.113220E-12, MaxCFL  0.00000, Mass 5.289326887310E+18
    Total Energy: 4186FC216CCDC25B  4.8202797600468360E+07
    Total Mass:   5.2893268873103186E+18, Change:   0.0000000000000000E+00 Error:  0.00000E+00 ( 0.0E+00)
MOM Time      50.000     50: En 2.411415E-05, MaxCFL  0.00148, Mass 5.289326887310E+18
    Total Energy: 42DD003FDC23154B  1.2754763438805317E+14
    Total Mass:   5.2893268873103186E+18, Change:  -4.2356698535497571E+01 Error: -4.23567E+01 (-8.0E-18)
MOM Time     100.000    100: En 4.391675E-05, MaxCFL  0.00199, Mass 5.289326887310E+18
    Total Energy: 42EA6887DCF0C4E6  2.3229006659741519E+14
    Total Mass:   5.2893268873103186E+18, Change:   7.8416584052112057E+00 Error:  7.84166E+00 ( 1.5E-18)
 MOM_in domain decomposition
whalo =    4, ehalo =    4, shalo =    4, nhalo =    4
  X-AXIS =    7   6   6   6   7
  Y-AXIS =   16  16
 MOM_in domain decomposition
whalo =    2, ehalo =    2, shalo =    2, nhalo =    2
  X-AXIS =    4   3   2   3   4
  Y-AXIS =    8   8
 MOM_in domain decomposition
whalo =    4, ehalo =    4, shalo =    4, nhalo =    4
  X-AXIS =    7   6   6   6   7
  Y-AXIS =   16  16
 MOM_in domain decomposition
whalo =    2, ehalo =    2, shalo =    2, nhalo =    2
  X-AXIS =    4   3   2   3   4
  Y-AXIS =    8   8
MOM Time     150.000    150: En 5.356812E-05, MaxCFL  0.00233, Mass 5.289326887310E+18
    Total Energy: 42F01B210F98DB53  2.8333927730731719E+14
    Total Mass:   5.2893268873103186E+18, Change:   6.0941296403016167E+00 Error:  6.09413E+00 ( 1.2E-18)
 MOM_in domain decomposition
whalo =    4, ehalo =    4, shalo =    4, nhalo =    4
  X-AXIS =    7   6   6   6   7
  Y-AXIS =   16  16
 MOM_in domain decomposition
whalo =    2, ehalo =    2, shalo =    2, nhalo =    2
  X-AXIS =    4   3   2   3   4
  Y-AXIS =    8   8

WARNING from PE     0: open_ASCII_file: File RESTART/ocean_solo.res opened WRITEONLY already exists!


WARNING from PE     0: open_ASCII_file: File exitcode opened WRITEONLY already exists!

 MPP_DOMAINS_STACK high water mark=        86400

Tabulating mpp_clock statistics across     10 PEs...

                                      hits          tmin          tmax          tavg          tstd  tfrac grain pemin pemax
Total runtime                            1      5.723914      5.733249      5.726415      0.003627  0.999     0     0     9
Initialization                           1      0.617946      0.679909      0.662847      0.022658  0.116     0     0     9
Main loop                                1      5.016487      5.016922      5.016803      0.000164  0.875     0     0     9
Termination                              1      0.032378      0.032563      0.032543      0.000055  0.006     0     0     9
Ocean                                   80      5.535797      5.690149      5.649667      0.057102  0.985     1     0     9
Ocean Initialization                     2      0.544535      0.700276      0.660024      0.057920  0.115    11     0     9
Ocean dynamics                         300      4.595241      4.609452      4.601786      0.004767  0.803    11     0     9
Ocean thermodynamics and tracers       225      0.002801      0.004992      0.003262      0.000823  0.001    11     0     9
Ocean grid generation and remapp         0      0.000000      0.000000      0.000000      0.000000  0.000    11     0     9
Ocean Other                            450      0.129997      0.141773      0.136724      0.004046  0.024    11     0     9
Ocean MOM_end                            1      0.000341      0.001981      0.000771      0.000608  0.000    11     0     9
(Ocean tracer advection)               150      0.001980      0.004128      0.002443      0.000799  0.000    21     0     9
(Ocean adiabatic driver)                75      0.000737      0.000835      0.000781      0.000030  0.000    21     0     9
(Ocean continuity equation *)            0      0.000000      0.000000      0.000000      0.000000  0.000    31     0     9
(Ocean set BBL viscosity)               75      0.021321      0.032383      0.027157      0.003073  0.005    31     0     9
(Ocean message passing *)              150      0.081515      0.096047      0.088828      0.004993  0.015    31     0     9
(Ocean MOM_initialize_state)             2      0.014576      0.035953      0.027403      0.006660  0.005    31     0     9
(Ocean init message passing *)           2      0.004276      0.009699      0.007526      0.002469  0.001    41     0     9
(Ocean mixed layer restrat)              0      0.000000      0.000000      0.000000      0.000000  0.000    31     0     9
(Ocean collective diagnostics)         375      0.003393      0.006902      0.004468      0.001067  0.001    31     0     9
(Ocean Z-space diagnostics)              0      0.000000      0.000000      0.000000      0.000000  0.000    31     0     9
(Ocean ALE)                              0      0.000000      0.000000      0.000000      0.000000  0.000    31     0     9
(Stochastic EOS)                       150      0.000011      0.000018      0.000013      0.000002  0.000    31     0     9
(SGS Temperature Variance)             150      0.000006      0.000006      0.000006      0.000000  0.000    31     0     9
(Ocean MOM save_restart)                 3      0.218663      0.219217      0.218728      0.000163  0.038    31     0     9
(Ocean diagnostics framework)            0      0.000000      0.000000      0.000000      0.000000  0.000    31     0     9
(Ocean diagnostics remapping)            0      0.000000      0.000000      0.000000      0.000000  0.000    41     0     9
(Ocean diagnostics grid updates)       526      0.013265      0.015499      0.013953      0.000719  0.002    41     0     9
(Ocean init message passing)             4      0.001021      0.014875      0.009949      0.004956  0.002    41     0     9
(Ocean continuity reconstruction       902      0.032917      0.035707      0.034189      0.000922  0.006    41     0     9
(Ocean continuity update)              902      0.009689      0.010401      0.010069      0.000271  0.002    41     0     9
(Ocean continuity correction)          902      1.526942      1.633963      1.586715      0.029163  0.277    41     0     9
(Ocean BT pre-calcs only)             1200      0.181657      0.192822      0.186734      0.003972  0.033    41     0     9
(Ocean BT pre-step halo updates)      1200      0.807203      0.874196      0.844073      0.016024  0.147    41     0     9
(Ocean BT stepping calcs only)         600      0.190094      0.202649      0.195623      0.004760  0.034    41     0     9
(Ocean BT stepping halo updates)       300      0.083163      0.104342      0.091680      0.007796  0.016    41     0     9
(Ocean BT post-calcs only)             900      0.016711      0.017832      0.017281      0.000449  0.003    41     0     9
(Ocean BT post-step halo updates       600      0.138542      0.151562      0.145851      0.004629  0.025    41     0     9
(Ocean BT global synch)                  0      0.000000      0.000000      0.000000      0.000000  0.000    41     0     9
(Ocean Coriolis & mom advection)       300      0.063984      0.068546      0.065836      0.001603  0.011    31     0     9
(Ocean continuity equation)            450      1.569421      1.678033      1.630019      0.029202  0.284    31     0     9
(Ocean pressure force)                 150      0.467210      0.499171      0.481477      0.012622  0.084    31     0     9
(Ocean vertical viscosity)             450      0.414170      0.427393      0.419283      0.003942  0.073    31     0     9
(Ocean horizontal viscosity)           150      0.047140      0.050400      0.048557      0.001110  0.008    31     0     9
(Ocean momentum increments)            300      0.006744      0.007236      0.006997      0.000184  0.001    31     0     9
(Ocean message passing)               1350      0.294209      0.426657      0.360995      0.033607  0.063    31     0     9
(Ocean barotropic mode calc)           300      0.007070      0.007403      0.007217      0.000096  0.001    31     0     9
(Ocean barotropic mode stepping)       300      1.469278      1.514197      1.493139      0.010871  0.260    31     0     9
(Ocean barotropic forcing calc)        300      0.005715      0.006115      0.005928      0.000167  0.001    31     0     9
(Ocean advect tracer)                    0      0.000000      0.000000      0.000000      0.000000  0.000    31     0     9
(Ocean tracer halo updates)              0      0.000000      0.000000      0.000000      0.000000  0.000    41     0     9
(Ocean tracer global synch)              0      0.000000      0.000000      0.000000      0.000000  0.000    41     0     9
(Ocean diffuse tracer)                   0      0.000000      0.000000      0.000000      0.000000  0.000    31     0     9
(Ocean epipycnal diffuse tracer)         0      0.000000      0.000000      0.000000      0.000000  0.000    31     0     9
(Ocean surface forcing)                 76      0.001606      0.008691      0.003098      0.002801  0.001    31     0     9
(Ocean forcing diagnostics)            150      0.000114      0.001438      0.000426      0.000497  0.000    41     0     9
 MPP_STACK high water mark=            0
