NOTE from PE     0: MPP_DOMAINS_SET_STACK_SIZE: stack size set to    32768.
NOTE from PE     0: MPP_DOMAINS_SET_STACK_SIZE: stack size set to  3000000.
NOTE from PE     0: ======== Model being driven by MOM_driver ========
NOTE from PE     0: callTree: o Program MOM_main, MOM_driver.F90
 MOM_domains_mod OMPthreading             1            0            1
NOTE from PE     0: fms_affinity_set: OCEAN affinity assumes hyper-threading hardware disabled
 MOM_domains_mod OMPthreading             0            0            1
NOTE from PE     0: open_param_file: MOM_input has been opened successfully.
 MOM_domains_mod OMPthreading             0            0            1
 MOM_domains_mod OMPthreading             1            0            1
 MOM_domains_mod OMPthreading             0            0            1
 MOM_domains_mod OMPthreading             1            0            1
 MOM_domains_mod OMPthreading             0            0            1
 MOM_domains_mod OMPthreading             1            0            1
 MOM_domains_mod OMPthreading             0            0            1
 MOM_domains_mod OMPthreading             1            0            1
NOTE from PE     0: open_param_file: MOM_override has been opened successfully.
 MOM_domains_mod OMPthreading             1            0            1
 MOM_domains_mod OMPthreading             1            0            1
 MOM_domains_mod OMPthreading             1            0            1
 MOM_domains_mod OMPthreading             1            0            1
 MOM_domains_mod OMPthreading             0            0            1
 MOM_domains_mod OMPthreading             1            0            1
 MOM_domains_mod OMPthreading             0            0            1
 MOM_domains_mod OMPthreading             0            0            1
 MOM_domains_mod OMPthreading             0            0            1

WARNING from PE     0: MOM_file_parser : DT over-ridden.  Line: 'DT = 600' in file MOM_override.


WARNING from PE     0: MOM_file_parser : DT_THERM over-ridden.  Line: 'DT_THERM = 1200' in file MOM_override.

NOTE from PE     0: fms_affinity_set: OCEAN affinity assumes hyper-threading hardware disabled
 MOM_domains_mod OMPthreading             0            0            1

WARNING from PE     0: MOM_file_parser : NIGLOBAL over-ridden.  Line: 'NIGLOBAL = 64' in file MOM_override.


WARNING from PE     0: MOM_file_parser : NJGLOBAL over-ridden.  Line: 'NJGLOBAL = 64' in file MOM_override.

 MOM_in domain decomposition
whalo =    4, ehalo =    4, shalo =    4, nhalo =    4
  X-AXIS =   13  13  12  13  13
  Y-AXIS =   32  32
 MOM_inc domain decomposition
whalo =    2, ehalo =    2, shalo =    2, nhalo =    2
  X-AXIS =    7   6   6   6   7
  Y-AXIS =   16  16
NOTE from PE     0: diag_manager_mod::diag_manager_init: prepend_date only supported when diag_manager_init is called with time_init present.
NOTE from PE     0: diag_manager_mod::diag_manager_init: You are using the legacy version of the diag table
 MOM_in domain decomposition
whalo =    4, ehalo =    4, shalo =    4, nhalo =    4
  X-AXIS =   13  13  12  13  13
  Y-AXIS =   32  32
 MOM_in domain decomposition
whalo =    2, ehalo =    2, shalo =    2, nhalo =    2
  X-AXIS =    7   6   6   6   7
  Y-AXIS =   16  16

WARNING from PE     0: MOM_file_parser : NK over-ridden.  Line: 'NK = 100' in file MOM_override.

 MOM_in domain decomposition
whalo =    4, ehalo =    4, shalo =    4, nhalo =    4
  X-AXIS =   13  13  12  13  13
  Y-AXIS =   32  32
 MOM_in domain decomposition
whalo =    2, ehalo =    2, shalo =    2, nhalo =    2
  X-AXIS =    7   6   6   6   7
  Y-AXIS =   16  16

WARNING from PE     0: Open_file is appending .nc to the filename ./ocean_geometry


WARNING from PE     0: MOM_file_parser : COORD_CONFIG over-ridden.  Line: 'COORD_CONFIG = "linear"' in file MOM_override.

 MOM_in domain decomposition
whalo =    4, ehalo =    4, shalo =    4, nhalo =    4
  X-AXIS =   13  13  12  13  13
  Y-AXIS =   32  32
 MOM_in domain decomposition
whalo =    2, ehalo =    2, shalo =    2, nhalo =    2
  X-AXIS =    7   6   6   6   7
  Y-AXIS =   16  16
 MOM_in domain decomposition
whalo =    4, ehalo =    4, shalo =    4, nhalo =    4
  X-AXIS =   13  13  12  13  13
  Y-AXIS =   32  32
 MOM_in domain decomposition
whalo =    2, ehalo =    2, shalo =    2, nhalo =    2
  X-AXIS =    7   6   6   6   7
  Y-AXIS =   16  16

WARNING from PE     0: ./Depth_list.nc checksums do not match; updating file.


WARNING from PE     0: MOM_file_parser : DT_FORCING over-ridden.  Line: 'DT_FORCING = 1200' in file MOM_override.


WARNING from PE     0: MOM_file_parser : DAYMAX over-ridden.  Line: 'DAYMAX = 150' in file MOM_override.


WARNING from PE     0: Unused line in MOM_input : GINT = 0.0098


WARNING from PE     0: open_ASCII_file: File ./CPU_stats opened WRITEONLY already exists!


WARNING from PE     0: open_ASCII_file: File ./ocean.stats opened WRITEONLY already exists!

MOM Time       0.000      0: En 9.154261E-12, MaxCFL  0.00000, Mass 5.287164009544E+18
    Total Energy: 418714367417D6D3  4.8400078511640213E+07
    Total Mass:   5.2871640095440794E+18, Change:   0.0000000000000000E+00 Error:  0.00000E+00 ( 0.0E+00)
MOM Time      50.000     50: En 7.963171E-05, MaxCFL  0.00255, Mass 5.287164009544E+18
    Total Energy: 42F7EEBBD283F64A  4.2102593265648463E+14
    Total Mass:   5.2871640095440794E+18, Change:   3.4495196298033534E+01 Error:  3.44952E+01 ( 6.5E-18)
MOM Time     100.000    100: En 2.338658E-05, MaxCFL  0.00134, Mass 5.287164009544E+18
    Total Energy: 42DC1D4CE3252624  1.2364867833564056E+14
    Total Mass:   5.2871640095440794E+18, Change:  -2.6650572587475096E+00 Error: -2.66506E+00 (-5.0E-19)
 MOM_in domain decomposition
whalo =    4, ehalo =    4, shalo =    4, nhalo =    4
  X-AXIS =   13  13  12  13  13
  Y-AXIS =   32  32
 MOM_in domain decomposition
whalo =    2, ehalo =    2, shalo =    2, nhalo =    2
  X-AXIS =    7   6   6   6   7
  Y-AXIS =   16  16
 MOM_in domain decomposition
whalo =    4, ehalo =    4, shalo =    4, nhalo =    4
  X-AXIS =   13  13  12  13  13
  Y-AXIS =   32  32
 MOM_in domain decomposition
whalo =    2, ehalo =    2, shalo =    2, nhalo =    2
  X-AXIS =    7   6   6   6   7
  Y-AXIS =   16  16
MOM Time     150.000    150: En 5.699787E-05, MaxCFL  0.00205, Mass 5.287164009544E+18
    Total Energy: 42F12152AB7C958D  3.0135709701154481E+14
    Total Mass:   5.2871640095440794E+18, Change:  -8.0114739019887082E+00 Error: -8.01147E+00 (-1.5E-18)
 MOM_in domain decomposition
whalo =    4, ehalo =    4, shalo =    4, nhalo =    4
  X-AXIS =   13  13  12  13  13
  Y-AXIS =   32  32
 MOM_in domain decomposition
whalo =    2, ehalo =    2, shalo =    2, nhalo =    2
  X-AXIS =    7   6   6   6   7
  Y-AXIS =   16  16

WARNING from PE     0: open_ASCII_file: File RESTART/ocean_solo.res opened WRITEONLY already exists!


WARNING from PE     0: open_ASCII_file: File exitcode opened WRITEONLY already exists!

 MPP_DOMAINS_STACK high water mark=       164400

Tabulating mpp_clock statistics across     10 PEs...

                                      hits          tmin          tmax          tavg          tstd  tfrac grain pemin pemax
Total runtime                            1      5.571594      5.586200      5.575422      0.005198  0.998     0     0     9
Initialization                           1      0.260115      0.273952      0.263849      0.005007  0.047     0     0     9
Main loop                                1      5.214324      5.214870      5.214807      0.000161  0.934     0     0     9
Termination                              1      0.095205      0.095462      0.095433      0.000076  0.017     0     0     9
Ocean                                   80      5.531864      5.549224      5.535954      0.005800  0.991     1     0     9
Ocean Initialization                     2      0.273436      0.290003      0.277513      0.005582  0.050    11     0     9
Ocean dynamics                         300      4.744757      4.753213      4.747035      0.002814  0.850    11     0     9
Ocean thermodynamics and tracers       225      0.004337      0.005288      0.004862      0.000361  0.001    11     0     9
Ocean grid generation and remapp         0      0.000000      0.000000      0.000000      0.000000  0.000    11     0     9
Ocean Other                            450      0.145887      0.156066      0.150987      0.003596  0.027    11     0     9
Ocean MOM_end                            1      0.000563      0.000648      0.000614      0.000032  0.000    11     0     9
(Ocean tracer advection)               150      0.002320      0.002470      0.002387      0.000045  0.000    21     0     9
(Ocean adiabatic driver)                75      0.001954      0.002803      0.002437      0.000340  0.000    21     0     9
(Ocean continuity equation *)            0      0.000000      0.000000      0.000000      0.000000  0.000    31     0     9
(Ocean set BBL viscosity)               75      0.023616      0.032295      0.029141      0.002542  0.005    31     0     9
(Ocean message passing *)              150      0.085334      0.099502      0.093936      0.004721  0.017    31     0     9
(Ocean MOM_initialize_state)             2      0.007319      0.011534      0.007777      0.001253  0.001    31     0     9
(Ocean init message passing *)           2      0.003936      0.004465      0.004311      0.000171  0.001    41     0     9
(Ocean mixed layer restrat)              0      0.000000      0.000000      0.000000      0.000000  0.000    31     0     9
(Ocean collective diagnostics)         375      0.007508      0.010342      0.008702      0.000897  0.002    31     0     9
(Ocean Z-space diagnostics)              0      0.000000      0.000000      0.000000      0.000000  0.000    31     0     9
(Ocean ALE)                              0      0.000000      0.000000      0.000000      0.000000  0.000    31     0     9
(Stochastic EOS)                       150      0.000012      0.000013      0.000013      0.000000  0.000    31     0     9
(SGS Temperature Variance)             150      0.000006      0.000006      0.000006      0.000000  0.000    31     0     9
(Ocean MOM save_restart)                 3      0.282356      0.283185      0.282560      0.000232  0.051    31     0     9
(Ocean diagnostics framework)            0      0.000000      0.000000      0.000000      0.000000  0.000    31     0     9
(Ocean diagnostics remapping)            0      0.000000      0.000000      0.000000      0.000000  0.000    41     0     9
(Ocean diagnostics grid updates)       526      0.031658      0.034036      0.033105      0.000704  0.006    41     0     9
(Ocean init message passing)             4      0.001723      0.003300      0.002774      0.000453  0.000    41     0     9
(Ocean continuity reconstruction       902      0.035101      0.036882      0.035962      0.000744  0.006    41     0     9
(Ocean continuity update)              902      0.010271      0.010830      0.010524      0.000241  0.002    41     0     9
(Ocean continuity correction)          902      1.488904      1.638719      1.585828      0.041699  0.284    41     0     9
(Ocean BT pre-calcs only)             1200      0.193153      0.202320      0.197647      0.003723  0.035    41     0     9
(Ocean BT pre-step halo updates)      1200      0.828503      0.897626      0.858958      0.018765  0.154    41     0     9
(Ocean BT stepping calcs only)         600      0.193875      0.205488      0.199284      0.004970  0.036    41     0     9
(Ocean BT stepping halo updates)       300      0.083495      0.103326      0.091779      0.007422  0.016    41     0     9
(Ocean BT post-calcs only)             900      0.017337      0.018363      0.017834      0.000449  0.003    41     0     9
(Ocean BT post-step halo updates       600      0.139228      0.158202      0.149202      0.005682  0.027    41     0     9
(Ocean BT global synch)                  0      0.000000      0.000000      0.000000      0.000000  0.000    41     0     9
(Ocean Coriolis & mom advection)       300      0.077268      0.081618      0.079309      0.001510  0.014    31     0     9
(Ocean continuity equation)            450      1.534774      1.686409      1.632738      0.041929  0.292    31     0     9
(Ocean pressure force)                 150      0.475345      0.507318      0.491083      0.013783  0.088    31     0     9
(Ocean vertical viscosity)             450      0.444099      0.466951      0.455480      0.008220  0.082    31     0     9
(Ocean horizontal viscosity)           150      0.065654      0.068652      0.066864      0.000944  0.012    31     0     9
(Ocean momentum increments)            300      0.007301      0.007709      0.007511      0.000163  0.001    31     0     9
(Ocean message passing)               1350      0.318873      0.481880      0.383032      0.043885  0.069    31     0     9
(Ocean barotropic mode calc)           300      0.007397      0.007684      0.007507      0.000097  0.001    31     0     9
(Ocean barotropic mode stepping)       300      1.504028      1.558879      1.527300      0.013580  0.273    31     0     9
(Ocean barotropic forcing calc)        300      0.006350      0.006763      0.006604      0.000172  0.001    31     0     9
(Ocean advect tracer)                    0      0.000000      0.000000      0.000000      0.000000  0.000    31     0     9
(Ocean tracer halo updates)              0      0.000000      0.000000      0.000000      0.000000  0.000    41     0     9
(Ocean tracer global synch)              0      0.000000      0.000000      0.000000      0.000000  0.000    41     0     9
(Ocean diffuse tracer)                   0      0.000000      0.000000      0.000000      0.000000  0.000    31     0     9
(Ocean epipycnal diffuse tracer)         0      0.000000      0.000000      0.000000      0.000000  0.000    31     0     9
(Ocean surface forcing)                 76      0.001471      0.002248      0.001620      0.000215  0.000    31     0     9
(Ocean forcing diagnostics)            150      0.000123      0.000238      0.000187      0.000043  0.000    41     0     9
 MPP_STACK high water mark=            0
