NOTE from PE     0: MPP_DOMAINS_SET_STACK_SIZE: stack size set to    32768.
NOTE from PE     0: MPP_DOMAINS_SET_STACK_SIZE: stack size set to  3000000.
NOTE from PE     0: ======== Model being driven by MOM_driver ========
NOTE from PE     0: callTree: o Program MOM_main, MOM_driver.F90
 MOM_domains_mod OMPthreading             1            0            1
NOTE from PE     0: fms_affinity_set: OCEAN affinity assumes hyper-threading hardware disabled
 MOM_domains_mod OMPthreading             0            0            1
NOTE from PE     0: open_param_file: MOM_input has been opened successfully.
 MOM_domains_mod OMPthreading             0            0            1
 MOM_domains_mod OMPthreading             1            0            1
 MOM_domains_mod OMPthreading             0            0            1
 MOM_domains_mod OMPthreading             0            0            1
 MOM_domains_mod OMPthreading             1            0            1
 MOM_domains_mod OMPthreading             1            0            1
 MOM_domains_mod OMPthreading             0            0            1
 MOM_domains_mod OMPthreading             1            0            1
NOTE from PE     0: open_param_file: MOM_override has been opened successfully.
 MOM_domains_mod OMPthreading             1            0            1
 MOM_domains_mod OMPthreading             1            0            1
 MOM_domains_mod OMPthreading             1            0            1
 MOM_domains_mod OMPthreading             1            0            1
 MOM_domains_mod OMPthreading             0            0            1
 MOM_domains_mod OMPthreading             0            0            1
 MOM_domains_mod OMPthreading             0            0            1
 MOM_domains_mod OMPthreading             0            0            1
 MOM_domains_mod OMPthreading             1            0            1

WARNING from PE     0: MOM_file_parser : DT over-ridden.  Line: 'DT = 37' in file MOM_override.


WARNING from PE     0: MOM_file_parser : DT_THERM over-ridden.  Line: 'DT_THERM = 75' in file MOM_override.

NOTE from PE     0: fms_affinity_set: OCEAN affinity assumes hyper-threading hardware disabled
 MOM_domains_mod OMPthreading             0            0            1

WARNING from PE     0: MOM_file_parser : NIGLOBAL over-ridden.  Line: 'NIGLOBAL = 1024' in file MOM_override.


WARNING from PE     0: MOM_file_parser : NJGLOBAL over-ridden.  Line: 'NJGLOBAL = 512' in file MOM_override.

 MOM_in domain decomposition
whalo =    4, ehalo =    4, shalo =    4, nhalo =    4
  X-AXIS =  205 205 204 205 205
  Y-AXIS =  256 256
 MOM_inc domain decomposition
whalo =    2, ehalo =    2, shalo =    2, nhalo =    2
  X-AXIS =  103 102 102 102 103
  Y-AXIS =  128 128
NOTE from PE     0: diag_manager_mod::diag_manager_init: prepend_date only supported when diag_manager_init is called with time_init present.
NOTE from PE     0: diag_manager_mod::diag_manager_init: You are using the legacy version of the diag table
 MOM_in domain decomposition
whalo =    4, ehalo =    4, shalo =    4, nhalo =    4
  X-AXIS =  205 205 204 205 205
  Y-AXIS =  256 256
 MOM_in domain decomposition
whalo =    2, ehalo =    2, shalo =    2, nhalo =    2
  X-AXIS =  103 102 102 102 103
  Y-AXIS =  128 128

WARNING from PE     0: MOM_file_parser : NK over-ridden.  Line: 'NK = 100' in file MOM_override.

 MOM_in domain decomposition
whalo =    4, ehalo =    4, shalo =    4, nhalo =    4
  X-AXIS =  205 205 204 205 205
  Y-AXIS =  256 256
 MOM_in domain decomposition
whalo =    2, ehalo =    2, shalo =    2, nhalo =    2
  X-AXIS =  103 102 102 102 103
  Y-AXIS =  128 128

WARNING from PE     0: Open_file is appending .nc to the filename ./ocean_geometry


WARNING from PE     0: MOM_file_parser : COORD_CONFIG over-ridden.  Line: 'COORD_CONFIG = "linear"' in file MOM_override.

 MOM_in domain decomposition
whalo =    4, ehalo =    4, shalo =    4, nhalo =    4
  X-AXIS =  205 205 204 205 205
  Y-AXIS =  256 256
 MOM_in domain decomposition
whalo =    2, ehalo =    2, shalo =    2, nhalo =    2
  X-AXIS =  103 102 102 102 103
  Y-AXIS =  128 128
 MOM_in domain decomposition
whalo =    4, ehalo =    4, shalo =    4, nhalo =    4
  X-AXIS =  205 205 204 205 205
  Y-AXIS =  256 256
 MOM_in domain decomposition
whalo =    2, ehalo =    2, shalo =    2, nhalo =    2
  X-AXIS =  103 102 102 102 103
  Y-AXIS =  128 128

WARNING from PE     0: ./Depth_list.nc checksums do not match; updating file.


WARNING from PE     0: MOM_file_parser : DT_FORCING over-ridden.  Line: 'DT_FORCING = 75' in file MOM_override.


WARNING from PE     0: MOM_file_parser : DAYMAX over-ridden.  Line: 'DAYMAX = 150' in file MOM_override.


WARNING from PE     0: Unused line in MOM_input : GINT = 0.0098


WARNING from PE     0: open_ASCII_file: File ./CPU_stats opened WRITEONLY already exists!


WARNING from PE     0: open_ASCII_file: File ./ocean.stats opened WRITEONLY already exists!

MOM Time       0.000      0: En 9.167888E-12, MaxCFL  0.00000, Mass 5.286414704261E+18
    Total Energy: 41871C2B47CED3B5  4.8465256975989737E+07
    Total Mass:   5.2864147042613893E+18, Change:   0.0000000000000000E+00 Error:  0.00000E+00 ( 0.0E+00)
MOM Time      50.676     75: En 9.561082E-07, MaxCFL  0.00036, Mass 5.286414704261E+18
    Total Energy: 429263431CDC0BD4  5.0543842567709570E+12
    Total Mass:   5.2864147042613893E+18, Change:   1.8803326967804978E+01 Error:  1.88033E+01 ( 3.6E-18)
MOM Time      99.324    147: En 3.499934E-06, MaxCFL  0.00068, Mass 5.286414704261E+18
    Total Energy: 42B0D3DB4847D81F  1.8502103091160121E+13
    Total Mass:   5.2864147042613893E+18, Change:   1.8635493501689782E+00 Error:  1.86355E+00 ( 3.5E-19)
 MOM_in domain decomposition
whalo =    4, ehalo =    4, shalo =    4, nhalo =    4
  X-AXIS =  205 205 204 205 205
  Y-AXIS =  256 256
 MOM_in domain decomposition
whalo =    2, ehalo =    2, shalo =    2, nhalo =    2
  X-AXIS =  103 102 102 102 103
  Y-AXIS =  128 128
 MOM_in domain decomposition
whalo =    4, ehalo =    4, shalo =    4, nhalo =    4
  X-AXIS =  205 205 204 205 205
  Y-AXIS =  256 256
 MOM_in domain decomposition
whalo =    2, ehalo =    2, shalo =    2, nhalo =    2
  X-AXIS =  103 102 102 102 103
  Y-AXIS =  128 128
MOM Time     150.000    222: En 7.572478E-06, MaxCFL  0.00098, Mass 5.286414704261E+18
    Total Energy: 42C23440762529B2  4.0031258167891391E+13
    Total Mass:   5.2864147042613893E+18, Change:   5.0541591161998811E-01 Error:  5.05416E-01 ( 9.6E-20)
 MOM_in domain decomposition
whalo =    4, ehalo =    4, shalo =    4, nhalo =    4
  X-AXIS =  205 205 204 205 205
  Y-AXIS =  256 256
 MOM_in domain decomposition
whalo =    2, ehalo =    2, shalo =    2, nhalo =    2
  X-AXIS =  103 102 102 102 103
  Y-AXIS =  128 128

WARNING from PE     0: open_ASCII_file: File RESTART/ocean_solo.res opened WRITEONLY already exists!


WARNING from PE     0: open_ASCII_file: File exitcode opened WRITEONLY already exists!

 MPP_DOMAINS_STACK high water mark=      1444400

Tabulating mpp_clock statistics across     10 PEs...

                                      hits          tmin          tmax          tavg          tstd  tfrac grain pemin pemax
Total runtime                            1     70.314667     70.323212     70.316376      0.003392  1.000     0     0     9
Initialization                           1      2.477046      2.485181      2.478635      0.003079  0.035     0     0     9
Main loop                                1     52.925415     53.061481     52.978149      0.064564  0.753     0     0     9
Termination                              1     14.569358     14.705344     14.652591      0.064497  0.208     0     0     9
Ocean                                   79     70.028831     70.061440     70.035965      0.009341  0.996     1     0     9
Ocean Initialization                     2      2.481201      2.508721      2.486447      0.007794  0.035    11     0     9
Ocean dynamics                         444     13.404483     13.586198     13.500109      0.051821  0.192    11     0     9
Ocean thermodynamics and tracers       222      1.301919      1.360885      1.325951      0.021200  0.019    11     0     9
Ocean grid generation and remapp         0      0.000000      0.000000      0.000000      0.000000  0.000    11     0     9
Ocean Other                            518      4.034405      4.335950      4.147620      0.088053  0.059    11     0     9
Ocean MOM_end                            1      0.119569      0.127978      0.123829      0.002818  0.002    11     0     9
(Ocean tracer advection)               148      0.013563      0.031663      0.020941      0.008610  0.000    21     0     9
(Ocean adiabatic driver)                74      1.287671      1.329136      1.304933      0.013214  0.019    21     0     9
(Ocean continuity equation *)            0      0.000000      0.000000      0.000000      0.000000  0.000    31     0     9
(Ocean set BBL viscosity)               74      0.084976      0.111565      0.101764      0.008619  0.001    31     0     9
(Ocean message passing *)              148      0.304136      0.655295      0.539173      0.108311  0.008    31     0     9
(Ocean MOM_initialize_state)             2      0.050478      0.053954      0.052726      0.001126  0.001    31     0     9
(Ocean init message passing *)           2      0.013982      0.016224      0.015313      0.000761  0.000    41     0     9
(Ocean mixed layer restrat)              0      0.000000      0.000000      0.000000      0.000000  0.000    31     0     9
(Ocean collective diagnostics)         444      1.662599      1.720387      1.682274      0.020377  0.024    31     0     9
(Ocean Z-space diagnostics)              0      0.000000      0.000000      0.000000      0.000000  0.000    31     0     9
(Ocean ALE)                              0      0.000000      0.000000      0.000000      0.000000  0.000    31     0     9
(Stochastic EOS)                       222      0.000029      0.000034      0.000031      0.000001  0.000    31     0     9
(SGS Temperature Variance)             222      0.000009      0.000009      0.000009      0.000000  0.000    31     0     9
(Ocean MOM save_restart)                 3     42.969818     43.096176     43.050179      0.056361  0.612    31     0     9
(Ocean diagnostics framework)            0      0.000000      0.000000      0.000000      0.000000  0.000    31     0     9
(Ocean diagnostics remapping)            0      0.000000      0.000000      0.000000      0.000000  0.000    41     0     9
(Ocean diagnostics grid updates)       741      3.236444      3.291978      3.262683      0.019283  0.046    41     0     9
(Ocean init message passing)             4      0.016361      0.027955      0.022162      0.003539  0.000    41     0     9
(Ocean continuity reconstruction      1334      0.306632      0.321617      0.314811      0.003922  0.004    41     0     9
(Ocean continuity update)             1334      0.078803      0.082108      0.080131      0.000873  0.001    41     0     9
(Ocean continuity correction)         1334      3.379456      3.874911      3.710891      0.140995  0.053    41     0     9
(Ocean BT pre-calcs only)             1776      0.520613      0.548609      0.535475      0.009531  0.008    41     0     9
(Ocean BT pre-step halo updates)      1776      1.382981      1.542485      1.443676      0.049231  0.021    41     0     9
(Ocean BT stepping calcs only)         888      0.231293      0.255469      0.244286      0.007954  0.003    41     0     9
(Ocean BT stepping halo updates)       444      0.132500      0.170415      0.147809      0.014712  0.002    41     0     9
(Ocean BT post-calcs only)            1332      0.078011      0.081448      0.079863      0.000944  0.001    41     0     9
(Ocean BT post-step halo updates       888      0.234559      0.252164      0.244471      0.005685  0.003    41     0     9
(Ocean BT global synch)                  0      0.000000      0.000000      0.000000      0.000000  0.000    41     0     9
(Ocean Coriolis & mom advection)       444      0.619465      0.638123      0.627050      0.005406  0.009    31     0     9
(Ocean continuity equation)            666      3.853234      4.363541      4.194123      0.145118  0.060    31     0     9
(Ocean pressure force)                 222      0.946707      1.000729      0.972685      0.020775  0.014    31     0     9
(Ocean vertical viscosity)             666      2.514164      2.575578      2.539969      0.019760  0.036    31     0     9
(Ocean horizontal viscosity)           222      0.538193      0.548909      0.543692      0.003459  0.008    31     0     9
(Ocean momentum increments)            444      0.059807      0.061536      0.060448      0.000528  0.001    31     0     9
(Ocean message passing)               1998      1.126714      1.622287      1.291144      0.134981  0.018    31     0     9
(Ocean barotropic mode calc)           444      0.021635      0.022274      0.021940      0.000237  0.000    31     0     9
(Ocean barotropic mode stepping)       444      2.710126      2.839138      2.763728      0.042252  0.039    31     0     9
(Ocean barotropic forcing calc)        444      0.062515      0.063950      0.063451      0.000377  0.001    31     0     9
(Ocean advect tracer)                    0      0.000000      0.000000      0.000000      0.000000  0.000    31     0     9
(Ocean tracer halo updates)              0      0.000000      0.000000      0.000000      0.000000  0.000    41     0     9
(Ocean tracer global synch)              0      0.000000      0.000000      0.000000      0.000000  0.000    41     0     9
(Ocean diffuse tracer)                   0      0.000000      0.000000      0.000000      0.000000  0.000    31     0     9
(Ocean epipycnal diffuse tracer)         0      0.000000      0.000000      0.000000      0.000000  0.000    31     0     9
(Ocean surface forcing)                 75      0.003644      0.004543      0.003960      0.000298  0.000    31     0     9
(Ocean forcing diagnostics)            148      0.000171      0.000300      0.000231      0.000039  0.000    41     0     9
 MPP_STACK high water mark=            0
