NOTE from PE     0: MPP_DOMAINS_SET_STACK_SIZE: stack size set to    32768.
NOTE from PE     0: MPP_DOMAINS_SET_STACK_SIZE: stack size set to  3000000.
NOTE from PE     0: ======== Model being driven by MOM_driver ========
NOTE from PE     0: callTree: o Program MOM_main, MOM_driver.F90
 MOM_domains_mod OMPthreading             1            0            1
NOTE from PE     0: fms_affinity_set: OCEAN affinity assumes hyper-threading hardware disabled
 MOM_domains_mod OMPthreading             0            0            1
NOTE from PE     0: open_param_file: MOM_input has been opened successfully.
 MOM_domains_mod OMPthreading             1            0            1
 MOM_domains_mod OMPthreading             1            0            1
 MOM_domains_mod OMPthreading             0            0            1
 MOM_domains_mod OMPthreading             0            0            1
 MOM_domains_mod OMPthreading             1            0            1
 MOM_domains_mod OMPthreading             1            0            1
 MOM_domains_mod OMPthreading             0            0            1
 MOM_domains_mod OMPthreading             0            0            1
NOTE from PE     0: open_param_file: MOM_override has been opened successfully.
 MOM_domains_mod OMPthreading             1            0            1
 MOM_domains_mod OMPthreading             1            0            1
 MOM_domains_mod OMPthreading             1            0            1
 MOM_domains_mod OMPthreading             0            0            1
 MOM_domains_mod OMPthreading             0            0            1
 MOM_domains_mod OMPthreading             1            0            1
 MOM_domains_mod OMPthreading             0            0            1
 MOM_domains_mod OMPthreading             1            0            1
 MOM_domains_mod OMPthreading             0            0            1

WARNING from PE     0: MOM_file_parser : DT over-ridden.  Line: 'DT = 300' in file MOM_override.


WARNING from PE     0: MOM_file_parser : DT_THERM over-ridden.  Line: 'DT_THERM = 600' in file MOM_override.

NOTE from PE     0: fms_affinity_set: OCEAN affinity assumes hyper-threading hardware disabled
 MOM_domains_mod OMPthreading             0            0            1

WARNING from PE     0: MOM_file_parser : NIGLOBAL over-ridden.  Line: 'NIGLOBAL = 128' in file MOM_override.


WARNING from PE     0: MOM_file_parser : NJGLOBAL over-ridden.  Line: 'NJGLOBAL = 64' in file MOM_override.

 MOM_in domain decomposition
whalo =    4, ehalo =    4, shalo =    4, nhalo =    4
  X-AXIS =   26  26  24  26  26
  Y-AXIS =   32  32
 MOM_inc domain decomposition
whalo =    2, ehalo =    2, shalo =    2, nhalo =    2
  X-AXIS =   13  13  12  13  13
  Y-AXIS =   16  16
NOTE from PE     0: diag_manager_mod::diag_manager_init: prepend_date only supported when diag_manager_init is called with time_init present.
NOTE from PE     0: diag_manager_mod::diag_manager_init: You are using the legacy version of the diag table
 MOM_in domain decomposition
whalo =    4, ehalo =    4, shalo =    4, nhalo =    4
  X-AXIS =   26  26  24  26  26
  Y-AXIS =   32  32
 MOM_in domain decomposition
whalo =    2, ehalo =    2, shalo =    2, nhalo =    2
  X-AXIS =   13  13  12  13  13
  Y-AXIS =   16  16

WARNING from PE     0: MOM_file_parser : NK over-ridden.  Line: 'NK = 100' in file MOM_override.

 MOM_in domain decomposition
whalo =    4, ehalo =    4, shalo =    4, nhalo =    4
  X-AXIS =   26  26  24  26  26
  Y-AXIS =   32  32
 MOM_in domain decomposition
whalo =    2, ehalo =    2, shalo =    2, nhalo =    2
  X-AXIS =   13  13  12  13  13
  Y-AXIS =   16  16

WARNING from PE     0: Open_file is appending .nc to the filename ./ocean_geometry


WARNING from PE     0: MOM_file_parser : COORD_CONFIG over-ridden.  Line: 'COORD_CONFIG = "linear"' in file MOM_override.

 MOM_in domain decomposition
whalo =    4, ehalo =    4, shalo =    4, nhalo =    4
  X-AXIS =   26  26  24  26  26
  Y-AXIS =   32  32
 MOM_in domain decomposition
whalo =    2, ehalo =    2, shalo =    2, nhalo =    2
  X-AXIS =   13  13  12  13  13
  Y-AXIS =   16  16
 MOM_in domain decomposition
whalo =    4, ehalo =    4, shalo =    4, nhalo =    4
  X-AXIS =   26  26  24  26  26
  Y-AXIS =   32  32
 MOM_in domain decomposition
whalo =    2, ehalo =    2, shalo =    2, nhalo =    2
  X-AXIS =   13  13  12  13  13
  Y-AXIS =   16  16

WARNING from PE     0: ./Depth_list.nc checksums do not match; updating file.


WARNING from PE     0: MOM_file_parser : DT_FORCING over-ridden.  Line: 'DT_FORCING = 600' in file MOM_override.


WARNING from PE     0: MOM_file_parser : DAYMAX over-ridden.  Line: 'DAYMAX = 150' in file MOM_override.


WARNING from PE     0: Unused line in MOM_input : GINT = 0.0098


WARNING from PE     0: open_ASCII_file: File ./CPU_stats opened WRITEONLY already exists!


WARNING from PE     0: open_ASCII_file: File ./ocean.stats opened WRITEONLY already exists!

MOM Time       0.000      0: En 9.160879E-12, MaxCFL  0.00000, Mass 5.286809263738E+18
    Total Energy: 418718166E7BA898  4.8431821810380161E+07
    Total Mass:   5.2868092637381345E+18, Change:   0.0000000000000000E+00 Error:  0.00000E+00 ( 0.0E+00)
MOM Time      50.000     50: En 4.018446E-05, MaxCFL  0.00184, Mass 5.286809263738E+18
    Total Energy: 42E82709D4715FCE  2.1244758167014244E+14
    Total Mass:   5.2868092637381345E+18, Change:   3.8615434439730649E+01 Error:  3.86154E+01 ( 7.3E-18)
MOM Time     100.000    100: En 8.025215E-05, MaxCFL  0.00128, Mass 5.286809263738E+18
    Total Energy: 42F81E0E087E2055  4.2427781636966931E+14
    Total Mass:   5.2868092637381345E+18, Change:  -3.3754377044436197E+00 Error: -3.37544E+00 (-6.4E-19)
 MOM_in domain decomposition
whalo =    4, ehalo =    4, shalo =    4, nhalo =    4
  X-AXIS =   26  26  24  26  26
  Y-AXIS =   32  32
 MOM_in domain decomposition
whalo =    2, ehalo =    2, shalo =    2, nhalo =    2
  X-AXIS =   13  13  12  13  13
  Y-AXIS =   16  16
 MOM_in domain decomposition
whalo =    4, ehalo =    4, shalo =    4, nhalo =    4
  X-AXIS =   26  26  24  26  26
  Y-AXIS =   32  32
 MOM_in domain decomposition
whalo =    2, ehalo =    2, shalo =    2, nhalo =    2
  X-AXIS =   13  13  12  13  13
  Y-AXIS =   16  16
MOM Time     150.000    150: En 6.205042E-05, MaxCFL  0.00121, Mass 5.286809263738E+18
    Total Energy: 42F2A5BCDC9AEE47  3.2804875964797244E+14
    Total Mass:   5.2868092637381345E+18, Change:   3.3469535747542807E+00 Error:  3.34695E+00 ( 6.3E-19)
 MOM_in domain decomposition
whalo =    4, ehalo =    4, shalo =    4, nhalo =    4
  X-AXIS =   26  26  24  26  26
  Y-AXIS =   32  32
 MOM_in domain decomposition
whalo =    2, ehalo =    2, shalo =    2, nhalo =    2
  X-AXIS =   13  13  12  13  13
  Y-AXIS =   16  16

WARNING from PE     0: open_ASCII_file: File RESTART/ocean_solo.res opened WRITEONLY already exists!


WARNING from PE     0: open_ASCII_file: File exitcode opened WRITEONLY already exists!

 MPP_DOMAINS_STACK high water mark=       190400

Tabulating mpp_clock statistics across     10 PEs...

                                      hits          tmin          tmax          tavg          tstd  tfrac grain pemin pemax
Total runtime                            1      6.003013      6.007379      6.003891      0.001741  0.999     0     0     9
Initialization                           1      0.287918      0.291717      0.288624      0.001377  0.048     0     0     9
Main loop                                1      5.526472      5.526763      5.526722      0.000084  0.920     0     0     9
Termination                              1      0.186660      0.187171      0.187118      0.000153  0.031     0     0     9
Ocean                                   80      5.962435      5.970245      5.963621      0.002413  0.993     1     0     9
Ocean Initialization                     2      0.301140      0.308018      0.302221      0.002153  0.050    11     0     9
Ocean dynamics                         300      4.797664      4.813239      4.803269      0.005312  0.800    11     0     9
Ocean thermodynamics and tracers       225      0.005508      0.008369      0.006767      0.000790  0.001    11     0     9
Ocean grid generation and remapp         0      0.000000      0.000000      0.000000      0.000000  0.000    11     0     9
Ocean Other                            450      0.173771      0.187193      0.180906      0.004366  0.030    11     0     9
Ocean MOM_end                            1      0.000569      0.000656      0.000620      0.000030  0.000    11     0     9
(Ocean tracer advection)               150      0.002375      0.002573      0.002466      0.000064  0.000    21     0     9
(Ocean adiabatic driver)                75      0.003036      0.005955      0.004263      0.000802  0.001    21     0     9
(Ocean continuity equation *)            0      0.000000      0.000000      0.000000      0.000000  0.000    31     0     9
(Ocean set BBL viscosity)               75      0.025406      0.036700      0.032596      0.003398  0.005    31     0     9
(Ocean message passing *)              150      0.088640      0.114758      0.101672      0.007887  0.017    31     0     9
(Ocean MOM_initialize_state)             2      0.008390      0.012731      0.008936      0.001273  0.001    31     0     9
(Ocean init message passing *)           2      0.003876      0.005014      0.004516      0.000310  0.001    41     0     9
(Ocean mixed layer restrat)              0      0.000000      0.000000      0.000000      0.000000  0.000    31     0     9
(Ocean collective diagnostics)         375      0.011537      0.014000      0.012771      0.000809  0.002    31     0     9
(Ocean Z-space diagnostics)              0      0.000000      0.000000      0.000000      0.000000  0.000    31     0     9
(Ocean ALE)                              0      0.000000      0.000000      0.000000      0.000000  0.000    31     0     9
(Stochastic EOS)                       150      0.000012      0.000015      0.000013      0.000001  0.000    31     0     9
(SGS Temperature Variance)             150      0.000006      0.000006      0.000006      0.000000  0.000    31     0     9
(Ocean MOM save_restart)                 3      0.555869      0.556294      0.555936      0.000122  0.093    31     0     9
(Ocean diagnostics framework)            0      0.000000      0.000000      0.000000      0.000000  0.000    31     0     9
(Ocean diagnostics remapping)            0      0.000000      0.000000      0.000000      0.000000  0.000    41     0     9
(Ocean diagnostics grid updates)       526      0.050666      0.054248      0.053287      0.001219  0.009    41     0     9
(Ocean init message passing)             4      0.001811      0.003843      0.002912      0.000543  0.000    41     0     9
(Ocean continuity reconstruction       902      0.036075      0.038134      0.037207      0.000890  0.006    41     0     9
(Ocean continuity update)              902      0.010542      0.011223      0.010922      0.000246  0.002    41     0     9
(Ocean continuity correction)          902      1.489508      1.662023      1.589632      0.047857  0.265    41     0     9
(Ocean BT pre-calcs only)             1200      0.197779      0.208146      0.202990      0.003754  0.034    41     0     9
(Ocean BT pre-step halo updates)      1200      0.815047      0.899357      0.859288      0.022077  0.143    41     0     9
(Ocean BT stepping calcs only)         600      0.193317      0.206688      0.200236      0.005194  0.033    41     0     9
(Ocean BT stepping halo updates)       300      0.085310      0.104552      0.092648      0.007088  0.015    41     0     9
(Ocean BT post-calcs only)             900      0.017526      0.019055      0.018291      0.000511  0.003    41     0     9
(Ocean BT post-step halo updates       600      0.140826      0.160015      0.151806      0.005914  0.025    41     0     9
(Ocean BT global synch)                  0      0.000000      0.000000      0.000000      0.000000  0.000    41     0     9
(Ocean Coriolis & mom advection)       300      0.077618      0.083444      0.080143      0.001945  0.013    31     0     9
(Ocean continuity equation)            450      1.537181      1.712785      1.638983      0.048126  0.273    31     0     9
(Ocean pressure force)                 150      0.475571      0.513870      0.495340      0.014021  0.082    31     0     9
(Ocean vertical viscosity)             450      0.460142      0.489228      0.476351      0.009218  0.079    31     0     9
(Ocean horizontal viscosity)           150      0.063792      0.068087      0.065778      0.001184  0.011    31     0     9
(Ocean momentum increments)            300      0.007513      0.008028      0.007767      0.000185  0.001    31     0     9
(Ocean message passing)               1350      0.319070      0.505253      0.391870      0.049515  0.065    31     0     9
(Ocean barotropic mode calc)           300      0.007551      0.007894      0.007704      0.000102  0.001    31     0     9
(Ocean barotropic mode stepping)       300      1.500096      1.569896      1.537944      0.017244  0.256    31     0     9
(Ocean barotropic forcing calc)        300      0.006592      0.007031      0.006836      0.000172  0.001    31     0     9
(Ocean advect tracer)                    0      0.000000      0.000000      0.000000      0.000000  0.000    31     0     9
(Ocean tracer halo updates)              0      0.000000      0.000000      0.000000      0.000000  0.000    41     0     9
(Ocean tracer global synch)              0      0.000000      0.000000      0.000000      0.000000  0.000    41     0     9
(Ocean diffuse tracer)                   0      0.000000      0.000000      0.000000      0.000000  0.000    31     0     9
(Ocean epipycnal diffuse tracer)         0      0.000000      0.000000      0.000000      0.000000  0.000    31     0     9
(Ocean surface forcing)                 76      0.001473      0.002279      0.001622      0.000226  0.000    31     0     9
(Ocean forcing diagnostics)            150      0.000133      0.000231      0.000186      0.000036  0.000    41     0     9
 MPP_STACK high water mark=            0
