NOTE from PE     0: MPP_DOMAINS_SET_STACK_SIZE: stack size set to    32768.
NOTE from PE     0: MPP_DOMAINS_SET_STACK_SIZE: stack size set to  3000000.
NOTE from PE     0: ======== Model being driven by MOM_driver ========
NOTE from PE     0: callTree: o Program MOM_main, MOM_driver.F90
NOTE from PE     0: fms_affinity_set: OCEAN affinity assumes hyper-threading hardware disabled
 MOM_domains_mod OMPthreading             1            0            1
 MOM_domains_mod OMPthreading             0            0            1
NOTE from PE     0: open_param_file: MOM_input has been opened successfully.
 MOM_domains_mod OMPthreading             0            0            1
 MOM_domains_mod OMPthreading             1            0            1
 MOM_domains_mod OMPthreading             1            0            1
 MOM_domains_mod OMPthreading             0            0            1
 MOM_domains_mod OMPthreading             0            0            1
 MOM_domains_mod OMPthreading             1            0            1
 MOM_domains_mod OMPthreading             1            0            1
 MOM_domains_mod OMPthreading             0            0            1
NOTE from PE     0: open_param_file: MOM_override has been opened successfully.
 MOM_domains_mod OMPthreading             1            0            1
 MOM_domains_mod OMPthreading             1            0            1
 MOM_domains_mod OMPthreading             0            0            1
 MOM_domains_mod OMPthreading             0            0            1
 MOM_domains_mod OMPthreading             1            0            1
 MOM_domains_mod OMPthreading             0            0            1
 MOM_domains_mod OMPthreading             1            0            1
 MOM_domains_mod OMPthreading             0            0            1
 MOM_domains_mod OMPthreading             1            0            1

WARNING from PE     0: MOM_file_parser : DT over-ridden.  Line: 'DT = 150' in file MOM_override.


WARNING from PE     0: MOM_file_parser : DT_THERM over-ridden.  Line: 'DT_THERM = 300' in file MOM_override.

NOTE from PE     0: fms_affinity_set: OCEAN affinity assumes hyper-threading hardware disabled
 MOM_domains_mod OMPthreading             0            0            1

WARNING from PE     0: MOM_file_parser : NIGLOBAL over-ridden.  Line: 'NIGLOBAL = 256' in file MOM_override.


WARNING from PE     0: MOM_file_parser : NJGLOBAL over-ridden.  Line: 'NJGLOBAL = 128' in file MOM_override.

 MOM_in domain decomposition
whalo =    4, ehalo =    4, shalo =    4, nhalo =    4
  X-AXIS =   52  51  50  51  52
  Y-AXIS =   64  64
 MOM_inc domain decomposition
whalo =    2, ehalo =    2, shalo =    2, nhalo =    2
  X-AXIS =   26  26  24  26  26
  Y-AXIS =   32  32
NOTE from PE     0: diag_manager_mod::diag_manager_init: prepend_date only supported when diag_manager_init is called with time_init present.
NOTE from PE     0: diag_manager_mod::diag_manager_init: You are using the legacy version of the diag table
 MOM_in domain decomposition
whalo =    4, ehalo =    4, shalo =    4, nhalo =    4
  X-AXIS =   52  51  50  51  52
  Y-AXIS =   64  64
 MOM_in domain decomposition
whalo =    2, ehalo =    2, shalo =    2, nhalo =    2
  X-AXIS =   26  26  24  26  26
  Y-AXIS =   32  32

WARNING from PE     0: MOM_file_parser : NK over-ridden.  Line: 'NK = 100' in file MOM_override.

 MOM_in domain decomposition
whalo =    4, ehalo =    4, shalo =    4, nhalo =    4
  X-AXIS =   52  51  50  51  52
  Y-AXIS =   64  64
 MOM_in domain decomposition
whalo =    2, ehalo =    2, shalo =    2, nhalo =    2
  X-AXIS =   26  26  24  26  26
  Y-AXIS =   32  32

WARNING from PE     0: Open_file is appending .nc to the filename ./ocean_geometry


WARNING from PE     0: MOM_file_parser : COORD_CONFIG over-ridden.  Line: 'COORD_CONFIG = "linear"' in file MOM_override.

 MOM_in domain decomposition
whalo =    4, ehalo =    4, shalo =    4, nhalo =    4
  X-AXIS =   52  51  50  51  52
  Y-AXIS =   64  64
 MOM_in domain decomposition
whalo =    2, ehalo =    2, shalo =    2, nhalo =    2
  X-AXIS =   26  26  24  26  26
  Y-AXIS =   32  32
 MOM_in domain decomposition
whalo =    4, ehalo =    4, shalo =    4, nhalo =    4
  X-AXIS =   52  51  50  51  52
  Y-AXIS =   64  64
 MOM_in domain decomposition
whalo =    2, ehalo =    2, shalo =    2, nhalo =    2
  X-AXIS =   26  26  24  26  26
  Y-AXIS =   32  32

WARNING from PE     0: ./Depth_list.nc checksums do not match; updating file.


WARNING from PE     0: MOM_file_parser : DT_FORCING over-ridden.  Line: 'DT_FORCING = 300' in file MOM_override.


WARNING from PE     0: MOM_file_parser : DAYMAX over-ridden.  Line: 'DAYMAX = 150' in file MOM_override.


WARNING from PE     0: Unused line in MOM_input : GINT = 0.0098


WARNING from PE     0: open_ASCII_file: File ./CPU_stats opened WRITEONLY already exists!


WARNING from PE     0: open_ASCII_file: File ./ocean.stats opened WRITEONLY already exists!

MOM Time       0.000      0: En 9.166220E-12, MaxCFL  0.00000, Mass 5.286507716715E+18
    Total Energy: 41871B327A267CD1  4.8457295268792756E+07
    Total Mass:   5.2865077167146557E+18, Change:   0.0000000000000000E+00 Error:  0.00000E+00 ( 0.0E+00)
MOM Time      50.000     50: En 1.299121E-05, MaxCFL  0.00126, Mass 5.286507716715E+18
    Total Energy: 42CF3B2F68467E60  6.8678117788924750E+13
    Total Mass:   5.2865077167146557E+18, Change:   2.1975808844383682E+01 Error:  2.19758E+01 ( 4.2E-18)
MOM Time     100.000    100: En 4.033907E-05, MaxCFL  0.00184, Mass 5.286507716715E+18
    Total Energy: 42E83E7939F7FCDF  2.1325280704919097E+14
    Total Mass:   5.2865077167146557E+18, Change:  -3.4183497331743524E+00 Error: -3.41835E+00 (-6.5E-19)
 MOM_in domain decomposition
whalo =    4, ehalo =    4, shalo =    4, nhalo =    4
  X-AXIS =   52  51  50  51  52
  Y-AXIS =   64  64
 MOM_in domain decomposition
whalo =    2, ehalo =    2, shalo =    2, nhalo =    2
  X-AXIS =   26  26  24  26  26
  Y-AXIS =   32  32
 MOM_in domain decomposition
whalo =    4, ehalo =    4, shalo =    4, nhalo =    4
  X-AXIS =   52  51  50  51  52
  Y-AXIS =   64  64
 MOM_in domain decomposition
whalo =    2, ehalo =    2, shalo =    2, nhalo =    2
  X-AXIS =   26  26  24  26  26
  Y-AXIS =   32  32
MOM Time     150.000    150: En 6.648018E-05, MaxCFL  0.00167, Mass 5.286507716715E+18
    Total Energy: 42F3FA3DC20E7723  3.5144798207371419E+14
    Total Mass:   5.2865077167146557E+18, Change:  -3.6027968909208195E+00 Error: -3.60280E+00 (-6.8E-19)
 MOM_in domain decomposition
whalo =    4, ehalo =    4, shalo =    4, nhalo =    4
  X-AXIS =   52  51  50  51  52
  Y-AXIS =   64  64
 MOM_in domain decomposition
whalo =    2, ehalo =    2, shalo =    2, nhalo =    2
  X-AXIS =   26  26  24  26  26
  Y-AXIS =   32  32

WARNING from PE     0: open_ASCII_file: File RESTART/ocean_solo.res opened WRITEONLY already exists!


WARNING from PE     0: open_ASCII_file: File exitcode opened WRITEONLY already exists!

 MPP_DOMAINS_STACK high water mark=       368400

Tabulating mpp_clock statistics across     10 PEs...

                                      hits          tmin          tmax          tavg          tstd  tfrac grain pemin pemax
Total runtime                            1      8.210092      8.223665      8.213840      0.005046  0.999     0     0     9
Initialization                           1      0.405364      0.418287      0.408938      0.004652  0.050     0     0     9
Main loop                                1      7.107392      7.107578      7.107547      0.000054  0.864     0     0     9
Termination                              1      0.695448      0.696000      0.695944      0.000166  0.085     0     0     9
Ocean                                   80      8.163814      8.181174      8.167936      0.005644  0.993     1     0     9
Ocean Initialization                     2      0.421325      0.437712      0.425279      0.005424  0.052    11     0     9
Ocean dynamics                         300      5.001615      5.026912      5.012651      0.007298  0.610    11     0     9
Ocean thermodynamics and tracers       225      0.011802      0.019777      0.014745      0.002374  0.002    11     0     9
Ocean grid generation and remapp         0      0.000000      0.000000      0.000000      0.000000  0.000    11     0     9
Ocean Other                            450      0.273022      0.295057      0.284768      0.007370  0.035    11     0     9
Ocean MOM_end                            1      0.000348      0.000639      0.000476      0.000086  0.000    11     0     9
(Ocean tracer advection)               150      0.002587      0.002837      0.002713      0.000068  0.000    21     0     9
(Ocean adiabatic driver)                75      0.009040      0.016902      0.011993      0.002337  0.001    21     0     9
(Ocean continuity equation *)            0      0.000000      0.000000      0.000000      0.000000  0.000    31     0     9
(Ocean set BBL viscosity)               75      0.031229      0.044154      0.038446      0.004181  0.005    31     0     9
(Ocean message passing *)              150      0.101413      0.151102      0.127591      0.014070  0.016    31     0     9
(Ocean MOM_initialize_state)             2      0.010727      0.015729      0.011693      0.001372  0.001    31     0     9
(Ocean init message passing *)           2      0.004590      0.005633      0.005124      0.000241  0.001    41     0     9
(Ocean mixed layer restrat)              0      0.000000      0.000000      0.000000      0.000000  0.000    31     0     9
(Ocean collective diagnostics)         375      0.030478      0.043357      0.037496      0.003567  0.005    31     0     9
(Ocean Z-space diagnostics)              0      0.000000      0.000000      0.000000      0.000000  0.000    31     0     9
(Ocean ALE)                              0      0.000000      0.000000      0.000000      0.000000  0.000    31     0     9
(Stochastic EOS)                       150      0.000016      0.000019      0.000018      0.000001  0.000    31     0     9
(SGS Temperature Variance)             150      0.000006      0.000006      0.000006      0.000000  0.000    31     0     9
(Ocean MOM save_restart)                 3      2.096365      2.096750      2.096462      0.000114  0.255    31     0     9
(Ocean diagnostics framework)            0      0.000000      0.000000      0.000000      0.000000  0.000    31     0     9
(Ocean diagnostics remapping)            0      0.000000      0.000000      0.000000      0.000000  0.000    41     0     9
(Ocean diagnostics grid updates)       526      0.163713      0.171354      0.166571      0.002569  0.020    41     0     9
(Ocean init message passing)             4      0.003964      0.005432      0.004760      0.000488  0.001    41     0     9
(Ocean continuity reconstruction       902      0.044003      0.046347      0.045209      0.000899  0.005    41     0     9
(Ocean continuity update)              902      0.012465      0.013200      0.012853      0.000280  0.002    41     0     9
(Ocean continuity correction)          902      1.525784      1.712173      1.640302      0.049306  0.199    41     0     9
(Ocean BT pre-calcs only)             1200      0.206618      0.218637      0.211578      0.004326  0.026    41     0     9
(Ocean BT pre-step halo updates)      1200      0.815643      0.894562      0.857093      0.020759  0.104    41     0     9
(Ocean BT stepping calcs only)         600      0.197079      0.210682      0.202914      0.005010  0.025    41     0     9
(Ocean BT stepping halo updates)       300      0.084613      0.104201      0.092927      0.006956  0.011    41     0     9
(Ocean BT post-calcs only)             900      0.019359      0.020528      0.019942      0.000490  0.002    41     0     9
(Ocean BT post-step halo updates       600      0.143509      0.161347      0.154212      0.005356  0.019    41     0     9
(Ocean BT global synch)                  0      0.000000      0.000000      0.000000      0.000000  0.000    41     0     9
(Ocean Coriolis & mom advection)       300      0.088553      0.093374      0.090860      0.001513  0.011    31     0     9
(Ocean continuity equation)            450      1.583721      1.773446      1.699591      0.049805  0.207    31     0     9
(Ocean pressure force)                 150      0.485049      0.518861      0.501929      0.013715  0.061    31     0     9
(Ocean vertical viscosity)             450      0.511091      0.524255      0.517921      0.004032  0.063    31     0     9
(Ocean horizontal viscosity)           150      0.081974      0.085595      0.083880      0.001208  0.010    31     0     9
(Ocean momentum increments)            300      0.008891      0.009958      0.009206      0.000296  0.001    31     0     9
(Ocean message passing)               1350      0.354772      0.534249      0.434530      0.045517  0.053    31     0     9
(Ocean barotropic mode calc)           300      0.008212      0.008739      0.008458      0.000163  0.001    31     0     9
(Ocean barotropic mode stepping)       300      1.519877      1.583625      1.551263      0.016297  0.189    31     0     9
(Ocean barotropic forcing calc)        300      0.008549      0.009025      0.008792      0.000179  0.001    31     0     9
(Ocean advect tracer)                    0      0.000000      0.000000      0.000000      0.000000  0.000    31     0     9
(Ocean tracer halo updates)              0      0.000000      0.000000      0.000000      0.000000  0.000    41     0     9
(Ocean tracer global synch)              0      0.000000      0.000000      0.000000      0.000000  0.000    41     0     9
(Ocean diffuse tracer)                   0      0.000000      0.000000      0.000000      0.000000  0.000    31     0     9
(Ocean epipycnal diffuse tracer)         0      0.000000      0.000000      0.000000      0.000000  0.000    31     0     9
(Ocean surface forcing)                 76      0.001575      0.002356      0.001690      0.000223  0.000    31     0     9
(Ocean forcing diagnostics)            150      0.000130      0.000276      0.000200      0.000048  0.000    41     0     9
 MPP_STACK high water mark=            0
