NOTE from PE     0: MPP_DOMAINS_SET_STACK_SIZE: stack size set to    32768.
NOTE from PE     0: MPP_DOMAINS_SET_STACK_SIZE: stack size set to  3000000.
NOTE from PE     0: ======== Model being driven by MOM_driver ========
NOTE from PE     0: callTree: o Program MOM_main, MOM_driver.F90
 MOM_domains_mod OMPthreading             1            0            1
NOTE from PE     0: fms_affinity_set: OCEAN affinity assumes hyper-threading hardware disabled
 MOM_domains_mod OMPthreading             0            0            1
 MOM_domains_mod OMPthreading             0            0            1
 MOM_domains_mod OMPthreading             1            0            1
 MOM_domains_mod OMPthreading             1            0            1
 MOM_domains_mod OMPthreading             0            0            1
 MOM_domains_mod OMPthreading             0            0            1
 MOM_domains_mod OMPthreading             1            0            1
NOTE from PE     0: open_param_file: MOM_input has been opened successfully.
 MOM_domains_mod OMPthreading             1            0            1
 MOM_domains_mod OMPthreading             0            0            1
NOTE from PE     0: open_param_file: MOM_override has been opened successfully.
 MOM_domains_mod OMPthreading             1            0            1
 MOM_domains_mod OMPthreading             1            0            1
 MOM_domains_mod OMPthreading             0            0            1
 MOM_domains_mod OMPthreading             0            0            1
 MOM_domains_mod OMPthreading             1            0            1
 MOM_domains_mod OMPthreading             0            0            1
 MOM_domains_mod OMPthreading             1            0            1
 MOM_domains_mod OMPthreading             1            0            1
 MOM_domains_mod OMPthreading             0            0            1

WARNING from PE     0: MOM_file_parser : DT over-ridden.  Line: 'DT = 37' in file MOM_override.


WARNING from PE     0: MOM_file_parser : DT_THERM over-ridden.  Line: 'DT_THERM = 75' in file MOM_override.

NOTE from PE     0: fms_affinity_set: OCEAN affinity assumes hyper-threading hardware disabled
 MOM_domains_mod OMPthreading             0            0            1

WARNING from PE     0: MOM_file_parser : NIGLOBAL over-ridden.  Line: 'NIGLOBAL = 1024' in file MOM_override.


WARNING from PE     0: MOM_file_parser : NJGLOBAL over-ridden.  Line: 'NJGLOBAL = 1024' in file MOM_override.

 MOM_in domain decomposition
whalo =    4, ehalo =    4, shalo =    4, nhalo =    4
  X-AXIS =  205 205 204 205 205
  Y-AXIS =  512 512
 MOM_inc domain decomposition
whalo =    2, ehalo =    2, shalo =    2, nhalo =    2
  X-AXIS =  103 102 102 102 103
  Y-AXIS =  256 256
NOTE from PE     0: diag_manager_mod::diag_manager_init: prepend_date only supported when diag_manager_init is called with time_init present.
NOTE from PE     0: diag_manager_mod::diag_manager_init: You are using the legacy version of the diag table
 MOM_in domain decomposition
whalo =    4, ehalo =    4, shalo =    4, nhalo =    4
  X-AXIS =  205 205 204 205 205
  Y-AXIS =  512 512
 MOM_in domain decomposition
whalo =    2, ehalo =    2, shalo =    2, nhalo =    2
  X-AXIS =  103 102 102 102 103
  Y-AXIS =  256 256

WARNING from PE     0: MOM_file_parser : NK over-ridden.  Line: 'NK = 100' in file MOM_override.

 MOM_in domain decomposition
whalo =    4, ehalo =    4, shalo =    4, nhalo =    4
  X-AXIS =  205 205 204 205 205
  Y-AXIS =  512 512
 MOM_in domain decomposition
whalo =    2, ehalo =    2, shalo =    2, nhalo =    2
  X-AXIS =  103 102 102 102 103
  Y-AXIS =  256 256

WARNING from PE     0: Open_file is appending .nc to the filename ./ocean_geometry


WARNING from PE     0: MOM_file_parser : COORD_CONFIG over-ridden.  Line: 'COORD_CONFIG = "linear"' in file MOM_override.

 MOM_in domain decomposition
whalo =    4, ehalo =    4, shalo =    4, nhalo =    4
  X-AXIS =  205 205 204 205 205
  Y-AXIS =  512 512
 MOM_in domain decomposition
whalo =    2, ehalo =    2, shalo =    2, nhalo =    2
  X-AXIS =  103 102 102 102 103
  Y-AXIS =  256 256
 MOM_in domain decomposition
whalo =    4, ehalo =    4, shalo =    4, nhalo =    4
  X-AXIS =  205 205 204 205 205
  Y-AXIS =  512 512
 MOM_in domain decomposition
whalo =    2, ehalo =    2, shalo =    2, nhalo =    2
  X-AXIS =  103 102 102 102 103
  Y-AXIS =  256 256

WARNING from PE     0: ./Depth_list.nc checksums do not match; updating file.


WARNING from PE     0: MOM_file_parser : DT_FORCING over-ridden.  Line: 'DT_FORCING = 75' in file MOM_override.


WARNING from PE     0: MOM_file_parser : DAYMAX over-ridden.  Line: 'DAYMAX = 150' in file MOM_override.


WARNING from PE     0: Unused line in MOM_input : GINT = 0.0098


WARNING from PE     0: open_ASCII_file: File ./CPU_stats opened WRITEONLY already exists!


WARNING from PE     0: open_ASCII_file: File ./ocean.stats opened WRITEONLY already exists!

MOM Time       0.000      0: En 9.167942E-12, MaxCFL  0.00000, Mass 5.286411564124E+18
    Total Energy: 41871C3366D4AF1F  4.8465516853849642E+07
    Total Mass:   5.2864115641239173E+18, Change:   0.0000000000000000E+00 Error:  0.00000E+00 ( 0.0E+00)
MOM Time      50.676     75: En 9.561068E-07, MaxCFL  0.00036, Mass 5.286411564124E+18
    Total Energy: 42926340A037FC93  5.0543738260471436E+12
    Total Mass:   5.2864115641239173E+18, Change:   3.1543457406055950E+01 Error:  3.15435E+01 ( 6.0E-18)
MOM Time      99.324    147: En 3.499944E-06, MaxCFL  0.00068, Mass 5.286411564124E+18
    Total Energy: 42B0D3DDD3E5EC50  1.8502145795564313E+13
    Total Mass:   5.2864115641239173E+18, Change:  -1.6521742499628173E-01 Error: -1.65217E-01 (-3.1E-20)
 MOM_in domain decomposition
whalo =    4, ehalo =    4, shalo =    4, nhalo =    4
  X-AXIS =  205 205 204 205 205
  Y-AXIS =  512 512
 MOM_in domain decomposition
whalo =    2, ehalo =    2, shalo =    2, nhalo =    2
  X-AXIS =  103 102 102 102 103
  Y-AXIS =  256 256
 MOM_in domain decomposition
whalo =    4, ehalo =    4, shalo =    4, nhalo =    4
  X-AXIS =  205 205 204 205 205
  Y-AXIS =  512 512
 MOM_in domain decomposition
whalo =    2, ehalo =    2, shalo =    2, nhalo =    2
  X-AXIS =  103 102 102 102 103
  Y-AXIS =  256 256
 MOM_in domain decomposition
whalo =    4, ehalo =    4, shalo =    4, nhalo =    4
  X-AXIS =  205 205 204 205 205
  Y-AXIS =  512 512
 MOM_in domain decomposition
whalo =    2, ehalo =    2, shalo =    2, nhalo =    2
  X-AXIS =  103 102 102 102 103
  Y-AXIS =  256 256
 MOM_in domain decomposition
whalo =    4, ehalo =    4, shalo =    4, nhalo =    4
  X-AXIS =  205 205 204 205 205
  Y-AXIS =  512 512
 MOM_in domain decomposition
whalo =    2, ehalo =    2, shalo =    2, nhalo =    2
  X-AXIS =  103 102 102 102 103
  Y-AXIS =  256 256
MOM Time     150.000    222: En 7.572530E-06, MaxCFL  0.00098, Mass 5.286411564124E+18
    Total Energy: 42C23447FABD7790  4.0031510428399125E+13
    Total Mass:   5.2864115641239173E+18, Change:   1.8201213284612683E+00 Error:  1.82012E+00 ( 3.4E-19)
 MOM_in domain decomposition
whalo =    4, ehalo =    4, shalo =    4, nhalo =    4
  X-AXIS =  205 205 204 205 205
  Y-AXIS =  512 512
 MOM_in domain decomposition
whalo =    2, ehalo =    2, shalo =    2, nhalo =    2
  X-AXIS =  103 102 102 102 103
  Y-AXIS =  256 256
 MOM_in domain decomposition
whalo =    4, ehalo =    4, shalo =    4, nhalo =    4
  X-AXIS =  205 205 204 205 205
  Y-AXIS =  512 512
 MOM_in domain decomposition
whalo =    2, ehalo =    2, shalo =    2, nhalo =    2
  X-AXIS =  103 102 102 102 103
  Y-AXIS =  256 256

WARNING from PE     0: open_ASCII_file: File RESTART/ocean_solo.res opened WRITEONLY already exists!


WARNING from PE     0: open_ASCII_file: File exitcode opened WRITEONLY already exists!

 MPP_DOMAINS_STACK high water mark=      2468400

Tabulating mpp_clock statistics across     10 PEs...

                                      hits          tmin          tmax          tavg          tstd  tfrac grain pemin pemax
Total runtime                            1    140.578827    140.580658    140.579926      0.000884  1.000     0     0     9
Initialization                           1      4.781014      4.781880      4.781228      0.000240  0.034     0     0     9
Main loop                                1    105.198540    105.198776    105.198593      0.000071  0.748     0     0     9
Termination                              1     30.292440     30.295004     30.292749      0.000752  0.215     0     0     9
Ocean                                   79    140.130951    140.170364    140.146088      0.015961  0.997     1     0     9
Ocean Initialization                     2      4.797256      4.832927      4.801685      0.010424  0.034    11     0     9
Ocean dynamics                         444     21.164740     21.575108     21.302593      0.127069  0.152    11     0     9
Ocean thermodynamics and tracers       222      2.516537      3.009577      2.646158      0.179812  0.019    11     0     9
Ocean grid generation and remapp         0      0.000000      0.000000      0.000000      0.000000  0.000    11     0     9
Ocean Other                            518      7.506994      8.581621      7.901549      0.382008  0.056    11     0     9
Ocean MOM_end                            1      0.237292      0.274984      0.248960      0.013747  0.002    11     0     9
(Ocean tracer advection)               148      0.018584      0.020582      0.019392      0.000700  0.000    21     0     9
(Ocean adiabatic driver)                74      2.497802      2.990062      2.626688      0.179520  0.019    21     0     9
(Ocean continuity equation *)            0      0.000000      0.000000      0.000000      0.000000  0.000    31     0     9
(Ocean set BBL viscosity)               74      0.139696      0.186765      0.166517      0.016103  0.001    31     0     9
(Ocean message passing *)              148      0.588025      1.993267      1.280419      0.418342  0.009    31     0     9
(Ocean MOM_initialize_state)             2      0.090358      0.097245      0.094378      0.002578  0.001    31     0     9
(Ocean init message passing *)           2      0.024298      0.028254      0.026731      0.001184  0.000    41     0     9
(Ocean mixed layer restrat)              0      0.000000      0.000000      0.000000      0.000000  0.000    31     0     9
(Ocean collective diagnostics)         444      2.979410      3.720874      3.377317      0.228812  0.024    31     0     9
(Ocean Z-space diagnostics)              0      0.000000      0.000000      0.000000      0.000000  0.000    31     0     9
(Ocean ALE)                              0      0.000000      0.000000      0.000000      0.000000  0.000    31     0     9
(Stochastic EOS)                       222      0.000028      0.000036      0.000032      0.000002  0.000    31     0     9
(SGS Temperature Variance)             222      0.000009      0.000009      0.000009      0.000000  0.000    31     0     9
(Ocean MOM save_restart)                 3     92.465744     92.494820     92.480347      0.008082  0.658    31     0     9
(Ocean diagnostics framework)            0      0.000000      0.000000      0.000000      0.000000  0.000    31     0     9
(Ocean diagnostics remapping)            0      0.000000      0.000000      0.000000      0.000000  0.000    41     0     9
(Ocean diagnostics grid updates)       741      6.344409      6.464679      6.398734      0.038205  0.046    41     0     9
(Ocean init message passing)             4      0.029916      0.103075      0.069232      0.024864  0.000    41     0     9
(Ocean continuity reconstruction      1334      0.533901      0.557662      0.548218      0.006820  0.004    41     0     9
(Ocean continuity update)             1334      0.143911      0.149250      0.146680      0.001451  0.001    41     0     9
(Ocean continuity correction)         1334      5.152190      5.914618      5.676320      0.210239  0.040    41     0     9
(Ocean BT pre-calcs only)             1776      0.777879      0.805045      0.790159      0.009543  0.006    41     0     9
(Ocean BT pre-step halo updates)      1776      1.566433      1.936254      1.742580      0.112802  0.012    41     0     9
(Ocean BT stepping calcs only)         888      0.374633      0.397881      0.387791      0.008357  0.003    41     0     9
(Ocean BT stepping halo updates)       444      0.131665      0.160764      0.145298      0.010465  0.001    41     0     9
(Ocean BT post-calcs only)            1332      0.129849      0.136897      0.133761      0.002085  0.001    41     0     9
(Ocean BT post-step halo updates       888      0.247953      0.266398      0.257294      0.007033  0.002    41     0     9
(Ocean BT global synch)                  0      0.000000      0.000000      0.000000      0.000000  0.000    41     0     9
(Ocean Coriolis & mom advection)       444      0.996560      1.048867      1.016048      0.016258  0.007    31     0     9
(Ocean continuity equation)            666      5.938662      6.713650      6.473714      0.215977  0.046    31     0     9
(Ocean pressure force)                 222      1.083983      1.138992      1.110939      0.021106  0.008    31     0     9
(Ocean vertical viscosity)             666      5.026877      5.340415      5.184210      0.092280  0.037    31     0     9
(Ocean horizontal viscosity)           222      0.838481      0.875067      0.850746      0.012142  0.006    31     0     9
(Ocean momentum increments)            444      0.107125      0.110904      0.109024      0.001134  0.001    31     0     9
(Ocean message passing)               1998      1.697529      2.707212      2.157989      0.247397  0.015    31     0     9
(Ocean barotropic mode calc)           444      0.031154      0.032138      0.031639      0.000336  0.000    31     0     9
(Ocean barotropic mode stepping)       444      3.403132      3.770764      3.592774      0.113637  0.026    31     0     9
(Ocean barotropic forcing calc)        444      0.113190      0.117615      0.115365      0.001155  0.001    31     0     9
(Ocean advect tracer)                    0      0.000000      0.000000      0.000000      0.000000  0.000    31     0     9
(Ocean tracer halo updates)              0      0.000000      0.000000      0.000000      0.000000  0.000    41     0     9
(Ocean tracer global synch)              0      0.000000      0.000000      0.000000      0.000000  0.000    41     0     9
(Ocean diffuse tracer)                   0      0.000000      0.000000      0.000000      0.000000  0.000    31     0     9
(Ocean epipycnal diffuse tracer)         0      0.000000      0.000000      0.000000      0.000000  0.000    31     0     9
(Ocean surface forcing)                 75      0.004976      0.006581      0.005527      0.000432  0.000    31     0     9
(Ocean forcing diagnostics)            148      0.000156      0.000301      0.000234      0.000053  0.000    41     0     9
 MPP_STACK high water mark=            0
