NOTE from PE     0: MPP_DOMAINS_SET_STACK_SIZE: stack size set to    32768.
NOTE from PE     0: MPP_DOMAINS_SET_STACK_SIZE: stack size set to  3000000.
NOTE from PE     0: ======== Model being driven by MOM_driver ========
NOTE from PE     0: callTree: o Program MOM_main, MOM_driver.F90
 MOM_domains_mod OMPthreading             1            0            1
NOTE from PE     0: fms_affinity_set: OCEAN affinity assumes hyper-threading hardware disabled
 MOM_domains_mod OMPthreading             0            0            1
NOTE from PE     0: open_param_file: MOM_input has been opened successfully.
 MOM_domains_mod OMPthreading             0            0            1
 MOM_domains_mod OMPthreading             1            0            1
 MOM_domains_mod OMPthreading             1            0            1
 MOM_domains_mod OMPthreading             0            0            1
 MOM_domains_mod OMPthreading             0            0            1
 MOM_domains_mod OMPthreading             1            0            1
 MOM_domains_mod OMPthreading             0            0            1
 MOM_domains_mod OMPthreading             1            0            1
NOTE from PE     0: open_param_file: MOM_override has been opened successfully.
 MOM_domains_mod OMPthreading             1            0            1
 MOM_domains_mod OMPthreading             1            0            1
 MOM_domains_mod OMPthreading             1            0            1
 MOM_domains_mod OMPthreading             1            0            1
 MOM_domains_mod OMPthreading             0            0            1
 MOM_domains_mod OMPthreading             0            0            1
 MOM_domains_mod OMPthreading             1            0            1
 MOM_domains_mod OMPthreading             0            0            1
 MOM_domains_mod OMPthreading             0            0            1

WARNING from PE     0: MOM_file_parser : DT over-ridden.  Line: 'DT = 75' in file MOM_override.


WARNING from PE     0: MOM_file_parser : DT_THERM over-ridden.  Line: 'DT_THERM = 150' in file MOM_override.

NOTE from PE     0: fms_affinity_set: OCEAN affinity assumes hyper-threading hardware disabled
 MOM_domains_mod OMPthreading             0            0            1

WARNING from PE     0: MOM_file_parser : NIGLOBAL over-ridden.  Line: 'NIGLOBAL = 512' in file MOM_override.


WARNING from PE     0: MOM_file_parser : NJGLOBAL over-ridden.  Line: 'NJGLOBAL = 256' in file MOM_override.

 MOM_in domain decomposition
whalo =    4, ehalo =    4, shalo =    4, nhalo =    4
  X-AXIS =  103 102 102 102 103
  Y-AXIS =  128 128
 MOM_inc domain decomposition
whalo =    2, ehalo =    2, shalo =    2, nhalo =    2
  X-AXIS =   52  51  50  51  52
  Y-AXIS =   64  64
NOTE from PE     0: diag_manager_mod::diag_manager_init: prepend_date only supported when diag_manager_init is called with time_init present.
NOTE from PE     0: diag_manager_mod::diag_manager_init: You are using the legacy version of the diag table
 MOM_in domain decomposition
whalo =    4, ehalo =    4, shalo =    4, nhalo =    4
  X-AXIS =  103 102 102 102 103
  Y-AXIS =  128 128
 MOM_in domain decomposition
whalo =    2, ehalo =    2, shalo =    2, nhalo =    2
  X-AXIS =   52  51  50  51  52
  Y-AXIS =   64  64

WARNING from PE     0: MOM_file_parser : NK over-ridden.  Line: 'NK = 100' in file MOM_override.

 MOM_in domain decomposition
whalo =    4, ehalo =    4, shalo =    4, nhalo =    4
  X-AXIS =  103 102 102 102 103
  Y-AXIS =  128 128
 MOM_in domain decomposition
whalo =    2, ehalo =    2, shalo =    2, nhalo =    2
  X-AXIS =   52  51  50  51  52
  Y-AXIS =   64  64

WARNING from PE     0: Open_file is appending .nc to the filename ./ocean_geometry


WARNING from PE     0: MOM_file_parser : COORD_CONFIG over-ridden.  Line: 'COORD_CONFIG = "linear"' in file MOM_override.

 MOM_in domain decomposition
whalo =    4, ehalo =    4, shalo =    4, nhalo =    4
  X-AXIS =  103 102 102 102 103
  Y-AXIS =  128 128
 MOM_in domain decomposition
whalo =    2, ehalo =    2, shalo =    2, nhalo =    2
  X-AXIS =   52  51  50  51  52
  Y-AXIS =   64  64
 MOM_in domain decomposition
whalo =    4, ehalo =    4, shalo =    4, nhalo =    4
  X-AXIS =  103 102 102 102 103
  Y-AXIS =  128 128
 MOM_in domain decomposition
whalo =    2, ehalo =    2, shalo =    2, nhalo =    2
  X-AXIS =   52  51  50  51  52
  Y-AXIS =   64  64

WARNING from PE     0: ./Depth_list.nc checksums do not match; updating file.


WARNING from PE     0: MOM_file_parser : DT_FORCING over-ridden.  Line: 'DT_FORCING = 150' in file MOM_override.


WARNING from PE     0: MOM_file_parser : DAYMAX over-ridden.  Line: 'DAYMAX = 150' in file MOM_override.


WARNING from PE     0: Unused line in MOM_input : GINT = 0.0098


WARNING from PE     0: open_ASCII_file: File ./CPU_stats opened WRITEONLY already exists!


WARNING from PE     0: open_ASCII_file: File ./ocean.stats opened WRITEONLY already exists!

MOM Time       0.000      0: En 9.167549E-12, MaxCFL  0.00000, Mass 5.286433166925E+18
    Total Energy: 41871BF89CE9F99F  4.8463635614245646E+07
    Total Mass:   5.2864331669247314E+18, Change:   0.0000000000000000E+00 Error:  0.00000E+00 ( 0.0E+00)
MOM Time      50.000     50: En 3.628256E-06, MaxCFL  0.00070, Mass 5.286433166925E+18
    Total Energy: 42B171D0E6F598AD  1.9180533773720676E+13
    Total Mass:   5.2864331669247314E+18, Change:   4.6828678089275229E+01 Error:  4.68287E+01 ( 8.9E-18)
MOM Time     100.000    100: En 1.302024E-05, MaxCFL  0.00126, Mass 5.286433166925E+18
    Total Energy: 42CF4CEFFF39F0E5  6.8830608913377789E+13
    Total Mass:   5.2864331669247314E+18, Change:  -4.4074424865870521E-01 Error: -4.40744E-01 (-8.3E-20)
 MOM_in domain decomposition
whalo =    4, ehalo =    4, shalo =    4, nhalo =    4
  X-AXIS =  103 102 102 102 103
  Y-AXIS =  128 128
 MOM_in domain decomposition
whalo =    2, ehalo =    2, shalo =    2, nhalo =    2
  X-AXIS =   52  51  50  51  52
  Y-AXIS =   64  64
 MOM_in domain decomposition
whalo =    4, ehalo =    4, shalo =    4, nhalo =    4
  X-AXIS =  103 102 102 102 103
  Y-AXIS =  128 128
 MOM_in domain decomposition
whalo =    2, ehalo =    2, shalo =    2, nhalo =    2
  X-AXIS =   52  51  50  51  52
  Y-AXIS =   64  64
MOM Time     150.000    150: En 2.597818E-05, MaxCFL  0.00165, Mass 5.286433166925E+18
    Total Energy: 42DF39C52ABA2CF0  1.3733192603461175E+14
    Total Mass:   5.2864331669247314E+18, Change:  -6.8041288220255325E-01 Error: -6.80413E-01 (-1.3E-19)
 MOM_in domain decomposition
whalo =    4, ehalo =    4, shalo =    4, nhalo =    4
  X-AXIS =  103 102 102 102 103
  Y-AXIS =  128 128
 MOM_in domain decomposition
whalo =    2, ehalo =    2, shalo =    2, nhalo =    2
  X-AXIS =   52  51  50  51  52
  Y-AXIS =   64  64

WARNING from PE     0: open_ASCII_file: File RESTART/ocean_solo.res opened WRITEONLY already exists!


WARNING from PE     0: open_ASCII_file: File exitcode opened WRITEONLY already exists!

 MPP_DOMAINS_STACK high water mark=       726400

Tabulating mpp_clock statistics across     10 PEs...

                                      hits          tmin          tmax          tavg          tstd  tfrac grain pemin pemax
Total runtime                            1     18.477165     18.486841     18.480030      0.003721  1.000     0     0     9
Initialization                           1      0.840822      0.849247      0.843363      0.003137  0.046     0     0     9
Main loop                                1     14.537292     14.537643     14.537592      0.000101  0.786     0     0     9
Termination                              1      3.096882      3.097373      3.097322      0.000147  0.168     0     0     9
Ocean                                   80     18.423254     18.436867     18.426357      0.004295  0.997     1     0     9
Ocean Initialization                     2      0.853102      0.865816      0.856106      0.004073  0.046    11     0     9
Ocean dynamics                         300      6.166268      6.199097      6.185368      0.010012  0.335    11     0     9
Ocean thermodynamics and tracers       225      0.052629      0.070880      0.061030      0.006959  0.003    11     0     9
Ocean grid generation and remapp         0      0.000000      0.000000      0.000000      0.000000  0.000    11     0     9
Ocean Other                            450      0.716566      0.794857      0.749490      0.026184  0.041    11     0     9
Ocean MOM_end                            1      0.000527      0.000738      0.000615      0.000069  0.000    11     0     9
(Ocean tracer advection)               150      0.003985      0.004455      0.004228      0.000155  0.000    21     0     9
(Ocean adiabatic driver)                75      0.048238      0.066491      0.056744      0.006897  0.003    21     0     9
(Ocean continuity equation *)            0      0.000000      0.000000      0.000000      0.000000  0.000    31     0     9
(Ocean set BBL viscosity)               75      0.053577      0.068517      0.062658      0.004210  0.003    31     0     9
(Ocean message passing *)              150      0.123517      0.242605      0.180688      0.042784  0.010    31     0     9
(Ocean MOM_initialize_state)             2      0.020263      0.024285      0.021063      0.001094  0.001    31     0     9
(Ocean init message passing *)           2      0.006672      0.009111      0.007865      0.000824  0.000    41     0     9
(Ocean mixed layer restrat)              0      0.000000      0.000000      0.000000      0.000000  0.000    31     0     9
(Ocean collective diagnostics)         375      0.144365      0.182531      0.163779      0.013134  0.009    31     0     9
(Ocean Z-space diagnostics)              0      0.000000      0.000000      0.000000      0.000000  0.000    31     0     9
(Ocean ALE)                              0      0.000000      0.000000      0.000000      0.000000  0.000    31     0     9
(Stochastic EOS)                       150      0.000020      0.000025      0.000022      0.000001  0.000    31     0     9
(SGS Temperature Variance)             150      0.000006      0.000007      0.000006      0.000000  0.000    31     0     9
(Ocean MOM save_restart)                 3      9.399496      9.406564      9.401400      0.002632  0.509    31     0     9
(Ocean diagnostics framework)            0      0.000000      0.000000      0.000000      0.000000  0.000    31     0     9
(Ocean diagnostics remapping)            0      0.000000      0.000000      0.000000      0.000000  0.000    41     0     9
(Ocean diagnostics grid updates)       526      0.581455      0.595554      0.587527      0.004792  0.032    41     0     9
(Ocean init message passing)             4      0.006869      0.011236      0.009560      0.001384  0.001    41     0     9
(Ocean continuity reconstruction       902      0.075709      0.082973      0.079342      0.001897  0.004    41     0     9
(Ocean continuity update)              902      0.021623      0.025323      0.022301      0.001040  0.001    41     0     9
(Ocean continuity correction)          902      1.801448      2.147344      2.019425      0.091471  0.109    41     0     9
(Ocean BT pre-calcs only)             1200      0.234973      0.243933      0.239033      0.003887  0.013    41     0     9
(Ocean BT pre-step halo updates)      1200      0.848736      0.973856      0.905222      0.039303  0.049    41     0     9
(Ocean BT stepping calcs only)         600      0.200387      0.216022      0.207419      0.005386  0.011    41     0     9
(Ocean BT stepping halo updates)       300      0.085817      0.105701      0.094461      0.007319  0.005    41     0     9
(Ocean BT post-calcs only)             900      0.025836      0.027191      0.026429      0.000502  0.001    41     0     9
(Ocean BT post-step halo updates       600      0.147287      0.167795      0.159342      0.005676  0.009    41     0     9
(Ocean BT global synch)                  0      0.000000      0.000000      0.000000      0.000000  0.000    41     0     9
(Ocean Coriolis & mom advection)       300      0.162120      0.208453      0.200922      0.013029  0.011    31     0     9
(Ocean continuity equation)            450      1.926612      2.276833      2.144934      0.091143  0.116    31     0     9
(Ocean pressure force)                 150      0.515690      0.572531      0.551868      0.016960  0.030    31     0     9
(Ocean vertical viscosity)             450      0.691912      0.702417      0.695649      0.003144  0.038    31     0     9
(Ocean horizontal viscosity)           150      0.166473      0.190533      0.184135      0.006223  0.010    31     0     9
(Ocean momentum increments)            300      0.016080      0.016537      0.016304      0.000163  0.001    31     0     9
(Ocean message passing)               1350      0.424503      0.716109      0.553283      0.074093  0.030    31     0     9
(Ocean barotropic mode calc)           300      0.009777      0.010086      0.009909      0.000100  0.001    31     0     9
(Ocean barotropic mode stepping)       300      1.599406      1.706085      1.646159      0.034566  0.089    31     0     9
(Ocean barotropic forcing calc)        300      0.015954      0.017120      0.016482      0.000292  0.001    31     0     9
(Ocean advect tracer)                    0      0.000000      0.000000      0.000000      0.000000  0.000    31     0     9
(Ocean tracer halo updates)              0      0.000000      0.000000      0.000000      0.000000  0.000    41     0     9
(Ocean tracer global synch)              0      0.000000      0.000000      0.000000      0.000000  0.000    41     0     9
(Ocean diffuse tracer)                   0      0.000000      0.000000      0.000000      0.000000  0.000    31     0     9
(Ocean epipycnal diffuse tracer)         0      0.000000      0.000000      0.000000      0.000000  0.000    31     0     9
(Ocean surface forcing)                 76      0.001944      0.002766      0.002091      0.000234  0.000    31     0     9
(Ocean forcing diagnostics)            150      0.000176      0.000262      0.000216      0.000032  0.000    41     0     9
 MPP_STACK high water mark=            0
