NOTE from PE     0: MPP_DOMAINS_SET_STACK_SIZE: stack size set to    32768.
NOTE from PE     0: MPP_DOMAINS_SET_STACK_SIZE: stack size set to  3000000.
NOTE from PE     0: ======== Model being driven by MOM_driver ========
NOTE from PE     0: callTree: o Program MOM_main, MOM_driver.F90
NOTE from PE     0: fms_affinity_set: OCEAN affinity assumes hyper-threading hardware disabled
 MOM_domains_mod OMPthreading             0            0            1
 MOM_domains_mod OMPthreading             1            0            1
NOTE from PE     0: open_param_file: MOM_input has been opened successfully.
 MOM_domains_mod OMPthreading             1            0            1
 MOM_domains_mod OMPthreading             1            0            1
 MOM_domains_mod OMPthreading             0            0            1
 MOM_domains_mod OMPthreading             0            0            1
 MOM_domains_mod OMPthreading             1            0            1
 MOM_domains_mod OMPthreading             1            0            1
 MOM_domains_mod OMPthreading             0            0            1
 MOM_domains_mod OMPthreading             0            0            1
NOTE from PE     0: open_param_file: MOM_override has been opened successfully.
 MOM_domains_mod OMPthreading             1            0            1
 MOM_domains_mod OMPthreading             1            0            1
 MOM_domains_mod OMPthreading             1            0            1
 MOM_domains_mod OMPthreading             1            0            1
 MOM_domains_mod OMPthreading             1            0            1
 MOM_domains_mod OMPthreading             0            0            1
 MOM_domains_mod OMPthreading             0            0            1
 MOM_domains_mod OMPthreading             0            0            1
 MOM_domains_mod OMPthreading             0            0            1

WARNING from PE     0: MOM_file_parser : DT over-ridden.  Line: 'DT = 150' in file MOM_override.


WARNING from PE     0: MOM_file_parser : DT_THERM over-ridden.  Line: 'DT_THERM = 300' in file MOM_override.

NOTE from PE     0: fms_affinity_set: OCEAN affinity assumes hyper-threading hardware disabled
 MOM_domains_mod OMPthreading             0            0            1

WARNING from PE     0: MOM_file_parser : NIGLOBAL over-ridden.  Line: 'NIGLOBAL = 256' in file MOM_override.


WARNING from PE     0: MOM_file_parser : NJGLOBAL over-ridden.  Line: 'NJGLOBAL = 256' in file MOM_override.

 MOM_in domain decomposition
whalo =    4, ehalo =    4, shalo =    4, nhalo =    4
  X-AXIS =   52  51  50  51  52
  Y-AXIS =  128 128
 MOM_inc domain decomposition
whalo =    2, ehalo =    2, shalo =    2, nhalo =    2
  X-AXIS =   26  26  24  26  26
  Y-AXIS =   64  64
NOTE from PE     0: diag_manager_mod::diag_manager_init: prepend_date only supported when diag_manager_init is called with time_init present.
NOTE from PE     0: diag_manager_mod::diag_manager_init: You are using the legacy version of the diag table
 MOM_in domain decomposition
whalo =    4, ehalo =    4, shalo =    4, nhalo =    4
  X-AXIS =   52  51  50  51  52
  Y-AXIS =  128 128
 MOM_in domain decomposition
whalo =    2, ehalo =    2, shalo =    2, nhalo =    2
  X-AXIS =   26  26  24  26  26
  Y-AXIS =   64  64

WARNING from PE     0: MOM_file_parser : NK over-ridden.  Line: 'NK = 100' in file MOM_override.

 MOM_in domain decomposition
whalo =    4, ehalo =    4, shalo =    4, nhalo =    4
  X-AXIS =   52  51  50  51  52
  Y-AXIS =  128 128
 MOM_in domain decomposition
whalo =    2, ehalo =    2, shalo =    2, nhalo =    2
  X-AXIS =   26  26  24  26  26
  Y-AXIS =   64  64

WARNING from PE     0: Open_file is appending .nc to the filename ./ocean_geometry


WARNING from PE     0: MOM_file_parser : COORD_CONFIG over-ridden.  Line: 'COORD_CONFIG = "linear"' in file MOM_override.

 MOM_in domain decomposition
whalo =    4, ehalo =    4, shalo =    4, nhalo =    4
  X-AXIS =   52  51  50  51  52
  Y-AXIS =  128 128
 MOM_in domain decomposition
whalo =    2, ehalo =    2, shalo =    2, nhalo =    2
  X-AXIS =   26  26  24  26  26
  Y-AXIS =   64  64
 MOM_in domain decomposition
whalo =    4, ehalo =    4, shalo =    4, nhalo =    4
  X-AXIS =   52  51  50  51  52
  Y-AXIS =  128 128
 MOM_in domain decomposition
whalo =    2, ehalo =    2, shalo =    2, nhalo =    2
  X-AXIS =   26  26  24  26  26
  Y-AXIS =   64  64

WARNING from PE     0: ./Depth_list.nc checksums do not match; updating file.


WARNING from PE     0: MOM_file_parser : DT_FORCING over-ridden.  Line: 'DT_FORCING = 300' in file MOM_override.


WARNING from PE     0: MOM_file_parser : DAYMAX over-ridden.  Line: 'DAYMAX = 150' in file MOM_override.


WARNING from PE     0: Unused line in MOM_input : GINT = 0.0098


WARNING from PE     0: open_ASCII_file: File ./CPU_stats opened WRITEONLY already exists!


WARNING from PE     0: open_ASCII_file: File ./ocean.stats opened WRITEONLY already exists!

MOM Time       0.000      0: En 9.167136E-12, MaxCFL  0.00000, Mass 5.286457540076E+18
    Total Energy: 41871BBB6CBE4AD6  4.8461677592916176E+07
    Total Mass:   5.2864575400760177E+18, Change:   0.0000000000000000E+00 Error:  0.00000E+00 ( 0.0E+00)
MOM Time      50.000     50: En 1.299125E-05, MaxCFL  0.00126, Mass 5.286457540076E+18
    Total Energy: 42CF3B228AE34090  6.8677686118017125E+13
    Total Mass:   5.2864575400760177E+18, Change:   2.3494412522268384E+01 Error:  2.34944E+01 ( 4.4E-18)
MOM Time     100.000    100: En 4.033843E-05, MaxCFL  0.00184, Mass 5.286457540076E+18
    Total Energy: 42E83E50EE1C7174  2.1324739856884363E+14
    Total Mass:   5.2864575400760177E+18, Change:   7.1716054848639743E-02 Error:  7.17161E-02 ( 1.4E-20)
 MOM_in domain decomposition
whalo =    4, ehalo =    4, shalo =    4, nhalo =    4
  X-AXIS =   52  51  50  51  52
  Y-AXIS =  128 128
 MOM_in domain decomposition
whalo =    2, ehalo =    2, shalo =    2, nhalo =    2
  X-AXIS =   26  26  24  26  26
  Y-AXIS =   64  64
 MOM_in domain decomposition
whalo =    4, ehalo =    4, shalo =    4, nhalo =    4
  X-AXIS =   52  51  50  51  52
  Y-AXIS =  128 128
 MOM_in domain decomposition
whalo =    2, ehalo =    2, shalo =    2, nhalo =    2
  X-AXIS =   26  26  24  26  26
  Y-AXIS =   64  64
MOM Time     150.000    150: En 6.647693E-05, MaxCFL  0.00207, Mass 5.286457540076E+18
    Total Energy: 42F3F9F1600EDE6A  3.5142747822026263E+14
    Total Mass:   5.2864575400760177E+18, Change:   5.3218839134091755E-01 Error:  5.32188E-01 ( 1.0E-19)
 MOM_in domain decomposition
whalo =    4, ehalo =    4, shalo =    4, nhalo =    4
  X-AXIS =   52  51  50  51  52
  Y-AXIS =  128 128
 MOM_in domain decomposition
whalo =    2, ehalo =    2, shalo =    2, nhalo =    2
  X-AXIS =   26  26  24  26  26
  Y-AXIS =   64  64

WARNING from PE     0: open_ASCII_file: File RESTART/ocean_solo.res opened WRITEONLY already exists!


WARNING from PE     0: open_ASCII_file: File exitcode opened WRITEONLY already exists!

 MPP_DOMAINS_STACK high water mark=       624400

Tabulating mpp_clock statistics across     10 PEs...

                                      hits          tmin          tmax          tavg          tstd  tfrac grain pemin pemax
Total runtime                            1     12.125714     12.137154     12.129545      0.004175  0.999     0     0     9
Initialization                           1      0.567934      0.577240      0.571250      0.003252  0.047     0     0     9
Main loop                                1      9.978117      9.978350      9.978315      0.000067  0.822     0     0     9
Termination                              1      1.577549      1.578155      1.578093      0.000181  0.130     0     0     9
Ocean                                   80     12.074750     12.088811     12.078505      0.004281  0.995     1     0     9
Ocean Initialization                     2      0.584144      0.597501      0.587916      0.004120  0.048    11     0     9
Ocean dynamics                         300      5.634045      5.674834      5.653415      0.013992  0.466    11     0     9
Ocean thermodynamics and tracers       225      0.023347      0.035132      0.030162      0.003833  0.002    11     0     9
Ocean grid generation and remapp         0      0.000000      0.000000      0.000000      0.000000  0.000    11     0     9
Ocean Other                            450      0.441325      0.581810      0.512196      0.053539  0.042    11     0     9
Ocean MOM_end                            1      0.000375      0.000742      0.000632      0.000122  0.000    11     0     9
(Ocean tracer advection)               150      0.003159      0.004051      0.003517      0.000317  0.000    21     0     9
(Ocean adiabatic driver)                75      0.019259      0.031359      0.026603      0.003880  0.002    21     0     9
(Ocean continuity equation *)            0      0.000000      0.000000      0.000000      0.000000  0.000    31     0     9
(Ocean set BBL viscosity)               75      0.039108      0.057112      0.047585      0.007274  0.004    31     0     9
(Ocean message passing *)              150      0.094714      0.326495      0.225671      0.090767  0.019    31     0     9
(Ocean MOM_initialize_state)             2      0.013815      0.024066      0.014945      0.003041  0.001    31     0     9
(Ocean init message passing *)           2      0.005780      0.008135      0.007145      0.000864  0.001    41     0     9
(Ocean mixed layer restrat)              0      0.000000      0.000000      0.000000      0.000000  0.000    31     0     9
(Ocean collective diagnostics)         375      0.064694      0.237029      0.140631      0.070319  0.012    31     0     9
(Ocean Z-space diagnostics)              0      0.000000      0.000000      0.000000      0.000000  0.000    31     0     9
(Ocean ALE)                              0      0.000000      0.000000      0.000000      0.000000  0.000    31     0     9
(Stochastic EOS)                       150      0.000019      0.000028      0.000022      0.000003  0.000    31     0     9
(SGS Temperature Variance)             150      0.000006      0.000006      0.000006      0.000000  0.000    31     0     9
(Ocean MOM save_restart)                 3      4.610656      4.614053      4.612041      0.001077  0.380    31     0     9
(Ocean diagnostics framework)            0      0.000000      0.000000      0.000000      0.000000  0.000    31     0     9
(Ocean diagnostics remapping)            0      0.000000      0.000000      0.000000      0.000000  0.000    41     0     9
(Ocean diagnostics grid updates)       526      0.308455      0.327705      0.315690      0.005536  0.026    41     0     9
(Ocean init message passing)             4      0.007579      0.011342      0.009414      0.001211  0.001    41     0     9
(Ocean continuity reconstruction       902      0.054267      0.058890      0.056261      0.001352  0.005    41     0     9
(Ocean continuity update)              902      0.015465      0.016181      0.015817      0.000274  0.001    41     0     9
(Ocean continuity correction)          902      1.704326      1.979871      1.882898      0.072445  0.155    41     0     9
(Ocean BT pre-calcs only)             1200      0.216945      0.230968      0.222494      0.005189  0.018    41     0     9
(Ocean BT pre-step halo updates)      1200      0.810802      0.975489      0.920528      0.059192  0.076    41     0     9
(Ocean BT stepping calcs only)         600      0.199608      0.213447      0.205747      0.004895  0.017    41     0     9
(Ocean BT stepping halo updates)       300      0.084412      0.102861      0.092514      0.006933  0.008    41     0     9
(Ocean BT post-calcs only)             900      0.021575      0.022833      0.022099      0.000458  0.002    41     0     9
(Ocean BT post-step halo updates       600      0.148354      0.161620      0.156325      0.004607  0.013    41     0     9
(Ocean BT global synch)                  0      0.000000      0.000000      0.000000      0.000000  0.000    41     0     9
(Ocean Coriolis & mom advection)       300      0.108452      0.168171      0.138218      0.028200  0.011    31     0     9
(Ocean continuity equation)            450      1.783791      2.076484      1.961839      0.076445  0.162    31     0     9
(Ocean pressure force)                 150      0.499089      0.550814      0.522435      0.015642  0.043    31     0     9
(Ocean vertical viscosity)             450      0.586543      0.598732      0.593132      0.003839  0.049    31     0     9
(Ocean horizontal viscosity)           150      0.102793      0.155660      0.129078      0.024420  0.011    31     0     9
(Ocean momentum increments)            300      0.011232      0.011869      0.011484      0.000196  0.001    31     0     9
(Ocean message passing)               1350      0.383180      0.642784      0.511373      0.075153  0.042    31     0     9
(Ocean barotropic mode calc)           300      0.008829      0.009318      0.009135      0.000148  0.001    31     0     9
(Ocean barotropic mode stepping)       300      1.538729      1.690251      1.633270      0.053490  0.135    31     0     9
(Ocean barotropic forcing calc)        300      0.010730      0.013970      0.011447      0.000885  0.001    31     0     9
(Ocean advect tracer)                    0      0.000000      0.000000      0.000000      0.000000  0.000    31     0     9
(Ocean tracer halo updates)              0      0.000000      0.000000      0.000000      0.000000  0.000    41     0     9
(Ocean tracer global synch)              0      0.000000      0.000000      0.000000      0.000000  0.000    41     0     9
(Ocean diffuse tracer)                   0      0.000000      0.000000      0.000000      0.000000  0.000    31     0     9
(Ocean epipycnal diffuse tracer)         0      0.000000      0.000000      0.000000      0.000000  0.000    31     0     9
(Ocean surface forcing)                 76      0.001695      0.002470      0.001814      0.000220  0.000    31     0     9
(Ocean forcing diagnostics)            150      0.000147      0.000269      0.000204      0.000040  0.000    41     0     9
 MPP_STACK high water mark=            0
