NOTE from PE     0: MPP_DOMAINS_SET_STACK_SIZE: stack size set to    32768.
NOTE from PE     0: MPP_DOMAINS_SET_STACK_SIZE: stack size set to  3000000.
NOTE from PE     0: ======== Model being driven by MOM_driver ========
NOTE from PE     0: callTree: o Program MOM_main, MOM_driver.F90
NOTE from PE     0: fms_affinity_set: OCEAN affinity assumes hyper-threading hardware disabled
 MOM_domains_mod OMPthreading             0            0            1
 MOM_domains_mod OMPthreading             1            0            1
 MOM_domains_mod OMPthreading             1            0            1
 MOM_domains_mod OMPthreading             0            0            1
NOTE from PE     0: open_param_file: MOM_input has been opened successfully.
NOTE from PE     0: open_param_file: MOM_override has been opened successfully.
 MOM_domains_mod OMPthreading             1            0            1
 MOM_domains_mod OMPthreading             1            0            1
 MOM_domains_mod OMPthreading             0            0            1

WARNING from PE     0: MOM_file_parser : DT over-ridden.  Line: 'DT = 600' in file MOM_override.


WARNING from PE     0: MOM_file_parser : DT_THERM over-ridden.  Line: 'DT_THERM = 1200' in file MOM_override.

NOTE from PE     0: fms_affinity_set: OCEAN affinity assumes hyper-threading hardware disabled
 MOM_domains_mod OMPthreading             0            0            1

WARNING from PE     0: MOM_file_parser : NIGLOBAL over-ridden.  Line: 'NIGLOBAL = 64' in file MOM_override.


WARNING from PE     0: MOM_file_parser : NJGLOBAL over-ridden.  Line: 'NJGLOBAL = 64' in file MOM_override.

 MOM_in domain decomposition
whalo =    4, ehalo =    4, shalo =    4, nhalo =    4
  X-AXIS =   32  32
  Y-AXIS =   32  32
 MOM_inc domain decomposition
whalo =    2, ehalo =    2, shalo =    2, nhalo =    2
  X-AXIS =   16  16
  Y-AXIS =   16  16
NOTE from PE     0: diag_manager_mod::diag_manager_init: prepend_date only supported when diag_manager_init is called with time_init present.
NOTE from PE     0: diag_manager_mod::diag_manager_init: You are using the legacy version of the diag table
 MOM_in domain decomposition
whalo =    4, ehalo =    4, shalo =    4, nhalo =    4
  X-AXIS =   32  32
  Y-AXIS =   32  32
 MOM_in domain decomposition
whalo =    2, ehalo =    2, shalo =    2, nhalo =    2
  X-AXIS =   16  16
  Y-AXIS =   16  16

WARNING from PE     0: MOM_file_parser : NK over-ridden.  Line: 'NK = 100' in file MOM_override.

 MOM_in domain decomposition
whalo =    4, ehalo =    4, shalo =    4, nhalo =    4
  X-AXIS =   32  32
  Y-AXIS =   32  32
 MOM_in domain decomposition
whalo =    2, ehalo =    2, shalo =    2, nhalo =    2
  X-AXIS =   16  16
  Y-AXIS =   16  16

WARNING from PE     0: Open_file is appending .nc to the filename ./ocean_geometry


WARNING from PE     0: MOM_file_parser : COORD_CONFIG over-ridden.  Line: 'COORD_CONFIG = "linear"' in file MOM_override.

 MOM_in domain decomposition
whalo =    4, ehalo =    4, shalo =    4, nhalo =    4
  X-AXIS =   32  32
  Y-AXIS =   32  32
 MOM_in domain decomposition
whalo =    2, ehalo =    2, shalo =    2, nhalo =    2
  X-AXIS =   16  16
  Y-AXIS =   16  16
 MOM_in domain decomposition
whalo =    4, ehalo =    4, shalo =    4, nhalo =    4
  X-AXIS =   32  32
  Y-AXIS =   32  32
 MOM_in domain decomposition
whalo =    2, ehalo =    2, shalo =    2, nhalo =    2
  X-AXIS =   16  16
  Y-AXIS =   16  16

WARNING from PE     0: ./Depth_list.nc checksums do not match; updating file.


WARNING from PE     0: MOM_file_parser : DT_FORCING over-ridden.  Line: 'DT_FORCING = 1200' in file MOM_override.


WARNING from PE     0: MOM_file_parser : DAYMAX over-ridden.  Line: 'DAYMAX = 150' in file MOM_override.


WARNING from PE     0: Unused line in MOM_input : GINT = 0.0098


WARNING from PE     0: open_ASCII_file: File ./CPU_stats opened WRITEONLY already exists!


WARNING from PE     0: open_ASCII_file: File ./ocean.stats opened WRITEONLY already exists!

MOM Time       0.000      0: En 9.154261E-12, MaxCFL  0.00000, Mass 5.287164009544E+18
    Total Energy: 418714367417D6D3  4.8400078511640213E+07
    Total Mass:   5.2871640095440794E+18, Change:   0.0000000000000000E+00 Error:  0.00000E+00 ( 0.0E+00)
MOM Time      50.000     50: En 7.963171E-05, MaxCFL  0.00255, Mass 5.287164009544E+18
    Total Energy: 42F7EEBBD283F64A  4.2102593265648463E+14
    Total Mass:   5.2871640095440794E+18, Change:   3.4495196298033534E+01 Error:  3.44952E+01 ( 6.5E-18)
MOM Time     100.000    100: En 2.338658E-05, MaxCFL  0.00134, Mass 5.287164009544E+18
    Total Energy: 42DC1D4CE3252624  1.2364867833564056E+14
    Total Mass:   5.2871640095440794E+18, Change:  -2.6650572587475096E+00 Error: -2.66506E+00 (-5.0E-19)
 MOM_in domain decomposition
whalo =    4, ehalo =    4, shalo =    4, nhalo =    4
  X-AXIS =   32  32
  Y-AXIS =   32  32
 MOM_in domain decomposition
whalo =    2, ehalo =    2, shalo =    2, nhalo =    2
  X-AXIS =   16  16
  Y-AXIS =   16  16
 MOM_in domain decomposition
whalo =    4, ehalo =    4, shalo =    4, nhalo =    4
  X-AXIS =   32  32
  Y-AXIS =   32  32
 MOM_in domain decomposition
whalo =    2, ehalo =    2, shalo =    2, nhalo =    2
  X-AXIS =   16  16
  Y-AXIS =   16  16
MOM Time     150.000    150: En 5.699787E-05, MaxCFL  0.00205, Mass 5.287164009544E+18
    Total Energy: 42F12152AB7C958D  3.0135709701154481E+14
    Total Mass:   5.2871640095440794E+18, Change:  -8.0114739019887082E+00 Error: -8.01147E+00 (-1.5E-18)
 MOM_in domain decomposition
whalo =    4, ehalo =    4, shalo =    4, nhalo =    4
  X-AXIS =   32  32
  Y-AXIS =   32  32
 MOM_in domain decomposition
whalo =    2, ehalo =    2, shalo =    2, nhalo =    2
  X-AXIS =   16  16
  Y-AXIS =   16  16

WARNING from PE     0: open_ASCII_file: File RESTART/ocean_solo.res opened WRITEONLY already exists!


WARNING from PE     0: open_ASCII_file: File exitcode opened WRITEONLY already exists!

 MPP_DOMAINS_STACK high water mark=       133600

Tabulating mpp_clock statistics across      4 PEs...

                                      hits          tmin          tmax          tavg          tstd  tfrac grain pemin pemax
Total runtime                            1      5.221732      5.221751      5.221741      0.000009  1.000     0     0     3
Initialization                           1      0.252094      0.252861      0.252342      0.000304  0.048     0     0     3
Main loop                                1      4.863742      4.864344      4.864186      0.000256  0.932     0     0     3
Termination                              1      0.102842      0.103087      0.103025      0.000105  0.020     0     0     3
Ocean                                   80      5.182770      5.186719      5.183802      0.001686  0.993     1     0     3
Ocean Initialization                     2      0.263749      0.266708      0.264532      0.001256  0.051    11     0     3
Ocean dynamics                         300      4.326606      4.327752      4.327317      0.000441  0.829    11     0     3
Ocean thermodynamics and tracers       225      0.006642      0.008471      0.007333      0.000757  0.001    11     0     3
Ocean grid generation and remapp         0      0.000000      0.000000      0.000000      0.000000  0.000    11     0     3
Ocean Other                            450      0.150711      0.157518      0.154034      0.003320  0.029    11     0     3
Ocean MOM_end                            1      0.000547      0.000570      0.000563      0.000009  0.000    11     0     3
(Ocean tracer advection)               150      0.002400      0.002488      0.002454      0.000035  0.000    21     0     3
(Ocean adiabatic driver)                75      0.004133      0.005959      0.004847      0.000758  0.001    21     0     3
(Ocean continuity equation *)            0      0.000000      0.000000      0.000000      0.000000  0.000    31     0     3
(Ocean set BBL viscosity)               75      0.035831      0.037179      0.036472      0.000486  0.007    31     0     3
(Ocean message passing *)              150      0.066282      0.069472      0.067921      0.001218  0.013    31     0     3
(Ocean MOM_initialize_state)             2      0.007201      0.011581      0.008319      0.001883  0.002    31     0     3
(Ocean init message passing *)           2      0.003350      0.003496      0.003406      0.000054  0.001    41     0     3
(Ocean mixed layer restrat)              0      0.000000      0.000000      0.000000      0.000000  0.000    31     0     3
(Ocean collective diagnostics)         375      0.011283      0.015656      0.013008      0.001843  0.002    31     0     3
(Ocean Z-space diagnostics)              0      0.000000      0.000000      0.000000      0.000000  0.000    31     0     3
(Ocean ALE)                              0      0.000000      0.000000      0.000000      0.000000  0.000    31     0     3
(Stochastic EOS)                       150      0.000012      0.000014      0.000012      0.000001  0.000    31     0     3
(SGS Temperature Variance)             150      0.000006      0.000009      0.000007      0.000001  0.000    31     0     3
(Ocean MOM save_restart)                 3      0.305589      0.306230      0.305775      0.000264  0.059    31     0     3
(Ocean diagnostics framework)            0      0.000000      0.000000      0.000000      0.000000  0.000    31     0     3
(Ocean diagnostics remapping)            0      0.000000      0.000000      0.000000      0.000000  0.000    41     0     3
(Ocean diagnostics grid updates)       526      0.062357      0.062728      0.062518      0.000146  0.012    41     0     3
(Ocean init message passing)             4      0.001421      0.001920      0.001737      0.000190  0.000    41     0     3
(Ocean continuity reconstruction       902      0.036703      0.038351      0.037498      0.000740  0.007    41     0     3
(Ocean continuity update)              902      0.010792      0.011301      0.011045      0.000232  0.002    41     0     3
(Ocean continuity correction)          902      1.649938      1.679982      1.660744      0.012262  0.318    41     0     3
(Ocean BT pre-calcs only)             1200      0.199022      0.208577      0.204046      0.004489  0.039    41     0     3
(Ocean BT pre-step halo updates)      1200      0.526439      0.553532      0.543841      0.010339  0.104    41     0     3
(Ocean BT stepping calcs only)         600      0.194903      0.206696      0.200274      0.005021  0.038    41     0     3
(Ocean BT stepping halo updates)       300      0.052205      0.055036      0.053474      0.001058  0.010    41     0     3
(Ocean BT post-calcs only)             900      0.017662      0.018595      0.018102      0.000424  0.003    41     0     3
(Ocean BT post-step halo updates       600      0.091396      0.101985      0.097373      0.004616  0.019    41     0     3
(Ocean BT global synch)                  0      0.000000      0.000000      0.000000      0.000000  0.000    41     0     3
(Ocean Coriolis & mom advection)       300      0.076922      0.079126      0.078238      0.000841  0.015    31     0     3
(Ocean continuity equation)            450      1.698497      1.729282      1.709604      0.012377  0.327    31     0     3
(Ocean pressure force)                 150      0.482823      0.514353      0.497190      0.014215  0.095    31     0     3
(Ocean vertical viscosity)             450      0.464476      0.466487      0.465468      0.000933  0.089    31     0     3
(Ocean horizontal viscosity)           150      0.062955      0.071415      0.065916      0.003250  0.013    31     0     3
(Ocean momentum increments)            300      0.007566      0.007926      0.007750      0.000161  0.001    31     0     3
(Ocean message passing)               1350      0.240827      0.283447      0.260404      0.018587  0.050    31     0     3
(Ocean barotropic mode calc)           300      0.007713      0.007801      0.007747      0.000036  0.001    31     0     3
(Ocean barotropic mode stepping)       300      1.116720      1.136849      1.129461      0.007723  0.216    31     0     3
(Ocean barotropic forcing calc)        300      0.006787      0.007181      0.006965      0.000176  0.001    31     0     3
(Ocean advect tracer)                    0      0.000000      0.000000      0.000000      0.000000  0.000    31     0     3
(Ocean tracer halo updates)              0      0.000000      0.000000      0.000000      0.000000  0.000    41     0     3
(Ocean tracer global synch)              0      0.000000      0.000000      0.000000      0.000000  0.000    41     0     3
(Ocean diffuse tracer)                   0      0.000000      0.000000      0.000000      0.000000  0.000    31     0     3
(Ocean epipycnal diffuse tracer)         0      0.000000      0.000000      0.000000      0.000000  0.000    31     0     3
(Ocean surface forcing)                 76      0.001603      0.002300      0.001815      0.000281  0.000    31     0     3
(Ocean forcing diagnostics)            150      0.000122      0.000232      0.000178      0.000046  0.000    41     0     3
 MPP_STACK high water mark=            0
