NOTE from PE     0: MPP_DOMAINS_SET_STACK_SIZE: stack size set to    32768.
NOTE from PE     0: MPP_DOMAINS_SET_STACK_SIZE: stack size set to  3000000.
NOTE from PE     0: ======== Model being driven by MOM_driver ========
NOTE from PE     0: callTree: o Program MOM_main, MOM_driver.F90
 MOM_domains_mod OMPthreading             1            0            1
NOTE from PE     0: fms_affinity_set: OCEAN affinity assumes hyper-threading hardware disabled
 MOM_domains_mod OMPthreading             0            0            1
 MOM_domains_mod OMPthreading             1            0            1
 MOM_domains_mod OMPthreading             0            0            1
NOTE from PE     0: open_param_file: MOM_input has been opened successfully.
NOTE from PE     0: open_param_file: MOM_override has been opened successfully.
 MOM_domains_mod OMPthreading             1            0            1
 MOM_domains_mod OMPthreading             0            0            1
 MOM_domains_mod OMPthreading             1            0            1

WARNING from PE     0: MOM_file_parser : DT over-ridden.  Line: 'DT = 600' in file MOM_override.


WARNING from PE     0: MOM_file_parser : DT_THERM over-ridden.  Line: 'DT_THERM = 1200' in file MOM_override.

NOTE from PE     0: fms_affinity_set: OCEAN affinity assumes hyper-threading hardware disabled
 MOM_domains_mod OMPthreading             0            0            1

WARNING from PE     0: MOM_file_parser : NIGLOBAL over-ridden.  Line: 'NIGLOBAL = 64' in file MOM_override.


WARNING from PE     0: MOM_file_parser : NJGLOBAL over-ridden.  Line: 'NJGLOBAL = 32' in file MOM_override.

 MOM_in domain decomposition
whalo =    4, ehalo =    4, shalo =    4, nhalo =    4
  X-AXIS =   32  32
  Y-AXIS =   16  16
 MOM_inc domain decomposition
whalo =    2, ehalo =    2, shalo =    2, nhalo =    2
  X-AXIS =   16  16
  Y-AXIS =    8   8
NOTE from PE     0: diag_manager_mod::diag_manager_init: prepend_date only supported when diag_manager_init is called with time_init present.
NOTE from PE     0: diag_manager_mod::diag_manager_init: You are using the legacy version of the diag table
 MOM_in domain decomposition
whalo =    4, ehalo =    4, shalo =    4, nhalo =    4
  X-AXIS =   32  32
  Y-AXIS =   16  16
 MOM_in domain decomposition
whalo =    2, ehalo =    2, shalo =    2, nhalo =    2
  X-AXIS =   16  16
  Y-AXIS =    8   8

WARNING from PE     0: MOM_file_parser : NK over-ridden.  Line: 'NK = 100' in file MOM_override.

 MOM_in domain decomposition
whalo =    4, ehalo =    4, shalo =    4, nhalo =    4
  X-AXIS =   32  32
  Y-AXIS =   16  16
 MOM_in domain decomposition
whalo =    2, ehalo =    2, shalo =    2, nhalo =    2
  X-AXIS =   16  16
  Y-AXIS =    8   8

WARNING from PE     0: Open_file is appending .nc to the filename ./ocean_geometry


WARNING from PE     0: MOM_file_parser : COORD_CONFIG over-ridden.  Line: 'COORD_CONFIG = "linear"' in file MOM_override.

 MOM_in domain decomposition
whalo =    4, ehalo =    4, shalo =    4, nhalo =    4
  X-AXIS =   32  32
  Y-AXIS =   16  16
 MOM_in domain decomposition
whalo =    2, ehalo =    2, shalo =    2, nhalo =    2
  X-AXIS =   16  16
  Y-AXIS =    8   8
 MOM_in domain decomposition
whalo =    4, ehalo =    4, shalo =    4, nhalo =    4
  X-AXIS =   32  32
  Y-AXIS =   16  16
 MOM_in domain decomposition
whalo =    2, ehalo =    2, shalo =    2, nhalo =    2
  X-AXIS =   16  16
  Y-AXIS =    8   8

WARNING from PE     0: ./Depth_list.nc checksums do not match; updating file.


WARNING from PE     0: MOM_file_parser : DT_FORCING over-ridden.  Line: 'DT_FORCING = 1200' in file MOM_override.


WARNING from PE     0: MOM_file_parser : DAYMAX over-ridden.  Line: 'DAYMAX = 150' in file MOM_override.


WARNING from PE     0: Unused line in MOM_input : GINT = 0.0098


WARNING from PE     0: open_ASCII_file: File ./CPU_stats opened WRITEONLY already exists!


WARNING from PE     0: open_ASCII_file: File ./ocean.stats opened WRITEONLY already exists!

MOM Time       0.000      0: En 9.139696E-12, MaxCFL  0.00000, Mass 5.287973820617E+18
    Total Energy: 41870BB74E3AA8F6  4.8330473778642580E+07
    Total Mass:   5.2879738206166886E+18, Change:   0.0000000000000000E+00 Error:  0.00000E+00 ( 0.0E+00)
MOM Time      50.000     50: En 7.975875E-05, MaxCFL  0.00128, Mass 5.287973820617E+18
    Total Energy: 42F7F97281B1A271  4.2176216636471106E+14
    Total Mass:   5.2879738206166886E+18, Change:  -3.8694856253043724E+01 Error: -3.86949E+01 (-7.3E-18)
MOM Time     100.000    100: En 2.355779E-05, MaxCFL  0.00105, Mass 5.287973820617E+18
    Total Energy: 42DC5319E5F2DAA6  1.2457296945444259E+14
    Total Mass:   5.2879738206166886E+18, Change:  -1.3485470417674151E+01 Error: -1.34855E+01 (-2.6E-18)
 MOM_in domain decomposition
whalo =    4, ehalo =    4, shalo =    4, nhalo =    4
  X-AXIS =   32  32
  Y-AXIS =   16  16
 MOM_in domain decomposition
whalo =    2, ehalo =    2, shalo =    2, nhalo =    2
  X-AXIS =   16  16
  Y-AXIS =    8   8
 MOM_in domain decomposition
whalo =    4, ehalo =    4, shalo =    4, nhalo =    4
  X-AXIS =   32  32
  Y-AXIS =   16  16
 MOM_in domain decomposition
whalo =    2, ehalo =    2, shalo =    2, nhalo =    2
  X-AXIS =   16  16
  Y-AXIS =    8   8
MOM Time     150.000    150: En 5.690616E-05, MaxCFL  0.00134, Mass 5.287973820617E+18
    Total Energy: 42F11AEFE0A1C513  3.0091826076782519E+14
    Total Mass:   5.2879738206166886E+18, Change:   4.1552273254152396E+00 Error:  4.15523E+00 ( 7.9E-19)
 MOM_in domain decomposition
whalo =    4, ehalo =    4, shalo =    4, nhalo =    4
  X-AXIS =   32  32
  Y-AXIS =   16  16
 MOM_in domain decomposition
whalo =    2, ehalo =    2, shalo =    2, nhalo =    2
  X-AXIS =   16  16
  Y-AXIS =    8   8

WARNING from PE     0: open_ASCII_file: File RESTART/ocean_solo.res opened WRITEONLY already exists!


WARNING from PE     0: open_ASCII_file: File exitcode opened WRITEONLY already exists!

 MPP_DOMAINS_STACK high water mark=       101600

Tabulating mpp_clock statistics across      4 PEs...

                                      hits          tmin          tmax          tavg          tstd  tfrac grain pemin pemax
Total runtime                            1      4.892725      4.892739      4.892732      0.000007  1.000     0     0     3
Initialization                           1      0.222255      0.222925      0.222474      0.000264  0.045     0     0     3
Main loop                                1      4.610114      4.610590      4.610464      0.000202  0.942     0     0     3
Termination                              1      0.057212      0.057480      0.057413      0.000116  0.012     0     0     3
Ocean                                   80      4.852302      4.856138      4.853320      0.001628  0.992     1     0     3
Ocean Initialization                     2      0.236134      0.239075      0.236900      0.001256  0.048    11     0     3
Ocean dynamics                         300      4.217189      4.220281      4.219095      0.001253  0.862    11     0     3
Ocean thermodynamics and tracers       225      0.004934      0.005429      0.005206      0.000177  0.001    11     0     3
Ocean grid generation and remapp         0      0.000000      0.000000      0.000000      0.000000  0.000    11     0     3
Ocean Other                            450      0.131893      0.136504      0.134165      0.002270  0.027    11     0     3
Ocean MOM_end                            1      0.000553      0.000600      0.000570      0.000018  0.000    11     0     3
(Ocean tracer advection)               150      0.002330      0.002460      0.002388      0.000057  0.000    21     0     3
(Ocean adiabatic driver)                75      0.002564      0.003064      0.002785      0.000179  0.001    21     0     3
(Ocean continuity equation *)            0      0.000000      0.000000      0.000000      0.000000  0.000    31     0     3
(Ocean set BBL viscosity)               75      0.033800      0.036757      0.034832      0.001137  0.007    31     0     3
(Ocean message passing *)              150      0.064758      0.068565      0.066348      0.001620  0.014    31     0     3
(Ocean MOM_initialize_state)             2      0.006508      0.010872      0.007613      0.001882  0.002    31     0     3
(Ocean init message passing *)           2      0.003349      0.003427      0.003377      0.000032  0.001    41     0     3
(Ocean mixed layer restrat)              0      0.000000      0.000000      0.000000      0.000000  0.000    31     0     3
(Ocean collective diagnostics)         375      0.008048      0.010070      0.008937      0.000883  0.002    31     0     3
(Ocean Z-space diagnostics)              0      0.000000      0.000000      0.000000      0.000000  0.000    31     0     3
(Ocean ALE)                              0      0.000000      0.000000      0.000000      0.000000  0.000    31     0     3
(Stochastic EOS)                       150      0.000011      0.000012      0.000012      0.000001  0.000    31     0     3
(SGS Temperature Variance)             150      0.000006      0.000006      0.000006      0.000000  0.000    31     0     3
(Ocean MOM save_restart)                 3      0.183395      0.183856      0.183516      0.000197  0.038    31     0     3
(Ocean diagnostics framework)            0      0.000000      0.000000      0.000000      0.000000  0.000    31     0     3
(Ocean diagnostics remapping)            0      0.000000      0.000000      0.000000      0.000000  0.000    41     0     3
(Ocean diagnostics grid updates)       526      0.037571      0.038071      0.037914      0.000201  0.008    41     0     3
(Ocean init message passing)             4      0.001051      0.001943      0.001463      0.000348  0.000    41     0     3
(Ocean continuity reconstruction       902      0.034826      0.036943      0.035955      0.000941  0.007    41     0     3
(Ocean continuity update)              902      0.010377      0.010963      0.010685      0.000270  0.002    41     0     3
(Ocean continuity correction)          902      1.598366      1.624741      1.610235      0.011147  0.329    41     0     3
(Ocean BT pre-calcs only)             1200      0.193583      0.201922      0.197690      0.004085  0.040    41     0     3
(Ocean BT pre-step halo updates)      1200      0.522466      0.547346      0.538387      0.010199  0.110    41     0     3
(Ocean BT stepping calcs only)         600      0.191834      0.204844      0.198319      0.005675  0.041    41     0     3
(Ocean BT stepping halo updates)       300      0.052122      0.054492      0.053102      0.000953  0.011    41     0     3
(Ocean BT post-calcs only)             900      0.017075      0.018134      0.017599      0.000483  0.004    41     0     3
(Ocean BT post-step halo updates       600      0.090994      0.102729      0.096895      0.005090  0.020    41     0     3
(Ocean BT global synch)                  0      0.000000      0.000000      0.000000      0.000000  0.000    41     0     3
(Ocean Coriolis & mom advection)       300      0.075061      0.079269      0.077180      0.001912  0.016    31     0     3
(Ocean continuity equation)            450      1.645084      1.673796      1.658117      0.011414  0.339    31     0     3
(Ocean pressure force)                 150      0.473922      0.506849      0.490647      0.015251  0.100    31     0     3
(Ocean vertical viscosity)             450      0.440606      0.444064      0.442199      0.001516  0.090    31     0     3
(Ocean horizontal viscosity)           150      0.061004      0.065503      0.064005      0.001806  0.013    31     0     3
(Ocean momentum increments)            300      0.007222      0.007586      0.007418      0.000163  0.002    31     0     3
(Ocean message passing)               1350      0.227944      0.285091      0.256093      0.022098  0.052    31     0     3
(Ocean barotropic mode calc)           300      0.007320      0.007652      0.007524      0.000127  0.002    31     0     3
(Ocean barotropic mode stepping)       300      1.102799      1.119998      1.114591      0.006898  0.228    31     0     3
(Ocean barotropic forcing calc)        300      0.006405      0.006790      0.006595      0.000181  0.001    31     0     3
(Ocean advect tracer)                    0      0.000000      0.000000      0.000000      0.000000  0.000    31     0     3
(Ocean tracer halo updates)              0      0.000000      0.000000      0.000000      0.000000  0.000    41     0     3
(Ocean tracer global synch)              0      0.000000      0.000000      0.000000      0.000000  0.000    41     0     3
(Ocean diffuse tracer)                   0      0.000000      0.000000      0.000000      0.000000  0.000    31     0     3
(Ocean epipycnal diffuse tracer)         0      0.000000      0.000000      0.000000      0.000000  0.000    31     0     3
(Ocean surface forcing)                 76      0.001542      0.002268      0.001762      0.000294  0.000    31     0     3
(Ocean forcing diagnostics)            150      0.000128      0.000222      0.000174      0.000045  0.000    41     0     3
 MPP_STACK high water mark=            0
