NOTE from PE     0: MPP_DOMAINS_SET_STACK_SIZE: stack size set to    32768.
NOTE from PE     0: MPP_DOMAINS_SET_STACK_SIZE: stack size set to  3000000.
NOTE from PE     0: ======== Model being driven by MOM_driver ========
NOTE from PE     0: callTree: o Program MOM_main, MOM_driver.F90
 MOM_domains_mod OMPthreading             1            0            1
NOTE from PE     0: fms_affinity_set: OCEAN affinity assumes hyper-threading hardware disabled
 MOM_domains_mod OMPthreading             0            0            1
 MOM_domains_mod OMPthreading             0            0            1
 MOM_domains_mod OMPthreading             1            0            1
NOTE from PE     0: open_param_file: MOM_input has been opened successfully.
NOTE from PE     0: open_param_file: MOM_override has been opened successfully.
 MOM_domains_mod OMPthreading             1            0            1
 MOM_domains_mod OMPthreading             0            0            1
 MOM_domains_mod OMPthreading             1            0            1

WARNING from PE     0: MOM_file_parser : DT over-ridden.  Line: 'DT = 300' in file MOM_override.


WARNING from PE     0: MOM_file_parser : DT_THERM over-ridden.  Line: 'DT_THERM = 600' in file MOM_override.

NOTE from PE     0: fms_affinity_set: OCEAN affinity assumes hyper-threading hardware disabled
 MOM_domains_mod OMPthreading             0            0            1

WARNING from PE     0: MOM_file_parser : NIGLOBAL over-ridden.  Line: 'NIGLOBAL = 128' in file MOM_override.


WARNING from PE     0: MOM_file_parser : NJGLOBAL over-ridden.  Line: 'NJGLOBAL = 128' in file MOM_override.

 MOM_in domain decomposition
whalo =    4, ehalo =    4, shalo =    4, nhalo =    4
  X-AXIS =   64  64
  Y-AXIS =   64  64
 MOM_inc domain decomposition
whalo =    2, ehalo =    2, shalo =    2, nhalo =    2
  X-AXIS =   32  32
  Y-AXIS =   32  32
NOTE from PE     0: diag_manager_mod::diag_manager_init: prepend_date only supported when diag_manager_init is called with time_init present.
NOTE from PE     0: diag_manager_mod::diag_manager_init: You are using the legacy version of the diag table
 MOM_in domain decomposition
whalo =    4, ehalo =    4, shalo =    4, nhalo =    4
  X-AXIS =   64  64
  Y-AXIS =   64  64
 MOM_in domain decomposition
whalo =    2, ehalo =    2, shalo =    2, nhalo =    2
  X-AXIS =   32  32
  Y-AXIS =   32  32

WARNING from PE     0: MOM_file_parser : NK over-ridden.  Line: 'NK = 100' in file MOM_override.

 MOM_in domain decomposition
whalo =    4, ehalo =    4, shalo =    4, nhalo =    4
  X-AXIS =   64  64
  Y-AXIS =   64  64
 MOM_in domain decomposition
whalo =    2, ehalo =    2, shalo =    2, nhalo =    2
  X-AXIS =   32  32
  Y-AXIS =   32  32

WARNING from PE     0: Open_file is appending .nc to the filename ./ocean_geometry


WARNING from PE     0: MOM_file_parser : COORD_CONFIG over-ridden.  Line: 'COORD_CONFIG = "linear"' in file MOM_override.

 MOM_in domain decomposition
whalo =    4, ehalo =    4, shalo =    4, nhalo =    4
  X-AXIS =   64  64
  Y-AXIS =   64  64
 MOM_in domain decomposition
whalo =    2, ehalo =    2, shalo =    2, nhalo =    2
  X-AXIS =   32  32
  Y-AXIS =   32  32
 MOM_in domain decomposition
whalo =    4, ehalo =    4, shalo =    4, nhalo =    4
  X-AXIS =   64  64
  Y-AXIS =   64  64
 MOM_in domain decomposition
whalo =    2, ehalo =    2, shalo =    2, nhalo =    2
  X-AXIS =   32  32
  Y-AXIS =   32  32

WARNING from PE     0: ./Depth_list.nc checksums do not match; updating file.


WARNING from PE     0: MOM_file_parser : DT_FORCING over-ridden.  Line: 'DT_FORCING = 600' in file MOM_override.


WARNING from PE     0: MOM_file_parser : DAYMAX over-ridden.  Line: 'DAYMAX = 150' in file MOM_override.


WARNING from PE     0: Unused line in MOM_input : GINT = 0.0098


WARNING from PE     0: open_ASCII_file: File ./CPU_stats opened WRITEONLY already exists!


WARNING from PE     0: open_ASCII_file: File ./ocean.stats opened WRITEONLY already exists!

MOM Time       0.000      0: En 9.164543E-12, MaxCFL  0.00000, Mass 5.286601636954E+18
    Total Energy: 41871A38398144CF  4.8449287188119523E+07
    Total Mass:   5.2866016369539973E+18, Change:   0.0000000000000000E+00 Error:  0.00000E+00 ( 0.0E+00)
MOM Time      50.000     50: En 4.018195E-05, MaxCFL  0.00184, Mass 5.286601636954E+18
    Total Energy: 42E82668CA5050DD  2.1242596730535091E+14
    Total Mass:   5.2866016369539973E+18, Change:   2.6458583890128665E+01 Error:  2.64586E+01 ( 5.0E-18)
MOM Time     100.000    100: En 8.022032E-05, MaxCFL  0.00256, Mass 5.286601636954E+18
    Total Energy: 42F81B5D0215799F  4.2409285762037794E+14
    Total Mass:   5.2866016369539973E+18, Change:   2.1118856013716432E+00 Error:  2.11189E+00 ( 4.0E-19)
 MOM_in domain decomposition
whalo =    4, ehalo =    4, shalo =    4, nhalo =    4
  X-AXIS =   64  64
  Y-AXIS =   64  64
 MOM_in domain decomposition
whalo =    2, ehalo =    2, shalo =    2, nhalo =    2
  X-AXIS =   32  32
  Y-AXIS =   32  32
 MOM_in domain decomposition
whalo =    4, ehalo =    4, shalo =    4, nhalo =    4
  X-AXIS =   64  64
  Y-AXIS =   64  64
 MOM_in domain decomposition
whalo =    2, ehalo =    2, shalo =    2, nhalo =    2
  X-AXIS =   32  32
  Y-AXIS =   32  32
MOM Time     150.000    150: En 6.198263E-05, MaxCFL  0.00212, Mass 5.286601636954E+18
    Total Energy: 42F2A055AEF4E490  3.2767746554631300E+14
    Total Mass:   5.2866016369539973E+18, Change:  -3.9504982865571137E-01 Error: -3.95050E-01 (-7.5E-20)
 MOM_in domain decomposition
whalo =    4, ehalo =    4, shalo =    4, nhalo =    4
  X-AXIS =   64  64
  Y-AXIS =   64  64
 MOM_in domain decomposition
whalo =    2, ehalo =    2, shalo =    2, nhalo =    2
  X-AXIS =   32  32
  Y-AXIS =   32  32

WARNING from PE     0: open_ASCII_file: File RESTART/ocean_solo.res opened WRITEONLY already exists!


WARNING from PE     0: open_ASCII_file: File exitcode opened WRITEONLY already exists!

 MPP_DOMAINS_STACK high water mark=       261600

Tabulating mpp_clock statistics across      4 PEs...

                                      hits          tmin          tmax          tavg          tstd  tfrac grain pemin pemax
Total runtime                            1      6.862483      6.862494      6.862488      0.000005  1.000     0     0     3
Initialization                           1      0.383256      0.384019      0.383524      0.000293  0.056     0     0     3
Main loop                                1      6.102104      6.102416      6.102324      0.000128  0.889     0     0     3
Termination                              1      0.374000      0.374505      0.374378      0.000218  0.055     0     0     3
Ocean                                   80      6.814583      6.819031      6.815821      0.001859  0.993     1     0     3
Ocean Initialization                     2      0.400348      0.403944      0.401272      0.001543  0.058    11     0     3
Ocean dynamics                         300      4.592505      4.593828      4.593235      0.000473  0.669    11     0     3
Ocean thermodynamics and tracers       225      0.013559      0.020376      0.017749      0.002562  0.003    11     0     3
Ocean grid generation and remapp         0      0.000000      0.000000      0.000000      0.000000  0.000    11     0     3
Ocean Other                            450      0.294414      0.308788      0.300288      0.006149  0.044    11     0     3
Ocean MOM_end                            1      0.000356      0.000613      0.000481      0.000124  0.000    11     0     3
(Ocean tracer advection)               150      0.002788      0.002900      0.002851      0.000043  0.000    21     0     3
(Ocean adiabatic driver)                75      0.010722      0.017462      0.014859      0.002529  0.002    21     0     3
(Ocean continuity equation *)            0      0.000000      0.000000      0.000000      0.000000  0.000    31     0     3
(Ocean set BBL viscosity)               75      0.043871      0.045892      0.044861      0.000722  0.007    31     0     3
(Ocean message passing *)              150      0.084881      0.117763      0.098187      0.013697  0.014    31     0     3
(Ocean MOM_initialize_state)             2      0.010049      0.014590      0.011206      0.001954  0.002    31     0     3
(Ocean init message passing *)           2      0.003596      0.003860      0.003770      0.000106  0.001    41     0     3
(Ocean mixed layer restrat)              0      0.000000      0.000000      0.000000      0.000000  0.000    31     0     3
(Ocean collective diagnostics)         375      0.047990      0.055390      0.052103      0.002930  0.008    31     0     3
(Ocean Z-space diagnostics)              0      0.000000      0.000000      0.000000      0.000000  0.000    31     0     3
(Ocean ALE)                              0      0.000000      0.000000      0.000000      0.000000  0.000    31     0     3
(Stochastic EOS)                       150      0.000015      0.000018      0.000017      0.000001  0.000    31     0     3
(SGS Temperature Variance)             150      0.000006      0.000006      0.000006      0.000000  0.000    31     0     3
(Ocean MOM save_restart)                 3      1.097937      1.098466      1.098104      0.000211  0.160    31     0     3
(Ocean diagnostics framework)            0      0.000000      0.000000      0.000000      0.000000  0.000    31     0     3
(Ocean diagnostics remapping)            0      0.000000      0.000000      0.000000      0.000000  0.000    41     0     3
(Ocean diagnostics grid updates)       526      0.200576      0.204301      0.202568      0.001445  0.030    41     0     3
(Ocean init message passing)             4      0.002472      0.004837      0.003304      0.000946  0.000    41     0     3
(Ocean continuity reconstruction       902      0.046719      0.048348      0.047519      0.000696  0.007    41     0     3
(Ocean continuity update)              902      0.013237      0.013781      0.013505      0.000250  0.002    41     0     3
(Ocean continuity correction)          902      1.706082      1.742324      1.719455      0.014006  0.251    41     0     3
(Ocean BT pre-calcs only)             1200      0.208335      0.215724      0.212538      0.003249  0.031    41     0     3
(Ocean BT pre-step halo updates)      1200      0.521950      0.561724      0.547399      0.015182  0.080    41     0     3
(Ocean BT stepping calcs only)         600      0.196896      0.206901      0.202350      0.004356  0.029    41     0     3
(Ocean BT stepping halo updates)       300      0.052159      0.054140      0.053252      0.000793  0.008    41     0     3
(Ocean BT post-calcs only)             900      0.019852      0.020785      0.020366      0.000396  0.003    41     0     3
(Ocean BT post-step halo updates       600      0.093293      0.101920      0.097584      0.003372  0.014    41     0     3
(Ocean BT global synch)                  0      0.000000      0.000000      0.000000      0.000000  0.000    41     0     3
(Ocean Coriolis & mom advection)       300      0.093027      0.095729      0.094457      0.001178  0.014    31     0     3
(Ocean continuity equation)            450      1.769154      1.805052      1.781479      0.014279  0.260    31     0     3
(Ocean pressure force)                 150      0.488263      0.521144      0.504254      0.014596  0.073    31     0     3
(Ocean vertical viscosity)             450      0.534131      0.539941      0.536494      0.002164  0.078    31     0     3
(Ocean horizontal viscosity)           150      0.092299      0.094905      0.093522      0.000934  0.014    31     0     3
(Ocean momentum increments)            300      0.009503      0.009822      0.009659      0.000141  0.001    31     0     3
(Ocean message passing)               1350      0.273754      0.319268      0.295761      0.018310  0.043    31     0     3
(Ocean barotropic mode calc)           300      0.008397      0.008644      0.008550      0.000094  0.001    31     0     3
(Ocean barotropic mode stepping)       300      1.124476      1.154338      1.145212      0.012054  0.167    31     0     3
(Ocean barotropic forcing calc)        300      0.009073      0.009452      0.009278      0.000174  0.001    31     0     3
(Ocean advect tracer)                    0      0.000000      0.000000      0.000000      0.000000  0.000    31     0     3
(Ocean tracer halo updates)              0      0.000000      0.000000      0.000000      0.000000  0.000    41     0     3
(Ocean tracer global synch)              0      0.000000      0.000000      0.000000      0.000000  0.000    41     0     3
(Ocean diffuse tracer)                   0      0.000000      0.000000      0.000000      0.000000  0.000    31     0     3
(Ocean epipycnal diffuse tracer)         0      0.000000      0.000000      0.000000      0.000000  0.000    31     0     3
(Ocean surface forcing)                 76      0.001662      0.002431      0.001880      0.000321  0.000    31     0     3
(Ocean forcing diagnostics)            150      0.000122      0.000264      0.000199      0.000052  0.000    41     0     3
 MPP_STACK high water mark=            0
