NOTE from PE     0: MPP_DOMAINS_SET_STACK_SIZE: stack size set to    32768.
NOTE from PE     0: MPP_DOMAINS_SET_STACK_SIZE: stack size set to  3000000.
NOTE from PE     0: ======== Model being driven by MOM_driver ========
NOTE from PE     0: callTree: o Program MOM_main, MOM_driver.F90
NOTE from PE     0: fms_affinity_set: OCEAN affinity assumes hyper-threading hardware disabled
 MOM_domains_mod OMPthreading             1            0            1
 MOM_domains_mod OMPthreading             0            0            1
 MOM_domains_mod OMPthreading             0            0            1
 MOM_domains_mod OMPthreading             1            0            1
NOTE from PE     0: open_param_file: MOM_input has been opened successfully.
NOTE from PE     0: open_param_file: MOM_override has been opened successfully.
 MOM_domains_mod OMPthreading             1            0            1
 MOM_domains_mod OMPthreading             0            0            1
 MOM_domains_mod OMPthreading             1            0            1

WARNING from PE     0: MOM_file_parser : DT over-ridden.  Line: 'DT = 150' in file MOM_override.


WARNING from PE     0: MOM_file_parser : DT_THERM over-ridden.  Line: 'DT_THERM = 300' in file MOM_override.

NOTE from PE     0: fms_affinity_set: OCEAN affinity assumes hyper-threading hardware disabled
 MOM_domains_mod OMPthreading             0            0            1

WARNING from PE     0: MOM_file_parser : NIGLOBAL over-ridden.  Line: 'NIGLOBAL = 256' in file MOM_override.


WARNING from PE     0: MOM_file_parser : NJGLOBAL over-ridden.  Line: 'NJGLOBAL = 128' in file MOM_override.

 MOM_in domain decomposition
whalo =    4, ehalo =    4, shalo =    4, nhalo =    4
  X-AXIS =  128 128
  Y-AXIS =   64  64
 MOM_inc domain decomposition
whalo =    2, ehalo =    2, shalo =    2, nhalo =    2
  X-AXIS =   64  64
  Y-AXIS =   32  32
NOTE from PE     0: diag_manager_mod::diag_manager_init: prepend_date only supported when diag_manager_init is called with time_init present.
NOTE from PE     0: diag_manager_mod::diag_manager_init: You are using the legacy version of the diag table
 MOM_in domain decomposition
whalo =    4, ehalo =    4, shalo =    4, nhalo =    4
  X-AXIS =  128 128
  Y-AXIS =   64  64
 MOM_in domain decomposition
whalo =    2, ehalo =    2, shalo =    2, nhalo =    2
  X-AXIS =   64  64
  Y-AXIS =   32  32

WARNING from PE     0: MOM_file_parser : NK over-ridden.  Line: 'NK = 100' in file MOM_override.

 MOM_in domain decomposition
whalo =    4, ehalo =    4, shalo =    4, nhalo =    4
  X-AXIS =  128 128
  Y-AXIS =   64  64
 MOM_in domain decomposition
whalo =    2, ehalo =    2, shalo =    2, nhalo =    2
  X-AXIS =   64  64
  Y-AXIS =   32  32

WARNING from PE     0: Open_file is appending .nc to the filename ./ocean_geometry


WARNING from PE     0: MOM_file_parser : COORD_CONFIG over-ridden.  Line: 'COORD_CONFIG = "linear"' in file MOM_override.

 MOM_in domain decomposition
whalo =    4, ehalo =    4, shalo =    4, nhalo =    4
  X-AXIS =  128 128
  Y-AXIS =   64  64
 MOM_in domain decomposition
whalo =    2, ehalo =    2, shalo =    2, nhalo =    2
  X-AXIS =   64  64
  Y-AXIS =   32  32
 MOM_in domain decomposition
whalo =    4, ehalo =    4, shalo =    4, nhalo =    4
  X-AXIS =  128 128
  Y-AXIS =   64  64
 MOM_in domain decomposition
whalo =    2, ehalo =    2, shalo =    2, nhalo =    2
  X-AXIS =   64  64
  Y-AXIS =   32  32

WARNING from PE     0: ./Depth_list.nc checksums do not match; updating file.


WARNING from PE     0: MOM_file_parser : DT_FORCING over-ridden.  Line: 'DT_FORCING = 300' in file MOM_override.


WARNING from PE     0: MOM_file_parser : DAYMAX over-ridden.  Line: 'DAYMAX = 150' in file MOM_override.


WARNING from PE     0: Unused line in MOM_input : GINT = 0.0098


WARNING from PE     0: open_ASCII_file: File ./CPU_stats opened WRITEONLY already exists!


WARNING from PE     0: open_ASCII_file: File ./ocean.stats opened WRITEONLY already exists!

MOM Time       0.000      0: En 9.166220E-12, MaxCFL  0.00000, Mass 5.286507716715E+18
    Total Energy: 41871B327A267CD1  4.8457295268792756E+07
    Total Mass:   5.2865077167146557E+18, Change:   0.0000000000000000E+00 Error:  0.00000E+00 ( 0.0E+00)
MOM Time      50.000     50: En 1.299121E-05, MaxCFL  0.00126, Mass 5.286507716715E+18
    Total Energy: 42CF3B2F68467E60  6.8678117788924750E+13
    Total Mass:   5.2865077167146557E+18, Change:   2.1975808844383682E+01 Error:  2.19758E+01 ( 4.2E-18)
MOM Time     100.000    100: En 4.033907E-05, MaxCFL  0.00184, Mass 5.286507716715E+18
    Total Energy: 42E83E7939F7FCDF  2.1325280704919097E+14
    Total Mass:   5.2865077167146557E+18, Change:  -3.4183497331743524E+00 Error: -3.41835E+00 (-6.5E-19)
 MOM_in domain decomposition
whalo =    4, ehalo =    4, shalo =    4, nhalo =    4
  X-AXIS =  128 128
  Y-AXIS =   64  64
 MOM_in domain decomposition
whalo =    2, ehalo =    2, shalo =    2, nhalo =    2
  X-AXIS =   64  64
  Y-AXIS =   32  32
 MOM_in domain decomposition
whalo =    4, ehalo =    4, shalo =    4, nhalo =    4
  X-AXIS =  128 128
  Y-AXIS =   64  64
 MOM_in domain decomposition
whalo =    2, ehalo =    2, shalo =    2, nhalo =    2
  X-AXIS =   64  64
  Y-AXIS =   32  32
MOM Time     150.000    150: En 6.648018E-05, MaxCFL  0.00167, Mass 5.286507716715E+18
    Total Energy: 42F3FA3DC20E7723  3.5144798207371419E+14
    Total Mass:   5.2865077167146557E+18, Change:  -3.6027968909208195E+00 Error: -3.60280E+00 (-6.8E-19)
 MOM_in domain decomposition
whalo =    4, ehalo =    4, shalo =    4, nhalo =    4
  X-AXIS =  128 128
  Y-AXIS =   64  64
 MOM_in domain decomposition
whalo =    2, ehalo =    2, shalo =    2, nhalo =    2
  X-AXIS =   64  64
  Y-AXIS =   32  32

WARNING from PE     0: open_ASCII_file: File RESTART/ocean_solo.res opened WRITEONLY already exists!


WARNING from PE     0: open_ASCII_file: File exitcode opened WRITEONLY already exists!

 MPP_DOMAINS_STACK high water mark=       389600

Tabulating mpp_clock statistics across      4 PEs...

                                      hits          tmin          tmax          tavg          tstd  tfrac grain pemin pemax
Total runtime                            1      9.548745      9.548755      9.548750      0.000004  1.000     0     0     3
Initialization                           1      0.547833      0.548566      0.548083      0.000284  0.057     0     0     3
Main loop                                1      8.254211      8.254483      8.254409      0.000114  0.864     0     0     3
Termination                              1      0.743460      0.743995      0.743859      0.000230  0.078     0     0     3
Ocean                                   80      9.495774      9.500616      9.497097      0.002035  0.995     1     0     3
Ocean Initialization                     2      0.565082      0.569073      0.566162      0.001682  0.059    11     0     3
Ocean dynamics                         300      5.276181      5.286913      5.282696      0.004197  0.553    11     0     3
Ocean thermodynamics and tracers       225      0.028580      0.038971      0.033630      0.003680  0.004    11     0     3
Ocean grid generation and remapp         0      0.000000      0.000000      0.000000      0.000000  0.000    11     0     3
Ocean Other                            450      0.480070      0.638948      0.529202      0.064021  0.055    11     0     3
Ocean MOM_end                            1      0.000365      0.000661      0.000505      0.000138  0.000    11     0     3
(Ocean tracer advection)               150      0.003554      0.004560      0.003916      0.000384  0.000    21     0     3
(Ocean adiabatic driver)                75      0.023981      0.035114      0.029673      0.003945  0.003    21     0     3
(Ocean continuity equation *)            0      0.000000      0.000000      0.000000      0.000000  0.000    31     0     3
(Ocean set BBL viscosity)               75      0.065510      0.070575      0.068005      0.001803  0.007    31     0     3
(Ocean message passing *)              150      0.110708      0.269376      0.196588      0.056478  0.021    31     0     3
(Ocean MOM_initialize_state)             2      0.012459      0.016802      0.013592      0.001854  0.001    31     0     3
(Ocean init message passing *)           2      0.004277      0.004930      0.004599      0.000232  0.000    41     0     3
(Ocean mixed layer restrat)              0      0.000000      0.000000      0.000000      0.000000  0.000    31     0     3
(Ocean collective diagnostics)         375      0.094012      0.260413      0.157980      0.061991  0.017    31     0     3
(Ocean Z-space diagnostics)              0      0.000000      0.000000      0.000000      0.000000  0.000    31     0     3
(Ocean ALE)                              0      0.000000      0.000000      0.000000      0.000000  0.000    31     0     3
(Stochastic EOS)                       150      0.000019      0.000023      0.000021      0.000002  0.000    31     0     3
(SGS Temperature Variance)             150      0.000006      0.000006      0.000006      0.000000  0.000    31     0     3
(Ocean MOM save_restart)                 3      2.241824      2.242232      2.241958      0.000160  0.235    31     0     3
(Ocean diagnostics framework)            0      0.000000      0.000000      0.000000      0.000000  0.000    31     0     3
(Ocean diagnostics remapping)            0      0.000000      0.000000      0.000000      0.000000  0.000    41     0     3
(Ocean diagnostics grid updates)       526      0.378478      0.392507      0.383803      0.005500  0.040    41     0     3
(Ocean init message passing)             4      0.003279      0.005673      0.004042      0.000953  0.000    41     0     3
(Ocean continuity reconstruction       902      0.060926      0.062951      0.061937      0.000833  0.006    41     0     3
(Ocean continuity update)              902      0.017192      0.017737      0.017460      0.000243  0.002    41     0     3
(Ocean continuity correction)          902      1.952790      2.025385      1.985613      0.027393  0.208    41     0     3
(Ocean BT pre-calcs only)             1200      0.220546      0.228892      0.224862      0.003772  0.024    41     0     3
(Ocean BT pre-step halo updates)      1200      0.529510      0.571308      0.556577      0.016875  0.058    41     0     3
(Ocean BT stepping calcs only)         600      0.200307      0.211622      0.206114      0.004953  0.022    41     0     3
(Ocean BT stepping halo updates)       300      0.053721      0.056670      0.054962      0.001159  0.006    41     0     3
(Ocean BT post-calcs only)             900      0.022450      0.023522      0.022993      0.000466  0.002    41     0     3
(Ocean BT post-step halo updates       600      0.093638      0.102992      0.098421      0.004236  0.010    41     0     3
(Ocean BT global synch)                  0      0.000000      0.000000      0.000000      0.000000  0.000    41     0     3
(Ocean Coriolis & mom advection)       300      0.171069      0.174435      0.172058      0.001377  0.018    31     0     3
(Ocean continuity equation)            450      2.054114      2.125228      2.084557      0.028030  0.218    31     0     3
(Ocean pressure force)                 150      0.536489      0.567126      0.551789      0.014856  0.058    31     0     3
(Ocean vertical viscosity)             450      0.604083      0.607628      0.606039      0.001411  0.063    31     0     3
(Ocean horizontal viscosity)           150      0.155777      0.160104      0.157956      0.001588  0.017    31     0     3
(Ocean momentum increments)            300      0.012302      0.012646      0.012472      0.000167  0.001    31     0     3
(Ocean message passing)               1350      0.305557      0.346155      0.331129      0.015593  0.035    31     0     3
(Ocean barotropic mode calc)           300      0.008938      0.009316      0.009192      0.000152  0.001    31     0     3
(Ocean barotropic mode stepping)       300      1.153286      1.187894      1.177148      0.014176  0.123    31     0     3
(Ocean barotropic forcing calc)        300      0.012296      0.012675      0.012532      0.000143  0.001    31     0     3
(Ocean advect tracer)                    0      0.000000      0.000000      0.000000      0.000000  0.000    31     0     3
(Ocean tracer halo updates)              0      0.000000      0.000000      0.000000      0.000000  0.000    41     0     3
(Ocean tracer global synch)              0      0.000000      0.000000      0.000000      0.000000  0.000    41     0     3
(Ocean diffuse tracer)                   0      0.000000      0.000000      0.000000      0.000000  0.000    31     0     3
(Ocean epipycnal diffuse tracer)         0      0.000000      0.000000      0.000000      0.000000  0.000    31     0     3
(Ocean surface forcing)                 76      0.001933      0.002749      0.002170      0.000336  0.000    31     0     3
(Ocean forcing diagnostics)            150      0.000165      0.000237      0.000203      0.000033  0.000    41     0     3
 MPP_STACK high water mark=            0
