NOTE from PE     0: MPP_DOMAINS_SET_STACK_SIZE: stack size set to    32768.
NOTE from PE     0: MPP_DOMAINS_SET_STACK_SIZE: stack size set to  3000000.
NOTE from PE     0: ======== Model being driven by MOM_driver ========
NOTE from PE     0: callTree: o Program MOM_main, MOM_driver.F90
NOTE from PE     0: fms_affinity_set: OCEAN affinity assumes hyper-threading hardware disabled
 MOM_domains_mod OMPthreading             1            0            1
 MOM_domains_mod OMPthreading             0            0            1
 MOM_domains_mod OMPthreading             1            0            1
 MOM_domains_mod OMPthreading             0            0            1
NOTE from PE     0: open_param_file: MOM_input has been opened successfully.
NOTE from PE     0: open_param_file: MOM_override has been opened successfully.
 MOM_domains_mod OMPthreading             0            0            1
 MOM_domains_mod OMPthreading             1            0            1
 MOM_domains_mod OMPthreading             1            0            1

WARNING from PE     0: MOM_file_parser : DT over-ridden.  Line: 'DT = 150' in file MOM_override.


WARNING from PE     0: MOM_file_parser : DT_THERM over-ridden.  Line: 'DT_THERM = 300' in file MOM_override.

NOTE from PE     0: fms_affinity_set: OCEAN affinity assumes hyper-threading hardware disabled
 MOM_domains_mod OMPthreading             0            0            1

WARNING from PE     0: MOM_file_parser : NIGLOBAL over-ridden.  Line: 'NIGLOBAL = 256' in file MOM_override.


WARNING from PE     0: MOM_file_parser : NJGLOBAL over-ridden.  Line: 'NJGLOBAL = 256' in file MOM_override.

 MOM_in domain decomposition
whalo =    4, ehalo =    4, shalo =    4, nhalo =    4
  X-AXIS =  128 128
  Y-AXIS =  128 128
 MOM_inc domain decomposition
whalo =    2, ehalo =    2, shalo =    2, nhalo =    2
  X-AXIS =   64  64
  Y-AXIS =   64  64
NOTE from PE     0: diag_manager_mod::diag_manager_init: prepend_date only supported when diag_manager_init is called with time_init present.
NOTE from PE     0: diag_manager_mod::diag_manager_init: You are using the legacy version of the diag table
 MOM_in domain decomposition
whalo =    4, ehalo =    4, shalo =    4, nhalo =    4
  X-AXIS =  128 128
  Y-AXIS =  128 128
 MOM_in domain decomposition
whalo =    2, ehalo =    2, shalo =    2, nhalo =    2
  X-AXIS =   64  64
  Y-AXIS =   64  64

WARNING from PE     0: MOM_file_parser : NK over-ridden.  Line: 'NK = 100' in file MOM_override.

 MOM_in domain decomposition
whalo =    4, ehalo =    4, shalo =    4, nhalo =    4
  X-AXIS =  128 128
  Y-AXIS =  128 128
 MOM_in domain decomposition
whalo =    2, ehalo =    2, shalo =    2, nhalo =    2
  X-AXIS =   64  64
  Y-AXIS =   64  64

WARNING from PE     0: Open_file is appending .nc to the filename ./ocean_geometry


WARNING from PE     0: MOM_file_parser : COORD_CONFIG over-ridden.  Line: 'COORD_CONFIG = "linear"' in file MOM_override.

 MOM_in domain decomposition
whalo =    4, ehalo =    4, shalo =    4, nhalo =    4
  X-AXIS =  128 128
  Y-AXIS =  128 128
 MOM_in domain decomposition
whalo =    2, ehalo =    2, shalo =    2, nhalo =    2
  X-AXIS =   64  64
  Y-AXIS =   64  64
 MOM_in domain decomposition
whalo =    4, ehalo =    4, shalo =    4, nhalo =    4
  X-AXIS =  128 128
  Y-AXIS =  128 128
 MOM_in domain decomposition
whalo =    2, ehalo =    2, shalo =    2, nhalo =    2
  X-AXIS =   64  64
  Y-AXIS =   64  64

WARNING from PE     0: ./Depth_list.nc checksums do not match; updating file.


WARNING from PE     0: MOM_file_parser : DT_FORCING over-ridden.  Line: 'DT_FORCING = 300' in file MOM_override.


WARNING from PE     0: MOM_file_parser : DAYMAX over-ridden.  Line: 'DAYMAX = 150' in file MOM_override.


WARNING from PE     0: Unused line in MOM_input : GINT = 0.0098


WARNING from PE     0: open_ASCII_file: File ./CPU_stats opened WRITEONLY already exists!


WARNING from PE     0: open_ASCII_file: File ./ocean.stats opened WRITEONLY already exists!

MOM Time       0.000      0: En 9.167136E-12, MaxCFL  0.00000, Mass 5.286457540076E+18
    Total Energy: 41871BBB6CBE4AD6  4.8461677592916176E+07
    Total Mass:   5.2864575400760177E+18, Change:   0.0000000000000000E+00 Error:  0.00000E+00 ( 0.0E+00)
MOM Time      50.000     50: En 1.299125E-05, MaxCFL  0.00126, Mass 5.286457540076E+18
    Total Energy: 42CF3B228AE34090  6.8677686118017125E+13
    Total Mass:   5.2864575400760177E+18, Change:   2.3494412522268384E+01 Error:  2.34944E+01 ( 4.4E-18)
MOM Time     100.000    100: En 4.033843E-05, MaxCFL  0.00184, Mass 5.286457540076E+18
    Total Energy: 42E83E50EE1C7174  2.1324739856884363E+14
    Total Mass:   5.2864575400760177E+18, Change:   7.1716054848639743E-02 Error:  7.17161E-02 ( 1.4E-20)
 MOM_in domain decomposition
whalo =    4, ehalo =    4, shalo =    4, nhalo =    4
  X-AXIS =  128 128
  Y-AXIS =  128 128
 MOM_in domain decomposition
whalo =    2, ehalo =    2, shalo =    2, nhalo =    2
  X-AXIS =   64  64
  Y-AXIS =   64  64
 MOM_in domain decomposition
whalo =    4, ehalo =    4, shalo =    4, nhalo =    4
  X-AXIS =  128 128
  Y-AXIS =  128 128
 MOM_in domain decomposition
whalo =    2, ehalo =    2, shalo =    2, nhalo =    2
  X-AXIS =   64  64
  Y-AXIS =   64  64
MOM Time     150.000    150: En 6.647693E-05, MaxCFL  0.00207, Mass 5.286457540076E+18
    Total Energy: 42F3F9F1600EDE6A  3.5142747822026263E+14
    Total Mass:   5.2864575400760177E+18, Change:   5.3218839134091755E-01 Error:  5.32188E-01 ( 1.0E-19)
 MOM_in domain decomposition
whalo =    4, ehalo =    4, shalo =    4, nhalo =    4
  X-AXIS =  128 128
  Y-AXIS =  128 128
 MOM_in domain decomposition
whalo =    2, ehalo =    2, shalo =    2, nhalo =    2
  X-AXIS =   64  64
  Y-AXIS =   64  64

WARNING from PE     0: open_ASCII_file: File RESTART/ocean_solo.res opened WRITEONLY already exists!


WARNING from PE     0: open_ASCII_file: File exitcode opened WRITEONLY already exists!

 MPP_DOMAINS_STACK high water mark=       517600

Tabulating mpp_clock statistics across      4 PEs...

                                      hits          tmin          tmax          tavg          tstd  tfrac grain pemin pemax
Total runtime                            1     13.513633     13.513642     13.513638      0.000004  1.000     0     0     3
Initialization                           1      0.858575      0.859354      0.858835      0.000305  0.064     0     0     3
Main loop                                1     11.167232     11.167499     11.167418      0.000110  0.826     0     0     3
Termination                              1      1.484697      1.485260      1.485119      0.000243  0.110     0     0     3
Ocean                                   80     13.451011     13.456999     13.452547      0.002570  0.995     1     0     3
Ocean Initialization                     2      0.875729      0.881082      0.877111      0.002293  0.065    11     0     3
Ocean dynamics                         300      5.821980      5.844153      5.835780      0.009193  0.432    11     0     3
Ocean thermodynamics and tracers       225      0.068528      0.084015      0.077264      0.006590  0.006    11     0     3
Ocean grid generation and remapp         0      0.000000      0.000000      0.000000      0.000000  0.000    11     0     3
Ocean Other                            450      0.844001      0.903274      0.873226      0.021980  0.065    11     0     3
Ocean MOM_end                            1      0.000413      0.000616      0.000508      0.000090  0.000    11     0     3
(Ocean tracer advection)               150      0.004348      0.004820      0.004624      0.000178  0.000    21     0     3
(Ocean adiabatic driver)                75      0.063868      0.079203      0.072575      0.006466  0.005    21     0     3
(Ocean continuity equation *)            0      0.000000      0.000000      0.000000      0.000000  0.000    31     0     3
(Ocean set BBL viscosity)               75      0.070668      0.075799      0.072755      0.002164  0.005    31     0     3
(Ocean message passing *)              150      0.105316      0.194203      0.149147      0.033257  0.011    31     0     3
(Ocean MOM_initialize_state)             2      0.018184      0.022207      0.019228      0.001720  0.001    31     0     3
(Ocean init message passing *)           2      0.005191      0.005643      0.005437      0.000166  0.000    41     0     3
(Ocean mixed layer restrat)              0      0.000000      0.000000      0.000000      0.000000  0.000    31     0     3
(Ocean collective diagnostics)         375      0.188553      0.201293      0.193290      0.004942  0.014    31     0     3
(Ocean Z-space diagnostics)              0      0.000000      0.000000      0.000000      0.000000  0.000    31     0     3
(Ocean ALE)                              0      0.000000      0.000000      0.000000      0.000000  0.000    31     0     3
(Stochastic EOS)                       150      0.000019      0.000025      0.000022      0.000002  0.000    31     0     3
(SGS Temperature Variance)             150      0.000006      0.000006      0.000006      0.000000  0.000    31     0     3
(Ocean MOM save_restart)                 3      4.365156      4.365711      4.365314      0.000231  0.323    31     0     3
(Ocean diagnostics framework)            0      0.000000      0.000000      0.000000      0.000000  0.000    31     0     3
(Ocean diagnostics remapping)            0      0.000000      0.000000      0.000000      0.000000  0.000    41     0     3
(Ocean diagnostics grid updates)       526      0.721525      0.729259      0.725485      0.003187  0.054    41     0     3
(Ocean init message passing)             4      0.004674      0.006335      0.005604      0.000694  0.000    41     0     3
(Ocean continuity reconstruction       902      0.088914      0.093037      0.091071      0.001514  0.007    41     0     3
(Ocean continuity update)              902      0.024225      0.025222      0.024668      0.000363  0.002    41     0     3
(Ocean continuity correction)          902      2.149701      2.208818      2.174218      0.021530  0.161    41     0     3
(Ocean BT pre-calcs only)             1200      0.245005      0.253967      0.249267      0.003897  0.018    41     0     3
(Ocean BT pre-step halo updates)      1200      0.541139      0.584221      0.562989      0.015411  0.042    41     0     3
(Ocean BT stepping calcs only)         600      0.204999      0.216164      0.210257      0.005039  0.016    41     0     3
(Ocean BT stepping halo updates)       300      0.053655      0.057330      0.055920      0.001485  0.004    41     0     3
(Ocean BT post-calcs only)             900      0.028049      0.029386      0.028690      0.000570  0.002    41     0     3
(Ocean BT post-step halo updates       600      0.096140      0.105066      0.100230      0.004114  0.007    41     0     3
(Ocean BT global synch)                  0      0.000000      0.000000      0.000000      0.000000  0.000    41     0     3
(Ocean Coriolis & mom advection)       300      0.177035      0.223841      0.209721      0.019006  0.016    31     0     3
(Ocean continuity equation)            450      2.302533      2.325846      2.314759      0.008766  0.171    31     0     3
(Ocean pressure force)                 150      0.561334      0.591847      0.569861      0.012740  0.042    31     0     3
(Ocean vertical viscosity)             450      0.741762      0.752775      0.746640      0.004490  0.055    31     0     3
(Ocean horizontal viscosity)           150      0.177592      0.201684      0.194108      0.009633  0.014    31     0     3
(Ocean momentum increments)            300      0.017882      0.018258      0.018075      0.000183  0.001    31     0     3
(Ocean message passing)               1350      0.317053      0.375471      0.352009      0.021635  0.026    31     0     3
(Ocean barotropic mode calc)           300      0.010097      0.010484      0.010326      0.000148  0.001    31     0     3
(Ocean barotropic mode stepping)       300      1.205393      1.244776      1.221351      0.014657  0.090    31     0     3
(Ocean barotropic forcing calc)        300      0.018572      0.019033      0.018708      0.000189  0.001    31     0     3
(Ocean advect tracer)                    0      0.000000      0.000000      0.000000      0.000000  0.000    31     0     3
(Ocean tracer halo updates)              0      0.000000      0.000000      0.000000      0.000000  0.000    41     0     3
(Ocean tracer global synch)              0      0.000000      0.000000      0.000000      0.000000  0.000    41     0     3
(Ocean diffuse tracer)                   0      0.000000      0.000000      0.000000      0.000000  0.000    31     0     3
(Ocean epipycnal diffuse tracer)         0      0.000000      0.000000      0.000000      0.000000  0.000    31     0     3
(Ocean surface forcing)                 76      0.002249      0.002939      0.002461      0.000282  0.000    31     0     3
(Ocean forcing diagnostics)            150      0.000146      0.000260      0.000208      0.000046  0.000    41     0     3
 MPP_STACK high water mark=            0
