NOTE from PE     0: MPP_DOMAINS_SET_STACK_SIZE: stack size set to    32768.
NOTE from PE     0: MPP_DOMAINS_SET_STACK_SIZE: stack size set to  3000000.
NOTE from PE     0: ======== Model being driven by MOM_driver ========
NOTE from PE     0: callTree: o Program MOM_main, MOM_driver.F90
 MOM_domains_mod OMPthreading             1            0            1
NOTE from PE     0: fms_affinity_set: OCEAN affinity assumes hyper-threading hardware disabled
 MOM_domains_mod OMPthreading             0            0            1
 MOM_domains_mod OMPthreading             1            0            1
 MOM_domains_mod OMPthreading             0            0            1
NOTE from PE     0: open_param_file: MOM_input has been opened successfully.
NOTE from PE     0: open_param_file: MOM_override has been opened successfully.
 MOM_domains_mod OMPthreading             1            0            1
 MOM_domains_mod OMPthreading             0            0            1
 MOM_domains_mod OMPthreading             1            0            1

WARNING from PE     0: MOM_file_parser : DT over-ridden.  Line: 'DT = 75' in file MOM_override.


WARNING from PE     0: MOM_file_parser : DT_THERM over-ridden.  Line: 'DT_THERM = 150' in file MOM_override.

NOTE from PE     0: fms_affinity_set: OCEAN affinity assumes hyper-threading hardware disabled
 MOM_domains_mod OMPthreading             0            0            1

WARNING from PE     0: MOM_file_parser : NIGLOBAL over-ridden.  Line: 'NIGLOBAL = 512' in file MOM_override.


WARNING from PE     0: MOM_file_parser : NJGLOBAL over-ridden.  Line: 'NJGLOBAL = 256' in file MOM_override.

 MOM_in domain decomposition
whalo =    4, ehalo =    4, shalo =    4, nhalo =    4
  X-AXIS =  256 256
  Y-AXIS =  128 128
 MOM_inc domain decomposition
whalo =    2, ehalo =    2, shalo =    2, nhalo =    2
  X-AXIS =  128 128
  Y-AXIS =   64  64
NOTE from PE     0: diag_manager_mod::diag_manager_init: prepend_date only supported when diag_manager_init is called with time_init present.
NOTE from PE     0: diag_manager_mod::diag_manager_init: You are using the legacy version of the diag table
 MOM_in domain decomposition
whalo =    4, ehalo =    4, shalo =    4, nhalo =    4
  X-AXIS =  256 256
  Y-AXIS =  128 128
 MOM_in domain decomposition
whalo =    2, ehalo =    2, shalo =    2, nhalo =    2
  X-AXIS =  128 128
  Y-AXIS =   64  64

WARNING from PE     0: MOM_file_parser : NK over-ridden.  Line: 'NK = 100' in file MOM_override.

 MOM_in domain decomposition
whalo =    4, ehalo =    4, shalo =    4, nhalo =    4
  X-AXIS =  256 256
  Y-AXIS =  128 128
 MOM_in domain decomposition
whalo =    2, ehalo =    2, shalo =    2, nhalo =    2
  X-AXIS =  128 128
  Y-AXIS =   64  64

WARNING from PE     0: Open_file is appending .nc to the filename ./ocean_geometry


WARNING from PE     0: MOM_file_parser : COORD_CONFIG over-ridden.  Line: 'COORD_CONFIG = "linear"' in file MOM_override.

 MOM_in domain decomposition
whalo =    4, ehalo =    4, shalo =    4, nhalo =    4
  X-AXIS =  256 256
  Y-AXIS =  128 128
 MOM_in domain decomposition
whalo =    2, ehalo =    2, shalo =    2, nhalo =    2
  X-AXIS =  128 128
  Y-AXIS =   64  64
 MOM_in domain decomposition
whalo =    4, ehalo =    4, shalo =    4, nhalo =    4
  X-AXIS =  256 256
  Y-AXIS =  128 128
 MOM_in domain decomposition
whalo =    2, ehalo =    2, shalo =    2, nhalo =    2
  X-AXIS =  128 128
  Y-AXIS =   64  64

WARNING from PE     0: ./Depth_list.nc checksums do not match; updating file.


WARNING from PE     0: MOM_file_parser : DT_FORCING over-ridden.  Line: 'DT_FORCING = 150' in file MOM_override.


WARNING from PE     0: MOM_file_parser : DAYMAX over-ridden.  Line: 'DAYMAX = 150' in file MOM_override.


WARNING from PE     0: Unused line in MOM_input : GINT = 0.0098


WARNING from PE     0: open_ASCII_file: File ./CPU_stats opened WRITEONLY already exists!


WARNING from PE     0: open_ASCII_file: File ./ocean.stats opened WRITEONLY already exists!

MOM Time       0.000      0: En 9.167549E-12, MaxCFL  0.00000, Mass 5.286433166925E+18
    Total Energy: 41871BF89CE9F99F  4.8463635614245646E+07
    Total Mass:   5.2864331669247314E+18, Change:   0.0000000000000000E+00 Error:  0.00000E+00 ( 0.0E+00)
MOM Time      50.000     50: En 3.628256E-06, MaxCFL  0.00070, Mass 5.286433166925E+18
    Total Energy: 42B171D0E6F598AD  1.9180533773720676E+13
    Total Mass:   5.2864331669247314E+18, Change:   4.6828678089275229E+01 Error:  4.68287E+01 ( 8.9E-18)
MOM Time     100.000    100: En 1.302024E-05, MaxCFL  0.00126, Mass 5.286433166925E+18
    Total Energy: 42CF4CEFFF39F0E5  6.8830608913377789E+13
    Total Mass:   5.2864331669247314E+18, Change:  -4.4074424865870521E-01 Error: -4.40744E-01 (-8.3E-20)
 MOM_in domain decomposition
whalo =    4, ehalo =    4, shalo =    4, nhalo =    4
  X-AXIS =  256 256
  Y-AXIS =  128 128
 MOM_in domain decomposition
whalo =    2, ehalo =    2, shalo =    2, nhalo =    2
  X-AXIS =  128 128
  Y-AXIS =   64  64
 MOM_in domain decomposition
whalo =    4, ehalo =    4, shalo =    4, nhalo =    4
  X-AXIS =  256 256
  Y-AXIS =  128 128
 MOM_in domain decomposition
whalo =    2, ehalo =    2, shalo =    2, nhalo =    2
  X-AXIS =  128 128
  Y-AXIS =   64  64
MOM Time     150.000    150: En 2.597818E-05, MaxCFL  0.00165, Mass 5.286433166925E+18
    Total Energy: 42DF39C52ABA2CF0  1.3733192603461175E+14
    Total Mass:   5.2864331669247314E+18, Change:  -6.8041288220255325E-01 Error: -6.80413E-01 (-1.3E-19)
 MOM_in domain decomposition
whalo =    4, ehalo =    4, shalo =    4, nhalo =    4
  X-AXIS =  256 256
  Y-AXIS =  128 128
 MOM_in domain decomposition
whalo =    2, ehalo =    2, shalo =    2, nhalo =    2
  X-AXIS =  128 128
  Y-AXIS =   64  64

WARNING from PE     0: open_ASCII_file: File RESTART/ocean_solo.res opened WRITEONLY already exists!


WARNING from PE     0: open_ASCII_file: File exitcode opened WRITEONLY already exists!

 MPP_DOMAINS_STACK high water mark=       773600

Tabulating mpp_clock statistics across      4 PEs...

                                      hits          tmin          tmax          tavg          tstd  tfrac grain pemin pemax
Total runtime                            1     22.084127     22.084145     22.084137      0.000007  1.000     0     0     3
Initialization                           1      1.462335      1.463096      1.462575      0.000303  0.066     0     0     3
Main loop                                1     17.556540     17.556932     17.556828      0.000167  0.795     0     0     3
Termination                              1      2.978231      2.978656      2.978549      0.000184  0.135     0     0     3
Ocean                                   80     21.968807     21.981937     21.973768      0.005398  0.995     1     0     3
Ocean Initialization                     2      1.478184      1.482606      1.479314      0.001901  0.067    11     0     3
Ocean dynamics                         300      6.897335      6.936742      6.921994      0.014789  0.313    11     0     3
Ocean thermodynamics and tracers       225      0.140652      0.143287      0.142101      0.001091  0.006    11     0     3
Ocean grid generation and remapp         0      0.000000      0.000000      0.000000      0.000000  0.000    11     0     3
Ocean Other                            450      1.682008      1.694874      1.687619      0.004623  0.076    11     0     3
Ocean MOM_end                            1      0.076957      0.084432      0.080438      0.003479  0.004    11     0     3
(Ocean tracer advection)               150      0.006060      0.006180      0.006134      0.000048  0.000    21     0     3
(Ocean adiabatic driver)                75      0.134468      0.137033      0.135896      0.001098  0.006    21     0     3
(Ocean continuity equation *)            0      0.000000      0.000000      0.000000      0.000000  0.000    31     0     3
(Ocean set BBL viscosity)               75      0.096694      0.099675      0.098053      0.001087  0.004    31     0     3
(Ocean message passing *)              150      0.191262      0.241706      0.211862      0.018635  0.010    31     0     3
(Ocean MOM_initialize_state)             2      0.029484      0.034161      0.031265      0.001746  0.001    31     0     3
(Ocean init message passing *)           2      0.007371      0.007686      0.007521      0.000137  0.000    41     0     3
(Ocean mixed layer restrat)              0      0.000000      0.000000      0.000000      0.000000  0.000    31     0     3
(Ocean collective diagnostics)         375      0.350627      0.367395      0.356839      0.006341  0.016    31     0     3
(Ocean Z-space diagnostics)              0      0.000000      0.000000      0.000000      0.000000  0.000    31     0     3
(Ocean ALE)                              0      0.000000      0.000000      0.000000      0.000000  0.000    31     0     3
(Stochastic EOS)                       150      0.000021      0.000022      0.000022      0.000000  0.000    31     0     3
(SGS Temperature Variance)             150      0.000006      0.000006      0.000006      0.000000  0.000    31     0     3
(Ocean MOM save_restart)                 3      8.906138      8.907255      8.906713      0.000396  0.403    31     0     3
(Ocean diagnostics framework)            0      0.000000      0.000000      0.000000      0.000000  0.000    31     0     3
(Ocean diagnostics remapping)            0      0.000000      0.000000      0.000000      0.000000  0.000    41     0     3
(Ocean diagnostics grid updates)       526      1.416820      1.441163      1.425804      0.009511  0.065    41     0     3
(Ocean init message passing)             4      0.005884      0.011538      0.009256      0.002305  0.000    41     0     3
(Ocean continuity reconstruction       902      0.145191      0.147302      0.146049      0.000773  0.007    41     0     3
(Ocean continuity update)              902      0.038380      0.039139      0.038725      0.000317  0.002    41     0     3
(Ocean continuity correction)          902      2.285545      2.343626      2.311340      0.021776  0.105    41     0     3
(Ocean BT pre-calcs only)             1200      0.294602      0.302514      0.300187      0.003241  0.014    41     0     3
(Ocean BT pre-step halo updates)      1200      0.547172      0.588281      0.571398      0.015382  0.026    41     0     3
(Ocean BT stepping calcs only)         600      0.209702      0.222024      0.215667      0.005258  0.010    41     0     3
(Ocean BT stepping halo updates)       300      0.053665      0.055743      0.054515      0.000858  0.002    41     0     3
(Ocean BT post-calcs only)             900      0.040085      0.041182      0.040640      0.000488  0.002    41     0     3
(Ocean BT post-step halo updates       600      0.098453      0.109700      0.104433      0.004885  0.005    41     0     3
(Ocean BT global synch)                  0      0.000000      0.000000      0.000000      0.000000  0.000    41     0     3
(Ocean Coriolis & mom advection)       300      0.296861      0.304228      0.299967      0.002671  0.014    31     0     3
(Ocean continuity equation)            450      2.510497      2.567985      2.536597      0.021848  0.115    31     0     3
(Ocean pressure force)                 150      0.600518      0.630719      0.615133      0.014339  0.028    31     0     3
(Ocean vertical viscosity)             450      1.123837      1.130053      1.125831      0.002470  0.051    31     0     3
(Ocean horizontal viscosity)           150      0.255415      0.260609      0.258367      0.001890  0.012    31     0     3
(Ocean momentum increments)            300      0.027601      0.027939      0.027755      0.000124  0.001    31     0     3
(Ocean message passing)               1350      0.442871      0.488525      0.467459      0.020330  0.021    31     0     3
(Ocean barotropic mode calc)           300      0.012116      0.014522      0.012835      0.000979  0.001    31     0     3
(Ocean barotropic mode stepping)       300      1.279294      1.314962      1.302542      0.014302  0.059    31     0     3
(Ocean barotropic forcing calc)        300      0.029806      0.030233      0.029966      0.000177  0.001    31     0     3
(Ocean advect tracer)                    0      0.000000      0.000000      0.000000      0.000000  0.000    31     0     3
(Ocean tracer halo updates)              0      0.000000      0.000000      0.000000      0.000000  0.000    41     0     3
(Ocean tracer global synch)              0      0.000000      0.000000      0.000000      0.000000  0.000    41     0     3
(Ocean diffuse tracer)                   0      0.000000      0.000000      0.000000      0.000000  0.000    31     0     3
(Ocean epipycnal diffuse tracer)         0      0.000000      0.000000      0.000000      0.000000  0.000    31     0     3
(Ocean surface forcing)                 76      0.002616      0.003713      0.002918      0.000460  0.000    31     0     3
(Ocean forcing diagnostics)            150      0.000159      0.000249      0.000206      0.000036  0.000    41     0     3
 MPP_STACK high water mark=            0
