NOTE from PE     0: MPP_DOMAINS_SET_STACK_SIZE: stack size set to    32768.
NOTE from PE     0: MPP_DOMAINS_SET_STACK_SIZE: stack size set to  3000000.
NOTE from PE     0: ======== Model being driven by MOM_driver ========
NOTE from PE     0: callTree: o Program MOM_main, MOM_driver.F90
 MOM_domains_mod OMPthreading             1            0            1
NOTE from PE     0: fms_affinity_set: OCEAN affinity assumes hyper-threading hardware disabled
 MOM_domains_mod OMPthreading             0            0            1
 MOM_domains_mod OMPthreading             0            0            1
 MOM_domains_mod OMPthreading             1            0            1
NOTE from PE     0: open_param_file: MOM_input has been opened successfully.
NOTE from PE     0: open_param_file: MOM_override has been opened successfully.
 MOM_domains_mod OMPthreading             1            0            1
 MOM_domains_mod OMPthreading             0            0            1
 MOM_domains_mod OMPthreading             1            0            1

WARNING from PE     0: MOM_file_parser : DT over-ridden.  Line: 'DT = 37' in file MOM_override.


WARNING from PE     0: MOM_file_parser : DT_THERM over-ridden.  Line: 'DT_THERM = 75' in file MOM_override.

NOTE from PE     0: fms_affinity_set: OCEAN affinity assumes hyper-threading hardware disabled
 MOM_domains_mod OMPthreading             0            0            1

WARNING from PE     0: MOM_file_parser : NIGLOBAL over-ridden.  Line: 'NIGLOBAL = 1024' in file MOM_override.


WARNING from PE     0: MOM_file_parser : NJGLOBAL over-ridden.  Line: 'NJGLOBAL = 512' in file MOM_override.

 MOM_in domain decomposition
whalo =    4, ehalo =    4, shalo =    4, nhalo =    4
  X-AXIS =  512 512
  Y-AXIS =  256 256
 MOM_inc domain decomposition
whalo =    2, ehalo =    2, shalo =    2, nhalo =    2
  X-AXIS =  256 256
  Y-AXIS =  128 128
NOTE from PE     0: diag_manager_mod::diag_manager_init: prepend_date only supported when diag_manager_init is called with time_init present.
NOTE from PE     0: diag_manager_mod::diag_manager_init: You are using the legacy version of the diag table
 MOM_in domain decomposition
whalo =    4, ehalo =    4, shalo =    4, nhalo =    4
  X-AXIS =  512 512
  Y-AXIS =  256 256
 MOM_in domain decomposition
whalo =    2, ehalo =    2, shalo =    2, nhalo =    2
  X-AXIS =  256 256
  Y-AXIS =  128 128

WARNING from PE     0: MOM_file_parser : NK over-ridden.  Line: 'NK = 100' in file MOM_override.

 MOM_in domain decomposition
whalo =    4, ehalo =    4, shalo =    4, nhalo =    4
  X-AXIS =  512 512
  Y-AXIS =  256 256
 MOM_in domain decomposition
whalo =    2, ehalo =    2, shalo =    2, nhalo =    2
  X-AXIS =  256 256
  Y-AXIS =  128 128

WARNING from PE     0: Open_file is appending .nc to the filename ./ocean_geometry


WARNING from PE     0: MOM_file_parser : COORD_CONFIG over-ridden.  Line: 'COORD_CONFIG = "linear"' in file MOM_override.

 MOM_in domain decomposition
whalo =    4, ehalo =    4, shalo =    4, nhalo =    4
  X-AXIS =  512 512
  Y-AXIS =  256 256
 MOM_in domain decomposition
whalo =    2, ehalo =    2, shalo =    2, nhalo =    2
  X-AXIS =  256 256
  Y-AXIS =  128 128
 MOM_in domain decomposition
whalo =    4, ehalo =    4, shalo =    4, nhalo =    4
  X-AXIS =  512 512
  Y-AXIS =  256 256
 MOM_in domain decomposition
whalo =    2, ehalo =    2, shalo =    2, nhalo =    2
  X-AXIS =  256 256
  Y-AXIS =  128 128

WARNING from PE     0: ./Depth_list.nc checksums do not match; updating file.


WARNING from PE     0: MOM_file_parser : DT_FORCING over-ridden.  Line: 'DT_FORCING = 75' in file MOM_override.


WARNING from PE     0: MOM_file_parser : DAYMAX over-ridden.  Line: 'DAYMAX = 150' in file MOM_override.


WARNING from PE     0: Unused line in MOM_input : GINT = 0.0098


WARNING from PE     0: open_ASCII_file: File ./CPU_stats opened WRITEONLY already exists!


WARNING from PE     0: open_ASCII_file: File ./ocean.stats opened WRITEONLY already exists!

MOM Time       0.000      0: En 9.167888E-12, MaxCFL  0.00000, Mass 5.286414704261E+18
    Total Energy: 41871C2B47CED3B5  4.8465256975989737E+07
    Total Mass:   5.2864147042613893E+18, Change:   0.0000000000000000E+00 Error:  0.00000E+00 ( 0.0E+00)
MOM Time      50.676     75: En 9.561082E-07, MaxCFL  0.00036, Mass 5.286414704261E+18
    Total Energy: 429263431CDC0BD4  5.0543842567709570E+12
    Total Mass:   5.2864147042613893E+18, Change:   1.8803326967804978E+01 Error:  1.88033E+01 ( 3.6E-18)
MOM Time      99.324    147: En 3.499934E-06, MaxCFL  0.00068, Mass 5.286414704261E+18
    Total Energy: 42B0D3DB4847D81F  1.8502103091160121E+13
    Total Mass:   5.2864147042613893E+18, Change:   1.8635493501689782E+00 Error:  1.86355E+00 ( 3.5E-19)
 MOM_in domain decomposition
whalo =    4, ehalo =    4, shalo =    4, nhalo =    4
  X-AXIS =  512 512
  Y-AXIS =  256 256
 MOM_in domain decomposition
whalo =    2, ehalo =    2, shalo =    2, nhalo =    2
  X-AXIS =  256 256
  Y-AXIS =  128 128
 MOM_in domain decomposition
whalo =    4, ehalo =    4, shalo =    4, nhalo =    4
  X-AXIS =  512 512
  Y-AXIS =  256 256
 MOM_in domain decomposition
whalo =    2, ehalo =    2, shalo =    2, nhalo =    2
  X-AXIS =  256 256
  Y-AXIS =  128 128
MOM Time     150.000    222: En 7.572478E-06, MaxCFL  0.00098, Mass 5.286414704261E+18
    Total Energy: 42C23440762529B2  4.0031258167891391E+13
    Total Mass:   5.2864147042613893E+18, Change:   5.0541591161998811E-01 Error:  5.05416E-01 ( 9.6E-20)
 MOM_in domain decomposition
whalo =    4, ehalo =    4, shalo =    4, nhalo =    4
  X-AXIS =  512 512
  Y-AXIS =  256 256
 MOM_in domain decomposition
whalo =    2, ehalo =    2, shalo =    2, nhalo =    2
  X-AXIS =  256 256
  Y-AXIS =  128 128

WARNING from PE     0: open_ASCII_file: File RESTART/ocean_solo.res opened WRITEONLY already exists!


WARNING from PE     0: open_ASCII_file: File exitcode opened WRITEONLY already exists!

 MPP_DOMAINS_STACK high water mark=      1541600

Tabulating mpp_clock statistics across      4 PEs...

                                      hits          tmin          tmax          tavg          tstd  tfrac grain pemin pemax
Total runtime                            1     99.621780     99.621841     99.621811      0.000031  1.000     0     0     3
Initialization                           1      5.227069      5.227857      5.227339      0.000305  0.052     0     0     3
Main loop                                1     78.799454     78.799492     78.799469      0.000014  0.791     0     0     3
Termination                              1     15.280619     15.281383     15.281188      0.000329  0.153     0     0     3
Ocean                                   79     99.241997     99.261856     99.249634      0.007407  0.996     1     0     3
Ocean Initialization                     2      5.269736      5.290198      5.275196      0.008668  0.053    11     0     3
Ocean dynamics                         444     21.918592     21.981749     21.950422      0.028309  0.220    11     0     3
Ocean thermodynamics and tracers       222      3.116957      3.603173      3.359935      0.241517  0.034    11     0     3
Ocean grid generation and remapp         0      0.000000      0.000000      0.000000      0.000000  0.000    11     0     3
Ocean Other                            518      8.631275      9.135602      8.908100      0.222737  0.089    11     0     3
Ocean MOM_end                            1      0.306061      0.312062      0.308809      0.002606  0.003    11     0     3
(Ocean tracer advection)               148      0.021070      0.022063      0.021728      0.000392  0.000    21     0     3
(Ocean adiabatic driver)                74      3.095813      3.581036      3.338129      0.241315  0.034    21     0     3
(Ocean continuity equation *)            0      0.000000      0.000000      0.000000      0.000000  0.000    31     0     3
(Ocean set BBL viscosity)               74      0.197060      0.205757      0.201653      0.003202  0.002    31     0     3
(Ocean message passing *)              148      0.505147      1.446619      0.966250      0.452814  0.010    31     0     3
(Ocean MOM_initialize_state)             2      0.095005      0.096308      0.095474      0.000534  0.001    31     0     3
(Ocean init message passing *)           2      0.012710      0.013663      0.013201      0.000337  0.000    41     0     3
(Ocean mixed layer restrat)              0      0.000000      0.000000      0.000000      0.000000  0.000    31     0     3
(Ocean collective diagnostics)         444      3.999878      4.435287      4.235874      0.196959  0.043    31     0     3
(Ocean Z-space diagnostics)              0      0.000000      0.000000      0.000000      0.000000  0.000    31     0     3
(Ocean ALE)                              0      0.000000      0.000000      0.000000      0.000000  0.000    31     0     3
(Stochastic EOS)                       222      0.000030      0.000034      0.000032      0.000002  0.000    31     0     3
(SGS Temperature Variance)             222      0.000009      0.000009      0.000009      0.000000  0.000    31     0     3
(Ocean MOM save_restart)                 3     46.211105     46.213169     46.212315      0.000798  0.464    31     0     3
(Ocean diagnostics framework)            0      0.000000      0.000000      0.000000      0.000000  0.000    31     0     3
(Ocean diagnostics remapping)            0      0.000000      0.000000      0.000000      0.000000  0.000    41     0     3
(Ocean diagnostics grid updates)       741      7.899110      7.930914      7.920375      0.012694  0.080    41     0     3
(Ocean init message passing)             4      0.012750      0.079849      0.042401      0.026472  0.000    41     0     3
(Ocean continuity reconstruction      1334      0.664785      0.679900      0.671100      0.005553  0.007    41     0     3
(Ocean continuity update)             1334      0.178552      0.183157      0.179966      0.001865  0.002    41     0     3
(Ocean continuity correction)         1334      6.708354      6.809819      6.758623      0.038432  0.068    41     0     3
(Ocean BT pre-calcs only)             1776      0.894247      0.917022      0.905960      0.008262  0.009    41     0     3
(Ocean BT pre-step halo updates)      1776      0.841757      0.985513      0.904737      0.055348  0.009    41     0     3
(Ocean BT stepping calcs only)         888      0.300334      0.312455      0.306877      0.004319  0.003    41     0     3
(Ocean BT stepping halo updates)       444      0.080447      0.087510      0.083822      0.002706  0.001    41     0     3
(Ocean BT post-calcs only)            1332      0.158537      0.162511      0.159792      0.001585  0.002    41     0     3
(Ocean BT post-step halo updates       888      0.152016      0.159579      0.155620      0.003238  0.002    41     0     3
(Ocean BT global synch)                  0      0.000000      0.000000      0.000000      0.000000  0.000    41     0     3
(Ocean Coriolis & mom advection)       444      1.180742      1.234821      1.204243      0.019591  0.012    31     0     3
(Ocean continuity equation)            666      7.654380      7.761152      7.715921      0.041143  0.077    31     0     3
(Ocean pressure force)                 222      1.193480      1.234115      1.214726      0.019152  0.012    31     0     3
(Ocean vertical viscosity)             666      6.025175      6.074104      6.043657      0.018316  0.061    31     0     3
(Ocean horizontal viscosity)           222      0.978433      1.013459      0.995851      0.013128  0.010    31     0     3
(Ocean momentum increments)            444      0.131433      0.133780      0.132668      0.001072  0.001    31     0     3
(Ocean message passing)               1998      1.003286      1.096766      1.051911      0.037909  0.011    31     0     3
(Ocean barotropic mode calc)           444      0.035322      0.036110      0.035696      0.000282  0.000    31     0     3
(Ocean barotropic mode stepping)       444      2.575199      2.704721      2.640365      0.049971  0.027    31     0     3
(Ocean barotropic forcing calc)        444      0.140007      0.141731      0.140506      0.000712  0.001    31     0     3
(Ocean advect tracer)                    0      0.000000      0.000000      0.000000      0.000000  0.000    31     0     3
(Ocean tracer halo updates)              0      0.000000      0.000000      0.000000      0.000000  0.000    41     0     3
(Ocean tracer global synch)              0      0.000000      0.000000      0.000000      0.000000  0.000    41     0     3
(Ocean diffuse tracer)                   0      0.000000      0.000000      0.000000      0.000000  0.000    31     0     3
(Ocean epipycnal diffuse tracer)         0      0.000000      0.000000      0.000000      0.000000  0.000    31     0     3
(Ocean surface forcing)                 75      0.007523      0.008638      0.008017      0.000413  0.000    31     0     3
(Ocean forcing diagnostics)            148      0.000198      0.000257      0.000234      0.000023  0.000    41     0     3
 MPP_STACK high water mark=            0
