NOTE from PE     0: MPP_DOMAINS_SET_STACK_SIZE: stack size set to    32768.
NOTE from PE     0: MPP_DOMAINS_SET_STACK_SIZE: stack size set to  3000000.
NOTE from PE     0: ======== Model being driven by MOM_driver ========
NOTE from PE     0: callTree: o Program MOM_main, MOM_driver.F90
 MOM_domains_mod OMPthreading             1            0            1
NOTE from PE     0: fms_affinity_set: OCEAN affinity assumes hyper-threading hardware disabled
 MOM_domains_mod OMPthreading             0            0            1
NOTE from PE     0: open_param_file: MOM_input has been opened successfully.
 MOM_domains_mod OMPthreading             1            0            1
 MOM_domains_mod OMPthreading             0            0            1
 MOM_domains_mod OMPthreading             0            0            1
 MOM_domains_mod OMPthreading             1            0            1
 MOM_domains_mod OMPthreading             0            0            1
 MOM_domains_mod OMPthreading             1            0            1
NOTE from PE     0: open_param_file: MOM_override has been opened successfully.
 MOM_domains_mod OMPthreading             1            0            1
 MOM_domains_mod OMPthreading             1            0            1
 MOM_domains_mod OMPthreading             0            0            1
 MOM_domains_mod OMPthreading             1            0            1
 MOM_domains_mod OMPthreading             0            0            1
 MOM_domains_mod OMPthreading             1            0            1
 MOM_domains_mod OMPthreading             0            0            1

WARNING from PE     0: MOM_file_parser : DT over-ridden.  Line: 'DT = 600' in file MOM_override.


WARNING from PE     0: MOM_file_parser : DT_THERM over-ridden.  Line: 'DT_THERM = 1200' in file MOM_override.

NOTE from PE     0: fms_affinity_set: OCEAN affinity assumes hyper-threading hardware disabled
 MOM_domains_mod OMPthreading             0            0            1

WARNING from PE     0: MOM_file_parser : NIGLOBAL over-ridden.  Line: 'NIGLOBAL = 64' in file MOM_override.


WARNING from PE     0: MOM_file_parser : NJGLOBAL over-ridden.  Line: 'NJGLOBAL = 32' in file MOM_override.

 MOM_in domain decomposition
whalo =    4, ehalo =    4, shalo =    4, nhalo =    4
  X-AXIS =   16  16  16  16
  Y-AXIS =   16  16
 MOM_inc domain decomposition
whalo =    2, ehalo =    2, shalo =    2, nhalo =    2
  X-AXIS =    8   8   8   8
  Y-AXIS =    8   8
NOTE from PE     0: diag_manager_mod::diag_manager_init: prepend_date only supported when diag_manager_init is called with time_init present.
NOTE from PE     0: diag_manager_mod::diag_manager_init: You are using the legacy version of the diag table
 MOM_in domain decomposition
whalo =    4, ehalo =    4, shalo =    4, nhalo =    4
  X-AXIS =   16  16  16  16
  Y-AXIS =   16  16
 MOM_in domain decomposition
whalo =    2, ehalo =    2, shalo =    2, nhalo =    2
  X-AXIS =    8   8   8   8
  Y-AXIS =    8   8

WARNING from PE     0: MOM_file_parser : NK over-ridden.  Line: 'NK = 100' in file MOM_override.

 MOM_in domain decomposition
whalo =    4, ehalo =    4, shalo =    4, nhalo =    4
  X-AXIS =   16  16  16  16
  Y-AXIS =   16  16
 MOM_in domain decomposition
whalo =    2, ehalo =    2, shalo =    2, nhalo =    2
  X-AXIS =    8   8   8   8
  Y-AXIS =    8   8

WARNING from PE     0: Open_file is appending .nc to the filename ./ocean_geometry


WARNING from PE     0: MOM_file_parser : COORD_CONFIG over-ridden.  Line: 'COORD_CONFIG = "linear"' in file MOM_override.

 MOM_in domain decomposition
whalo =    4, ehalo =    4, shalo =    4, nhalo =    4
  X-AXIS =   16  16  16  16
  Y-AXIS =   16  16
 MOM_in domain decomposition
whalo =    2, ehalo =    2, shalo =    2, nhalo =    2
  X-AXIS =    8   8   8   8
  Y-AXIS =    8   8
 MOM_in domain decomposition
whalo =    4, ehalo =    4, shalo =    4, nhalo =    4
  X-AXIS =   16  16  16  16
  Y-AXIS =   16  16
 MOM_in domain decomposition
whalo =    2, ehalo =    2, shalo =    2, nhalo =    2
  X-AXIS =    8   8   8   8
  Y-AXIS =    8   8

WARNING from PE     0: ./Depth_list.nc checksums do not match; updating file.


WARNING from PE     0: MOM_file_parser : DT_FORCING over-ridden.  Line: 'DT_FORCING = 1200' in file MOM_override.


WARNING from PE     0: MOM_file_parser : DAYMAX over-ridden.  Line: 'DAYMAX = 150' in file MOM_override.


WARNING from PE     0: Unused line in MOM_input : GINT = 0.0098


WARNING from PE     0: open_ASCII_file: File ./CPU_stats opened WRITEONLY already exists!


WARNING from PE     0: open_ASCII_file: File ./ocean.stats opened WRITEONLY already exists!

MOM Time       0.000      0: En 9.139696E-12, MaxCFL  0.00000, Mass 5.287973820617E+18
    Total Energy: 41870BB74E3AA8F6  4.8330473778642580E+07
    Total Mass:   5.2879738206166886E+18, Change:   0.0000000000000000E+00 Error:  0.00000E+00 ( 0.0E+00)
MOM Time      50.000     50: En 7.975875E-05, MaxCFL  0.00128, Mass 5.287973820617E+18
    Total Energy: 42F7F97281B1A271  4.2176216636471106E+14
    Total Mass:   5.2879738206166886E+18, Change:  -3.8694856253043724E+01 Error: -3.86949E+01 (-7.3E-18)
MOM Time     100.000    100: En 2.355779E-05, MaxCFL  0.00105, Mass 5.287973820617E+18
    Total Energy: 42DC5319E5F2DAA6  1.2457296945444259E+14
    Total Mass:   5.2879738206166886E+18, Change:  -1.3485470417674151E+01 Error: -1.34855E+01 (-2.6E-18)
 MOM_in domain decomposition
whalo =    4, ehalo =    4, shalo =    4, nhalo =    4
  X-AXIS =   16  16  16  16
  Y-AXIS =   16  16
 MOM_in domain decomposition
whalo =    2, ehalo =    2, shalo =    2, nhalo =    2
  X-AXIS =    8   8   8   8
  Y-AXIS =    8   8
 MOM_in domain decomposition
whalo =    4, ehalo =    4, shalo =    4, nhalo =    4
  X-AXIS =   16  16  16  16
  Y-AXIS =   16  16
 MOM_in domain decomposition
whalo =    2, ehalo =    2, shalo =    2, nhalo =    2
  X-AXIS =    8   8   8   8
  Y-AXIS =    8   8
MOM Time     150.000    150: En 5.690616E-05, MaxCFL  0.00134, Mass 5.287973820617E+18
    Total Energy: 42F11AEFE0A1C513  3.0091826076782519E+14
    Total Mass:   5.2879738206166886E+18, Change:   4.1552273254152396E+00 Error:  4.15523E+00 ( 7.9E-19)
 MOM_in domain decomposition
whalo =    4, ehalo =    4, shalo =    4, nhalo =    4
  X-AXIS =   16  16  16  16
  Y-AXIS =   16  16
 MOM_in domain decomposition
whalo =    2, ehalo =    2, shalo =    2, nhalo =    2
  X-AXIS =    8   8   8   8
  Y-AXIS =    8   8

WARNING from PE     0: open_ASCII_file: File RESTART/ocean_solo.res opened WRITEONLY already exists!


WARNING from PE     0: open_ASCII_file: File exitcode opened WRITEONLY already exists!

 MPP_DOMAINS_STACK high water mark=       106400

Tabulating mpp_clock statistics across      8 PEs...

                                      hits          tmin          tmax          tavg          tstd  tfrac grain pemin pemax
Total runtime                            1      5.244199      5.256864      5.247481      0.005420  0.998     0     0     7
Initialization                           1      0.235294      0.247462      0.238363      0.005016  0.045     0     0     7
Main loop                                1      4.952717      4.953367      4.953272      0.000210  0.942     0     0     7
Termination                              1      0.054125      0.054407      0.054370      0.000092  0.010     0     0     7
Ocean                                   80      5.204341      5.220088      5.208021      0.005911  0.991     1     0     7
Ocean Initialization                     2      0.248377      0.263112      0.251879      0.005647  0.048    11     0     7
Ocean dynamics                         300      4.608662      4.616800      4.612907      0.003194  0.878    11     0     7
Ocean thermodynamics and tracers       225      0.003474      0.003808      0.003620      0.000115  0.001    11     0     7
Ocean grid generation and remapp         0      0.000000      0.000000      0.000000      0.000000  0.000    11     0     7
Ocean Other                            450      0.135343      0.144888      0.139409      0.003165  0.027    11     0     7
Ocean MOM_end                            1      0.000526      0.000617      0.000573      0.000027  0.000    11     0     7
(Ocean tracer advection)               150      0.002073      0.002329      0.002181      0.000072  0.000    21     0     7
(Ocean adiabatic driver)                75      0.001349      0.001558      0.001401      0.000067  0.000    21     0     7
(Ocean continuity equation *)            0      0.000000      0.000000      0.000000      0.000000  0.000    31     0     7
(Ocean set BBL viscosity)               75      0.024154      0.030834      0.028637      0.002468  0.005    31     0     7
(Ocean message passing *)              150      0.083192      0.095052      0.089321      0.004276  0.017    31     0     7
(Ocean MOM_initialize_state)             2      0.007344      0.011605      0.007900      0.001401  0.002    31     0     7
(Ocean init message passing *)           2      0.003348      0.003973      0.003671      0.000167  0.001    41     0     7
(Ocean mixed layer restrat)              0      0.000000      0.000000      0.000000      0.000000  0.000    31     0     7
(Ocean collective diagnostics)         375      0.004991      0.006399      0.005645      0.000585  0.001    31     0     7
(Ocean Z-space diagnostics)              0      0.000000      0.000000      0.000000      0.000000  0.000    31     0     7
(Ocean ALE)                              0      0.000000      0.000000      0.000000      0.000000  0.000    31     0     7
(Stochastic EOS)                       150      0.000011      0.000013      0.000012      0.000000  0.000    31     0     7
(SGS Temperature Variance)             150      0.000006      0.000006      0.000006      0.000000  0.000    31     0     7
(Ocean MOM save_restart)                 3      0.149281      0.149743      0.149376      0.000142  0.028    31     0     7
(Ocean diagnostics framework)            0      0.000000      0.000000      0.000000      0.000000  0.000    31     0     7
(Ocean diagnostics remapping)            0      0.000000      0.000000      0.000000      0.000000  0.000    41     0     7
(Ocean diagnostics grid updates)       526      0.022752      0.023336      0.022972      0.000171  0.004    41     0     7
(Ocean init message passing)             4      0.001379      0.002692      0.002134      0.000414  0.000    41     0     7
(Ocean continuity reconstruction       902      0.033507      0.035543      0.034560      0.000913  0.007    41     0     7
(Ocean continuity update)              902      0.009906      0.010635      0.010291      0.000287  0.002    41     0     7
(Ocean continuity correction)          902      1.528667      1.610187      1.568956      0.027359  0.298    41     0     7
(Ocean BT pre-calcs only)             1200      0.183744      0.193466      0.188520      0.004061  0.036    41     0     7
(Ocean BT pre-step halo updates)      1200      0.814131      0.872944      0.839168      0.018396  0.160    41     0     7
(Ocean BT stepping calcs only)         600      0.190583      0.205041      0.197174      0.005893  0.038    41     0     7
(Ocean BT stepping halo updates)       300      0.085073      0.102438      0.094413      0.007361  0.018    41     0     7
(Ocean BT post-calcs only)             900      0.016954      0.018121      0.017525      0.000513  0.003    41     0     7
(Ocean BT post-step halo updates       600      0.144746      0.157120      0.150502      0.004121  0.029    41     0     7
(Ocean BT global synch)                  0      0.000000      0.000000      0.000000      0.000000  0.000    41     0     7
(Ocean Coriolis & mom advection)       300      0.064694      0.068567      0.066872      0.001489  0.013    31     0     7
(Ocean continuity equation)            450      1.571143      1.652624      1.612752      0.027214  0.307    31     0     7
(Ocean pressure force)                 150      0.468944      0.500259      0.483498      0.013746  0.092    31     0     7
(Ocean vertical viscosity)             450      0.427023      0.440666      0.433653      0.004226  0.082    31     0     7
(Ocean horizontal viscosity)           150      0.048067      0.051235      0.049542      0.001186  0.009    31     0     7
(Ocean momentum increments)            300      0.006928      0.007370      0.007139      0.000181  0.001    31     0     7
(Ocean message passing)               1350      0.335180      0.404176      0.362344      0.024081  0.069    31     0     7
(Ocean barotropic mode calc)           300      0.007110      0.007420      0.007266      0.000103  0.001    31     0     7
(Ocean barotropic mode stepping)       300      1.483912      1.522407      1.498899      0.012067  0.285    31     0     7
(Ocean barotropic forcing calc)        300      0.005974      0.006398      0.006180      0.000176  0.001    31     0     7
(Ocean advect tracer)                    0      0.000000      0.000000      0.000000      0.000000  0.000    31     0     7
(Ocean tracer halo updates)              0      0.000000      0.000000      0.000000      0.000000  0.000    41     0     7
(Ocean tracer global synch)              0      0.000000      0.000000      0.000000      0.000000  0.000    41     0     7
(Ocean diffuse tracer)                   0      0.000000      0.000000      0.000000      0.000000  0.000    31     0     7
(Ocean epipycnal diffuse tracer)         0      0.000000      0.000000      0.000000      0.000000  0.000    31     0     7
(Ocean surface forcing)                 76      0.001613      0.002364      0.001729      0.000240  0.000    31     0     7
(Ocean forcing diagnostics)            150      0.000121      0.000234      0.000182      0.000049  0.000    41     0     7
 MPP_STACK high water mark=            0
