NOTE from PE     0: MPP_DOMAINS_SET_STACK_SIZE: stack size set to    32768.
NOTE from PE     0: MPP_DOMAINS_SET_STACK_SIZE: stack size set to  3000000.
NOTE from PE     0: ======== Model being driven by MOM_driver ========
NOTE from PE     0: callTree: o Program MOM_main, MOM_driver.F90
NOTE from PE     0: fms_affinity_set: OCEAN affinity assumes hyper-threading hardware disabled
 MOM_domains_mod OMPthreading             0            0            1
 MOM_domains_mod OMPthreading             1            0            1
NOTE from PE     0: open_param_file: MOM_input has been opened successfully.
 MOM_domains_mod OMPthreading             1            0            1
 MOM_domains_mod OMPthreading             0            0            1
 MOM_domains_mod OMPthreading             1            0            1
 MOM_domains_mod OMPthreading             0            0            1
 MOM_domains_mod OMPthreading             0            0            1
 MOM_domains_mod OMPthreading             1            0            1
NOTE from PE     0: open_param_file: MOM_override has been opened successfully.
 MOM_domains_mod OMPthreading             0            0            1
 MOM_domains_mod OMPthreading             1            0            1
 MOM_domains_mod OMPthreading             1            0            1
 MOM_domains_mod OMPthreading             0            0            1
 MOM_domains_mod OMPthreading             1            0            1
 MOM_domains_mod OMPthreading             1            0            1
 MOM_domains_mod OMPthreading             0            0            1

WARNING from PE     0: MOM_file_parser : DT over-ridden.  Line: 'DT = 600' in file MOM_override.


WARNING from PE     0: MOM_file_parser : DT_THERM over-ridden.  Line: 'DT_THERM = 1200' in file MOM_override.

NOTE from PE     0: fms_affinity_set: OCEAN affinity assumes hyper-threading hardware disabled
 MOM_domains_mod OMPthreading             0            0            1

WARNING from PE     0: MOM_file_parser : NIGLOBAL over-ridden.  Line: 'NIGLOBAL = 64' in file MOM_override.


WARNING from PE     0: MOM_file_parser : NJGLOBAL over-ridden.  Line: 'NJGLOBAL = 64' in file MOM_override.

 MOM_in domain decomposition
whalo =    4, ehalo =    4, shalo =    4, nhalo =    4
  X-AXIS =   16  16  16  16
  Y-AXIS =   32  32
 MOM_inc domain decomposition
whalo =    2, ehalo =    2, shalo =    2, nhalo =    2
  X-AXIS =    8   8   8   8
  Y-AXIS =   16  16
NOTE from PE     0: diag_manager_mod::diag_manager_init: prepend_date only supported when diag_manager_init is called with time_init present.
NOTE from PE     0: diag_manager_mod::diag_manager_init: You are using the legacy version of the diag table
 MOM_in domain decomposition
whalo =    4, ehalo =    4, shalo =    4, nhalo =    4
  X-AXIS =   16  16  16  16
  Y-AXIS =   32  32
 MOM_in domain decomposition
whalo =    2, ehalo =    2, shalo =    2, nhalo =    2
  X-AXIS =    8   8   8   8
  Y-AXIS =   16  16

WARNING from PE     0: MOM_file_parser : NK over-ridden.  Line: 'NK = 100' in file MOM_override.

 MOM_in domain decomposition
whalo =    4, ehalo =    4, shalo =    4, nhalo =    4
  X-AXIS =   16  16  16  16
  Y-AXIS =   32  32
 MOM_in domain decomposition
whalo =    2, ehalo =    2, shalo =    2, nhalo =    2
  X-AXIS =    8   8   8   8
  Y-AXIS =   16  16

WARNING from PE     0: Open_file is appending .nc to the filename ./ocean_geometry


WARNING from PE     0: MOM_file_parser : COORD_CONFIG over-ridden.  Line: 'COORD_CONFIG = "linear"' in file MOM_override.

 MOM_in domain decomposition
whalo =    4, ehalo =    4, shalo =    4, nhalo =    4
  X-AXIS =   16  16  16  16
  Y-AXIS =   32  32
 MOM_in domain decomposition
whalo =    2, ehalo =    2, shalo =    2, nhalo =    2
  X-AXIS =    8   8   8   8
  Y-AXIS =   16  16
 MOM_in domain decomposition
whalo =    4, ehalo =    4, shalo =    4, nhalo =    4
  X-AXIS =   16  16  16  16
  Y-AXIS =   32  32
 MOM_in domain decomposition
whalo =    2, ehalo =    2, shalo =    2, nhalo =    2
  X-AXIS =    8   8   8   8
  Y-AXIS =   16  16

WARNING from PE     0: ./Depth_list.nc checksums do not match; updating file.


WARNING from PE     0: MOM_file_parser : DT_FORCING over-ridden.  Line: 'DT_FORCING = 1200' in file MOM_override.


WARNING from PE     0: MOM_file_parser : DAYMAX over-ridden.  Line: 'DAYMAX = 150' in file MOM_override.


WARNING from PE     0: Unused line in MOM_input : GINT = 0.0098


WARNING from PE     0: open_ASCII_file: File ./CPU_stats opened WRITEONLY already exists!


WARNING from PE     0: open_ASCII_file: File ./ocean.stats opened WRITEONLY already exists!

MOM Time       0.000      0: En 9.154261E-12, MaxCFL  0.00000, Mass 5.287164009544E+18
    Total Energy: 418714367417D6D3  4.8400078511640213E+07
    Total Mass:   5.2871640095440794E+18, Change:   0.0000000000000000E+00 Error:  0.00000E+00 ( 0.0E+00)
MOM Time      50.000     50: En 7.963171E-05, MaxCFL  0.00255, Mass 5.287164009544E+18
    Total Energy: 42F7EEBBD283F64A  4.2102593265648463E+14
    Total Mass:   5.2871640095440794E+18, Change:   3.4495196298033534E+01 Error:  3.44952E+01 ( 6.5E-18)
MOM Time     100.000    100: En 2.338658E-05, MaxCFL  0.00134, Mass 5.287164009544E+18
    Total Energy: 42DC1D4CE3252624  1.2364867833564056E+14
    Total Mass:   5.2871640095440794E+18, Change:  -2.6650572587475096E+00 Error: -2.66506E+00 (-5.0E-19)
 MOM_in domain decomposition
whalo =    4, ehalo =    4, shalo =    4, nhalo =    4
  X-AXIS =   16  16  16  16
  Y-AXIS =   32  32
 MOM_in domain decomposition
whalo =    2, ehalo =    2, shalo =    2, nhalo =    2
  X-AXIS =    8   8   8   8
  Y-AXIS =   16  16
 MOM_in domain decomposition
whalo =    4, ehalo =    4, shalo =    4, nhalo =    4
  X-AXIS =   16  16  16  16
  Y-AXIS =   32  32
 MOM_in domain decomposition
whalo =    2, ehalo =    2, shalo =    2, nhalo =    2
  X-AXIS =    8   8   8   8
  Y-AXIS =   16  16
MOM Time     150.000    150: En 5.699787E-05, MaxCFL  0.00205, Mass 5.287164009544E+18
    Total Energy: 42F12152AB7C958D  3.0135709701154481E+14
    Total Mass:   5.2871640095440794E+18, Change:  -8.0114739019887082E+00 Error: -8.01147E+00 (-1.5E-18)
 MOM_in domain decomposition
whalo =    4, ehalo =    4, shalo =    4, nhalo =    4
  X-AXIS =   16  16  16  16
  Y-AXIS =   32  32
 MOM_in domain decomposition
whalo =    2, ehalo =    2, shalo =    2, nhalo =    2
  X-AXIS =    8   8   8   8
  Y-AXIS =   16  16

WARNING from PE     0: open_ASCII_file: File RESTART/ocean_solo.res opened WRITEONLY already exists!


WARNING from PE     0: open_ASCII_file: File exitcode opened WRITEONLY already exists!

 MPP_DOMAINS_STACK high water mark=       170400

Tabulating mpp_clock statistics across      8 PEs...

                                      hits          tmin          tmax          tavg          tstd  tfrac grain pemin pemax
Total runtime                            1      5.575331      5.590333      5.579200      0.006431  0.998     0     0     7
Initialization                           1      0.258575      0.273053      0.262263      0.006043  0.047     0     0     7
Main loop                                1      5.215075      5.215325      5.215285      0.000080  0.933     0     0     7
Termination                              1      0.099757      0.100252      0.100189      0.000163  0.018     0     0     7
Ocean                                   80      5.534335      5.553779      5.539763      0.007046  0.991     1     0     7
Ocean Initialization                     2      0.270359      0.289271      0.275774      0.006879  0.049    11     0     7
Ocean dynamics                         300      4.746692      4.756011      4.750276      0.003493  0.850    11     0     7
Ocean thermodynamics and tracers       225      0.004064      0.005647      0.004828      0.000421  0.001    11     0     7
Ocean grid generation and remapp         0      0.000000      0.000000      0.000000      0.000000  0.000    11     0     7
Ocean Other                            450      0.142267      0.154154      0.150122      0.004267  0.027    11     0     7
Ocean MOM_end                            1      0.000320      0.000640      0.000580      0.000100  0.000    11     0     7
(Ocean tracer advection)               150      0.002281      0.002508      0.002411      0.000068  0.000    21     0     7
(Ocean adiabatic driver)                75      0.001746      0.003100      0.002380      0.000358  0.000    21     0     7
(Ocean continuity equation *)            0      0.000000      0.000000      0.000000      0.000000  0.000    31     0     7
(Ocean set BBL viscosity)               75      0.025531      0.033160      0.030387      0.002735  0.005    31     0     7
(Ocean message passing *)              150      0.078444      0.094242      0.089168      0.005692  0.016    31     0     7
(Ocean MOM_initialize_state)             2      0.007526      0.011900      0.008121      0.001429  0.001    31     0     7
(Ocean init message passing *)           2      0.003815      0.004459      0.004236      0.000207  0.001    41     0     7
(Ocean mixed layer restrat)              0      0.000000      0.000000      0.000000      0.000000  0.000    31     0     7
(Ocean collective diagnostics)         375      0.007675      0.010098      0.008824      0.000883  0.002    31     0     7
(Ocean Z-space diagnostics)              0      0.000000      0.000000      0.000000      0.000000  0.000    31     0     7
(Ocean ALE)                              0      0.000000      0.000000      0.000000      0.000000  0.000    31     0     7
(Stochastic EOS)                       150      0.000012      0.000014      0.000013      0.000000  0.000    31     0     7
(SGS Temperature Variance)             150      0.000006      0.000006      0.000006      0.000000  0.000    31     0     7
(Ocean MOM save_restart)                 3      0.279765      0.280168      0.279869      0.000121  0.050    31     0     7
(Ocean diagnostics framework)            0      0.000000      0.000000      0.000000      0.000000  0.000    31     0     7
(Ocean diagnostics remapping)            0      0.000000      0.000000      0.000000      0.000000  0.000    41     0     7
(Ocean diagnostics grid updates)       526      0.037370      0.038404      0.037961      0.000320  0.007    41     0     7
(Ocean init message passing)             4      0.001715      0.003185      0.002631      0.000447  0.000    41     0     7
(Ocean continuity reconstruction       902      0.035082      0.036982      0.036106      0.000842  0.006    41     0     7
(Ocean continuity update)              902      0.010459      0.010986      0.010714      0.000243  0.002    41     0     7
(Ocean continuity correction)          902      1.556500      1.646851      1.604134      0.029937  0.287    41     0     7
(Ocean BT pre-calcs only)             1200      0.195296      0.203236      0.199123      0.003433  0.036    41     0     7
(Ocean BT pre-step halo updates)      1200      0.815606      0.872886      0.841061      0.017625  0.150    41     0     7
(Ocean BT stepping calcs only)         600      0.193209      0.205240      0.199370      0.004669  0.036    41     0     7
(Ocean BT stepping halo updates)       300      0.083317      0.101513      0.092249      0.007473  0.017    41     0     7
(Ocean BT post-calcs only)             900      0.017298      0.018293      0.017789      0.000431  0.003    41     0     7
(Ocean BT post-step halo updates       600      0.141864      0.157940      0.149840      0.005043  0.027    41     0     7
(Ocean BT global synch)                  0      0.000000      0.000000      0.000000      0.000000  0.000    41     0     7
(Ocean Coriolis & mom advection)       300      0.073525      0.079979      0.077362      0.001881  0.014    31     0     7
(Ocean continuity equation)            450      1.603711      1.693752      1.652071      0.029884  0.296    31     0     7
(Ocean pressure force)                 150      0.477701      0.511228      0.493104      0.013659  0.088    31     0     7
(Ocean vertical viscosity)             450      0.446733      0.466498      0.455090      0.006066  0.081    31     0     7
(Ocean horizontal viscosity)           150      0.058490      0.066478      0.063857      0.002455  0.011    31     0     7
(Ocean momentum increments)            300      0.007332      0.007741      0.007525      0.000156  0.001    31     0     7
(Ocean message passing)               1350      0.356539      0.433352      0.383975      0.026492  0.069    31     0     7
(Ocean barotropic mode calc)           300      0.007441      0.007713      0.007542      0.000080  0.001    31     0     7
(Ocean barotropic mode stepping)       300      1.494015      1.535889      1.512045      0.012893  0.270    31     0     7
(Ocean barotropic forcing calc)        300      0.006505      0.006863      0.006681      0.000154  0.001    31     0     7
(Ocean advect tracer)                    0      0.000000      0.000000      0.000000      0.000000  0.000    31     0     7
(Ocean tracer halo updates)              0      0.000000      0.000000      0.000000      0.000000  0.000    41     0     7
(Ocean tracer global synch)              0      0.000000      0.000000      0.000000      0.000000  0.000    41     0     7
(Ocean diffuse tracer)                   0      0.000000      0.000000      0.000000      0.000000  0.000    31     0     7
(Ocean epipycnal diffuse tracer)         0      0.000000      0.000000      0.000000      0.000000  0.000    31     0     7
(Ocean surface forcing)                 76      0.001496      0.002227      0.001655      0.000220  0.000    31     0     7
(Ocean forcing diagnostics)            150      0.000123      0.000247      0.000184      0.000052  0.000    41     0     7
 MPP_STACK high water mark=            0
