NOTE from PE     0: MPP_DOMAINS_SET_STACK_SIZE: stack size set to    32768.
NOTE from PE     0: MPP_DOMAINS_SET_STACK_SIZE: stack size set to  3000000.
NOTE from PE     0: ======== Model being driven by MOM_driver ========
NOTE from PE     0: callTree: o Program MOM_main, MOM_driver.F90
 MOM_domains_mod OMPthreading             1            0            1
NOTE from PE     0: fms_affinity_set: OCEAN affinity assumes hyper-threading hardware disabled
 MOM_domains_mod OMPthreading             0            0            1
NOTE from PE     0: open_param_file: MOM_input has been opened successfully.
 MOM_domains_mod OMPthreading             1            0            1
 MOM_domains_mod OMPthreading             0            0            1
 MOM_domains_mod OMPthreading             0            0            1
 MOM_domains_mod OMPthreading             1            0            1
 MOM_domains_mod OMPthreading             0            0            1
 MOM_domains_mod OMPthreading             1            0            1
NOTE from PE     0: open_param_file: MOM_override has been opened successfully.
 MOM_domains_mod OMPthreading             1            0            1
 MOM_domains_mod OMPthreading             1            0            1
 MOM_domains_mod OMPthreading             1            0            1
 MOM_domains_mod OMPthreading             1            0            1
 MOM_domains_mod OMPthreading             0            0            1
 MOM_domains_mod OMPthreading             0            0            1
 MOM_domains_mod OMPthreading             0            0            1

WARNING from PE     0: MOM_file_parser : DT over-ridden.  Line: 'DT = 150' in file MOM_override.


WARNING from PE     0: MOM_file_parser : DT_THERM over-ridden.  Line: 'DT_THERM = 300' in file MOM_override.

NOTE from PE     0: fms_affinity_set: OCEAN affinity assumes hyper-threading hardware disabled
 MOM_domains_mod OMPthreading             0            0            1

WARNING from PE     0: MOM_file_parser : NIGLOBAL over-ridden.  Line: 'NIGLOBAL = 256' in file MOM_override.


WARNING from PE     0: MOM_file_parser : NJGLOBAL over-ridden.  Line: 'NJGLOBAL = 128' in file MOM_override.

 MOM_in domain decomposition
whalo =    4, ehalo =    4, shalo =    4, nhalo =    4
  X-AXIS =   64  64  64  64
  Y-AXIS =   64  64
 MOM_inc domain decomposition
whalo =    2, ehalo =    2, shalo =    2, nhalo =    2
  X-AXIS =   32  32  32  32
  Y-AXIS =   32  32
NOTE from PE     0: diag_manager_mod::diag_manager_init: prepend_date only supported when diag_manager_init is called with time_init present.
NOTE from PE     0: diag_manager_mod::diag_manager_init: You are using the legacy version of the diag table
 MOM_in domain decomposition
whalo =    4, ehalo =    4, shalo =    4, nhalo =    4
  X-AXIS =   64  64  64  64
  Y-AXIS =   64  64
 MOM_in domain decomposition
whalo =    2, ehalo =    2, shalo =    2, nhalo =    2
  X-AXIS =   32  32  32  32
  Y-AXIS =   32  32

WARNING from PE     0: MOM_file_parser : NK over-ridden.  Line: 'NK = 100' in file MOM_override.

 MOM_in domain decomposition
whalo =    4, ehalo =    4, shalo =    4, nhalo =    4
  X-AXIS =   64  64  64  64
  Y-AXIS =   64  64
 MOM_in domain decomposition
whalo =    2, ehalo =    2, shalo =    2, nhalo =    2
  X-AXIS =   32  32  32  32
  Y-AXIS =   32  32

WARNING from PE     0: Open_file is appending .nc to the filename ./ocean_geometry


WARNING from PE     0: MOM_file_parser : COORD_CONFIG over-ridden.  Line: 'COORD_CONFIG = "linear"' in file MOM_override.

 MOM_in domain decomposition
whalo =    4, ehalo =    4, shalo =    4, nhalo =    4
  X-AXIS =   64  64  64  64
  Y-AXIS =   64  64
 MOM_in domain decomposition
whalo =    2, ehalo =    2, shalo =    2, nhalo =    2
  X-AXIS =   32  32  32  32
  Y-AXIS =   32  32
 MOM_in domain decomposition
whalo =    4, ehalo =    4, shalo =    4, nhalo =    4
  X-AXIS =   64  64  64  64
  Y-AXIS =   64  64
 MOM_in domain decomposition
whalo =    2, ehalo =    2, shalo =    2, nhalo =    2
  X-AXIS =   32  32  32  32
  Y-AXIS =   32  32

WARNING from PE     0: ./Depth_list.nc checksums do not match; updating file.


WARNING from PE     0: MOM_file_parser : DT_FORCING over-ridden.  Line: 'DT_FORCING = 300' in file MOM_override.


WARNING from PE     0: MOM_file_parser : DAYMAX over-ridden.  Line: 'DAYMAX = 150' in file MOM_override.


WARNING from PE     0: Unused line in MOM_input : GINT = 0.0098


WARNING from PE     0: open_ASCII_file: File ./CPU_stats opened WRITEONLY already exists!


WARNING from PE     0: open_ASCII_file: File ./ocean.stats opened WRITEONLY already exists!

MOM Time       0.000      0: En 9.166220E-12, MaxCFL  0.00000, Mass 5.286507716715E+18
    Total Energy: 41871B327A267CD1  4.8457295268792756E+07
    Total Mass:   5.2865077167146557E+18, Change:   0.0000000000000000E+00 Error:  0.00000E+00 ( 0.0E+00)
MOM Time      50.000     50: En 1.299121E-05, MaxCFL  0.00126, Mass 5.286507716715E+18
    Total Energy: 42CF3B2F68467E60  6.8678117788924750E+13
    Total Mass:   5.2865077167146557E+18, Change:   2.1975808844383682E+01 Error:  2.19758E+01 ( 4.2E-18)
MOM Time     100.000    100: En 4.033907E-05, MaxCFL  0.00184, Mass 5.286507716715E+18
    Total Energy: 42E83E7939F7FCDF  2.1325280704919097E+14
    Total Mass:   5.2865077167146557E+18, Change:  -3.4183497331743524E+00 Error: -3.41835E+00 (-6.5E-19)
 MOM_in domain decomposition
whalo =    4, ehalo =    4, shalo =    4, nhalo =    4
  X-AXIS =   64  64  64  64
  Y-AXIS =   64  64
 MOM_in domain decomposition
whalo =    2, ehalo =    2, shalo =    2, nhalo =    2
  X-AXIS =   32  32  32  32
  Y-AXIS =   32  32
 MOM_in domain decomposition
whalo =    4, ehalo =    4, shalo =    4, nhalo =    4
  X-AXIS =   64  64  64  64
  Y-AXIS =   64  64
 MOM_in domain decomposition
whalo =    2, ehalo =    2, shalo =    2, nhalo =    2
  X-AXIS =   32  32  32  32
  Y-AXIS =   32  32
MOM Time     150.000    150: En 6.648018E-05, MaxCFL  0.00167, Mass 5.286507716715E+18
    Total Energy: 42F3FA3DC20E7723  3.5144798207371419E+14
    Total Mass:   5.2865077167146557E+18, Change:  -3.6027968909208195E+00 Error: -3.60280E+00 (-6.8E-19)
 MOM_in domain decomposition
whalo =    4, ehalo =    4, shalo =    4, nhalo =    4
  X-AXIS =   64  64  64  64
  Y-AXIS =   64  64
 MOM_in domain decomposition
whalo =    2, ehalo =    2, shalo =    2, nhalo =    2
  X-AXIS =   32  32  32  32
  Y-AXIS =   32  32

WARNING from PE     0: open_ASCII_file: File RESTART/ocean_solo.res opened WRITEONLY already exists!


WARNING from PE     0: open_ASCII_file: File exitcode opened WRITEONLY already exists!

 MPP_DOMAINS_STACK high water mark=       394400

Tabulating mpp_clock statistics across      8 PEs...

                                      hits          tmin          tmax          tavg          tstd  tfrac grain pemin pemax
Total runtime                            1      8.418360      8.433067      8.422596      0.006113  0.999     0     0     7
Initialization                           1      0.445585      0.459772      0.449569      0.005741  0.053     0     0     7
Main loop                                1      7.266282      7.266866      7.266783      0.000190  0.862     0     0     7
Termination                              1      0.704449      0.704702      0.704670      0.000084  0.084     0     0     7
Ocean                                   80      8.369126      8.387961      8.373959      0.006894  0.993     1     0     7
Ocean Initialization                     2      0.463269      0.481153      0.467877      0.006637  0.055    11     0     7
Ocean dynamics                         300      5.061299      5.076064      5.067873      0.005304  0.601    11     0     7
Ocean thermodynamics and tracers       225      0.014596      0.023198      0.017245      0.002927  0.002    11     0     7
Ocean grid generation and remapp         0      0.000000      0.000000      0.000000      0.000000  0.000    11     0     7
Ocean Other                            450      0.308222      0.331633      0.320548      0.006533  0.038    11     0     7
Ocean MOM_end                            1      0.000334      0.000678      0.000509      0.000108  0.000    11     0     7
(Ocean tracer advection)               150      0.002736      0.002922      0.002812      0.000063  0.000    21     0     7
(Ocean adiabatic driver)                75      0.011804      0.020231      0.014393      0.002865  0.002    21     0     7
(Ocean continuity equation *)            0      0.000000      0.000000      0.000000      0.000000  0.000    31     0     7
(Ocean set BBL viscosity)               75      0.035402      0.045823      0.041669      0.004105  0.005    31     0     7
(Ocean message passing *)              150      0.113323      0.148098      0.126741      0.011144  0.015    31     0     7
(Ocean MOM_initialize_state)             2      0.011163      0.015502      0.011817      0.001394  0.001    31     0     7
(Ocean init message passing *)           2      0.004526      0.005637      0.005049      0.000372  0.001    41     0     7
(Ocean mixed layer restrat)              0      0.000000      0.000000      0.000000      0.000000  0.000    31     0     7
(Ocean collective diagnostics)         375      0.044114      0.054516      0.049138      0.003246  0.006    31     0     7
(Ocean Z-space diagnostics)              0      0.000000      0.000000      0.000000      0.000000  0.000    31     0     7
(Ocean ALE)                              0      0.000000      0.000000      0.000000      0.000000  0.000    31     0     7
(Stochastic EOS)                       150      0.000014      0.000019      0.000017      0.000001  0.000    31     0     7
(SGS Temperature Variance)             150      0.000006      0.000006      0.000006      0.000000  0.000    31     0     7
(Ocean MOM save_restart)                 3      2.099198      2.099950      2.099414      0.000229  0.249    31     0     7
(Ocean diagnostics framework)            0      0.000000      0.000000      0.000000      0.000000  0.000    31     0     7
(Ocean diagnostics remapping)            0      0.000000      0.000000      0.000000      0.000000  0.000    41     0     7
(Ocean diagnostics grid updates)       526      0.200583      0.204899      0.202923      0.001515  0.024    41     0     7
(Ocean init message passing)             4      0.003227      0.004765      0.003964      0.000479  0.000    41     0     7
(Ocean continuity reconstruction       902      0.046284      0.048331      0.047374      0.000810  0.006    41     0     7
(Ocean continuity update)              902      0.013143      0.013775      0.013494      0.000237  0.002    41     0     7
(Ocean continuity correction)          902      1.623366      1.714941      1.669894      0.031964  0.198    41     0     7
(Ocean BT pre-calcs only)             1200      0.208786      0.218628      0.213203      0.004010  0.025    41     0     7
(Ocean BT pre-step halo updates)      1200      0.817303      0.877649      0.849441      0.017618  0.101    41     0     7
(Ocean BT stepping calcs only)         600      0.197126      0.210432      0.203328      0.005133  0.024    41     0     7
(Ocean BT stepping halo updates)       300      0.087028      0.103516      0.094768      0.007227  0.011    41     0     7
(Ocean BT post-calcs only)             900      0.019914      0.021164      0.020501      0.000497  0.002    41     0     7
(Ocean BT post-step halo updates       600      0.150388      0.162777      0.155798      0.004022  0.018    41     0     7
(Ocean BT global synch)                  0      0.000000      0.000000      0.000000      0.000000  0.000    41     0     7
(Ocean Coriolis & mom advection)       300      0.092573      0.096745      0.094617      0.001515  0.011    31     0     7
(Ocean continuity equation)            450      1.683600      1.778096      1.731763      0.032313  0.205    31     0     7
(Ocean pressure force)                 150      0.488805      0.520528      0.504414      0.013945  0.060    31     0     7
(Ocean vertical viscosity)             450      0.532354      0.541237      0.537002      0.002753  0.064    31     0     7
(Ocean horizontal viscosity)           150      0.090704      0.097034      0.093716      0.002185  0.011    31     0     7
(Ocean momentum increments)            300      0.009548      0.009914      0.009728      0.000144  0.001    31     0     7
(Ocean message passing)               1350      0.373870      0.479150      0.418440      0.034280  0.050    31     0     7
(Ocean barotropic mode calc)           300      0.008428      0.008725      0.008585      0.000108  0.001    31     0     7
(Ocean barotropic mode stepping)       300      1.527230      1.567450      1.549000      0.011022  0.184    31     0     7
(Ocean barotropic forcing calc)        300      0.009079      0.009432      0.009266      0.000155  0.001    31     0     7
(Ocean advect tracer)                    0      0.000000      0.000000      0.000000      0.000000  0.000    31     0     7
(Ocean tracer halo updates)              0      0.000000      0.000000      0.000000      0.000000  0.000    41     0     7
(Ocean tracer global synch)              0      0.000000      0.000000      0.000000      0.000000  0.000    41     0     7
(Ocean diffuse tracer)                   0      0.000000      0.000000      0.000000      0.000000  0.000    31     0     7
(Ocean epipycnal diffuse tracer)         0      0.000000      0.000000      0.000000      0.000000  0.000    31     0     7
(Ocean surface forcing)                 76      0.001643      0.002417      0.001750      0.000252  0.000    31     0     7
(Ocean forcing diagnostics)            150      0.000132      0.000271      0.000198      0.000061  0.000    41     0     7
 MPP_STACK high water mark=            0
