NOTE from PE     0: MPP_DOMAINS_SET_STACK_SIZE: stack size set to    32768.
NOTE from PE     0: MPP_DOMAINS_SET_STACK_SIZE: stack size set to  3000000.
NOTE from PE     0: ======== Model being driven by MOM_driver ========
NOTE from PE     0: callTree: o Program MOM_main, MOM_driver.F90
 MOM_domains_mod OMPthreading             1            0            1
NOTE from PE     0: fms_affinity_set: OCEAN affinity assumes hyper-threading hardware disabled
 MOM_domains_mod OMPthreading             0            0            1
NOTE from PE     0: open_param_file: MOM_input has been opened successfully.
 MOM_domains_mod OMPthreading             1            0            1
 MOM_domains_mod OMPthreading             0            0            1
 MOM_domains_mod OMPthreading             1            0            1
 MOM_domains_mod OMPthreading             0            0            1
 MOM_domains_mod OMPthreading             0            0            1
 MOM_domains_mod OMPthreading             1            0            1
NOTE from PE     0: open_param_file: MOM_override has been opened successfully.
 MOM_domains_mod OMPthreading             1            0            1
 MOM_domains_mod OMPthreading             1            0            1
 MOM_domains_mod OMPthreading             1            0            1
 MOM_domains_mod OMPthreading             1            0            1
 MOM_domains_mod OMPthreading             0            0            1
 MOM_domains_mod OMPthreading             0            0            1
 MOM_domains_mod OMPthreading             0            0            1

WARNING from PE     0: MOM_file_parser : DT over-ridden.  Line: 'DT = 300' in file MOM_override.


WARNING from PE     0: MOM_file_parser : DT_THERM over-ridden.  Line: 'DT_THERM = 600' in file MOM_override.

NOTE from PE     0: fms_affinity_set: OCEAN affinity assumes hyper-threading hardware disabled
 MOM_domains_mod OMPthreading             0            0            1

WARNING from PE     0: MOM_file_parser : NIGLOBAL over-ridden.  Line: 'NIGLOBAL = 128' in file MOM_override.


WARNING from PE     0: MOM_file_parser : NJGLOBAL over-ridden.  Line: 'NJGLOBAL = 64' in file MOM_override.

 MOM_in domain decomposition
whalo =    4, ehalo =    4, shalo =    4, nhalo =    4
  X-AXIS =   32  32  32  32
  Y-AXIS =   32  32
 MOM_inc domain decomposition
whalo =    2, ehalo =    2, shalo =    2, nhalo =    2
  X-AXIS =   16  16  16  16
  Y-AXIS =   16  16
NOTE from PE     0: diag_manager_mod::diag_manager_init: prepend_date only supported when diag_manager_init is called with time_init present.
NOTE from PE     0: diag_manager_mod::diag_manager_init: You are using the legacy version of the diag table
 MOM_in domain decomposition
whalo =    4, ehalo =    4, shalo =    4, nhalo =    4
  X-AXIS =   32  32  32  32
  Y-AXIS =   32  32
 MOM_in domain decomposition
whalo =    2, ehalo =    2, shalo =    2, nhalo =    2
  X-AXIS =   16  16  16  16
  Y-AXIS =   16  16

WARNING from PE     0: MOM_file_parser : NK over-ridden.  Line: 'NK = 100' in file MOM_override.

 MOM_in domain decomposition
whalo =    4, ehalo =    4, shalo =    4, nhalo =    4
  X-AXIS =   32  32  32  32
  Y-AXIS =   32  32
 MOM_in domain decomposition
whalo =    2, ehalo =    2, shalo =    2, nhalo =    2
  X-AXIS =   16  16  16  16
  Y-AXIS =   16  16

WARNING from PE     0: Open_file is appending .nc to the filename ./ocean_geometry


WARNING from PE     0: MOM_file_parser : COORD_CONFIG over-ridden.  Line: 'COORD_CONFIG = "linear"' in file MOM_override.

 MOM_in domain decomposition
whalo =    4, ehalo =    4, shalo =    4, nhalo =    4
  X-AXIS =   32  32  32  32
  Y-AXIS =   32  32
 MOM_in domain decomposition
whalo =    2, ehalo =    2, shalo =    2, nhalo =    2
  X-AXIS =   16  16  16  16
  Y-AXIS =   16  16
 MOM_in domain decomposition
whalo =    4, ehalo =    4, shalo =    4, nhalo =    4
  X-AXIS =   32  32  32  32
  Y-AXIS =   32  32
 MOM_in domain decomposition
whalo =    2, ehalo =    2, shalo =    2, nhalo =    2
  X-AXIS =   16  16  16  16
  Y-AXIS =   16  16

WARNING from PE     0: ./Depth_list.nc checksums do not match; updating file.


WARNING from PE     0: MOM_file_parser : DT_FORCING over-ridden.  Line: 'DT_FORCING = 600' in file MOM_override.


WARNING from PE     0: MOM_file_parser : DAYMAX over-ridden.  Line: 'DAYMAX = 150' in file MOM_override.


WARNING from PE     0: Unused line in MOM_input : GINT = 0.0098


WARNING from PE     0: open_ASCII_file: File ./CPU_stats opened WRITEONLY already exists!


WARNING from PE     0: open_ASCII_file: File ./ocean.stats opened WRITEONLY already exists!

MOM Time       0.000      0: En 9.160879E-12, MaxCFL  0.00000, Mass 5.286809263738E+18
    Total Energy: 418718166E7BA898  4.8431821810380161E+07
    Total Mass:   5.2868092637381345E+18, Change:   0.0000000000000000E+00 Error:  0.00000E+00 ( 0.0E+00)
MOM Time      50.000     50: En 4.018446E-05, MaxCFL  0.00184, Mass 5.286809263738E+18
    Total Energy: 42E82709D4715FCE  2.1244758167014244E+14
    Total Mass:   5.2868092637381345E+18, Change:   3.8615434439730649E+01 Error:  3.86154E+01 ( 7.3E-18)
MOM Time     100.000    100: En 8.025215E-05, MaxCFL  0.00128, Mass 5.286809263738E+18
    Total Energy: 42F81E0E087E2055  4.2427781636966931E+14
    Total Mass:   5.2868092637381345E+18, Change:  -3.3754377044436197E+00 Error: -3.37544E+00 (-6.4E-19)
 MOM_in domain decomposition
whalo =    4, ehalo =    4, shalo =    4, nhalo =    4
  X-AXIS =   32  32  32  32
  Y-AXIS =   32  32
 MOM_in domain decomposition
whalo =    2, ehalo =    2, shalo =    2, nhalo =    2
  X-AXIS =   16  16  16  16
  Y-AXIS =   16  16
 MOM_in domain decomposition
whalo =    4, ehalo =    4, shalo =    4, nhalo =    4
  X-AXIS =   32  32  32  32
  Y-AXIS =   32  32
 MOM_in domain decomposition
whalo =    2, ehalo =    2, shalo =    2, nhalo =    2
  X-AXIS =   16  16  16  16
  Y-AXIS =   16  16
MOM Time     150.000    150: En 6.205042E-05, MaxCFL  0.00121, Mass 5.286809263738E+18
    Total Energy: 42F2A5BCDC9AEE47  3.2804875964797244E+14
    Total Mass:   5.2868092637381345E+18, Change:   3.3469535747542807E+00 Error:  3.34695E+00 ( 6.3E-19)
 MOM_in domain decomposition
whalo =    4, ehalo =    4, shalo =    4, nhalo =    4
  X-AXIS =   32  32  32  32
  Y-AXIS =   32  32
 MOM_in domain decomposition
whalo =    2, ehalo =    2, shalo =    2, nhalo =    2
  X-AXIS =   16  16  16  16
  Y-AXIS =   16  16

WARNING from PE     0: open_ASCII_file: File RESTART/ocean_solo.res opened WRITEONLY already exists!


WARNING from PE     0: open_ASCII_file: File exitcode opened WRITEONLY already exists!

 MPP_DOMAINS_STACK high water mark=       202400

Tabulating mpp_clock statistics across      8 PEs...

                                      hits          tmin          tmax          tavg          tstd  tfrac grain pemin pemax
Total runtime                            1      5.981116      5.993178      5.984385      0.005090  0.999     0     0     7
Initialization                           1      0.289026      0.300580      0.292101      0.004710  0.049     0     0     7
Main loop                                1      5.510096      5.510648      5.510569      0.000179  0.919     0     0     7
Termination                              1      0.180025      0.180256      0.180226      0.000076  0.030     0     0     7
Ocean                                   80      5.940969      5.956207      5.944579      0.005635  0.992     1     0     7
Ocean Initialization                     2      0.302489      0.316932      0.306028      0.005395  0.051    11     0     7
Ocean dynamics                         300      4.784597      4.793472      4.788647      0.002931  0.799    11     0     7
Ocean thermodynamics and tracers       225      0.006652      0.009072      0.007881      0.000686  0.001    11     0     7
Ocean grid generation and remapp         0      0.000000      0.000000      0.000000      0.000000  0.000    11     0     7
Ocean Other                            450      0.171456      0.180410      0.176351      0.002944  0.029    11     0     7
Ocean MOM_end                            1      0.000494      0.000642      0.000596      0.000047  0.000    11     0     7
(Ocean tracer advection)               150      0.002387      0.002618      0.002492      0.000091  0.000    21     0     7
(Ocean adiabatic driver)                75      0.004226      0.006586      0.005352      0.000703  0.001    21     0     7
(Ocean continuity equation *)            0      0.000000      0.000000      0.000000      0.000000  0.000    31     0     7
(Ocean set BBL viscosity)               75      0.028903      0.038208      0.034439      0.003483  0.006    31     0     7
(Ocean message passing *)              150      0.086979      0.103535      0.097415      0.005982  0.016    31     0     7
(Ocean MOM_initialize_state)             2      0.008197      0.012711      0.008818      0.001472  0.001    31     0     7
(Ocean init message passing *)           2      0.003874      0.004309      0.004141      0.000157  0.001    41     0     7
(Ocean mixed layer restrat)              0      0.000000      0.000000      0.000000      0.000000  0.000    31     0     7
(Ocean collective diagnostics)         375      0.012104      0.016474      0.014081      0.001438  0.002    31     0     7
(Ocean Z-space diagnostics)              0      0.000000      0.000000      0.000000      0.000000  0.000    31     0     7
(Ocean ALE)                              0      0.000000      0.000000      0.000000      0.000000  0.000    31     0     7
(Stochastic EOS)                       150      0.000012      0.000016      0.000013      0.000001  0.000    31     0     7
(SGS Temperature Variance)             150      0.000006      0.000006      0.000006      0.000000  0.000    31     0     7
(Ocean MOM save_restart)                 3      0.534068      0.534711      0.534193      0.000199  0.089    31     0     7
(Ocean diagnostics framework)            0      0.000000      0.000000      0.000000      0.000000  0.000    31     0     7
(Ocean diagnostics remapping)            0      0.000000      0.000000      0.000000      0.000000  0.000    41     0     7
(Ocean diagnostics grid updates)       526      0.062639      0.063957      0.063202      0.000417  0.011    41     0     7
(Ocean init message passing)             4      0.002018      0.003241      0.002849      0.000372  0.000    41     0     7
(Ocean continuity reconstruction       902      0.036455      0.038542      0.037531      0.000907  0.006    41     0     7
(Ocean continuity update)              902      0.010716      0.011298      0.011020      0.000242  0.002    41     0     7
(Ocean continuity correction)          902      1.564549      1.647891      1.608177      0.030476  0.268    41     0     7
(Ocean BT pre-calcs only)             1200      0.199247      0.209686      0.204090      0.004259  0.034    41     0     7
(Ocean BT pre-step halo updates)      1200      0.803638      0.861091      0.831136      0.019145  0.139    41     0     7
(Ocean BT stepping calcs only)         600      0.194152      0.208557      0.200587      0.005537  0.033    41     0     7
(Ocean BT stepping halo updates)       300      0.084434      0.102034      0.092843      0.007155  0.015    41     0     7
(Ocean BT post-calcs only)             900      0.017632      0.018726      0.018138      0.000478  0.003    41     0     7
(Ocean BT post-step halo updates       600      0.143786      0.156994      0.150500      0.004358  0.025    41     0     7
(Ocean BT global synch)                  0      0.000000      0.000000      0.000000      0.000000  0.000    41     0     7
(Ocean Coriolis & mom advection)       300      0.076466      0.082732      0.080272      0.002328  0.013    31     0     7
(Ocean continuity equation)            450      1.612736      1.698565      1.657663      0.030641  0.277    31     0     7
(Ocean pressure force)                 150      0.481578      0.512837      0.496553      0.014028  0.083    31     0     7
(Ocean vertical viscosity)             450      0.464308      0.480481      0.472486      0.006024  0.079    31     0     7
(Ocean horizontal viscosity)           150      0.063844      0.081145      0.067447      0.005247  0.011    31     0     7
(Ocean momentum increments)            300      0.007530      0.007952      0.007754      0.000182  0.001    31     0     7
(Ocean message passing)               1350      0.346872      0.438996      0.385339      0.031048  0.064    31     0     7
(Ocean barotropic mode calc)           300      0.007530      0.007927      0.007709      0.000117  0.001    31     0     7
(Ocean barotropic mode stepping)       300      1.491550      1.531421      1.509624      0.013149  0.252    31     0     7
(Ocean barotropic forcing calc)        300      0.006791      0.007160      0.006964      0.000167  0.001    31     0     7
(Ocean advect tracer)                    0      0.000000      0.000000      0.000000      0.000000  0.000    31     0     7
(Ocean tracer halo updates)              0      0.000000      0.000000      0.000000      0.000000  0.000    41     0     7
(Ocean tracer global synch)              0      0.000000      0.000000      0.000000      0.000000  0.000    41     0     7
(Ocean diffuse tracer)                   0      0.000000      0.000000      0.000000      0.000000  0.000    31     0     7
(Ocean epipycnal diffuse tracer)         0      0.000000      0.000000      0.000000      0.000000  0.000    31     0     7
(Ocean surface forcing)                 76      0.001525      0.002212      0.001664      0.000212  0.000    31     0     7
(Ocean forcing diagnostics)            150      0.000123      0.000277      0.000188      0.000058  0.000    41     0     7
 MPP_STACK high water mark=            0
