NOTE from PE     0: MPP_DOMAINS_SET_STACK_SIZE: stack size set to    32768.
NOTE from PE     0: MPP_DOMAINS_SET_STACK_SIZE: stack size set to  3000000.
NOTE from PE     0: ======== Model being driven by MOM_driver ========
NOTE from PE     0: callTree: o Program MOM_main, MOM_driver.F90
 MOM_domains_mod OMPthreading             1            0            1
NOTE from PE     0: fms_affinity_set: OCEAN affinity assumes hyper-threading hardware disabled
 MOM_domains_mod OMPthreading             0            0            1
NOTE from PE     0: open_param_file: MOM_input has been opened successfully.
 MOM_domains_mod OMPthreading             1            0            1
 MOM_domains_mod OMPthreading             0            0            1
 MOM_domains_mod OMPthreading             0            0            1
 MOM_domains_mod OMPthreading             1            0            1
 MOM_domains_mod OMPthreading             0            0            1
 MOM_domains_mod OMPthreading             1            0            1
NOTE from PE     0: open_param_file: MOM_override has been opened successfully.
 MOM_domains_mod OMPthreading             1            0            1
 MOM_domains_mod OMPthreading             1            0            1
 MOM_domains_mod OMPthreading             1            0            1
 MOM_domains_mod OMPthreading             0            0            1
 MOM_domains_mod OMPthreading             1            0            1
 MOM_domains_mod OMPthreading             0            0            1
 MOM_domains_mod OMPthreading             0            0            1

WARNING from PE     0: MOM_file_parser : DT over-ridden.  Line: 'DT = 150' in file MOM_override.


WARNING from PE     0: MOM_file_parser : DT_THERM over-ridden.  Line: 'DT_THERM = 300' in file MOM_override.

NOTE from PE     0: fms_affinity_set: OCEAN affinity assumes hyper-threading hardware disabled
 MOM_domains_mod OMPthreading             0            0            1

WARNING from PE     0: MOM_file_parser : NIGLOBAL over-ridden.  Line: 'NIGLOBAL = 256' in file MOM_override.


WARNING from PE     0: MOM_file_parser : NJGLOBAL over-ridden.  Line: 'NJGLOBAL = 256' in file MOM_override.

 MOM_in domain decomposition
whalo =    4, ehalo =    4, shalo =    4, nhalo =    4
  X-AXIS =   64  64  64  64
  Y-AXIS =  128 128
 MOM_inc domain decomposition
whalo =    2, ehalo =    2, shalo =    2, nhalo =    2
  X-AXIS =   32  32  32  32
  Y-AXIS =   64  64
NOTE from PE     0: diag_manager_mod::diag_manager_init: prepend_date only supported when diag_manager_init is called with time_init present.
NOTE from PE     0: diag_manager_mod::diag_manager_init: You are using the legacy version of the diag table
 MOM_in domain decomposition
whalo =    4, ehalo =    4, shalo =    4, nhalo =    4
  X-AXIS =   64  64  64  64
  Y-AXIS =  128 128
 MOM_in domain decomposition
whalo =    2, ehalo =    2, shalo =    2, nhalo =    2
  X-AXIS =   32  32  32  32
  Y-AXIS =   64  64

WARNING from PE     0: MOM_file_parser : NK over-ridden.  Line: 'NK = 100' in file MOM_override.

 MOM_in domain decomposition
whalo =    4, ehalo =    4, shalo =    4, nhalo =    4
  X-AXIS =   64  64  64  64
  Y-AXIS =  128 128
 MOM_in domain decomposition
whalo =    2, ehalo =    2, shalo =    2, nhalo =    2
  X-AXIS =   32  32  32  32
  Y-AXIS =   64  64

WARNING from PE     0: Open_file is appending .nc to the filename ./ocean_geometry


WARNING from PE     0: MOM_file_parser : COORD_CONFIG over-ridden.  Line: 'COORD_CONFIG = "linear"' in file MOM_override.

 MOM_in domain decomposition
whalo =    4, ehalo =    4, shalo =    4, nhalo =    4
  X-AXIS =   64  64  64  64
  Y-AXIS =  128 128
 MOM_in domain decomposition
whalo =    2, ehalo =    2, shalo =    2, nhalo =    2
  X-AXIS =   32  32  32  32
  Y-AXIS =   64  64
 MOM_in domain decomposition
whalo =    4, ehalo =    4, shalo =    4, nhalo =    4
  X-AXIS =   64  64  64  64
  Y-AXIS =  128 128
 MOM_in domain decomposition
whalo =    2, ehalo =    2, shalo =    2, nhalo =    2
  X-AXIS =   32  32  32  32
  Y-AXIS =   64  64

WARNING from PE     0: ./Depth_list.nc checksums do not match; updating file.


WARNING from PE     0: MOM_file_parser : DT_FORCING over-ridden.  Line: 'DT_FORCING = 300' in file MOM_override.


WARNING from PE     0: MOM_file_parser : DAYMAX over-ridden.  Line: 'DAYMAX = 150' in file MOM_override.


WARNING from PE     0: Unused line in MOM_input : GINT = 0.0098


WARNING from PE     0: open_ASCII_file: File ./CPU_stats opened WRITEONLY already exists!


WARNING from PE     0: open_ASCII_file: File ./ocean.stats opened WRITEONLY already exists!

MOM Time       0.000      0: En 9.167136E-12, MaxCFL  0.00000, Mass 5.286457540076E+18
    Total Energy: 41871BBB6CBE4AD6  4.8461677592916176E+07
    Total Mass:   5.2864575400760177E+18, Change:   0.0000000000000000E+00 Error:  0.00000E+00 ( 0.0E+00)
MOM Time      50.000     50: En 1.299125E-05, MaxCFL  0.00126, Mass 5.286457540076E+18
    Total Energy: 42CF3B228AE34090  6.8677686118017125E+13
    Total Mass:   5.2864575400760177E+18, Change:   2.3494412522268384E+01 Error:  2.34944E+01 ( 4.4E-18)
MOM Time     100.000    100: En 4.033843E-05, MaxCFL  0.00184, Mass 5.286457540076E+18
    Total Energy: 42E83E50EE1C7174  2.1324739856884363E+14
    Total Mass:   5.2864575400760177E+18, Change:   7.1716054848639743E-02 Error:  7.17161E-02 ( 1.4E-20)
 MOM_in domain decomposition
whalo =    4, ehalo =    4, shalo =    4, nhalo =    4
  X-AXIS =   64  64  64  64
  Y-AXIS =  128 128
 MOM_in domain decomposition
whalo =    2, ehalo =    2, shalo =    2, nhalo =    2
  X-AXIS =   32  32  32  32
  Y-AXIS =   64  64
 MOM_in domain decomposition
whalo =    4, ehalo =    4, shalo =    4, nhalo =    4
  X-AXIS =   64  64  64  64
  Y-AXIS =  128 128
 MOM_in domain decomposition
whalo =    2, ehalo =    2, shalo =    2, nhalo =    2
  X-AXIS =   32  32  32  32
  Y-AXIS =   64  64
MOM Time     150.000    150: En 6.647693E-05, MaxCFL  0.00207, Mass 5.286457540076E+18
    Total Energy: 42F3F9F1600EDE6A  3.5142747822026263E+14
    Total Mass:   5.2864575400760177E+18, Change:   5.3218839134091755E-01 Error:  5.32188E-01 ( 1.0E-19)
 MOM_in domain decomposition
whalo =    4, ehalo =    4, shalo =    4, nhalo =    4
  X-AXIS =   64  64  64  64
  Y-AXIS =  128 128
 MOM_in domain decomposition
whalo =    2, ehalo =    2, shalo =    2, nhalo =    2
  X-AXIS =   32  32  32  32
  Y-AXIS =   64  64

WARNING from PE     0: open_ASCII_file: File RESTART/ocean_solo.res opened WRITEONLY already exists!


WARNING from PE     0: open_ASCII_file: File exitcode opened WRITEONLY already exists!

 MPP_DOMAINS_STACK high water mark=       650400

Tabulating mpp_clock statistics across      8 PEs...

                                      hits          tmin          tmax          tavg          tstd  tfrac grain pemin pemax
Total runtime                            1     12.675232     12.680232     12.676492      0.002157  1.000     0     0     7
Initialization                           1      0.619819      0.626556      0.622581      0.002302  0.049     0     0     7
Main loop                                1     10.462976     10.463194     10.463154      0.000069  0.825     0     0     7
Termination                              1      1.588115      1.588673      1.588601      0.000184  0.125     0     0     7
Ocean                                   80     12.619770     12.631932     12.623352      0.003722  0.996     1     0     7
Ocean Initialization                     2      0.636050      0.647300      0.639476      0.003435  0.050    11     0     7
Ocean dynamics                         300      5.822167      5.834280      5.827810      0.004029  0.460    11     0     7
Ocean thermodynamics and tracers       225      0.025355      0.039759      0.033760      0.005108  0.003    11     0     7
Ocean grid generation and remapp         0      0.000000      0.000000      0.000000      0.000000  0.000    11     0     7
Ocean Other                            450      0.564877      0.657162      0.620769      0.033057  0.049    11     0     7
Ocean MOM_end                            1      0.000441      0.000719      0.000588      0.000092  0.000    11     0     7
(Ocean tracer advection)               150      0.003733      0.004515      0.004097      0.000209  0.000    21     0     7
(Ocean adiabatic driver)                75      0.020795      0.035679      0.029621      0.005140  0.002    21     0     7
(Ocean continuity equation *)            0      0.000000      0.000000      0.000000      0.000000  0.000    31     0     7
(Ocean set BBL viscosity)               75      0.046135      0.063939      0.056761      0.005762  0.004    31     0     7
(Ocean message passing *)              150      0.133940      0.277644      0.200332      0.050724  0.016    31     0     7
(Ocean MOM_initialize_state)             2      0.014469      0.018578      0.015200      0.001280  0.001    31     0     7
(Ocean init message passing *)           2      0.005844      0.007420      0.006757      0.000631  0.001    41     0     7
(Ocean mixed layer restrat)              0      0.000000      0.000000      0.000000      0.000000  0.000    31     0     7
(Ocean collective diagnostics)         375      0.158738      0.256965      0.217616      0.040862  0.017    31     0     7
(Ocean Z-space diagnostics)              0      0.000000      0.000000      0.000000      0.000000  0.000    31     0     7
(Ocean ALE)                              0      0.000000      0.000000      0.000000      0.000000  0.000    31     0     7
(Stochastic EOS)                       150      0.000016      0.000024      0.000021      0.000003  0.000    31     0     7
(SGS Temperature Variance)             150      0.000006      0.000007      0.000006      0.000000  0.000    31     0     7
(Ocean MOM save_restart)                 3      4.687826      4.688332      4.688045      0.000150  0.370    31     0     7
(Ocean diagnostics framework)            0      0.000000      0.000000      0.000000      0.000000  0.000    31     0     7
(Ocean diagnostics remapping)            0      0.000000      0.000000      0.000000      0.000000  0.000    41     0     7
(Ocean diagnostics grid updates)       526      0.380044      0.388933      0.385598      0.002639  0.030    41     0     7
(Ocean init message passing)             4      0.006042      0.008545      0.006814      0.000862  0.001    41     0     7
(Ocean continuity reconstruction       902      0.060977      0.063238      0.062403      0.000824  0.005    41     0     7
(Ocean continuity update)              902      0.016975      0.017707      0.017394      0.000258  0.001    41     0     7
(Ocean continuity correction)          902      1.886055      2.054750      1.974034      0.057640  0.156    41     0     7
(Ocean BT pre-calcs only)             1200      0.220704      0.232998      0.226676      0.004545  0.018    41     0     7
(Ocean BT pre-step halo updates)      1200      0.805427      0.906722      0.859776      0.028699  0.068    41     0     7
(Ocean BT stepping calcs only)         600      0.197550      0.213191      0.206219      0.006114  0.016    41     0     7
(Ocean BT stepping halo updates)       300      0.085770      0.106954      0.097237      0.007803  0.008    41     0     7
(Ocean BT post-calcs only)             900      0.022500      0.023751      0.023124      0.000515  0.002    41     0     7
(Ocean BT post-step halo updates       600      0.151255      0.162496      0.155278      0.003684  0.012    41     0     7
(Ocean BT global synch)                  0      0.000000      0.000000      0.000000      0.000000  0.000    41     0     7
(Ocean Coriolis & mom advection)       300      0.172496      0.176518      0.175037      0.001485  0.014    31     0     7
(Ocean continuity equation)            450      1.985355      2.157121      2.074302      0.057831  0.164    31     0     7
(Ocean pressure force)                 150      0.521479      0.553361      0.537914      0.013114  0.042    31     0     7
(Ocean vertical viscosity)             450      0.610375      0.620347      0.614331      0.003653  0.048    31     0     7
(Ocean horizontal viscosity)           150      0.156591      0.161544      0.159576      0.001807  0.013    31     0     7
(Ocean momentum increments)            300      0.012425      0.012924      0.012680      0.000170  0.001    31     0     7
(Ocean message passing)               1350      0.425810      0.578573      0.483412      0.049112  0.038    31     0     7
(Ocean barotropic mode calc)           300      0.009126      0.009426      0.009285      0.000125  0.001    31     0     7
(Ocean barotropic mode stepping)       300      1.540366      1.616909      1.582340      0.021106  0.125    31     0     7
(Ocean barotropic forcing calc)        300      0.012476      0.012875      0.012694      0.000150  0.001    31     0     7
(Ocean advect tracer)                    0      0.000000      0.000000      0.000000      0.000000  0.000    31     0     7
(Ocean tracer halo updates)              0      0.000000      0.000000      0.000000      0.000000  0.000    41     0     7
(Ocean tracer global synch)              0      0.000000      0.000000      0.000000      0.000000  0.000    41     0     7
(Ocean diffuse tracer)                   0      0.000000      0.000000      0.000000      0.000000  0.000    31     0     7
(Ocean epipycnal diffuse tracer)         0      0.000000      0.000000      0.000000      0.000000  0.000    31     0     7
(Ocean surface forcing)                 76      0.001775      0.002684      0.001952      0.000285  0.000    31     0     7
(Ocean forcing diagnostics)            150      0.000147      0.000259      0.000203      0.000036  0.000    41     0     7
 MPP_STACK high water mark=            0
