NOTE from PE     0: MPP_DOMAINS_SET_STACK_SIZE: stack size set to    32768.
NOTE from PE     0: MPP_DOMAINS_SET_STACK_SIZE: stack size set to  3000000.
NOTE from PE     0: ======== Model being driven by MOM_driver ========
NOTE from PE     0: callTree: o Program MOM_main, MOM_driver.F90
 MOM_domains_mod OMPthreading             1            0            1
NOTE from PE     0: fms_affinity_set: OCEAN affinity assumes hyper-threading hardware disabled
 MOM_domains_mod OMPthreading             0            0            1
NOTE from PE     0: open_param_file: MOM_input has been opened successfully.
 MOM_domains_mod OMPthreading             0            0            1
 MOM_domains_mod OMPthreading             1            0            1
 MOM_domains_mod OMPthreading             0            0            1
 MOM_domains_mod OMPthreading             1            0            1
 MOM_domains_mod OMPthreading             1            0            1
 MOM_domains_mod OMPthreading             0            0            1
NOTE from PE     0: open_param_file: MOM_override has been opened successfully.
 MOM_domains_mod OMPthreading             1            0            1
 MOM_domains_mod OMPthreading             1            0            1
 MOM_domains_mod OMPthreading             0            0            1
 MOM_domains_mod OMPthreading             0            0            1
 MOM_domains_mod OMPthreading             1            0            1
 MOM_domains_mod OMPthreading             0            0            1
 MOM_domains_mod OMPthreading             1            0            1

WARNING from PE     0: MOM_file_parser : DT over-ridden.  Line: 'DT = 37' in file MOM_override.


WARNING from PE     0: MOM_file_parser : DT_THERM over-ridden.  Line: 'DT_THERM = 75' in file MOM_override.

NOTE from PE     0: fms_affinity_set: OCEAN affinity assumes hyper-threading hardware disabled
 MOM_domains_mod OMPthreading             0            0            1

WARNING from PE     0: MOM_file_parser : NIGLOBAL over-ridden.  Line: 'NIGLOBAL = 1024' in file MOM_override.


WARNING from PE     0: MOM_file_parser : NJGLOBAL over-ridden.  Line: 'NJGLOBAL = 512' in file MOM_override.

 MOM_in domain decomposition
whalo =    4, ehalo =    4, shalo =    4, nhalo =    4
  X-AXIS =  256 256 256 256
  Y-AXIS =  256 256
 MOM_inc domain decomposition
whalo =    2, ehalo =    2, shalo =    2, nhalo =    2
  X-AXIS =  128 128 128 128
  Y-AXIS =  128 128
NOTE from PE     0: diag_manager_mod::diag_manager_init: prepend_date only supported when diag_manager_init is called with time_init present.
NOTE from PE     0: diag_manager_mod::diag_manager_init: You are using the legacy version of the diag table
 MOM_in domain decomposition
whalo =    4, ehalo =    4, shalo =    4, nhalo =    4
  X-AXIS =  256 256 256 256
  Y-AXIS =  256 256
 MOM_in domain decomposition
whalo =    2, ehalo =    2, shalo =    2, nhalo =    2
  X-AXIS =  128 128 128 128
  Y-AXIS =  128 128

WARNING from PE     0: MOM_file_parser : NK over-ridden.  Line: 'NK = 100' in file MOM_override.

 MOM_in domain decomposition
whalo =    4, ehalo =    4, shalo =    4, nhalo =    4
  X-AXIS =  256 256 256 256
  Y-AXIS =  256 256
 MOM_in domain decomposition
whalo =    2, ehalo =    2, shalo =    2, nhalo =    2
  X-AXIS =  128 128 128 128
  Y-AXIS =  128 128

WARNING from PE     0: Open_file is appending .nc to the filename ./ocean_geometry


WARNING from PE     0: MOM_file_parser : COORD_CONFIG over-ridden.  Line: 'COORD_CONFIG = "linear"' in file MOM_override.

 MOM_in domain decomposition
whalo =    4, ehalo =    4, shalo =    4, nhalo =    4
  X-AXIS =  256 256 256 256
  Y-AXIS =  256 256
 MOM_in domain decomposition
whalo =    2, ehalo =    2, shalo =    2, nhalo =    2
  X-AXIS =  128 128 128 128
  Y-AXIS =  128 128
 MOM_in domain decomposition
whalo =    4, ehalo =    4, shalo =    4, nhalo =    4
  X-AXIS =  256 256 256 256
  Y-AXIS =  256 256
 MOM_in domain decomposition
whalo =    2, ehalo =    2, shalo =    2, nhalo =    2
  X-AXIS =  128 128 128 128
  Y-AXIS =  128 128

WARNING from PE     0: ./Depth_list.nc checksums do not match; updating file.


WARNING from PE     0: MOM_file_parser : DT_FORCING over-ridden.  Line: 'DT_FORCING = 75' in file MOM_override.


WARNING from PE     0: MOM_file_parser : DAYMAX over-ridden.  Line: 'DAYMAX = 150' in file MOM_override.


WARNING from PE     0: Unused line in MOM_input : GINT = 0.0098


WARNING from PE     0: open_ASCII_file: File ./CPU_stats opened WRITEONLY already exists!


WARNING from PE     0: open_ASCII_file: File ./ocean.stats opened WRITEONLY already exists!

MOM Time       0.000      0: En 9.167888E-12, MaxCFL  0.00000, Mass 5.286414704261E+18
    Total Energy: 41871C2B47CED3B5  4.8465256975989737E+07
    Total Mass:   5.2864147042613893E+18, Change:   0.0000000000000000E+00 Error:  0.00000E+00 ( 0.0E+00)
MOM Time      50.676     75: En 9.561082E-07, MaxCFL  0.00036, Mass 5.286414704261E+18
    Total Energy: 429263431CDC0BD4  5.0543842567709570E+12
    Total Mass:   5.2864147042613893E+18, Change:   1.8803326967804978E+01 Error:  1.88033E+01 ( 3.6E-18)
MOM Time      99.324    147: En 3.499934E-06, MaxCFL  0.00068, Mass 5.286414704261E+18
    Total Energy: 42B0D3DB4847D81F  1.8502103091160121E+13
    Total Mass:   5.2864147042613893E+18, Change:   1.8635493501689782E+00 Error:  1.86355E+00 ( 3.5E-19)
 MOM_in domain decomposition
whalo =    4, ehalo =    4, shalo =    4, nhalo =    4
  X-AXIS =  256 256 256 256
  Y-AXIS =  256 256
 MOM_in domain decomposition
whalo =    2, ehalo =    2, shalo =    2, nhalo =    2
  X-AXIS =  128 128 128 128
  Y-AXIS =  128 128
 MOM_in domain decomposition
whalo =    4, ehalo =    4, shalo =    4, nhalo =    4
  X-AXIS =  256 256 256 256
  Y-AXIS =  256 256
 MOM_in domain decomposition
whalo =    2, ehalo =    2, shalo =    2, nhalo =    2
  X-AXIS =  128 128 128 128
  Y-AXIS =  128 128
MOM Time     150.000    222: En 7.572478E-06, MaxCFL  0.00098, Mass 5.286414704261E+18
    Total Energy: 42C23440762529B2  4.0031258167891391E+13
    Total Mass:   5.2864147042613893E+18, Change:   5.0541591161998811E-01 Error:  5.05416E-01 ( 9.6E-20)
 MOM_in domain decomposition
whalo =    4, ehalo =    4, shalo =    4, nhalo =    4
  X-AXIS =  256 256 256 256
  Y-AXIS =  256 256
 MOM_in domain decomposition
whalo =    2, ehalo =    2, shalo =    2, nhalo =    2
  X-AXIS =  128 128 128 128
  Y-AXIS =  128 128

WARNING from PE     0: open_ASCII_file: File RESTART/ocean_solo.res opened WRITEONLY already exists!


WARNING from PE     0: open_ASCII_file: File exitcode opened WRITEONLY already exists!

 MPP_DOMAINS_STACK high water mark=      1546400

Tabulating mpp_clock statistics across      8 PEs...

                                      hits          tmin          tmax          tavg          tstd  tfrac grain pemin pemax
Total runtime                            1     75.735710     75.748207     75.738953      0.005348  1.000     0     0     7
Initialization                           1      2.960082      2.972074      2.963115      0.004934  0.039     0     0     7
Main loop                                1     57.945992     57.946217     57.946129      0.000063  0.765     0     0     7
Termination                              1     14.642376     14.643039     14.642946      0.000216  0.193     0     0     7
Ocean                                   79     75.509346     75.545158     75.518364      0.011251  0.997     1     0     7
Ocean Initialization                     2      2.967918      2.997799      2.973222      0.009987  0.039    11     0     7
Ocean dynamics                         444     14.788776     15.050007     14.912754      0.088177  0.197    11     0     7
Ocean thermodynamics and tracers       222      1.600063      1.648967      1.628401      0.016297  0.021    11     0     7
Ocean grid generation and remapp         0      0.000000      0.000000      0.000000      0.000000  0.000    11     0     7
Ocean Other                            518      4.739804      5.041585      4.903817      0.108221  0.065    11     0     7
Ocean MOM_end                            1      0.151350      0.159670      0.155468      0.003020  0.002    11     0     7
(Ocean tracer advection)               148      0.015118      0.029848      0.019101      0.006175  0.000    21     0     7
(Ocean adiabatic driver)                74      1.570128      1.633770      1.609224      0.020341  0.021    21     0     7
(Ocean continuity equation *)            0      0.000000      0.000000      0.000000      0.000000  0.000    31     0     7
(Ocean set BBL viscosity)               74      0.105282      0.127662      0.118686      0.008648  0.002    31     0     7
(Ocean message passing *)              148      0.430625      0.776843      0.623879      0.120272  0.008    31     0     7
(Ocean MOM_initialize_state)             2      0.058385      0.060392      0.059414      0.000596  0.001    31     0     7
(Ocean init message passing *)           2      0.012023      0.015097      0.013692      0.001068  0.000    41     0     7
(Ocean mixed layer restrat)              0      0.000000      0.000000      0.000000      0.000000  0.000    31     0     7
(Ocean collective diagnostics)         444      2.038457      2.137919      2.089276      0.027486  0.028    31     0     7
(Ocean Z-space diagnostics)              0      0.000000      0.000000      0.000000      0.000000  0.000    31     0     7
(Ocean ALE)                              0      0.000000      0.000000      0.000000      0.000000  0.000    31     0     7
(Stochastic EOS)                       222      0.000030      0.000037      0.000032      0.000002  0.000    31     0     7
(SGS Temperature Variance)             222      0.000009      0.000013      0.000009      0.000001  0.000    31     0     7
(Ocean MOM save_restart)                 3     44.284348     44.288486     44.286552      0.001719  0.585    31     0     7
(Ocean diagnostics framework)            0      0.000000      0.000000      0.000000      0.000000  0.000    31     0     7
(Ocean diagnostics remapping)            0      0.000000      0.000000      0.000000      0.000000  0.000    41     0     7
(Ocean diagnostics grid updates)       741      4.025043      4.063173      4.041616      0.013208  0.053    41     0     7
(Ocean init message passing)             4      0.017079      0.074478      0.042176      0.018197  0.001    41     0     7
(Ocean continuity reconstruction      1334      0.367038      0.378114      0.372244      0.003587  0.005    41     0     7
(Ocean continuity update)             1334      0.095037      0.096507      0.095635      0.000547  0.001    41     0     7
(Ocean continuity correction)         1334      3.728583      4.009890      3.865776      0.104682  0.051    41     0     7
(Ocean BT pre-calcs only)             1776      0.599955      0.620953      0.608812      0.007073  0.008    41     0     7
(Ocean BT pre-step halo updates)      1776      1.339696      1.426841      1.386263      0.035763  0.018    41     0     7
(Ocean BT stepping calcs only)         888      0.272629      0.294558      0.279923      0.006993  0.004    41     0     7
(Ocean BT stepping halo updates)       444      0.144030      0.163445      0.153631      0.006603  0.002    41     0     7
(Ocean BT post-calcs only)            1332      0.091898      0.096846      0.093328      0.001467  0.001    41     0     7
(Ocean BT post-step halo updates       888      0.233299      0.248805      0.240356      0.005758  0.003    41     0     7
(Ocean BT global synch)                  0      0.000000      0.000000      0.000000      0.000000  0.000    41     0     7
(Ocean Coriolis & mom advection)       444      0.710631      0.726326      0.718048      0.005757  0.009    31     0     7
(Ocean continuity equation)            666      4.287591      4.575009      4.428432      0.107427  0.058    31     0     7
(Ocean pressure force)                 222      0.975809      1.027694      1.000106      0.022412  0.013    31     0     7
(Ocean vertical viscosity)             666      3.149398      3.217823      3.185760      0.020127  0.042    31     0     7
(Ocean horizontal viscosity)           222      0.611758      0.625027      0.617254      0.003938  0.008    31     0     7
(Ocean momentum increments)            444      0.071946      0.073795      0.072959      0.000596  0.001    31     0     7
(Ocean message passing)               1998      1.249640      1.537916      1.451240      0.104833  0.019    31     0     7
(Ocean barotropic mode calc)           444      0.023839      0.024312      0.024063      0.000130  0.000    31     0     7
(Ocean barotropic mode stepping)       444      2.801284      2.919099      2.857376      0.046103  0.038    31     0     7
(Ocean barotropic forcing calc)        444      0.075766      0.076773      0.076143      0.000329  0.001    31     0     7
(Ocean advect tracer)                    0      0.000000      0.000000      0.000000      0.000000  0.000    31     0     7
(Ocean tracer halo updates)              0      0.000000      0.000000      0.000000      0.000000  0.000    41     0     7
(Ocean tracer global synch)              0      0.000000      0.000000      0.000000      0.000000  0.000    41     0     7
(Ocean diffuse tracer)                   0      0.000000      0.000000      0.000000      0.000000  0.000    31     0     7
(Ocean epipycnal diffuse tracer)         0      0.000000      0.000000      0.000000      0.000000  0.000    31     0     7
(Ocean surface forcing)                 75      0.004189      0.005076      0.004351      0.000278  0.000    31     0     7
(Ocean forcing diagnostics)            148      0.000169      0.000286      0.000237      0.000037  0.000    41     0     7
 MPP_STACK high water mark=            0
